
> my-v0-project@0.1.0 test /Users/jonathangroberg/repos/roblox-tycoon--1-
> jest --passWithNoTests --coverage --verbose

PASS lib/__tests__/game-utils.test.ts
  calculateEquity
    ✓ returns 0 for empty businesses (3 ms)
    ✓ sums totalInvested for all businesses
    ✓ handles missing totalInvested

FAIL lib/__tests__/game-logic.test.ts
  generateUniqueId
    ✓ generates unique IDs with the given prefix (3 ms)
    ✓ IDs contain a random string (1 ms)
  initializeGameState
    ✓ returns a valid initial game state (1 ms)
    ✕ initializes a market business with correct properties (20 ms)
    ✓ initializes achievements with all keys set to false

  ● initializeGameState › initializes a market business with correct properties

    expect(received).toBe(expected) // Object.is equality

    Expected: 4
    Received: 10

      41 |     expect(market.outgoingStorage).toBeDefined()
      42 |     expect(market.outgoingStorage.current).toBe(0)
    > 43 |     expect(market.outgoingStorage.capacity).toBe(4)
         |                                             ^
      44 |     expect(market.productionProgress).toBe(0)
      45 |     expect(market.workers).toEqual([])
      46 |     expect(market.shippingTypes).toHaveLength(0)

      at Object.toBe (lib/__tests__/game-logic.test.ts:43:45)

PASS lib/__tests__/game-state.test.tsx
  GameStateProvider
    ✓ provides game state context to children (43 ms)
    ✓ throws if useGameState is used outside provider (4 ms)

PASS components/__tests__/delivery-bot.test.tsx
  DeliveryBotEntity
    ✓ renders the delivery bot icon (30 ms)
    ✓ shows the correct carrying amount (12 ms)
    ✓ shows no carrying amount if zero (3 ms)
    ✓ applies the correct resource color (1 ms)
    ✓ calls onDeliveryComplete when delivery finishes (13 ms)

  console.log
    Click detected: { placingBusiness: 'RESOURCE_GATHERING', timestamp: 1747693133793 }

      at log (components/game-world.tsx:50:15)

  console.error
    An update to Tooltip inside a test was not wrapped in act(...).

    When testing, code that causes React state updates should be wrapped into act(...):

    act(() => {
      /* fire events that update state */
    });
    /* assert on the output */

    This ensures that you're testing the behavior the user would see in the browser. Learn more at https://react.dev/link/wrap-tests-with-act

      at node_modules/.pnpm/react-dom@19.1.0_react@19.1.0/node_modules/react-dom/cjs/react-dom-client.development.js:16023:19
      at runWithFiberInDEV (node_modules/.pnpm/react-dom@19.1.0_react@19.1.0/node_modules/react-dom/cjs/react-dom-client.development.js:1522:13)
      at warnIfUpdatesNotWrappedWithActDEV (node_modules/.pnpm/react-dom@19.1.0_react@19.1.0/node_modules/react-dom/cjs/react-dom-client.development.js:16022:9)
      at scheduleUpdateOnFiber (node_modules/.pnpm/react-dom@19.1.0_react@19.1.0/node_modules/react-dom/cjs/react-dom-client.development.js:14396:11)
      at dispatchSetStateInternal (node_modules/.pnpm/react-dom@19.1.0_react@19.1.0/node_modules/react-dom/cjs/react-dom-client.development.js:6969:13)
      at dispatchSetState (node_modules/.pnpm/react-dom@19.1.0_react@19.1.0/node_modules/react-dom/cjs/react-dom-client.development.js:6927:7)
      at node_modules/.pnpm/@radix-ui+react-use-controllable-state@1.1.0_@types+react@19.1.4_react@19.1.0/node_modules/@radix-ui/react-use-controllable-state/src/useControllableState.tsx:29:9
      at node_modules/.pnpm/@radix-ui+react-tooltip@1.1.6_@types+react-dom@19.1.5_@types+react@19.1.4__@types+react_7c0f7a2f42021c2b2fd46f935b959612/node_modules/@radix-ui/react-tooltip/src/Tooltip.tsx:208:7
      at Timeout.task [as _onTimeout] (node_modules/.pnpm/jsdom@20.0.3/node_modules/jsdom/lib/jsdom/browser/Window.js:520:19)

  console.error
    An update to Tooltip inside a test was not wrapped in act(...).

    When testing, code that causes React state updates should be wrapped into act(...):

    act(() => {
      /* fire events that update state */
    });
    /* assert on the output */

    This ensures that you're testing the behavior the user would see in the browser. Learn more at https://react.dev/link/wrap-tests-with-act

      at node_modules/.pnpm/react-dom@19.1.0_react@19.1.0/node_modules/react-dom/cjs/react-dom-client.development.js:16023:19
      at runWithFiberInDEV (node_modules/.pnpm/react-dom@19.1.0_react@19.1.0/node_modules/react-dom/cjs/react-dom-client.development.js:1522:13)
      at warnIfUpdatesNotWrappedWithActDEV (node_modules/.pnpm/react-dom@19.1.0_react@19.1.0/node_modules/react-dom/cjs/react-dom-client.development.js:16022:9)
      at scheduleUpdateOnFiber (node_modules/.pnpm/react-dom@19.1.0_react@19.1.0/node_modules/react-dom/cjs/react-dom-client.development.js:14396:11)
      at dispatchSetStateInternal (node_modules/.pnpm/react-dom@19.1.0_react@19.1.0/node_modules/react-dom/cjs/react-dom-client.development.js:6969:13)
      at dispatchSetState (node_modules/.pnpm/react-dom@19.1.0_react@19.1.0/node_modules/react-dom/cjs/react-dom-client.development.js:6927:7)
      at setRef (node_modules/.pnpm/@radix-ui+react-compose-refs@1.1.1_@types+react@19.1.4_react@19.1.0/node_modules/@radix-ui/react-compose-refs/src/composeRefs.tsx:11:12)
      at node_modules/.pnpm/@radix-ui+react-compose-refs@1.1.1_@types+react@19.1.4_react@19.1.0/node_modules/@radix-ui/react-compose-refs/src/composeRefs.tsx:25:23
          at Array.map (<anonymous>)
      at node_modules/.pnpm/@radix-ui+react-compose-refs@1.1.1_@types+react@19.1.4_react@19.1.0/node_modules/@radix-ui/react-compose-refs/src/composeRefs.tsx:24:27
      at setRef (node_modules/.pnpm/@radix-ui+react-compose-refs@1.1.1_@types+react@19.1.4_react@19.1.0/node_modules/@radix-ui/react-compose-refs/src/composeRefs.tsx:11:12)
      at node_modules/.pnpm/@radix-ui+react-compose-refs@1.1.1_@types+react@19.1.4_react@19.1.0/node_modules/@radix-ui/react-compose-refs/src/composeRefs.tsx:25:23
          at Array.map (<anonymous>)
      at node_modules/.pnpm/@radix-ui+react-compose-refs@1.1.1_@types+react@19.1.4_react@19.1.0/node_modules/@radix-ui/react-compose-refs/src/composeRefs.tsx:24:27
      at setRef (node_modules/.pnpm/@radix-ui+react-compose-refs@1.1.1_@types+react@19.1.4_react@19.1.0/node_modules/@radix-ui/react-compose-refs/src/composeRefs.tsx:11:12)
      at node_modules/.pnpm/@radix-ui+react-compose-refs@1.1.1_@types+react@19.1.4_react@19.1.0/node_modules/@radix-ui/react-compose-refs/src/composeRefs.tsx:25:23
          at Array.map (<anonymous>)
      at node_modules/.pnpm/@radix-ui+react-compose-refs@1.1.1_@types+react@19.1.4_react@19.1.0/node_modules/@radix-ui/react-compose-refs/src/composeRefs.tsx:24:27
      at runWithFiberInDEV (node_modules/.pnpm/react-dom@19.1.0_react@19.1.0/node_modules/react-dom/cjs/react-dom-client.development.js:1522:13)
      at safelyDetachRef (node_modules/.pnpm/react-dom@19.1.0_react@19.1.0/node_modules/react-dom/cjs/react-dom-client.development.js:12224:18)
      at commitMutationEffectsOnFiber (node_modules/.pnpm/react-dom@19.1.0_react@19.1.0/node_modules/react-dom/cjs/react-dom-client.development.js:13352:15)
      at recursivelyTraverseMutationEffects (node_modules/.pnpm/react-dom@19.1.0_react@19.1.0/node_modules/react-dom/cjs/react-dom-client.development.js:13123:11)
      at commitMutationEffectsOnFiber (node_modules/.pnpm/react-dom@19.1.0_react@19.1.0/node_modules/react-dom/cjs/react-dom-client.development.js:13134:11)
      at recursivelyTraverseMutationEffects (node_modules/.pnpm/react-dom@19.1.0_react@19.1.0/node_modules/react-dom/cjs/react-dom-client.development.js:13123:11)
      at commitMutationEffectsOnFiber (node_modules/.pnpm/react-dom@19.1.0_react@19.1.0/node_modules/react-dom/cjs/react-dom-client.development.js:13134:11)
      at recursivelyTraverseMutationEffects (node_modules/.pnpm/react-dom@19.1.0_react@19.1.0/node_modules/react-dom/cjs/react-dom-client.development.js:13123:11)
      at commitMutationEffectsOnFiber (node_modules/.pnpm/react-dom@19.1.0_react@19.1.0/node_modules/react-dom/cjs/react-dom-client.development.js:13134:11)
      at recursivelyTraverseMutationEffects (node_modules/.pnpm/react-dom@19.1.0_react@19.1.0/node_modules/react-dom/cjs/react-dom-client.development.js:13123:11)
      at commitMutationEffectsOnFiber (node_modules/.pnpm/react-dom@19.1.0_react@19.1.0/node_modules/react-dom/cjs/react-dom-client.development.js:13134:11)
      at recursivelyTraverseMutationEffects (node_modules/.pnpm/react-dom@19.1.0_react@19.1.0/node_modules/react-dom/cjs/react-dom-client.development.js:13123:11)
      at commitMutationEffectsOnFiber (node_modules/.pnpm/react-dom@19.1.0_react@19.1.0/node_modules/react-dom/cjs/react-dom-client.development.js:13134:11)
      at recursivelyTraverseMutationEffects (node_modules/.pnpm/react-dom@19.1.0_react@19.1.0/node_modules/react-dom/cjs/react-dom-client.development.js:13123:11)
      at commitMutationEffectsOnFiber (node_modules/.pnpm/react-dom@19.1.0_react@19.1.0/node_modules/react-dom/cjs/react-dom-client.development.js:13134:11)
      at recursivelyTraverseMutationEffects (node_modules/.pnpm/react-dom@19.1.0_react@19.1.0/node_modules/react-dom/cjs/react-dom-client.development.js:13123:11)
      at commitMutationEffectsOnFiber (node_modules/.pnpm/react-dom@19.1.0_react@19.1.0/node_modules/react-dom/cjs/react-dom-client.development.js:13134:11)
      at recursivelyTraverseMutationEffects (node_modules/.pnpm/react-dom@19.1.0_react@19.1.0/node_modules/react-dom/cjs/react-dom-client.development.js:13123:11)
      at commitMutationEffectsOnFiber (node_modules/.pnpm/react-dom@19.1.0_react@19.1.0/node_modules/react-dom/cjs/react-dom-client.development.js:13134:11)
      at recursivelyTraverseMutationEffects (node_modules/.pnpm/react-dom@19.1.0_react@19.1.0/node_modules/react-dom/cjs/react-dom-client.development.js:13123:11)
      at commitMutationEffectsOnFiber (node_modules/.pnpm/react-dom@19.1.0_react@19.1.0/node_modules/react-dom/cjs/react-dom-client.development.js:13562:11)
      at recursivelyTraverseMutationEffects (node_modules/.pnpm/react-dom@19.1.0_react@19.1.0/node_modules/react-dom/cjs/react-dom-client.development.js:13123:11)
      at commitMutationEffectsOnFiber (node_modules/.pnpm/react-dom@19.1.0_react@19.1.0/node_modules/react-dom/cjs/react-dom-client.development.js:13134:11)
      at recursivelyTraverseMutationEffects (node_modules/.pnpm/react-dom@19.1.0_react@19.1.0/node_modules/react-dom/cjs/react-dom-client.development.js:13123:11)
      at commitMutationEffectsOnFiber (node_modules/.pnpm/react-dom@19.1.0_react@19.1.0/node_modules/react-dom/cjs/react-dom-client.development.js:13562:11)
      at recursivelyTraverseMutationEffects (node_modules/.pnpm/react-dom@19.1.0_react@19.1.0/node_modules/react-dom/cjs/react-dom-client.development.js:13123:11)
      at commitMutationEffectsOnFiber (node_modules/.pnpm/react-dom@19.1.0_react@19.1.0/node_modules/react-dom/cjs/react-dom-client.development.js:13134:11)
      at recursivelyTraverseMutationEffects (node_modules/.pnpm/react-dom@19.1.0_react@19.1.0/node_modules/react-dom/cjs/react-dom-client.development.js:13123:11)
      at commitMutationEffectsOnFiber (node_modules/.pnpm/react-dom@19.1.0_react@19.1.0/node_modules/react-dom/cjs/react-dom-client.development.js:13134:11)
      at recursivelyTraverseMutationEffects (node_modules/.pnpm/react-dom@19.1.0_react@19.1.0/node_modules/react-dom/cjs/react-dom-client.development.js:13123:11)
      at commitMutationEffectsOnFiber (node_modules/.pnpm/react-dom@19.1.0_react@19.1.0/node_modules/react-dom/cjs/react-dom-client.development.js:13134:11)
      at recursivelyTraverseMutationEffects (node_modules/.pnpm/react-dom@19.1.0_react@19.1.0/node_modules/react-dom/cjs/react-dom-client.development.js:13123:11)
      at commitMutationEffectsOnFiber (node_modules/.pnpm/react-dom@19.1.0_react@19.1.0/node_modules/react-dom/cjs/react-dom-client.development.js:13562:11)
      at recursivelyTraversePASS components/__tests__/business-panel.test.tsx
  BusinessPanel
    ✓ renders business panel with correct title (99 ms)
    ✓ calls onClose when close button is clicked (55 ms)
    ✓ displays correct buffer information (28 ms)
    ✓ calculates upgrade cost correctly (no 1.5x multiplier, independent upgrades)
    ✓ calculates upgrade cost correctly (first upgrade is 50, then 1.7x) (1 ms)
    ✓ returns correct business name for different types and resources (1 ms)
    ✓ returns correct resource name for different resource types (15 ms)
    ✓ calls onUpgrade for input capacity upgrade (65 ms)
    ✓ calls onUpgrade for processing speed upgrade (66 ms)
    ✓ calls onUpgrade for output capacity upgrade (61 ms)
    ✓ displays correct storage information (66 ms)
  getBufferStatusColor
    ✓ returns red when fillPercentage >= 90 (3 ms)
    ✓ returns yellow when 70 <= fillPercentage < 90 (1 ms)
    ✓ returns blue when 0 < fillPercentage <= 10
    ✓ returns green for normal operation (1 ms)
    ✓ handles edge cases (1 ms)
  getBusinessName edge case
    ✓ returns Unknown Business for unknown type
  getResourceName edge case
    ✓ returns None for unknown resource type

PASS components/__tests__/game-world.test.tsx
  GameWorld
    ✓ renders the game world with grid (67 ms)
    ✓ renders all businesses (18 ms)
    ✓ handles business selection (31 ms)
    ✓ shows business placement preview when placingBusiness is set (22 ms)
    ✓ handles business placement on click (104 ms)
    ✓ renders active deliveries (135 ms)
    ✓ handles delivery completion (20 ms)
    ✓ updates mouse position on mouse move (144 ms)

  console.error
    An update to ForwardRef(LoadableComponent) inside a test was not wrapped in act(...).

    When testing, code that causes React state updates should be wrapped into act(...):

    act(() => {
      /* fire events that update state */
    });
    /* assert on the output */

    This ensures that you're testing the behavior the user would see in the browser. Learn more at https://react.dev/link/wrap-tests-with-act

      at node_modules/.pnpm/react-dom@19.1.0_react@19.1.0/node_modules/react-dom/cjs/react-dom-client.development.js:16023:19
      at runWithFiberInDEV (node_modules/.pnpm/react-dom@19.1.0_react@19.1.0/node_modules/react-dom/cjs/react-dom-client.development.js:1522:13)
      at warnIfUpdatesNotWrappedWithActDEV (node_modules/.pnpm/react-dom@19.1.0_react@19.1.0/node_modules/react-dom/cjs/react-dom-client.development.js:16022:9)
      at scheduleUpdateOnFiber (node_modules/.pnpm/react-dom@19.1.0_react@19.1.0/node_modules/react-dom/cjs/react-dom-client.development.js:14396:11)
      at forceStoreRerender (node_modules/.pnpm/react-dom@19.1.0_react@19.1.0/node_modules/react-dom/cjs/react-dom-client.development.js:6124:24)
      at node_modules/.pnpm/react-dom@19.1.0_react@19.1.0/node_modules/react-dom/cjs/react-dom-client.development.js:6109:41
      at callback (node_modules/.pnpm/next@15.2.4_@babel+core@7.27.1_@playwright+test@1.52.0_react-dom@19.1.0_react@19.1.0__react@19.1.0/node_modules/next/src/shared/lib/loadable.shared-runtime.tsx:236:48)
          at Set.forEach (<anonymous>)
      at LoadableSubscription.forEach (node_modules/.pnpm/next@15.2.4_@babel+core@7.27.1_@playwright+test@1.52.0_react-dom@19.1.0_react@19.1.0__react@19.1.0/node_modules/next/src/shared/lib/loadable.shared-runtime.tsx:236:21)
      at _update (node_modules/.pnpm/next@15.2.4_@babel+core@7.27.1_@playwright+test@1.52.0_react-dom@19.1.0_react@19.1.0__react@19.1.0/node_modules/next/src/shared/lib/loadable.shared-runtime.tsx:218:14)

  console.error
    An update to ForwardRef(LoadableComponent) inside a test was not wrapped in act(...).

    When testing, code that causes React state updates should be wrapped into act(...):

    act(() => {
      /* fire events that update state */
    });
    /* assert on the output */

    This ensures that you're testing the behavior the user would see in the browser. Learn more at https://react.dev/link/wrap-tests-with-act

      at node_modules/.pnpm/react-dom@19.1.0_react@19.1.0/node_modules/react-dom/cjs/react-dom-client.development.js:16023:19
      at runWithFiberInDEV (node_modules/.pnpm/react-dom@19.1.0_react@19.1.0/node_modules/react-dom/cjs/react-dom-client.development.js:1522:13)
      at warnIfUpdatesNotWrappedWithActDEV (node_modules/.pnpm/react-dom@19.1.0_react@19.1.0/node_modules/react-dom/cjs/react-dom-client.development.js:16022:9)
      at scheduleUpdateOnFiber (node_modules/.pnpm/react-dom@19.1.0_react@19.1.0/node_modules/react-dom/cjs/react-dom-client.development.js:14396:11)
      at forceStoreRerender (node_modules/.pnpm/react-dom@19.1.0_react@19.1.0/node_modules/react-dom/cjs/react-dom-client.development.js:6124:24)
      at node_modules/.pnpm/react-dom@19.1.0_react@19.1.0/node_modules/react-dom/cjs/react-dom-client.development.js:6109:41
      at callback (node_modules/.pnpm/next@15.2.4_@babel+core@7.27.1_@playwright+test@1.52.0_react-dom@19.1.0_react@19.1.0__react@19.1.0/node_modules/next/src/shared/lib/loadable.shared-runtime.tsx:236:48)
          at Set.forEach (<anonymous>)
      at LoadableSubscription.forEach (node_modules/.pnpm/next@15.2.4_@babel+core@7.27.1_@playwright+test@1.52.0_react-dom@19.1.0_react@19.1.0__react@19.1.0/node_modules/next/src/shared/lib/loadable.shared-runtime.tsx:236:21)
      at _update (node_modules/.pnpm/next@15.2.4_@babel+core@7.27.1_@playwright+test@1.52.0_react-dom@19.1.0_react@19.1.0__react@19.1.0/node_modules/next/src/shared/lib/loadable.shared-runtime.tsx:218:14)

MutationEffects (node_modules/.pnpm/react-dom@19.1.0_react@19.1.0/node_modules/react-dom/cjs/react-dom-client.development.js:13123:11)
      at commitMutationEffectsOnFiber (node_modules/.pnpm/react-dom@19.1.0_react@19.1.0/node_modules/react-dom/cjs/react-dom-client.development.js:13134:11)
      at recursivelyTraverseMutationEffects (node_modules/.pnpm/react-dom@19.1.0_react@19.1.0/node_modules/react-dom/cjs/react-dom-client.development.js:13123:11)
      at commitMutationEffectsOnFiber (node_modules/.pnpm/react-dom@19.1.0_react@19.1.0/node_modules/react-dom/cjs/react-dom-client.development.js:13134:11)
      at recursivelyTraverseMutationEffects (node_modules/.pnpm/react-dom@19.1.0_react@19.1.0/node_modules/react-dom/cjs/react-dom-client.development.js:13123:11)
      at commitMutationEffectsOnFiber (node_modules/.pnpm/react-dom@19.1.0_react@19.1.0/node_modules/react-dom/cjs/react-dom-client.development.js:13134:11)
      at recursivelyTraverseMutationEffects (node_modules/.pnpm/react-dom@19.1.0_react@19.1.0/node_modules/react-dom/cjs/react-dom-client.development.js:13123:11)
      at commitMutationEffectsOnFiber (node_modules/.pnpm/react-dom@19.1.0_react@19.1.0/node_modules/react-dom/cjs/react-dom-client.development.js:13347:11)
      at recursivelyTraverseMutationEffects (node_modules/.pnpm/react-dom@19.1.0_react@19.1.0/node_modules/react-dom/cjs/react-dom-client.development.js:13123:11)
      at commitMutationEffectsOnFiber (node_modules/.pnpm/react-dom@19.1.0_react@19.1.0/node_modules/react-dom/cjs/react-dom-client.development.js:13405:11)
      at flushMutationEffects (node_modules/.pnpm/react-dom@19.1.0_react@19.1.0/node_modules/react-dom/cjs/react-dom-client.development.js:15426:13)
      at commitRoot (node_modules/.pnpm/react-dom@19.1.0_react@19.1.0/node_modules/react-dom/cjs/react-dom-client.development.js:15401:9)
      at commitRootWhenReady (node_modules/.pnpm/react-dom@19.1.0_react@19.1.0/node_modules/react-dom/cjs/react-dom-client.development.js:14652:7)
      at performWorkOnRoot (node_modules/.pnpm/react-dom@19.1.0_react@19.1.0/node_modules/react-dom/cjs/react-dom-client.development.js:14575:15)
      at performWorkOnRootViaSchedulerTask (node_modules/.pnpm/react-dom@19.1.0_react@19.1.0/node_modules/react-dom/cjs/react-dom-client.development.js:16216:7)
      at performWorkUntilDeadline (node_modules/.pnpm/scheduler@0.26.0/node_modules/scheduler/cjs/scheduler.development.js:45:48)
      at Timeout.task [as _onTimeout] (node_modules/.pnpm/jsdom@20.0.3/node_modules/jsdom/lib/jsdom/browser/Window.js:520:19)

  console.error
    An update to Tooltip inside a test was not wrapped in act(...).

    When testing, code that causes React state updates should be wrapped into act(...):

    act(() => {
      /* fire events that update state */
    });
    /* assert on the output */

    This ensures that you're testing the behavior the user would see in the browser. Learn more at https://react.dev/link/wrap-tests-with-act

      at node_modules/.pnpm/react-dom@19.1.0_react@19.1.0/node_modules/react-dom/cjs/react-dom-client.development.js:16023:19
      at runWithFiberInDEV (node_modules/.pnpm/react-dom@19.1.0_react@19.1.0/node_modules/react-dom/cjs/react-dom-client.development.js:1522:13)
      at warnIfUpdatesNotWrappedWithActDEV (node_modules/.pnpm/react-dom@19.1.0_react@19.1.0/node_modules/react-dom/cjs/react-dom-client.development.js:16022:9)
      at scheduleUpdateOnFiber (node_modules/.pnpm/react-dom@19.1.0_react@19.1.0/node_modules/react-dom/cjs/react-dom-client.development.js:14396:11)
      at dispatchSetStateInternal (node_modules/.pnpm/react-dom@19.1.0_react@19.1.0/node_modules/react-dom/cjs/react-dom-client.development.js:6969:13)
      at dispatchSetState (node_modules/.pnpm/react-dom@19.1.0_react@19.1.0/node_modules/react-dom/cjs/react-dom-client.development.js:6927:7)
      at setRef (node_modules/.pnpm/@radix-ui+react-compose-refs@1.1.1_@types+react@19.1.4_react@19.1.0/node_modules/@radix-ui/react-compose-refs/src/composeRefs.tsx:11:12)
      at node_modules/.pnpm/@radix-ui+react-compose-refs@1.1.1_@types+react@19.1.4_react@19.1.0/node_modules/@radix-ui/react-compose-refs/src/composeRefs.tsx:25:23
          at Array.map (<anonymous>)
      at node_modules/.pnpm/@radix-ui+react-compose-refs@1.1.1_@types+react@19.1.4_react@19.1.0/node_modules/@radix-ui/react-compose-refs/src/composeRefs.tsx:24:27
      at setRef (node_modules/.pnpm/@radix-ui+react-compose-refs@1.1.1_@types+react@19.1.4_react@19.1.0/node_modules/@radix-ui/react-compose-refs/src/composeRefs.tsx:11:12)
      at node_modules/.pnpm/@radix-ui+react-compose-refs@1.1.1_@types+react@19.1.4_react@19.1.0/node_modules/@radix-ui/react-compose-refs/src/composeRefs.tsx:25:23
          at Array.map (<anonymous>)
      at node_modules/.pnpm/@radix-ui+react-compose-refs@1.1.1_@types+react@19.1.4_react@19.1.0/node_modules/@radix-ui/react-compose-refs/src/composeRefs.tsx:24:27
      at setRef (node_modules/.pnpm/@radix-ui+react-compose-refs@1.1.1_@types+react@19.1.4_react@19.1.0/node_modules/@radix-ui/react-compose-refs/src/composeRefs.tsx:11:12)
      at node_modules/.pnpm/@radix-ui+react-compose-refs@1.1.1_@types+react@19.1.4_react@19.1.0/node_modules/@radix-ui/react-compose-refs/src/composeRefs.tsx:25:23
          at Array.map (<anonymous>)
      at node_modules/.pnpm/@radix-ui+react-compose-refs@1.1.1_@types+react@19.1.4_react@19.1.0/node_modules/@radix-ui/react-compose-refs/src/composeRefs.tsx:24:27
      at commitAttachRef (node_modules/.pnpm/react-dom@19.1.0_react@19.1.0/node_modules/react-dom/cjs/react-dom-client.development.js:12177:42)
      at runWithFiberInDEV (node_modules/.pnpm/react-dom@19.1.0_react@19.1.0/node_modules/react-dom/cjs/react-dom-client.development.js:1522:13)
      at safelyAttachRef (node_modules/.pnpm/react-dom@19.1.0_react@19.1.0/node_modules/react-dom/cjs/react-dom-client.development.js:12191:9)
      at commitLayoutEffectOnFiber (node_modules/.pnpm/react-dom@19.1.0_react@19.1.0/node_modules/react-dom/cjs/react-dom-client.development.js:12729:26)
      at recursivelyTraverseLayoutEffects (node_modules/.pnpm/react-dom@19.1.0_react@19.1.0/node_modules/react-dom/cjs/react-dom-client.development.js:13590:11)
      at commitLayoutEffectOnFiber (node_modules/.pnpm/react-dom@19.1.0_react@19.1.0/node_modules/react-dom/cjs/react-dom-client.development.js:12611:11)
      at recursivelyTraverseLayoutEffects (node_modules/.pnpm/react-dom@19.1.0_react@19.1.0/node_modules/react-dom/cjs/react-dom-client.development.js:13590:11)
      at commitLayoutEffectOnFiber (node_modules/.pnpm/react-dom@19.1.0_react@19.1.0/node_modules/react-dom/cjs/react-dom-client.development.js:12611:11)
      at recursivelyTraverseLayoutEffects (node_modules/.pnpm/react-dom@19.1.0_react@19.1.0/node_modules/react-dom/cjs/react-dom-client.development.js:13590:11)
      at commitLayoutEffectOnFiber (node_modules/.pnpm/react-dom@19.1.0_react@19.1.0/node_modules/react-dom/cjs/react-dom-client.development.js:12611:11)
      at recursivelyTraverseLayoutEffects (node_modules/.pnpm/react-dom@19.1.0_react@19.1.0/node_modules/react-dom/cjs/react-dom-client.development.js:13590:11)
      at commitLayoutEffectOnFiber (node_modules/.pnpm/react-dom@19.1.0_react@19.1.0/node_modules/react-dom/cjs/react-dom-client.development.js:12611:11)
      at recursivelyTraverseLayoutEffects (node_modules/.pnpm/react-dom@19.1.0_react@19.1.0/node_modules/react-dom/cjs/react-dom-client.development.js:13590:11)
      at commitLayoutEffectOnFiber (node_modules/.pnpm/react-dom@19.1.0_react@19.1.0/node_modules/react-dom/cjs/react-dom-client.development.js:12611:11)
      at recursivelyTraverseLayoutEffects (node_modules/.pnpm/react-dom@19.1.0_react@19.1.0/node_modules/react-dom/cjs/react-dom-client.development.js:13590:11)
      at commitLayoutEffectOnFiber (node_modules/.pnpm/react-dom@19.1.0_react@19.1.0/node_modules/react-dom/cjs/react-dom-client.development.js:12611:11)
      at recursivelyTraverseLayoutEffects (node_modules/.pnpm/react-dom@19.1.0_react@19.1.0/node_modules/react-dom/cjs/react-dom-client.development.js:13590:11)
      at commitLayoutEffectOnFiber (node_modules/.pnpm/react-dom@19.1.0_react@19.1.0/node_modules/react-dom/cjs/react-dom-client.development.js:12611:11)
      at recursivelyTraverseLayoutEffects (node_modules/.pnpm/react-dom@19.1.0_react@19.1.0/node_modules/react-dom/cjs/react-dom-client.development.js:13590:11)
      at commitLayoutEffectOnFiber (node_modules/.pnpm/react-dom@19.1.0_react@19.1.0/node_modules/react-dom/cjs/react-dom-client.development.js:12611:11)
      at recursivelyTraverseLayoutEffects (node_modules/.pnpm/react-dom@19.1.0_react@19.1.0/node_modules/react-dom/cjs/react-dom-client.development.js:13590:11)
      at commitLayoutEffectOnFiber (node_modules/.pnpm/react-dom@19.1.0_react@19.1.0/node_modules/react-dom/cjs/react-dom-client.development.js:12791:11)
      at recursivelyTraverseLayoutEffects (node_modules/.pnpm/react-dom@19.1.0_react@19.1.0/node_modules/react-dom/cjs/react-dom-client.development.js:13590:11)
      at commitLayoutEffectOnFiber (node_modules/.pnpm/react-dom@19.1.0_react@19.1.0/node_modules/react-dom/cjs/react-dom-client.development.js:12611:11)
      at recursivelyTraverseLayoutEffects (node_modules/.pnpm/react-dom@19.1.0_react@19.1.0/node_modules/react-dom/cjs/react-dom-client.development.js:13590:11)
      at commitLayoutEffectOnFiber (node_modules/.pnpm/react-dom@19.1.0_react@19.1.0/node_modules/react-dom/cjs/react-dom-client.development.js:12791:11)
      at recursivelyTraverseLayoutEffects (node_modules/.pnpm/react-dom@19.1.0_react@19.1.0/node_modules/react-dom/cjs/react-dom-client.development.js:13590:11)
      at commitLayoutEffectOnFiber (node_modules/.pnpm/react-dom@19.1.0_react@19.1.0/node_modules/react-dom/cjs/react-dom-client.development.js:12611:11)
      at recursivelyTraverseLayoutEffects (node_modules/.pnpm/react-dom@19.1.0_react@19.1.0/node_modules/react-dom/cjs/react-dom-client.development.js:13590:11)
      at commitLayoutEffectOnFiber (node_modules/.pnpm/react-dom@19.1.0_react@19.1.0/node_modules/react-dom/cjs/react-dom-client.development.js:12611:11)
      at recursivelyTraverseLayoutEffects (node_modules/.pnpm/react-dom@19.1.0_react@19.1.0/node_modules/react-dom/cjs/react-dom-client.development.js:13590:11)
      at commitLayoutEffectOnFiber (node_modules/.pnpm/react-dom@19.1.0_react@19.1.0/node_modules/react-dom/cjs/react-dom-client.development.js:12611:11)
      at recursivelyTraverseLayoutEffects (node_modules/.pnpm/react-dom@19.1.0_react@19.1.0/node_modules/react-dom/cjs/react-dom-client.development.js:13590:11)
      at commitLayoutEffectOnFiber (node_modules/.pnpm/react-dom@19.1.0_react@19.1.0/node_modules/react-dom/cjs/react-dom-client.development.js:12791:11)
      at recursivelyTraverseLayoutEffects (node_modules/.pnpm/react-dom@19.1.0_react@19.1.0/node_modules/react-dom/cjs/react-dom-client.development.js:13590:11)
      at commitLayoutEffectOnFiber (node_modules/.pnpm/react-dom@19.1.0_react@19.1.0/node_modules/react-dom/cjs/react-dom-client.development.js:12611:11)
      at recursivelyTraverseLayoutEffects (node_modules/.pnpm/react-dom@19.1.0_react@19.1.0/node_modules/react-dom/cjs/react-dom-client.development.js:13590:11)
      at commitLayoutEffectOnFiber (node_modules/.pnpm/react-dom@19.1.0_react@19.1.0/node_modules/react-dom/cjs/react-dom-client.development.js:12611:11)
      at recursivelyTraverseLayoutEffects (node_modules/.pnpm/react-dom@19.1.0_react@19.1.0/node_modules/react-dom/cjs/react-dom-client.development.js:13590:11)
      at commitLayoutEffectOnFiber (node_modules/.pnpm/react-dom@19.1.0_react@19.1.0/node_modules/react-dom/cjs/react-dom-client.development.js:12611:11)
      at recursivelyTraverseLayoutEffects (node_modules/.pnpm/react-dom@19.1.0_react@19.1.0/node_modules/react-dom/cjs/react-dom-client.development.js:13590:11)
      at commitLayoutEffectOnFiber (node_modules/.pnpm/react-dom@19.1.0_react@19.1.0/node_modules/react-dom/cjs/react-dom-client.development.js:12727:11)
      at recursivelyTraverseLayoutEffects (node_modules/.pnpm/react-dom@19.1.0_react@19.1.0/node_modules/react-dom/cjs/react-dom-client.development.js:13590:11)
      at commitLayoutEffectOnFiber (node_modules/.pnpm/react-dom@19.1.0_react@19.1.0/node_modules/react-dom/cjs/react-dom-client.development.js:12693:11)
      at flushLayoutEffects (node_modules/.pnpm/react-dom@19.1.0_react@19.1.0/node_modules/react-dom/cjs/react-dom-client.development.js:15559:15)
      at commitRoot (node_modules/.pnpm/react-dom@19.1.0_react@19.1.0/node_modules/react-dom/cjs/react-dom-client.development.js:15402:9)
      at commitRootWhenReady (node_modules/.pnpm/react-dom@19.1.0_react@19.1.0/node_modules/react-dom/cjs/react-dom-client.development.js:14652:7)
      at performWorkOnRoot (node_modules/.pnpm/react-dom@19.1.0_react@19.1.0/node_modules/react-dom/cjs/react-dom-client.development.js:14575:15)
      at performWorkOnRootViaSchedulerTask (node_modules/.pnpm/react-dom@19.1.0_react@19.1.0/node_modules/react-dom/cjs/react-dom-client.development.js:16216:7)
      at performWorkUntilDeadline (node_modules/.pnpm/scheduler@0.26.0/node_modules/scheduler/cjs/scheduler.development.js:45:48)
      at Timeout.task [as _onTimeout] (node_modules/.pnpm/jsdom@20.0.3/node_modules/jsdom/lib/jsdom/browser/Window.js:520:19)

  console.error
    An update to Presence inside a test was not wrapped in act(...).

    When testing, code that causes React state updates should be wrapped into act(...):

    act(() => {
      /* fire events that update state */
    });
    /* assert on the output */

    This ensures that you're testing the behavior the user would see in the browser. Learn more at https://react.dev/link/wrap-tests-with-act

      at node_modules/.pnpm/react-dom@19.1.0_react@19.1.0/node_modules/react-dom/cjs/react-dom-client.development.js:16023:19
      at runWithFiberInDEV (node_modules/.pnpm/react-dom@19.1.0_react@19.1.0/node_modules/react-dom/cjs/react-dom-client.development.js:1522:13)
      at warnIfUpdatesNotWrappedWithActDEV (node_modules/.pnpm/react-dom@19.1.0_react@19.1.0/node_modules/react-dom/cjs/react-dom-client.development.js:16022:9)
      at scheduleUpdateOnFiber (node_modules/.pnpm/react-dom@19.1.0_react@19.1.0/node_modules/react-dom/cjs/react-dom-client.development.js:14396:11)
      at dispatchReducerAction (node_modules/.pnpm/react-dom@19.1.0_react@19.1.0/node_modules/react-dom/cjs/react-dom-client.development.js:6916:14)
      at node_modules/.pnpm/@radix-ui+react-presence@1.1.2_@types+react-dom@19.1.5_@types+react@19.1.4__@types+reac_cf404f2765adb4b6877f4e8a2d692386/node_modules/@radix-ui/react-presence/src/Presence.tsx:67:9
      at Object.react-stack-bottom-frame (node_modules/.pnpm/react-dom@19.1.0_react@19.1.0/node_modules/react-dom/cjs/react-dom-client.development.js:23949:20)
      at runWithFiberInDEV (node_modules/.pnpm/react-dom@19.1.0_react@19.1.0/node_modules/react-dom/cjs/react-dom-client.development.js:1522:13)
      at commitHookEffectListMount (node_modules/.pnpm/react-dom@19.1.0_react@19.1.0/node_modules/react-dom/cjs/react-dom-client.development.js:11905:29)
      at commitHookLayoutEffects (node_modules/.pnpm/react-dom@19.1.0_react@19.1.0/node_modules/react-dom/cjs/react-dom-client.development.js:11857:11)
      at commitLayoutEffectOnFiber (node_modules/.pnpm/react-dom@19.1.0_react@19.1.0/node_modules/react-dom/cjs/react-dom-client.development.js:12613:13)
      at recursivelyTraverseLayoutEffects (node_modules/.pnpm/react-dom@19.1.0_react@19.1.0/node_modules/react-dom/cjs/react-dom-client.development.js:13590:11)
      at commitLayoutEffectOnFiber (node_modules/.pnpm/react-dom@19.1.0_react@19.1.0/node_modules/react-dom/cjs/react-dom-client.development.js:12611:11)
      at recursivelyTraverseLayoutEffects (node_modules/.pnpm/react-dom@19.1.0_react@19.1.0/node_modules/react-dom/cjs/react-dom-client.development.js:13590:11)
      at commitLayoutEffectOnFiber (node_modules/.pnpm/react-dom@19.1.0_react@19.1.0/node_modules/react-dom/cjs/react-dom-client.development.js:12611:11)
      at recursivelyTraverseLayoutEffects (node_modules/.pnpm/react-dom@19.1.0_react@19.1.0/node_modules/react-dom/cjs/react-dom-client.development.js:13590:11)
      at commitLayoutEffectOnFiber (node_modules/.pnpm/react-dom@19.1.0_react@19.1.0/node_modules/react-dom/cjs/react-dom-client.development.js:12791:11)
      at recursivelyTraverseLayoutEffects (node_modules/.pnpm/react-dom@19.1.0_react@19.1.0/node_modules/react-dom/cjs/react-dom-client.development.js:13590:11)
      at commitLayoutEffectOnFiber (node_modules/.pnpm/react-dom@19.1.0_react@19.1.0/node_modules/react-dom/cjs/react-dom-client.development.js:12611:11)
      at recursivelyTraverseLayoutEffects (node_modules/.pnpm/react-dom@19.1.0_react@19.1.0/node_modules/react-dom/cjs/react-dom-client.development.js:13590:11)
      at commitLayoutEffectOnFiber (node_modules/.pnpm/react-dom@19.1.0_react@19.1.0/node_modules/react-dom/cjs/react-dom-client.development.js:12791:11)
      at recursivelyTraverseLayoutEffects (node_modules/.pnpm/react-dom@19.1.0_react@19.1.0/node_modules/react-dom/cjs/react-dom-client.development.js:13590:11)
      at commitLayoutEffectOnFiber (node_modules/.pnpm/react-dom@19.1.0_react@19.1.0/node_modules/react-dom/cjs/react-dom-client.development.js:12611:11)
      at recursivelyTraverseLayoutEffects (node_modules/.pnpm/react-dom@19.1.0_react@19.1.0/node_modules/react-dom/cjs/react-dom-client.development.js:13590:11)
      at commitLayoutEffectOnFiber (node_modules/.pnpm/react-dom@19.1.0_react@19.1.0/node_modules/react-dom/cjs/react-dom-client.development.js:12611:11)
      at recursivelyTraverseLayoutEffects (node_modules/.pnpm/react-dom@19.1.0_react@19.1.0/node_modules/react-dom/cjs/react-dom-client.development.js:13590:11)
      at commitLayoutEffectOnFiber (node_modules/.pnpm/react-dom@19.1.0_react@19.1.0/node_modules/react-dom/cjs/react-dom-client.development.js:12611:11)
      at recursivelyTraverseLayoutEffects (node_modules/.pnpm/react-dom@19.1.0_react@19.1.0/node_modules/react-dom/cjs/react-dom-client.development.js:13590:11)
      at commitLayoutEffectOnFiber (node_modules/.pnpm/react-dom@19.1.0_react@19.1.0/node_modules/react-dom/cjs/react-dom-client.development.js:12791:11)
      at recursivelyTraverseLayoutEffects (node_modules/.pnpm/react-dom@19.1.0_react@19.1.0/node_modules/react-dom/cjs/react-dom-client.development.js:13590:11)
      at commitLayoutEffectOnFiber (node_modules/.pnpm/react-dom@19.1.0_react@19.1.0/node_modules/react-dom/cjs/react-dom-client.development.js:12611:11)
      at recursivelyTraverseLayoutEffects (node_modules/.pnpm/react-dom@19.1.0_react@19.1.0/node_modules/react-dom/cjs/react-dom-client.development.js:13590:11)
      at commitLayoutEffectOnFiber (node_modules/.pnpm/react-dom@19.1.0_react@19.1.0/node_modules/react-dom/cjs/react-dom-client.development.js:12611:11)
      at recursivelyTraverseLayoutEffects (node_modules/.pnpm/react-dom@19.1.0_react@19.1.0/node_modules/react-dom/cjs/react-dom-client.development.js:13590:11)
      at commitLayoutEffectOnFiber (node_modules/.pnpm/react-dom@19.1.0_react@19.1.0/node_modules/react-dom/cjs/react-dom-client.development.js:12611:11)
      at recursivelyTraverseLayoutEffects (node_modules/.pnpm/react-dom@19.1.0_react@19.1.0/node_modules/react-dom/cjs/react-dom-client.development.js:13590:11)
      at commitLayoutEffectOnFiber (node_modules/.pnpm/react-dom@19.1.0_react@19.1.0/node_modules/react-dom/cjs/react-dom-client.development.js:12727:11)
      at recursivelyTraverseLayoutEffects (node_modules/.pnpm/react-dom@19.1.0_react@19.1.0/node_modules/react-dom/cjs/react-dom-client.development.js:13590:11)
      at commitLayoutEffectOnFiber (node_modules/.pnpm/react-dom@19.1.0_react@19.1.0/node_modules/react-dom/cjs/react-dom-client.development.js:12693:11)
      at flushLayoutEffects (node_modules/.pnpm/react-dom@19.1.0_react@19.1.0/node_modules/react-dom/cjs/react-dom-client.development.js:15559:15)
      at commitRoot (node_modules/.pnpm/react-dom@19.1.0_react@19.1.0/node_modules/react-dom/cjs/react-dom-client.development.js:15402:9)
      at commitRootWhenReady (node_modules/.pnpm/react-dom@19.1.0_react@19.1.0/node_modules/react-dom/cjs/react-dom-client.development.js:14652:7)
      at performWorkOnRoot (node_modules/.pnpm/react-dom@19.1.0_react@19.1.0/node_modules/react-dom/cjs/react-dom-client.development.js:14575:15)
      at performWorkOnRootViaSchedulerTask (node_modules/.pnpm/react-dom@19.1.0_react@19.1.0/node_modules/react-dom/cjs/react-dom-client.development.js:16216:7)
      at performWorkUntilDeadline (node_modules/.pnpm/scheduler@0.26.0/node_modules/scheduler/cjs/scheduler.development.js:45:48)
      at Timeout.task [as _onTimeout] (node_modules/.pnpm/jsdom@20.0.3/node_modules/jsdom/lib/jsdom/browser/Window.js:520:19)

  console.error
    An update to TooltipProvider inside a test was not wrapped in act(...).

    When testing, code that causes React state updates should be wrapped into act(...):

    act(() => {
      /* fire events that update state */
    });
    /* assert on the output */

    This ensures that you're testing the behavior the user would see in the browser. Learn more at https://react.dev/link/wrap-tests-with-act

      at node_modules/.pnpm/react-dom@19.1.0_react@19.1.0/node_modules/react-dom/cjs/react-dom-client.development.js:16023:19
      at runWithFiberInDEV (node_modules/.pnpm/react-dom@19.1.0_react@19.1.0/node_modules/react-dom/cjs/react-dom-client.development.js:1522:13)
      at warnIfUpdatesNotWrappedWithActDEV (node_modules/.pnpm/react-dom@19.1.0_react@19.1.0/node_modules/react-dom/cjs/react-dom-client.development.js:16022:9)
      at scheduleUpdateOnFiber (node_modules/.pnpm/react-dom@19.1.0_react@19.1.0/node_modules/react-dom/cjs/react-dom-client.development.js:14396:11)
      at dispatchSetStateInternal (node_modules/.pnpm/react-dom@19.1.0_react@19.1.0/node_modules/react-dom/cjs/react-dom-client.development.js:6969:13)
      at dispatchSetState (node_modules/.pnpm/react-dom@19.1.0_react@19.1.0/node_modules/react-dom/cjs/react-dom-client.development.js:6927:7)
      at Object.onOpen (node_modules/.pnpm/@radix-ui+react-tooltip@1.1.6_@types+react-dom@19.1.5_@types+react@19.1.4__@types+react_7c0f7a2f42021c2b2fd46f935b959612/node_modules/@radix-ui/react-tooltip/src/Tooltip.tsx:90:9)
      at Object.onChange [as current] (node_modules/.pnpm/@radix-ui+react-tooltip@1.1.6_@types+react-dom@19.1.5_@types+react@19.1.4__@types+react_7c0f7a2f42021c2b2fd46f935b959612/node_modules/@radix-ui/react-tooltip/src/Tooltip.tsx:176:25)
      at node_modules/.pnpm/@radix-ui+react-use-callback-ref@1.1.0_@types+react@19.1.4_react@19.1.0/node_modules/@radix-ui/react-use-callback-ref/src/useCallbackRef.tsx:15:56
      at node_modules/.pnpm/@radix-ui+react-use-controllable-state@1.1.0_@types+react@19.1.4_react@19.1.0/node_modules/@radix-ui/react-use-controllable-state/src/useControllableState.tsx:49:7
      at Object.react-stack-bottom-frame (node_modules/.pnpm/react-dom@19.1.0_react@19.1.0/node_modules/react-dom/cjs/react-dom-client.development.js:23949:20)
      at runWithFiberInDEV (node_modules/.pnpm/react-dom@19.1.0_react@19.1.0/node_modules/react-dom/cjs/react-dom-client.development.js:1522:13)
      at commitHookEffectListMount (node_modules/.pnpm/react-dom@19.1.0_react@19.1.0/node_modules/react-dom/cjs/react-dom-client.development.js:11905:29)
      at commitHookPassiveMountEffects (node_modules/.pnpm/react-dom@19.1.0_react@19.1.0/node_modules/react-dom/cjs/react-dom-client.development.js:12028:11)
      at commitPassiveMountOnFiber (node_modules/.pnpm/react-dom@19.1.0_react@19.1.0/node_modules/react-dom/cjs/react-dom-client.development.js:13841:13)
      at recursivelyTraversePassiveMountEffects (node_modules/.pnpm/react-dom@19.1.0_react@19.1.0/node_modules/react-dom/cjs/react-dom-client.development.js:13815:11)
      at commitPassiveMountOnFiber (node_modules/.pnpm/react-dom@19.1.0_react@19.1.0/node_modules/react-dom/cjs/react-dom-client.development.js:13957:11)
      at recursivelyTraversePassiveMountEffects (node_modules/.pnpm/react-dom@19.1.0_react@19.1.0/node_modules/react-dom/cjs/react-dom-client.development.js:13815:11)
      at commitPassiveMountOnFiber (node_modules/.pnpm/react-dom@19.1.0_react@19.1.0/node_modules/react-dom/cjs/react-dom-client.development.js:13834:11)
      at recursivelyTraversePassiveMountEffects (node_modules/.pnpm/react-dom@19.1.0_react@19.1.0/node_modules/react-dom/cjs/react-dom-client.development.js:13815:11)
      at commitPassiveMountOnFiber (node_modules/.pnpm/react-dom@19.1.0_react@19.1.0/node_modules/react-dom/cjs/react-dom-client.development.js:13834:11)
      at recursivelyTraversePassiveMountEffects (node_modules/.pnpm/react-dom@19.1.0_react@19.1.0/node_modules/react-dom/cjs/react-dom-client.development.js:13815:11)
      at commitPassiveMountOnFiber (node_modules/.pnpm/react-dom@19.1.0_react@19.1.0/node_modules/react-dom/cjs/react-dom-client.development.js:13834:11)
      at recursivelyTraversePassiveMountEffects (node_modules/.pnpm/react-dom@19.1.0_react@19.1.0/node_modules/react-dom/cjs/react-dom-client.development.js:13815:11)
      at commitPassiveMountOnFiber (node_modules/.pnpm/react-dom@19.1.0_react@19.1.0/node_modules/react-dom/cjs/react-dom-client.development.js:13957:11)
      at recursivelyTraversePassiveMountEffects (node_modules/.pnpm/react-dom@19.1.0_react@19.1.0/node_modules/react-dom/cjs/react-dom-client.development.js:13815:11)
      at commitPassiveMountOnFiber (node_modules/.pnpm/react-dom@19.1.0_react@19.1.0/node_modules/react-dom/cjs/react-dom-client.development.js:13853:11)
      at flushPassiveEffects (node_modules/.pnpm/react-dom@19.1.0_react@19.1.0/node_modules/react-dom/cjs/react-dom-client.development.js:15737:9)
      at flushPendingEffects (node_modules/.pnpm/react-dom@19.1.0_react@19.1.0/node_modules/react-dom/cjs/react-dom-client.development.js:15702:14)
      at performSyncWorkOnRoot (node_modules/.pnpm/react-dom@19.1.0_react@19.1.0/node_modules/react-dom/cjs/react-dom-client.development.js:16228:11)
      at flushSyncWorkAcrossRoots_impl (node_modules/.pnpm/react-dom@19.1.0_react@19.1.0/node_modules/react-dom/cjs/react-dom-client.development.js:16079:21)
      at flushSpawnedWork (node_modules/.pnpm/react-dom@19.1.0_react@19.1.0/node_modules/react-dom/cjs/react-dom-client.development.js:15677:9)
      at commitRoot (node_modules/.pnpm/react-dom@19.1.0_react@19.1.0/node_modules/react-dom/cjs/react-dom-client.development.js:15403:9)
      at commitRootWhenReady (node_modules/.pnpm/react-dom@19.1.0_react@19.1.0/node_modules/react-dom/cjs/react-dom-client.development.js:14652:7)
      at performWorkOnRoot (node_modules/.pnpm/react-dom@19.1.0_react@19.1.0/node_modules/react-dom/cjs/react-dom-client.development.js:14575:15)
      at performWorkOnRootViaSchedulerTask (node_modules/.pnpm/react-dom@19.1.0_react@19.1.0/node_modules/react-dom/cjs/react-dom-client.development.js:16216:7)
      at performWorkUntilDeadline (node_modules/.pnpm/scheduler@0.26.0/node_modules/scheduler/cjs/scheduler.development.js:45:48)
      at Timeout.task [as _onTimeout] (node_modules/.pnpm/jsdom@20.0.3/node_modules/jsdom/lib/jsdom/browser/Window.js:520:19)

  console.error
    An update to Tooltip inside a test was not wrapped in act(...).

    When testing, code that causes React state updates should be wrapped into act(...):

    act(() => {
      /* fire events that update state */
    });
    /* assert on the output */

    This ensures that you're testing the behavior the user would see in the browser. Learn more at https://react.dev/link/wrap-tests-with-act

      at node_modules/.pnpm/react-dom@19.1.0_react@19.1.0/node_modules/react-dom/cjs/react-dom-client.development.js:16023:19
      at runWithFiberInDEV (node_modules/.pnpm/react-dom@19.1.0_react@19.1.0/node_modules/react-dom/cjs/react-dom-client.development.js:1522:13)
      at warnIfUpdatesNotWrappedWithActDEV (node_modules/.pnpm/react-dom@19.1.0_react@19.1.0/node_modules/react-dom/cjs/react-dom-client.development.js:16022:9)
      at scheduleUpdateOnFiber (node_modules/.pnpm/react-dom@19.1.0_react@19.1.0/node_modules/react-dom/cjs/react-dom-client.development.js:14396:11)
      at dispatchSetStateInternal (node_modules/.pnpm/react-dom@19.1.0_react@19.1.0/node_modules/react-dom/cjs/react-dom-client.development.js:6969:13)
      at dispatchSetState (node_modules/.pnpm/react-dom@19.1.0_react@19.1.0/node_modules/react-dom/cjs/react-dom-client.development.js:6927:7)
      at setRef (node_modules/.pnpm/@radix-ui+react-compose-refs@1.1.1_@types+react@19.1.4_react@19.1.0/node_modules/@radix-ui/react-compose-refs/src/composeRefs.tsx:11:12)
      at node_modules/.pnpm/@radix-ui+react-compose-refs@1.1.1_@types+react@19.1.4_react@19.1.0/node_modules/@radix-ui/react-compose-refs/src/composeRefs.tsx:25:23
          at Array.map (<anonymous>)
      at node_modules/.pnpm/@radix-ui+react-compose-refs@1.1.1_@types+react@19.1.4_react@19.1.0/node_modules/@radix-ui/react-compose-refs/src/composeRefs.tsx:24:27
      at setRef (node_modules/.pnpm/@radix-ui+react-compose-refs@1.1.1_@types+react@19.1.4_react@19.1.0/node_modules/@radix-ui/react-compose-refs/src/composeRefs.tsx:11:12)
      at node_modules/.pnpm/@radix-ui+react-compose-refs@1.1.1_@types+react@19.1.4_react@19.1.0/node_modules/@radix-ui/react-compose-refs/src/composeRefs.tsx:25:23
          at Array.map (<anonymous>)
      at node_modules/.pnpm/@radix-ui+react-compose-refs@1.1.1_@types+react@19.1.4_react@19.1.0/node_modules/@radix-ui/react-compose-refs/src/composeRefs.tsx:24:27
      at setRef (node_modules/.pnpm/@radix-ui+react-compose-refs@1.1.1_@types+react@19.1.4_react@19.1.0/node_modules/@radix-ui/react-compose-refs/src/composeRefs.tsx:11:12)
      at node_modules/.pnpm/@radix-ui+react-compose-refs@1.1.1_@types+react@19.1.4_react@19.1.0/node_modules/@radix-ui/react-compose-refs/src/composeRefs.tsx:25:23
          at Array.map (<anonymous>)
      at node_modules/.pnpm/@radix-ui+react-compose-refs@1.1.1_@types+react@19.1.4_react@19.1.0/node_modules/@radix-ui/react-compose-refs/src/composeRefs.tsx:24:27
      at runWithFiberInDEV (node_modules/.pnpm/react-dom@19.1.0_react@19.1.0/node_modules/react-dom/cjs/react-dom-client.development.js:1522:13)
      at safelyDetachRef (node_modules/.pnpm/react-dom@19.1.0_react@19.1.0/node_modules/react-dom/cjs/react-dom-client.development.js:12224:18)
      at commitMutationEffectsOnFiber (node_modules/.pnpm/react-dom@19.1.0_react@19.1.0/node_modules/react-dom/cjs/react-dom-client.development.js:13352:15)
      at recursivelyTraverseMutationEffects (node_modules/.pnpm/react-dom@19.1.0_react@19.1.0/node_modules/react-dom/cjs/react-dom-client.development.js:13123:11)
      at commitMutationEffectsOnFiber (node_modules/.pnpm/react-dom@19.1.0_react@19.1.0/node_modules/react-dom/cjs/react-dom-client.development.js:13134:11)
      at recursivelyTraverseMutationEffects (node_modules/.pnpm/react-dom@19.1.0_react@19.1.0/node_modules/react-dom/cjs/react-dom-client.development.js:13123:11)
      at commitMutationEffectsOnFiber (node_modules/.pnpm/react-dom@19.1.0_react@19.1.0/node_modules/react-dom/cjs/react-dom-client.development.js:13134:11)
      at recursivelyTraverseMutationEffects (node_modules/.pnpm/react-dom@19.1.0_react@19.1.0/node_modules/react-dom/cjs/react-dom-client.development.js:13123:11)
      at commitMutationEffectsOnFiber (node_modules/.pnpm/react-dom@19.1.0_react@19.1.0/node_modules/react-dom/cjs/react-dom-client.development.js:13134:11)
      at recursivelyTraverseMutationEffects (node_modules/.pnpm/react-dom@19.1.0_react@19.1.0/node_modules/react-dom/cjs/react-dom-client.development.js:13123:11)
      at commitMutationEffectsOnFiber (node_modules/.pnpm/react-dom@19.1.0_react@19.1.0/node_modules/react-dom/cjs/react-dom-client.development.js:13134:11)
      at recursivelyTraverseMutationEffects (node_modules/.pnpm/react-dom@19.1.0_react@19.1.0/node_modules/react-dom/cjs/react-dom-client.development.js:13123:11)
      at commitMutationEffectsOnFiber (node_modules/.pnpm/react-dom@19.1.0_react@19.1.0/node_modules/react-dom/cjs/react-dom-client.development.js:13134:11)
      at recursivelyTraverseMutationEffects (node_modules/.pnpm/react-dom@19.1.0_react@19.1.0/node_modules/react-dom/cjs/react-dom-client.development.js:13123:11)
      at commitMutationEffectsOnFiber (node_modules/.pnpm/react-dom@19.1.0_react@19.1.0/node_modules/react-dom/cjs/react-dom-client.development.js:13134:11)
      at recursivelyTraverseMutationEffects (node_modules/.pnpm/react-dom@19.1.0_react@19.1.0/node_modules/react-dom/cjs/react-dom-client.development.js:13123:11)
      at commitMutationEffectsOnFiber (node_modules/.pnpm/react-dom@19.1.0_react@19.1.0/node_modules/react-dom/cjs/react-dom-client.development.js:13134:11)
      at recursivelyTraverseMutationEffects (node_modules/.pnpm/react-dom@19.1.0_react@19.1.0/node_modules/react-dom/cjs/react-dom-client.development.js:13123:11)
      at commitMutationEffectsOnFiber (node_modules/.pnpm/react-dom@19.1.0_react@19.1.0/node_modules/react-dom/cjs/react-dom-client.development.js:13134:11)
      at recursivelyTraverseMutationEffects (node_modules/.pnpm/react-dom@19.1.0_react@19.1.0/node_modules/react-dom/cjs/react-dom-client.development.js:13123:11)
      at commitMutationEffectsOnFiber (node_modules/.pnpm/react-dom@19.1.0_react@19.1.0/node_modules/react-dom/cjs/react-dom-client.development.js:13562:11)
      at recursivelyTraverseMutationEffects (node_modules/.pnpm/react-dom@19.1.0_react@19.1.0/node_modules/react-dom/cjs/react-dom-client.development.js:13123:11)
      at commitMutationEffectsOnFiber (node_modules/.pnpm/react-dom@19.1.0_react@19.1.0/node_modules/react-dom/cjs/react-dom-client.development.js:13134:11)
      at recursivelyTraverseMutationEffects (node_modules/.pnpm/react-dom@19.1.0_react@19.1.0/node_modules/react-dom/cjs/react-dom-client.development.js:13123:11)
      at commitMutationEffectsOnFiber (node_modules/.pnpm/react-dom@19.1.0_react@19.1.0/node_modules/react-dom/cjs/react-dom-client.development.js:13562:11)
      at recursivelyTraverseMutationEffects (node_modules/.pnpm/react-dom@19.1.0_react@19.1.0/node_modules/react-dom/cjs/react-dom-client.development.js:13123:11)
      at commitMutationEffectsOnFiber (node_modules/.pnpm/react-dom@19.1.0_react@19.1.0/node_modules/react-dom/cjs/react-dom-client.development.js:13134:11)
      at recursivelyTraverseMutationEffects (node_modules/.pnpm/react-dom@19.1.0_react@19.1.0/node_modules/react-dom/cjs/react-dom-client.development.js:13123:11)
      at commitMutationEffectsOnFiber (node_modules/.pnpm/react-dom@19.1.0_react@19.1.0/node_modules/react-dom/cjs/react-dom-client.development.js:13134:11)
      at recursivelyTraverseMutationEffects (node_modules/.pnpm/react-dom@19.1.0_react@19.1.0/node_modules/react-dom/cjs/react-dom-client.development.js:13123:11)
      at commitMutationEffectsOnFiber (node_modules/.pnpm/react-dom@19.1.0_react@19.1.0/node_modules/react-dom/cjs/react-dom-client.development.js:13134:11)
      at recursivelyTraverseMutationEffects (node_modules/.pnpm/react-dom@19.1.0_react@19.1.0/node_modules/react-dom/cjs/react-dom-client.development.js:13123:11)
      at commitMutationEffectsOnFiber (node_modules/.pnpm/react-dom@19.1.0_react@19.1.0/node_modules/react-dom/cjs/react-dom-client.development.js:13562:11)
      at recursivelyTraverseMutationEffects (node_modules/.pnpm/react-dom@19.1.0_react@19.1.0/node_modules/react-dom/cjs/react-dom-client.development.js:13123:11)
      at commitMutationEffectsOnFiber (node_modules/.pnpm/react-dom@19.1.0_react@19.1.0/node_modules/react-dom/cjs/react-dom-client.development.js:13134:11)
      at recursivelyTraverseMutationEffects (node_modules/.pnpm/react-dom@19.1.0_react@19.1.0/node_modules/react-dom/cjs/react-dom-client.development.js:13123:11)
      at commitMutationEffectsOnFiber (node_modules/.pnpm/react-dom@19.1.0_react@19.1.0/node_modules/react-dom/cjs/react-dom-client.development.js:13134:11)
      at recursivelyTraverseMutationEffects (node_modules/.pnpm/react-dom@19.1.0_react@19.1.0/node_modules/react-dom/cjs/react-dom-client.development.js:13123:11)
      at commitMutationEffectsOnFiber (node_modules/.pnpm/react-dom@19.1.0_react@19.1.0/node_modules/react-dom/cjs/react-dom-client.development.js:13134:11)
      at recursivelyTraverseMutationEffects (node_modules/.pnpm/react-dom@19.1.0_react@19.1.0/node_modules/react-dom/cjs/react-dom-client.development.js:13123:11)
      at commitMutationEffectsOnFiber (node_modules/.pnpm/react-dom@19.1.0_react@19.1.0/node_modules/react-dom/cjs/react-dom-client.development.js:13347:11)
      at recursivelyTraverseMutationEffects (node_modules/.pnpm/react-dom@19.1.0_react@19.1.0/node_modules/react-dom/cjs/react-dom-client.development.js:13123:11)
      at commitMutationEffectsOnFiber (node_modules/.pnpm/react-dom@19.1.0_react@19.1.0/node_modules/react-dom/cjs/react-dom-client.development.js:13405:11)
      at flushMutationEffects (node_modules/.pnpm/react-dom@19.1.0_react@19.1.0/node_modules/react-dom/cjs/react-dom-client.development.js:15426:13)
      at commitRoot (node_modules/.pnpm/react-dom@19.1.0_react@19.1.0/node_modules/react-dom/cjs/react-dom-client.development.js:15401:9)
      at commitRootWhenReady (node_modules/.pnpm/react-dom@19.1.0_react@19.1.0/node_modules/react-dom/cjs/react-dom-client.development.js:14652:7)
      at performWorkOnRoot (node_modules/.pnpm/react-dom@19.1.0_react@19.1.0/node_modules/react-dom/cjs/react-dom-client.development.js:14575:15)
      at performSyncWorkOnRoot (node_modules/.pnpm/react-dom@19.1.0_react@19.1.0/node_modules/react-dom/cjs/react-dom-client.development.js:16231:7)
      at flushSyncWorkAcrossRoots_impl (node_modules/.pnpm/react-dom@19.1.0_react@19.1.0/node_modules/react-dom/cjs/react-dom-client.development.js:16079:21)
      at flushSpawnedWork (node_modules/.pnpm/react-dom@19.1.0_react@19.1.0/node_modules/react-dom/cjs/react-dom-client.development.js:15677:9)
      at commitRoot (node_modules/.pnpm/react-dom@19.1.0_react@19.1.0/node_modules/react-dom/cjs/react-dom-client.development.js:15403:9)
      at commitRootWhenReady (node_modules/.pnpm/react-dom@19.1.0_react@19.1.0/node_modules/react-dom/cjs/react-dom-client.development.js:14652:7)
      at performWorkOnRoot (node_modules/.pnpm/react-dom@19.1.0_react@19.1.0/node_modules/react-dom/cjs/react-dom-client.development.js:14575:15)
      at performWorkOnRootViaSchedulerTask (node_modules/.pnpm/react-dom@19.1.0_react@19.1.0/node_modules/react-dom/cjs/react-dom-client.development.js:16216:7)
      at performWorkUntilDeadline (node_modules/.pnpm/scheduler@0.26.0/node_modules/scheduler/cjs/scheduler.development.js:45:48)
      at Timeout.task [as _onTimeout] (node_modules/.pnpm/jsdom@20.0.3/node_modules/jsdom/lib/jsdom/browser/Window.js:520:19)

  console.error
    An update to Tooltip inside a test was not wrapped in act(...).

    When testing, code that causes React state updates should be wrapped into act(...):

    act(() => {
      /* fire events that update state */
    });
    /* assert on the output */

    This ensures that you're testing the behavior the user would see in the browser. Learn more at https://react.dev/link/wrap-tests-with-act

      at node_modules/.pnpm/react-dom@19.1.0_react@19.1.0/node_modules/react-dom/cjs/react-dom-client.development.js:16023:19
      at runWithFiberInDEV (node_modules/.pnpm/react-dom@19.1.0_react@19.1.0/node_modules/react-dom/cjs/react-dom-client.development.js:1522:13)
      at warnIfUpdatesNotWrappedWithActDEV (node_modules/.pnpm/react-dom@19.1.0_react@19.1.0/node_modules/react-dom/cjs/react-dom-client.development.js:16022:9)
      at scheduleUpdateOnFiber (node_modules/.pnpm/react-dom@19.1.0_react@19.1.0/node_modules/react-dom/cjs/react-dom-client.development.js:14396:11)
      at dispatchSetStateInternal (node_modules/.pnpm/react-dom@19.1.0_react@19.1.0/node_modules/react-dom/cjs/react-dom-client.development.js:6969:13)
      at dispatchSetState (node_modules/.pnpm/react-dom@19.1.0_react@19.1.0/node_modules/react-dom/cjs/react-dom-client.development.js:6927:7)
      at setRef (node_modules/.pnpm/@radix-ui+react-compose-refs@1.1.1_@types+react@19.1.4_react@19.1.0/node_modules/@radix-ui/react-compose-refs/src/composeRefs.tsx:11:12)
      at node_modules/.pnpm/@radix-ui+react-compose-refs@1.1.1_@types+react@19.1.4_react@19.1.0/node_modules/@radix-ui/react-compose-refs/src/composeRefs.tsx:25:23
          at Array.map (<anonymous>)
      at node_modules/.pnpm/@radix-ui+react-compose-refs@1.1.1_@types+react@19.1.4_react@19.1.0/node_modules/@radix-ui/react-compose-refs/src/composeRefs.tsx:24:27
      at setRef (node_modules/.pnpm/@radix-ui+react-compose-refs@1.1.1_@types+react@19.1.4_react@19.1.0/node_modules/@radix-ui/react-compose-refs/src/composeRefs.tsx:11:12)
      at node_modules/.pnpm/@radix-ui+react-compose-refs@1.1.1_@types+react@19.1.4_react@19.1.0/node_modules/@radix-ui/react-compose-refs/src/composeRefs.tsx:25:23
          at Array.map (<anonymous>)
      at node_modules/.pnpm/@radix-ui+react-compose-refs@1.1.1_@types+react@19.1.4_react@19.1.0/node_modules/@radix-ui/react-compose-refs/src/composeRefs.tsx:24:27
      at setRef (node_modules/.pnpm/@radix-ui+react-compose-refs@1.1.1_@types+react@19.1.4_react@19.1.0/node_modules/@radix-ui/react-compose-refs/src/composeRefs.tsx:11:12)
      at node_modules/.pnpm/@radix-ui+react-compose-refs@1.1.1_@types+react@19.1.4_react@19.1.0/node_modules/@radix-ui/react-compose-refs/src/composeRefs.tsx:25:23
          at Array.map (<anonymous>)
      at node_modules/.pnpm/@radix-ui+react-compose-refs@1.1.1_@types+react@19.1.4_react@19.1.0/node_modules/@radix-ui/react-compose-refs/src/composeRefs.tsx:24:27
      at commitAttachRef (node_modules/.pnpm/react-dom@19.1.0_react@19.1.0/node_modules/react-dom/cjs/react-dom-client.development.js:12177:42)
      at runWithFiberInDEV (node_modules/.pnpm/react-dom@19.1.0_react@19.1.0/node_modules/react-dom/cjs/react-dom-client.development.js:1522:13)
      at safelyAttachRef (node_modules/.pnpm/react-dom@19.1.0_react@19.1.0/node_modules/react-dom/cjs/react-dom-client.development.js:12191:9)
      at commitLayoutEffectOnFiber (node_modules/.pnpm/react-dom@19.1.0_react@19.1.0/node_modules/react-dom/cjs/react-dom-client.development.js:12729:26)
      at recursivelyTraverseLayoutEffects (node_modules/.pnpm/react-dom@19.1.0_react@19.1.0/node_modules/react-dom/cjs/react-dom-client.development.js:13590:11)
      at commitLayoutEffectOnFiber (node_modules/.pnpm/react-dom@19.1.0_react@19.1.0/node_modules/react-dom/cjs/react-dom-client.development.js:12611:11)
      at recursivelyTraverseLayoutEffects (node_modules/.pnpm/react-dom@19.1.0_react@19.1.0/node_modules/react-dom/cjs/react-dom-client.development.js:13590:11)
      at commitLayoutEffectOnFiber (node_modules/.pnpm/react-dom@19.1.0_react@19.1.0/node_modules/react-dom/cjs/react-dom-client.development.js:12611:11)
      at recursivelyTraverseLayoutEffects (node_modules/.pnpm/react-dom@19.1.0_react@19.1.0/node_modules/react-dom/cjs/react-dom-client.development.js:13590:11)
      at commitLayoutEffectOnFiber (node_modules/.pnpm/react-dom@19.1.0_react@19.1.0/node_modules/react-dom/cjs/react-dom-client.development.js:12611:11)
      at recursivelyTraverseLayoutEffects (node_modules/.pnpm/react-dom@19.1.0_react@19.1.0/node_modules/react-dom/cjs/react-dom-client.development.js:13590:11)
      at commitLayoutEffectOnFiber (node_modules/.pnpm/react-dom@19.1.0_react@19.1.0/node_modules/react-dom/cjs/react-dom-client.development.js:12611:11)
      at recursivelyTraverseLayoutEffects (node_modules/.pnpm/react-dom@19.1.0_react@19.1.0/node_modules/react-dom/cjs/react-dom-client.development.js:13590:11)
      at commitLayoutEffectOnFiber (node_modules/.pnpm/react-dom@19.1.0_react@19.1.0/node_modules/react-dom/cjs/react-dom-client.development.js:12611:11)
      at recursivelyTraverseLayoutEffects (node_modules/.pnpm/react-dom@19.1.0_react@19.1.0/node_modules/react-dom/cjs/react-dom-client.development.js:13590:11)
      at commitLayoutEffectOnFiber (node_modules/.pnpm/react-dom@19.1.0_react@19.1.0/node_modules/react-dom/cjs/react-dom-client.development.js:12611:11)
      at recursivelyTraverseLayoutEffects (node_modules/.pnpm/react-dom@19.1.0_react@19.1.0/node_modules/react-dom/cjs/react-dom-client.development.js:13590:11)
      at commitLayoutEffectOnFiber (node_modules/.pnpm/react-dom@19.1.0_react@19.1.0/node_modules/react-dom/cjs/react-dom-client.development.js:12611:11)
      at recursivelyTraverseLayoutEffects (node_modules/.pnpm/react-dom@19.1.0_react@19.1.0/node_modules/react-dom/cjs/react-dom-client.development.js:13590:11)
      at commitLayoutEffectOnFiber (node_modules/.pnpm/react-dom@19.1.0_react@19.1.0/node_modules/react-dom/cjs/react-dom-client.development.js:12611:11)
      at recursivelyTraverseLayoutEffects (node_modules/.pnpm/react-dom@19.1.0_react@19.1.0/node_modules/react-dom/cjs/react-dom-client.development.js:13590:11)
      at commitLayoutEffectOnFiber (node_modules/.pnpm/react-dom@19.1.0_react@19.1.0/node_modules/react-dom/cjs/react-dom-client.development.js:12791:11)
      at recursivelyTraverseLayoutEffects (node_modules/.pnpm/react-dom@19.1.0_react@19.1.0/node_modules/react-dom/cjs/react-dom-client.development.js:13590:11)
      at commitLayoutEffectOnFiber (node_modules/.pnpm/react-dom@19.1.0_react@19.1.0/node_modules/react-dom/cjs/react-dom-client.development.js:12611:11)
      at recursivelyTraverseLayoutEffects (node_modules/.pnpm/react-dom@19.1.0_react@19.1.0/node_modules/react-dom/cjs/react-dom-client.development.js:13590:11)
      at commitLayoutEffectOnFiber (node_modules/.pnpm/react-dom@19.1.0_react@19.1.0/node_modules/react-dom/cjs/react-dom-client.development.js:12791:11)
      at recursivelyTraverseLayoutEffects (node_modules/.pnpm/react-dom@19.1.0_react@19.1.0/node_modules/react-dom/cjs/react-dom-client.development.js:13590:11)
      at commitLayoutEffectOnFiber (node_modules/.pnpm/react-dom@19.1.0_react@19.1.0/node_modules/react-dom/cjs/react-dom-client.development.js:12611:11)
      at recursivelyTraverseLayoutEffects (node_modules/.pnpm/react-dom@19.1.0_react@19.1.0/node_modules/react-dom/cjs/react-dom-client.development.js:13590:11)
      at commitLayoutEffectOnFiber (node_modules/.pnpm/react-dom@19.1.0_react@19.1.0/node_modules/react-dom/cjs/react-dom-client.development.js:12611:11)
      at recursivelyTraverseLayoutEffects (node_modules/.pnpm/react-dom@19.1.0_react@19.1.0/node_modules/react-dom/cjs/react-dom-client.development.js:13590:11)
      at commitLayoutEffectOnFiber (node_modules/.pnpm/react-dom@19.1.0_react@19.1.0/node_modules/react-dom/cjs/react-dom-client.development.js:12611:11)
      at recursivelyTraverseLayoutEffects (node_modules/.pnpm/react-dom@19.1.0_react@19.1.0/node_modules/react-dom/cjs/react-dom-client.development.js:13590:11)
      at commitLayoutEffectOnFiber (node_modules/.pnpm/react-dom@19.1.0_react@19.1.0/node_modules/react-dom/cjs/react-dom-client.development.js:12791:11)
      at recursivelyTraverseLayoutEffects (node_modules/.pnpm/react-dom@19.1.0_react@19.1.0/node_modules/react-dom/cjs/react-dom-client.development.js:13590:11)
      at commitLayoutEffectOnFiber (node_modules/.pnpm/react-dom@19.1.0_react@19.1.0/node_modules/react-dom/cjs/react-dom-client.development.js:12611:11)
      at recursivelyTraverseLayoutEffects (node_modules/.pnpm/react-dom@19.1.0_react@19.1.0/node_modules/react-dom/cjs/react-dom-client.development.js:13590:11)
      at commitLayoutEffectOnFiber (node_modules/.pnpm/react-dom@19.1.0_react@19.1.0/node_modules/react-dom/cjs/react-dom-client.development.js:12611:11)
      at recursivelyTraverseLayoutEffects (node_modules/.pnpm/react-dom@19.1.0_react@19.1.0/node_modules/react-dom/cjs/react-dom-client.development.js:13590:11)
      at commitLayoutEffectOnFiber (node_modules/.pnpm/react-dom@19.1.0_react@19.1.0/node_modules/react-dom/cjs/react-dom-client.development.js:12611:11)
      at recursivelyTraverseLayoutEffects (node_modules/.pnpm/react-dom@19.1.0_react@19.1.0/node_modules/react-dom/cjs/react-dom-client.development.js:13590:11)
      at commitLayoutEffectOnFiber (node_modules/.pnpm/react-dom@19.1.0_react@19.1.0/node_modules/react-dom/cjs/react-dom-client.development.js:12727:11)
      at recursivelyTraverseLayoutEffects (node_modules/.pnpm/react-dom@19.1.0_react@19.1.0/node_modules/react-dom/cjs/react-dom-client.development.js:13590:11)
      at commitLayoutEffectOnFiber (node_modules/.pnpm/react-dom@19.1.0_react@19.1.0/node_modules/react-dom/cjs/react-dom-client.development.js:12693:11)
      at flushLayoutEffects (node_modules/.pnpm/react-dom@19.1.0_react@19.1.0/node_modules/react-dom/cjs/react-dom-client.development.js:15559:15)
      at commitRoot (node_modules/.pnpm/react-dom@19.1.0_react@19.1.0/node_modules/react-dom/cjs/react-dom-client.development.js:15402:9)
      at commitRootWhenReady (node_modules/.pnpm/react-dom@19.1.0_react@19.1.0/node_modules/react-dom/cjs/react-dom-client.development.js:14652:7)
      at performWorkOnRoot (node_modules/.pnpm/react-dom@19.1.0_react@19.1.0/node_modules/react-dom/cjs/react-dom-client.development.js:14575:15)
      at performSyncWorkOnRoot (node_modules/.pnpm/react-dom@19.1.0_react@19.1.0/node_modules/react-dom/cjs/react-dom-client.development.js:16231:7)
      at flushSyncWorkAcrossRoots_impl (node_modules/.pnpm/react-dom@19.1.0_react@19.1.0/node_modules/react-dom/cjs/react-dom-client.development.js:16079:21)
      at flushSpawnedWork (node_modules/.pnpm/react-dom@19.1.0_react@19.1.0/node_modules/react-dom/cjs/react-dom-client.development.js:15677:9)
      at commitRoot (node_modules/.pnpm/react-dom@19.1.0_react@19.1.0/node_modules/react-dom/cjs/react-dom-client.development.js:15403:9)
      at commitRootWhenReady (node_modules/.pnpm/react-dom@19.1.0_react@19.1.0/node_modules/react-dom/cjs/react-dom-client.development.js:14652:7)
      at performWorkOnRoot (node_modules/.pnpm/react-dom@19.1.0_react@19.1.0/node_modules/react-dom/cjs/react-dom-client.development.js:14575:15)
      at performWorkOnRootViaSchedulerTask (node_modules/.pnpm/react-dom@19.1.0_react@19.1.0/node_modules/react-dom/cjs/react-dom-client.development.js:16216:7)
      at performWorkUntilDeadline (node_modules/.pnpm/scheduler@0.26.0/node_modules/scheduler/cjs/scheduler.development.js:45:48)
      at Timeout.task [as _onTimeout] (node_modules/.pnpm/jsdom@20.0.3/node_modules/jsdom/lib/jsdom/browser/Window.js:520:19)

  console.error
    An update to DismissableLayer inside a test was not wrapped in act(...).

    When testing, code that causes React state updates should be wrapped into act(...):

    act(() => {
      /* fire events that update state */
    });
    /* assert on the output */

    This ensures that you're testing the behavior the user would see in the browser. Learn more at https://react.dev/link/wrap-tests-with-act

      at node_modules/.pnpm/react-dom@19.1.0_react@19.1.0/node_modules/react-dom/cjs/react-dom-client.development.js:16023:19
      at runWithFiberInDEV (node_modules/.pnpm/react-dom@19.1.0_react@19.1.0/node_modules/react-dom/cjs/react-dom-client.development.js:1522:13)
      at warnIfUpdatesNotWrappedWithActDEV (node_modules/.pnpm/react-dom@19.1.0_react@19.1.0/node_modules/react-dom/cjs/react-dom-client.development.js:16022:9)
      at scheduleUpdateOnFiber (node_modules/.pnpm/react-dom@19.1.0_react@19.1.0/node_modules/react-dom/cjs/react-dom-client.development.js:14396:11)
      at dispatchSetStateInternal (node_modules/.pnpm/react-dom@19.1.0_react@19.1.0/node_modules/react-dom/cjs/react-dom-client.development.js:6969:13)
      at dispatchSetState (node_modules/.pnpm/react-dom@19.1.0_react@19.1.0/node_modules/react-dom/cjs/react-dom-client.development.js:6927:7)
      at node_modules/.pnpm/@radix-ui+react-dismissable-layer@1.1.3_@types+react-dom@19.1.5_@types+react@19.1.4__@t_ddb2e391162b1c51556ac1f8b5d28930/node_modules/@radix-ui/react-dismissable-layer/src/DismissableLayer.tsx:76:66
      at setRef (node_modules/.pnpm/@radix-ui+react-compose-refs@1.1.1_@types+react@19.1.4_react@19.1.0/node_modules/@radix-ui/react-compose-refs/src/composeRefs.tsx:11:12)
      at node_modules/.pnpm/@radix-ui+react-compose-refs@1.1.1_@types+react@19.1.4_react@19.1.0/node_modules/@radix-ui/react-compose-refs/src/composeRefs.tsx:25:23
          at Array.map (<anonymous>)
      at node_modules/.pnpm/@radix-ui+react-compose-refs@1.1.1_@types+react@19.1.4_react@19.1.0/node_modules/@radix-ui/react-compose-refs/src/composeRefs.tsx:24:27
      at setRef (node_modules/.pnpm/@radix-ui+react-compose-refs@1.1.1_@types+react@19.1.4_react@19.1.0/node_modules/@radix-ui/react-compose-refs/src/composeRefs.tsx:11:12)
      at node_modules/.pnpm/@radix-ui+react-compose-refs@1.1.1_@types+react@19.1.4_react@19.1.0/node_modules/@radix-ui/react-compose-refs/src/composeRefs.tsx:25:23
          at Array.map (<anonymous>)
      at node_modules/.pnpm/@radix-ui+react-compose-refs@1.1.1_@types+react@19.1.4_react@19.1.0/node_modules/@radix-ui/react-compose-refs/src/composeRefs.tsx:24:27
      at setRef (node_modules/.pnpm/@radix-ui+react-compose-refs@1.1.1_@types+react@19.1.4_react@19.1.0/node_modules/@radix-ui/react-compose-refs/src/composeRefs.tsx:11:12)
      at node_modules/.pnpm/@radix-ui+react-compose-refs@1.1.1_@types+react@19.1.4_react@19.1.0/node_modules/@radix-ui/react-compose-refs/src/composeRefs.tsx:25:23
          at Array.map (<anonymous>)
      at node_modules/.pnpm/@radix-ui+react-compose-refs@1.1.1_@types+react@19.1.4_react@19.1.0/node_modules/@radix-ui/react-compose-refs/src/composeRefs.tsx:24:27
      at commitAttachRef (node_modules/.pnpm/react-dom@19.1.0_react@19.1.0/node_modules/react-dom/cjs/react-dom-client.development.js:12177:42)
      at runWithFiberInDEV (node_modules/.pnpm/react-dom@19.1.0_react@19.1.0/node_modules/react-dom/cjs/react-dom-client.development.js:1522:13)
      at safelyAttachRef (node_modules/.pnpm/react-dom@19.1.0_react@19.1.0/node_modules/react-dom/cjs/react-dom-client.development.js:12191:9)
      at commitLayoutEffectOnFiber (node_modules/.pnpm/react-dom@19.1.0_react@19.1.0/node_modules/react-dom/cjs/react-dom-client.development.js:12729:26)
      at recursivelyTraverseLayoutEffects (node_modules/.pnpm/react-dom@19.1.0_react@19.1.0/node_modules/react-dom/cjs/react-dom-client.development.js:13590:11)
      at commitLayoutEffectOnFiber (node_modules/.pnpm/react-dom@19.1.0_react@19.1.0/node_modules/react-dom/cjs/react-dom-client.development.js:12611:11)
      at recursivelyTraverseLayoutEffects (node_modules/.pnpm/react-dom@19.1.0_react@19.1.0/node_modules/react-dom/cjs/react-dom-client.development.js:13590:11)
      at commitLayoutEffectOnFiber (node_modules/.pnpm/react-dom@19.1.0_react@19.1.0/node_modules/react-dom/cjs/react-dom-client.development.js:12791:11)
      at recursivelyTraverseLayoutEffects (node_modules/.pnpm/react-dom@19.1.0_react@19.1.0/node_modules/react-dom/cjs/react-dom-client.development.js:13590:11)
      at commitLayoutEffectOnFiber (node_modules/.pnpm/react-dom@19.1.0_react@19.1.0/node_modules/react-dom/cjs/react-dom-client.development.js:12611:11)
      at recursivelyTraverseLayoutEffects (node_modules/.pnpm/react-dom@19.1.0_react@19.1.0/node_modules/react-dom/cjs/react-dom-client.development.js:13590:11)
      at commitLayoutEffectOnFiber (node_modules/.pnpm/react-dom@19.1.0_react@19.1.0/node_modules/react-dom/cjs/react-dom-client.development.js:12727:11)
      at recursivelyTraverseLayoutEffects (node_modules/.pnpm/react-dom@19.1.0_react@19.1.0/node_modules/react-dom/cjs/react-dom-client.development.js:13590:11)
      at commitLayoutEffectOnFiber (node_modules/.pnpm/react-dom@19.1.0_react@19.1.0/node_modules/react-dom/cjs/react-dom-client.development.js:12611:11)
      at recursivelyTraverseLayoutEffects (node_modules/.pnpm/react-dom@19.1.0_react@19.1.0/node_modules/react-dom/cjs/react-dom-client.development.js:13590:11)
      at commitLayoutEffectOnFiber (node_modules/.pnpm/react-dom@19.1.0_react@19.1.0/node_modules/react-dom/cjs/react-dom-client.development.js:12611:11)
      at recursivelyTraverseLayoutEffects (node_modules/.pnpm/react-dom@19.1.0_react@19.1.0/node_modules/react-dom/cjs/react-dom-client.development.js:13590:11)
      at commitLayoutEffectOnFiber (node_modules/.pnpm/react-dom@19.1.0_react@19.1.0/node_modules/react-dom/cjs/react-dom-client.development.js:12611:11)
      at recursivelyTraverseLayoutEffects (node_modules/.pnpm/react-dom@19.1.0_react@19.1.0/node_modules/react-dom/cjs/react-dom-client.development.js:13590:11)
      at commitLayoutEffectOnFiber (node_modules/.pnpm/react-dom@19.1.0_react@19.1.0/node_modules/react-dom/cjs/react-dom-client.development.js:12611:11)
      at recursivelyTraverseLayoutEffects (node_modules/.pnpm/react-dom@19.1.0_react@19.1.0/node_modules/react-dom/cjs/react-dom-client.development.js:13590:11)
      at commitLayoutEffectOnFiber (node_modules/.pnpm/react-dom@19.1.0_react@19.1.0/node_modules/react-dom/cjs/react-dom-client.development.js:12611:11)
      at recursivelyTraverseLayoutEffects (node_modules/.pnpm/react-dom@19.1.0_react@19.1.0/node_modules/react-dom/cjs/react-dom-client.development.js:13590:11)
      at commitLayoutEffectOnFiber (node_modules/.pnpm/react-dom@19.1.0_react@19.1.0/node_modules/react-dom/cjs/react-dom-client.development.js:12611:11)
      at recursivelyTraverseLayoutEffects (node_modules/.pnpm/react-dom@19.1.0_react@19.1.0/node_modules/react-dom/cjs/react-dom-client.development.js:13590:11)
      at commitLayoutEffectOnFiber (node_modules/.pnpm/react-dom@19.1.0_react@19.1.0/node_modules/react-dom/cjs/react-dom-client.development.js:12611:11)
      at recursivelyTraverseLayoutEffects (node_modules/.pnpm/react-dom@19.1.0_react@19.1.0/node_modules/react-dom/cjs/react-dom-client.development.js:13590:11)
      at commitLayoutEffectOnFiber (node_modules/.pnpm/react-dom@19.1.0_react@19.1.0/node_modules/react-dom/cjs/react-dom-client.development.js:12611:11)
      at recursivelyTraverseLayoutEffects (node_modules/.pnpm/react-dom@19.1.0_react@19.1.0/node_modules/react-dom/cjs/react-dom-client.development.js:13590:11)
      at commitLayoutEffectOnFiber (node_modules/.pnpm/react-dom@19.1.0_react@19.1.0/node_modules/react-dom/cjs/react-dom-client.development.js:12611:11)
      at recursivelyTraverseLayoutEffects (node_modules/.pnpm/react-dom@19.1.0_react@19.1.0/node_modules/react-dom/cjs/react-dom-client.development.js:13590:11)
      at commitLayoutEffectOnFiber (node_modules/.pnpm/react-dom@19.1.0_react@19.1.0/node_modules/react-dom/cjs/react-dom-client.development.js:12611:11)
      at recursivelyTraverseLayoutEffects (node_modules/.pnpm/react-dom@19.1.0_react@19.1.0/node_modules/react-dom/cjs/react-dom-client.development.js:13590:11)
      at commitLayoutEffectOnFiber (node_modules/.pnpm/react-dom@19.1.0_react@19.1.0/node_modules/react-dom/cjs/react-dom-client.development.js:12791:11)
      at recursivelyTraverseLayoutEffects (node_modules/.pnpm/react-dom@19.1.0_react@19.1.0/node_modules/react-dom/cjs/react-dom-client.development.js:13590:11)
      at commitLayoutEffectOnFiber (node_modules/.pnpm/react-dom@19.1.0_react@19.1.0/node_modules/react-dom/cjs/react-dom-client.development.js:12611:11)
      at recursivelyTraverseLayoutEffects (node_modules/.pnpm/react-dom@19.1.0_react@19.1.0/node_modules/react-dom/cjs/react-dom-client.development.js:13590:11)
      at commitLayoutEffectOnFiber (node_modules/.pnpm/react-dom@19.1.0_react@19.1.0/node_modules/react-dom/cjs/react-dom-client.development.js:12791:11)
      at recursivelyTraverseLayoutEffects (node_modules/.pnpm/react-dom@19.1.0_react@19.1.0/node_modules/react-dom/cjs/react-dom-client.development.js:13590:11)
      at commitLayoutEffectOnFiber (node_modules/.pnpm/react-dom@19.1.0_react@19.1.0/node_modules/react-dom/cjs/react-dom-client.development.js:12611:11)
      at recursivelyTraverseLayoutEffects (node_modules/.pnpm/react-dom@19.1.0_react@19.1.0/node_modules/react-dom/cjs/react-dom-client.development.js:13590:11)
      at commitLayoutEffectOnFiber (node_modules/.pnpm/react-dom@19.1.0_react@19.1.0/node_modules/react-dom/cjs/react-dom-client.development.js:12611:11)
      at recursivelyTraverseLayoutEffects (node_modules/.pnpm/react-dom@19.1.0_react@19.1.0/node_modules/react-dom/cjs/react-dom-client.development.js:13590:11)
      at commitLayoutEffectOnFiber (node_modules/.pnpm/react-dom@19.1.0_react@19.1.0/node_modules/react-dom/cjs/react-dom-client.development.js:12611:11)
      at recursivelyTraverseLayoutEffects (node_modules/.pnpm/react-dom@19.1.0_react@19.1.0/node_modules/react-dom/cjs/react-dom-client.development.js:13590:11)
      at commitLayoutEffectOnFiber (node_modules/.pnpm/react-dom@19.1.0_react@19.1.0/node_modules/react-dom/cjs/react-dom-client.development.js:12791:11)
      at recursivelyTraverseLayoutEffects (node_modules/.pnpm/react-dom@19.1.0_react@19.1.0/node_modules/react-dom/cjs/react-dom-client.development.js:13590:11)
      at commitLayoutEffectOnFiber (node_modules/.pnpm/react-dom@19.1.0_react@19.1.0/node_modules/react-dom/cjs/react-dom-client.development.js:12611:11)
      at recursivelyTraverseLayoutEffects (node_modules/.pnpm/react-dom@19.1.0_react@19.1.0/node_modules/react-dom/cjs/react-dom-client.development.js:13590:11)
      at commitLayoutEffectOnFiber (node_modules/.pnpm/react-dom@19.1.0_react@19.1.0/node_modules/react-dom/cjs/react-dom-client.development.js:12611:11)
      at recursivelyTraverseLayoutEffects (node_modules/.pnpm/react-dom@19.1.0_react@19.1.0/node_modules/react-dom/cjs/react-dom-client.development.js:13590:11)
      at commitLayoutEffectOnFiber (node_modules/.pnpm/react-dom@19.1.0_react@19.1.0/node_modules/react-dom/cjs/react-dom-client.development.js:12611:11)
      at recursivelyTraverseLayoutEffects (node_modules/.pnpm/react-dom@19.1.0_react@19.1.0/node_modules/react-dom/cjs/react-dom-client.development.js:13590:11)
      at commitLayoutEffectOnFiber (node_modules/.pnpm/react-dom@19.1.0_react@19.1.0/node_modules/react-dom/cjs/react-dom-client.development.js:12727:11)
      at recursivelyTraverseLayoutEffects (node_modules/.pnpm/react-dom@19.1.0_react@19.1.0/node_modules/react-dom/cjs/react-dom-client.development.js:13590:11)
      at commitLayoutEffectOnFiber (node_modules/.pnpm/react-dom@19.1.0_react@19.1.0/node_modules/react-dom/cjs/react-dom-client.development.js:12693:11)
      at flushLayoutEffects (node_modules/.pnpm/react-dom@19.1.0_react@19.1.0/node_modules/react-dom/cjs/react-dom-client.development.js:15559:15)
      at commitRoot (node_modules/.pnpm/react-dom@19.1.0_react@19.1.0/node_modules/react-dom/cjs/react-dom-client.development.js:15402:9)
      at commitRootWhenReady (node_modules/.pnpm/react-dom@19.1.0_react@19.1.0/node_modules/react-dom/cjs/react-dom-client.development.js:14652:7)
      at performWorkOnRoot (node_modules/.pnpm/react-dom@19.1.0_react@19.1.0/node_modules/react-dom/cjs/react-dom-client.development.js:14575:15)
      at performSyncWorkOnRoot (node_modules/.pnpm/react-dom@19.1.0_react@19.1.0/node_modules/react-dom/cjs/react-dom-client.development.js:16231:7)
      at flushSyncWorkAcrossRoots_impl (node_modules/.pnpm/react-dom@19.1.0_react@19.1.0/node_modules/react-dom/cjs/react-dom-client.development.js:16079:21)
      at flushSpawnedWork (node_modules/.pnpm/react-dom@19.1.0_react@19.1.0/node_modules/react-dom/cjs/react-dom-client.development.js:15677:9)
      at commitRoot (node_modules/.pnpm/react-dom@19.1.0_react@19.1.0/node_modules/react-dom/cjs/react-dom-client.development.js:15403:9)
      at commitRootWhenReady (node_modules/.pnpm/react-dom@19.1.0_react@19.1.0/node_modules/react-dom/cjs/react-dom-client.development.js:14652:7)
      at performWorkOnRoot (node_modules/.pnpm/react-dom@19.1.0_react@19.1.0/node_modules/react-dom/cjs/react-dom-client.development.js:14575:15)
      at performWorkOnRootViaSchedulerTask (node_modules/.pnpm/react-dom@19.1.0_react@19.1.0/node_modules/react-dom/cjs/react-dom-client.development.js:16216:7)
      at performWorkUntilDeadline (node_modules/.pnpm/scheduler@0.26.0/node_modules/scheduler/cjs/scheduler.development.js:45:48)
      at Timeout.task [as _onTimeout] (node_modules/.pnpm/jsdom@20.0.3/node_modules/jsdom/lib/jsdom/browser/Window.js:520:19)

  console.error
    An update to Presence inside a test was not wrapped in act(...).

    When testing, code that causes React state updates should be wrapped into act(...):

    act(() => {
      /* fire events that update state */
    });
    /* assert on the output */

    This ensures that you're testing the behavior the user would see in the browser. Learn more at https://react.dev/link/wrap-tests-with-act

      at node_modules/.pnpm/react-dom@19.1.0_react@19.1.0/node_modules/react-dom/cjs/react-dom-client.development.js:16023:19
      at runWithFiberInDEV (node_modules/.pnpm/react-dom@19.1.0_react@19.1.0/node_modules/react-dom/cjs/react-dom-client.development.js:1522:13)
      at warnIfUpdatesNotWrappedWithActDEV (node_modules/.pnpm/react-dom@19.1.0_react@19.1.0/node_modules/react-dom/cjs/react-dom-client.development.js:16022:9)
      at scheduleUpdateOnFiber (node_modules/.pnpm/react-dom@19.1.0_react@19.1.0/node_modules/react-dom/cjs/react-dom-client.development.js:14396:11)
      at dispatchSetStateInternal (node_modules/.pnpm/react-dom@19.1.0_react@19.1.0/node_modules/react-dom/cjs/react-dom-client.development.js:6969:13)
      at dispatchSetState (node_modules/.pnpm/react-dom@19.1.0_react@19.1.0/node_modules/react-dom/cjs/react-dom-client.development.js:6927:7)
      at node_modules/.pnpm/@radix-ui+react-presence@1.1.2_@types+react-dom@19.1.5_@types+react@19.1.4__@types+reac_cf404f2765adb4b6877f4e8a2d692386/node_modules/@radix-ui/react-presence/src/Presence.tsx:157:7
      at setRef (node_modules/.pnpm/@radix-ui+react-compose-refs@1.1.1_@types+react@19.1.4_react@19.1.0/node_modules/@radix-ui/react-compose-refs/src/composeRefs.tsx:11:12)
      at node_modules/.pnpm/@radix-ui+react-compose-refs@1.1.1_@types+react@19.1.4_react@19.1.0/node_modules/@radix-ui/react-compose-refs/src/composeRefs.tsx:25:23
          at Array.map (<anonymous>)
      at node_modules/.pnpm/@radix-ui+react-compose-refs@1.1.1_@types+react@19.1.4_react@19.1.0/node_modules/@radix-ui/react-compose-refs/src/composeRefs.tsx:24:27
      at setRef (node_modules/.pnpm/@radix-ui+react-compose-refs@1.1.1_@types+react@19.1.4_react@19.1.0/node_modules/@radix-ui/react-compose-refs/src/composeRefs.tsx:11:12)
      at node_modules/.pnpm/@radix-ui+react-compose-refs@1.1.1_@types+react@19.1.4_react@19.1.0/node_modules/@radix-ui/react-compose-refs/src/composeRefs.tsx:25:23
          at Array.map (<anonymous>)
      at node_modules/.pnpm/@radix-ui+react-compose-refs@1.1.1_@types+react@19.1.4_react@19.1.0/node_modules/@radix-ui/react-compose-refs/src/composeRefs.tsx:24:27
      at setRef (node_modules/.pnpm/@radix-ui+react-compose-refs@1.1.1_@types+react@19.1.4_react@19.1.0/node_modules/@radix-ui/react-compose-refs/src/composeRefs.tsx:11:12)
      at node_modules/.pnpm/@radix-ui+react-compose-refs@1.1.1_@types+react@19.1.4_react@19.1.0/node_modules/@radix-ui/react-compose-refs/src/composeRefs.tsx:25:23
          at Array.map (<anonymous>)
      at node_modules/.pnpm/@radix-ui+react-compose-refs@1.1.1_@types+react@19.1.4_react@19.1.0/node_modules/@radix-ui/react-compose-refs/src/composeRefs.tsx:24:27
      at setRef (node_modules/.pnpm/@radix-ui+react-compose-refs@1.1.1_@types+react@19.1.4_react@19.1.0/node_modules/@radix-ui/react-compose-refs/src/composeRefs.tsx:11:12)
      at node_modules/.pnpm/@radix-ui+react-compose-refs@1.1.1_@types+react@19.1.4_react@19.1.0/node_modules/@radix-ui/react-compose-refs/src/composeRefs.tsx:25:23
          at Array.map (<anonymous>)
      at node_modules/.pnpm/@radix-ui+react-compose-refs@1.1.1_@types+react@19.1.4_react@19.1.0/node_modules/@radix-ui/react-compose-refs/src/composeRefs.tsx:24:27
      at commitAttachRef (node_modules/.pnpm/react-dom@19.1.0_react@19.1.0/node_modules/react-dom/cjs/react-dom-client.development.js:12177:42)
      at runWithFiberInDEV (node_modules/.pnpm/react-dom@19.1.0_react@19.1.0/node_modules/react-dom/cjs/react-dom-client.development.js:1522:13)
      at safelyAttachRef (node_modules/.pnpm/react-dom@19.1.0_react@19.1.0/node_modules/react-dom/cjs/react-dom-client.development.js:12191:9)
      at commitLayoutEffectOnFiber (node_modules/.pnpm/react-dom@19.1.0_react@19.1.0/node_modules/react-dom/cjs/react-dom-client.development.js:12729:26)
      at recursivelyTraverseLayoutEffects (node_modules/.pnpm/react-dom@19.1.0_react@19.1.0/node_modules/react-dom/cjs/react-dom-client.development.js:13590:11)
      at commitLayoutEffectOnFiber (node_modules/.pnpm/react-dom@19.1.0_react@19.1.0/node_modules/react-dom/cjs/react-dom-client.development.js:12611:11)
      at recursivelyTraverseLayoutEffects (node_modules/.pnpm/react-dom@19.1.0_react@19.1.0/node_modules/react-dom/cjs/react-dom-client.development.js:13590:11)
      at commitLayoutEffectOnFiber (node_modules/.pnpm/react-dom@19.1.0_react@19.1.0/node_modules/react-dom/cjs/react-dom-client.development.js:12791:11)
      at recursivelyTraverseLayoutEffects (node_modules/.pnpm/react-dom@19.1.0_react@19.1.0/node_modules/react-dom/cjs/react-dom-client.development.js:13590:11)
      at commitLayoutEffectOnFiber (node_modules/.pnpm/react-dom@19.1.0_react@19.1.0/node_modules/react-dom/cjs/react-dom-client.development.js:12611:11)
      at recursivelyTraverseLayoutEffects (node_modules/.pnpm/react-dom@19.1.0_react@19.1.0/node_modules/react-dom/cjs/react-dom-client.development.js:13590:11)
      at commitLayoutEffectOnFiber (node_modules/.pnpm/react-dom@19.1.0_react@19.1.0/node_modules/react-dom/cjs/react-dom-client.development.js:12727:11)
      at recursivelyTraverseLayoutEffects (node_modules/.pnpm/react-dom@19.1.0_react@19.1.0/node_modules/react-dom/cjs/react-dom-client.development.js:13590:11)
      at commitLayoutEffectOnFiber (node_modules/.pnpm/react-dom@19.1.0_react@19.1.0/node_modules/react-dom/cjs/react-dom-client.development.js:12611:11)
      at recursivelyTraverseLayoutEffects (node_modules/.pnpm/react-dom@19.1.0_react@19.1.0/node_modules/react-dom/cjs/react-dom-client.development.js:13590:11)
      at commitLayoutEffectOnFiber (node_modules/.pnpm/react-dom@19.1.0_react@19.1.0/node_modules/react-dom/cjs/react-dom-client.development.js:12611:11)
      at recursivelyTraverseLayoutEffects (node_modules/.pnpm/react-dom@19.1.0_react@19.1.0/node_modules/react-dom/cjs/react-dom-client.development.js:13590:11)
      at commitLayoutEffectOnFiber (node_modules/.pnpm/react-dom@19.1.0_react@19.1.0/node_modules/react-dom/cjs/react-dom-client.development.js:12611:11)
      at recursivelyTraverseLayoutEffects (node_modules/.pnpm/react-dom@19.1.0_react@19.1.0/node_modules/react-dom/cjs/react-dom-client.development.js:13590:11)
      at commitLayoutEffectOnFiber (node_modules/.pnpm/react-dom@19.1.0_react@19.1.0/node_modules/react-dom/cjs/react-dom-client.development.js:12611:11)
      at recursivelyTraverseLayoutEffects (node_modules/.pnpm/react-dom@19.1.0_react@19.1.0/node_modules/react-dom/cjs/react-dom-client.development.js:13590:11)
      at commitLayoutEffectOnFiber (node_modules/.pnpm/react-dom@19.1.0_react@19.1.0/node_modules/react-dom/cjs/react-dom-client.development.js:12611:11)
      at recursivelyTraverseLayoutEffects (node_modules/.pnpm/react-dom@19.1.0_react@19.1.0/node_modules/react-dom/cjs/react-dom-client.development.js:13590:11)
      at commitLayoutEffectOnFiber (node_modules/.pnpm/react-dom@19.1.0_react@19.1.0/node_modules/react-dom/cjs/react-dom-client.development.js:12611:11)
      at recursivelyTraverseLayoutEffects (node_modules/.pnpm/react-dom@19.1.0_react@19.1.0/node_modules/react-dom/cjs/react-dom-client.development.js:13590:11)
      at commitLayoutEffectOnFiber (node_modules/.pnpm/react-dom@19.1.0_react@19.1.0/node_modules/react-dom/cjs/react-dom-client.development.js:12611:11)
      at recursivelyTraverseLayoutEffects (node_modules/.pnpm/react-dom@19.1.0_react@19.1.0/node_modules/react-dom/cjs/react-dom-client.development.js:13590:11)
      at commitLayoutEffectOnFiber (node_modules/.pnpm/react-dom@19.1.0_react@19.1.0/node_modules/react-dom/cjs/react-dom-client.development.js:12611:11)
      at recursivelyTraverseLayoutEffects (node_modules/.pnpm/react-dom@19.1.0_react@19.1.0/node_modules/react-dom/cjs/react-dom-client.development.js:13590:11)
      at commitLayoutEffectOnFiber (node_modules/.pnpm/react-dom@19.1.0_react@19.1.0/node_modules/react-dom/cjs/react-dom-client.development.js:12611:11)
      at recursivelyTraverseLayoutEffects (node_modules/.pnpm/react-dom@19.1.0_react@19.1.0/node_modules/react-dom/cjs/react-dom-client.development.js:13590:11)
      at commitLayoutEffectOnFiber (node_modules/.pnpm/react-dom@19.1.0_react@19.1.0/node_modules/react-dom/cjs/react-dom-client.development.js:12611:11)
      at recursivelyTraverseLayoutEffects (node_modules/.pnpm/react-dom@19.1.0_react@19.1.0/node_modules/react-dom/cjs/react-dom-client.development.js:13590:11)
      at commitLayoutEffectOnFiber (node_modules/.pnpm/react-dom@19.1.0_react@19.1.0/node_modules/react-dom/cjs/react-dom-client.development.js:12791:11)
      at recursivelyTraverseLayoutEffects (node_modules/.pnpm/react-dom@19.1.0_react@19.1.0/node_modules/react-dom/cjs/react-dom-client.development.js:13590:11)
      at commitLayoutEffectOnFiber (node_modules/.pnpm/react-dom@19.1.0_react@19.1.0/node_modules/react-dom/cjs/react-dom-client.development.js:12611:11)
      at recursivelyTraverseLayoutEffects (node_modules/.pnpm/react-dom@19.1.0_react@19.1.0/node_modules/react-dom/cjs/react-dom-client.development.js:13590:11)
      at commitLayoutEffectOnFiber (node_modules/.pnpm/react-dom@19.1.0_react@19.1.0/node_modules/react-dom/cjs/react-dom-client.development.js:12791:11)
      at recursivelyTraverseLayoutEffects (node_modules/.pnpm/react-dom@19.1.0_react@19.1.0/node_modules/react-dom/cjs/react-dom-client.development.js:13590:11)
      at commitLayoutEffectOnFiber (node_modules/.pnpm/react-dom@19.1.0_react@19.1.0/node_modules/react-dom/cjs/react-dom-client.development.js:12611:11)
      at recursivelyTraverseLayoutEffects (node_modules/.pnpm/react-dom@19.1.0_react@19.1.0/node_modules/react-dom/cjs/react-dom-client.development.js:13590:11)
      at commitLayoutEffectOnFiber (node_modules/.pnpm/react-dom@19.1.0_react@19.1.0/node_modules/react-dom/cjs/react-dom-client.development.js:12611:11)
      at recursivelyTraverseLayoutEffects (node_modules/.pnpm/react-dom@19.1.0_react@19.1.0/node_modules/react-dom/cjs/react-dom-client.development.js:13590:11)
      at commitLayoutEffectOnFiber (node_modules/.pnpm/react-dom@19.1.0_react@19.1.0/node_modules/react-dom/cjs/react-dom-client.development.js:12611:11)
      at recursivelyTraverseLayoutEffects (node_modules/.pnpm/react-dom@19.1.0_react@19.1.0/node_modules/react-dom/cjs/react-dom-client.development.js:13590:11)
      at commitLayoutEffectOnFiber (node_modules/.pnpm/react-dom@19.1.0_react@19.1.0/node_modules/react-dom/cjs/react-dom-client.development.js:12791:11)
      at recursivelyTraverseLayoutEffects (node_modules/.pnpm/react-dom@19.1.0_react@19.1.0/node_modules/react-dom/cjs/react-dom-client.development.js:13590:11)
      at commitLayoutEffectOnFiber (node_modules/.pnpm/react-dom@19.1.0_react@19.1.0/node_modules/react-dom/cjs/react-dom-client.development.js:12611:11)
      at recursivelyTraverseLayoutEffects (node_modules/.pnpm/react-dom@19.1.0_react@19.1.0/node_modules/react-dom/cjs/react-dom-client.development.js:13590:11)
      at commitLayoutEffectOnFiber (node_modules/.pnpm/react-dom@19.1.0_react@19.1.0/node_modules/react-dom/cjs/react-dom-client.development.js:12611:11)
      at recursivelyTraverseLayoutEffects (node_modules/.pnpm/react-dom@19.1.0_react@19.1.0/node_modules/react-dom/cjs/react-dom-client.development.js:13590:11)
      at commitLayoutEffectOnFiber (node_modules/.pnpm/react-dom@19.1.0_react@19.1.0/node_modules/react-dom/cjs/react-dom-client.development.js:12611:11)
      at recursivelyTraverseLayoutEffects (node_modules/.pnpm/react-dom@19.1.0_react@19.1.0/node_modules/react-dom/cjs/react-dom-client.development.js:13590:11)
      at commitLayoutEffectOnFiber (node_modules/.pnpm/react-dom@19.1.0_react@19.1.0/node_modules/react-dom/cjs/react-dom-client.development.js:12727:11)
      at recursivelyTraverseLayoutEffects (node_modules/.pnpm/react-dom@19.1.0_react@19.1.0/node_modules/react-dom/cjs/react-dom-client.development.js:13590:11)
      at commitLayoutEffectOnFiber (node_modules/.pnpm/react-dom@19.1.0_react@19.1.0/node_modules/react-dom/cjs/react-dom-client.development.js:12693:11)
      at flushLayoutEffects (node_modules/.pnpm/react-dom@19.1.0_react@19.1.0/node_modules/react-dom/cjs/react-dom-client.development.js:15559:15)
      at commitRoot (node_modules/.pnpm/react-dom@19.1.0_react@19.1.0/node_modules/react-dom/cjs/react-dom-client.development.js:15402:9)
      at commitRootWhenReady (node_modules/.pnpm/react-dom@19.1.0_react@19.1.0/node_modules/react-dom/cjs/react-dom-client.development.js:14652:7)
      at performWorkOnRoot (node_modules/.pnpm/react-dom@19.1.0_react@19.1.0/node_modules/react-dom/cjs/react-dom-client.development.js:14575:15)
      at performSyncWorkOnRoot (node_modules/.pnpm/react-dom@19.1.0_react@19.1.0/node_modules/react-dom/cjs/react-dom-client.development.js:16231:7)
      at flushSyncWorkAcrossRoots_impl (node_modules/.pnpm/react-dom@19.1.0_react@19.1.0/node_modules/react-dom/cjs/react-dom-client.development.js:16079:21)
      at flushSpawnedWork (node_modules/.pnpm/react-dom@19.1.0_react@19.1.0/node_modules/react-dom/cjs/react-dom-client.development.js:15677:9)
      at commitRoot (node_modules/.pnpm/react-dom@19.1.0_react@19.1.0/node_modules/react-dom/cjs/react-dom-client.development.js:15403:9)
      at commitRootWhenReady (node_modules/.pnpm/react-dom@19.1.0_react@19.1.0/node_modules/react-dom/cjs/react-dom-client.development.js:14652:7)
      at performWorkOnRoot (node_modules/.pnpm/react-dom@19.1.0_react@19.1.0/node_modules/react-dom/cjs/react-dom-client.development.js:14575:15)
      at performWorkOnRootViaSchedulerTask (node_modules/.pnpm/react-dom@19.1.0_react@19.1.0/node_modules/react-dom/cjs/react-dom-client.development.js:16216:7)
      at performWorkUntilDeadline (node_modules/.pnpm/scheduler@0.26.0/node_modules/scheduler/cjs/scheduler.development.js:45:48)
      at Timeout.task [as _onTimeout] (node_modules/.pnpm/jsdom@20.0.3/node_modules/jsdom/lib/jsdom/browser/Window.js:520:19)

  console.error
    An update to PopperContent inside a test was not wrapped in act(...).

    When testing, code that causes React state updates should be wrapped into act(...):

    act(() => {
      /* fire events that update state */
    });
    /* assert on the output */

    This ensures that you're testing the behavior the user would see in the browser. Learn more at https://react.dev/link/wrap-tests-with-act

      at node_modules/.pnpm/react-dom@19.1.0_react@19.1.0/node_modules/react-dom/cjs/react-dom-client.development.js:16023:19
      at runWithFiberInDEV (node_modules/.pnpm/react-dom@19.1.0_react@19.1.0/node_modules/react-dom/cjs/react-dom-client.development.js:1522:13)
      at warnIfUpdatesNotWrappedWithActDEV (node_modules/.pnpm/react-dom@19.1.0_react@19.1.0/node_modules/react-dom/cjs/react-dom-client.development.js:16022:9)
      at scheduleUpdateOnFiber (node_modules/.pnpm/react-dom@19.1.0_react@19.1.0/node_modules/react-dom/cjs/react-dom-client.development.js:14396:11)
      at dispatchSetStateInternal (node_modules/.pnpm/react-dom@19.1.0_react@19.1.0/node_modules/react-dom/cjs/react-dom-client.development.js:6969:13)
      at dispatchSetState (node_modules/.pnpm/react-dom@19.1.0_react@19.1.0/node_modules/react-dom/cjs/react-dom-client.development.js:6927:7)
      at node_modules/.pnpm/@radix-ui+react-popper@1.2.1_@types+react-dom@19.1.5_@types+react@19.1.4__@types+react@_910688d4f3cb83ecf698ad7ae3e1c893/node_modules/@radix-ui/react-popper/src/Popper.tsx:150:66
      at setRef (node_modules/.pnpm/@radix-ui+react-compose-refs@1.1.1_@types+react@19.1.4_react@19.1.0/node_modules/@radix-ui/react-compose-refs/src/composeRefs.tsx:11:12)
      at node_modules/.pnpm/@radix-ui+react-compose-refs@1.1.1_@types+react@19.1.4_react@19.1.0/node_modules/@radix-ui/react-compose-refs/src/composeRefs.tsx:25:23
          at Array.map (<anonymous>)
      at node_modules/.pnpm/@radix-ui+react-compose-refs@1.1.1_@types+react@19.1.4_react@19.1.0/node_modules/@radix-ui/react-compose-refs/src/composeRefs.tsx:24:27
      at commitAttachRef (node_modules/.pnpm/react-dom@19.1.0_react@19.1.0/node_modules/react-dom/cjs/react-dom-client.development.js:12177:42)
      at runWithFiberInDEV (node_modules/.pnpm/react-dom@19.1.0_react@19.1.0/node_modules/react-dom/cjs/react-dom-client.development.js:1522:13)
      at safelyAttachRef (node_modules/.pnpm/react-dom@19.1.0_react@19.1.0/node_modules/react-dom/cjs/react-dom-client.development.js:12191:9)
      at commitLayoutEffectOnFiber (node_modules/.pnpm/react-dom@19.1.0_react@19.1.0/node_modules/react-dom/cjs/react-dom-client.development.js:12729:26)
      at recursivelyTraverseLayoutEffects (node_modules/.pnpm/react-dom@19.1.0_react@19.1.0/node_modules/react-dom/cjs/react-dom-client.development.js:13590:11)
      at commitLayoutEffectOnFiber (node_modules/.pnpm/react-dom@19.1.0_react@19.1.0/node_modules/react-dom/cjs/react-dom-client.development.js:12611:11)
      at recursivelyTraverseLayoutEffects (node_modules/.pnpm/react-dom@19.1.0_react@19.1.0/node_modules/react-dom/cjs/react-dom-client.development.js:13590:11)
      at commitLayoutEffectOnFiber (node_modules/.pnpm/react-dom@19.1.0_react@19.1.0/node_modules/react-dom/cjs/react-dom-client.development.js:12791:11)
      at recursivelyTraverseLayoutEffects (node_modules/.pnpm/react-dom@19.1.0_react@19.1.0/node_modules/react-dom/cjs/react-dom-client.development.js:13590:11)
      at commitLayoutEffectOnFiber (node_modules/.pnpm/react-dom@19.1.0_react@19.1.0/node_modules/react-dom/cjs/react-dom-client.development.js:12611:11)
      at recursivelyTraverseLayoutEffects (node_modules/.pnpm/react-dom@19.1.0_react@19.1.0/node_modules/react-dom/cjs/react-dom-client.development.js:13590:11)
      at commitLayoutEffectOnFiber (node_modules/.pnpm/react-dom@19.1.0_react@19.1.0/node_modules/react-dom/cjs/react-dom-client.development.js:12727:11)
      at recursivelyTraverseLayoutEffects (node_modules/.pnpm/react-dom@19.1.0_react@19.1.0/node_modules/react-dom/cjs/react-dom-client.development.js:13590:11)
      at commitLayoutEffectOnFiber (node_modules/.pnpm/react-dom@19.1.0_react@19.1.0/node_modules/react-dom/cjs/react-dom-client.development.js:12611:11)
      at recursivelyTraverseLayoutEffects (node_modules/.pnpm/react-dom@19.1.0_react@19.1.0/node_modules/react-dom/cjs/react-dom-client.development.js:13590:11)
      at commitLayoutEffectOnFiber (node_modules/.pnpm/react-dom@19.1.0_react@19.1.0/node_modules/react-dom/cjs/react-dom-client.development.js:12611:11)
      at recursivelyTraverseLayoutEffects (node_modules/.pnpm/react-dom@19.1.0_react@19.1.0/node_modules/react-dom/cjs/react-dom-client.development.js:13590:11)
      at commitLayoutEffectOnFiber (node_modules/.pnpm/react-dom@19.1.0_react@19.1.0/node_modules/react-dom/cjs/react-dom-client.development.js:12611:11)
      at recursivelyTraverseLayoutEffects (node_modules/.pnpm/react-dom@19.1.0_react@19.1.0/node_modules/react-dom/cjs/react-dom-client.development.js:13590:11)
      at commitLayoutEffectOnFiber (node_modules/.pnpm/react-dom@19.1.0_react@19.1.0/node_modules/react-dom/cjs/react-dom-client.development.js:12611:11)
      at recursivelyTraverseLayoutEffects (node_modules/.pnpm/react-dom@19.1.0_react@19.1.0/node_modules/react-dom/cjs/react-dom-client.development.js:13590:11)
      at commitLayoutEffectOnFiber (node_modules/.pnpm/react-dom@19.1.0_react@19.1.0/node_modules/react-dom/cjs/react-dom-client.development.js:12611:11)
      at recursivelyTraverseLayoutEffects (node_modules/.pnpm/react-dom@19.1.0_react@19.1.0/node_modules/react-dom/cjs/react-dom-client.development.js:13590:11)
      at commitLayoutEffectOnFiber (node_modules/.pnpm/react-dom@19.1.0_react@19.1.0/node_modules/react-dom/cjs/react-dom-client.development.js:12611:11)
      at recursivelyTraverseLayoutEffects (node_modules/.pnpm/react-dom@19.1.0_react@19.1.0/node_modules/react-dom/cjs/react-dom-client.development.js:13590:11)
      at commitLayoutEffectOnFiber (node_modules/.pnpm/react-dom@19.1.0_react@19.1.0/node_modules/react-dom/cjs/react-dom-client.development.js:12611:11)
      at recursivelyTraverseLayoutEffects (node_modules/.pnpm/react-dom@19.1.0_react@19.1.0/node_modules/react-dom/cjs/react-dom-client.development.js:13590:11)
      at commitLayoutEffectOnFiber (node_modules/.pnpm/react-dom@19.1.0_react@19.1.0/node_modules/react-dom/cjs/react-dom-client.development.js:12611:11)
      at recursivelyTraverseLayoutEffects (node_modules/.pnpm/react-dom@19.1.0_react@19.1.0/node_modules/react-dom/cjs/react-dom-client.development.js:13590:11)
      at commitLayoutEffectOnFiber (node_modules/.pnpm/react-dom@19.1.0_react@19.1.0/node_modules/react-dom/cjs/react-dom-client.development.js:12611:11)
      at recursivelyTraverseLayoutEffects (node_modules/.pnpm/react-dom@19.1.0_react@19.1.0/node_modules/react-dom/cjs/react-dom-client.development.js:13590:11)
      at commitLayoutEffectOnFiber (node_modules/.pnpm/react-dom@19.1.0_react@19.1.0/node_modules/react-dom/cjs/react-dom-client.development.js:12611:11)
      at recursivelyTraverseLayoutEffects (node_modules/.pnpm/react-dom@19.1.0_react@19.1.0/node_modules/react-dom/cjs/react-dom-client.development.js:13590:11)
      at commitLayoutEffectOnFiber (node_modules/.pnpm/react-dom@19.1.0_react@19.1.0/node_modules/react-dom/cjs/react-dom-client.development.js:12791:11)
      at recursivelyTraverseLayoutEffects (node_modules/.pnpm/react-dom@19.1.0_react@19.1.0/node_modules/react-dom/cjs/react-dom-client.development.js:13590:11)
      at commitLayoutEffectOnFiber (node_modules/.pnpm/react-dom@19.1.0_react@19.1.0/node_modules/react-dom/cjs/react-dom-client.development.js:12611:11)
      at recursivelyTraverseLayoutEffects (node_modules/.pnpm/react-dom@19.1.0_react@19.1.0/node_modules/react-dom/cjs/react-dom-client.development.js:13590:11)
      at commitLayoutEffectOnFiber (node_modules/.pnpm/react-dom@19.1.0_react@19.1.0/node_modules/react-dom/cjs/react-dom-client.development.js:12791:11)
      at recursivelyTraverseLayoutEffects (node_modules/.pnpm/react-dom@19.1.0_react@19.1.0/node_modules/react-dom/cjs/react-dom-client.development.js:13590:11)
      at commitLayoutEffectOnFiber (node_modules/.pnpm/react-dom@19.1.0_react@19.1.0/node_modules/react-dom/cjs/react-dom-client.development.js:12611:11)
      at recursivelyTraverseLayoutEffects (node_modules/.pnpm/react-dom@19.1.0_react@19.1.0/node_modules/react-dom/cjs/react-dom-client.development.js:13590:11)
      at commitLayoutEffectOnFiber (node_modules/.pnpm/react-dom@19.1.0_react@19.1.0/node_modules/react-dom/cjs/react-dom-client.development.js:12611:11)
      at recursivelyTraverseLayoutEffects (node_modules/.pnpm/react-dom@19.1.0_react@19.1.0/node_modules/react-dom/cjs/react-dom-client.development.js:13590:11)
      at commitLayoutEffectOnFiber (node_modules/.pnpm/react-dom@19.1.0_react@19.1.0/node_modules/react-dom/cjs/react-dom-client.development.js:12611:11)
      at recursivelyTraverseLayoutEffects (node_modules/.pnpm/react-dom@19.1.0_react@19.1.0/node_modules/react-dom/cjs/react-dom-client.development.js:13590:11)
      at commitLayoutEffectOnFiber (node_modules/.pnpm/react-dom@19.1.0_react@19.1.0/node_modules/react-dom/cjs/react-dom-client.development.js:12791:11)
      at recursivelyTraverseLayoutEffects (node_modules/.pnpm/react-dom@19.1.0_react@19.1.0/node_modules/react-dom/cjs/react-dom-client.development.js:13590:11)
      at commitLayoutEffectOnFiber (node_modules/.pnpm/react-dom@19.1.0_react@19.1.0/node_modules/react-dom/cjs/react-dom-client.development.js:12611:11)
      at recursivelyTraverseLayoutEffects (node_modules/.pnpm/react-dom@19.1.0_react@19.1.0/node_modules/react-dom/cjs/react-dom-client.development.js:13590:11)
      at commitLayoutEffectOnFiber (node_modules/.pnpm/react-dom@19.1.0_react@19.1.0/node_modules/react-dom/cjs/react-dom-client.development.js:12611:11)
      at recursivelyTraverseLayoutEffects (node_modules/.pnpm/react-dom@19.1.0_react@19.1.0/node_modules/react-dom/cjs/react-dom-client.development.js:13590:11)
      at commitLayoutEffectOnFiber (node_modules/.pnpm/react-dom@19.1.0_react@19.1.0/node_modules/react-dom/cjs/react-dom-client.development.js:12611:11)
      at recursivelyTraverseLayoutEffects (node_modules/.pnpm/react-dom@19.1.0_react@19.1.0/node_modules/react-dom/cjs/react-dom-client.development.js:13590:11)
      at commitLayoutEffectOnFiber (node_modules/.pnpm/react-dom@19.1.0_react@19.1.0/node_modules/react-dom/cjs/react-dom-client.development.js:12727:11)
      at recursivelyTraverseLayoutEffects (node_modules/.pnpm/react-dom@19.1.0_react@19.1.0/node_modules/react-dom/cjs/react-dom-client.development.js:13590:11)
      at commitLayoutEffectOnFiber (node_modules/.pnpm/react-dom@19.1.0_react@19.1.0/node_modules/react-dom/cjs/react-dom-client.development.js:12693:11)
      at flushLayoutEffects (node_modules/.pnpm/react-dom@19.1.0_react@19.1.0/node_modules/react-dom/cjs/react-dom-client.development.js:15559:15)
      at commitRoot (node_modules/.pnpm/react-dom@19.1.0_react@19.1.0/node_modules/react-dom/cjs/react-dom-client.development.js:15402:9)
      at commitRootWhenReady (node_modules/.pnpm/react-dom@19.1.0_react@19.1.0/node_modules/react-dom/cjs/react-dom-client.development.js:14652:7)
      at performWorkOnRoot (node_modules/.pnpm/react-dom@19.1.0_react@19.1.0/node_modules/react-dom/cjs/react-dom-client.development.js:14575:15)
      at performSyncWorkOnRoot (node_modules/.pnpm/react-dom@19.1.0_react@19.1.0/node_modules/react-dom/cjs/react-dom-client.development.js:16231:7)
      at flushSyncWorkAcrossRoots_impl (node_modules/.pnpm/react-dom@19.1.0_react@19.1.0/node_modules/react-dom/cjs/react-dom-client.development.js:16079:21)
      at flushSpawnedWork (node_modules/.pnpm/react-dom@19.1.0_react@19.1.0/node_modules/react-dom/cjs/react-dom-client.development.js:15677:9)
      at commitRoot (node_modules/.pnpm/react-dom@19.1.0_react@19.1.0/node_modules/react-dom/cjs/react-dom-client.development.js:15403:9)
      at commitRootWhenReady (node_modules/.pnpm/react-dom@19.1.0_react@19.1.0/node_modules/react-dom/cjs/react-dom-client.development.js:14652:7)
      at performWorkOnRoot (node_modules/.pnpm/react-dom@19.1.0_react@19.1.0/node_modules/react-dom/cjs/react-dom-client.development.js:14575:15)
      at performWorkOnRootViaSchedulerTask (node_modules/.pnpm/react-dom@19.1.0_react@19.1.0/node_modules/react-dom/cjs/react-dom-client.development.js:16216:7)
      at performWorkUntilDeadline (node_modules/.pnpm/scheduler@0.26.0/node_modules/scheduler/cjs/scheduler.development.js:45:48)
      at Timeout.task [as _onTimeout] (node_modules/.pnpm/jsdom@20.0.3/node_modules/jsdom/lib/jsdom/browser/Window.js:520:19)

  console.error
    An update to PopperContent inside a test was not wrapped in act(...).

    When testing, code that causes React state updates should be wrapped into act(...):

    act(() => {
      /* fire events that update state */
    });
    /* assert on the output */

    This ensures that you're testing the behavior the user would see in the browser. Learn more at https://react.dev/link/wrap-tests-with-act

      at node_modules/.pnpm/react-dom@19.1.0_react@19.1.0/node_modules/react-dom/cjs/react-dom-client.development.js:16023:19
      at runWithFiberInDEV (node_modules/.pnpm/react-dom@19.1.0_react@19.1.0/node_modules/react-dom/cjs/react-dom-client.development.js:1522:13)
      at warnIfUpdatesNotWrappedWithActDEV (node_modules/.pnpm/react-dom@19.1.0_react@19.1.0/node_modules/react-dom/cjs/react-dom-client.development.js:16022:9)
      at scheduleUpdateOnFiber (node_modules/.pnpm/react-dom@19.1.0_react@19.1.0/node_modules/react-dom/cjs/react-dom-client.development.js:14396:11)
      at dispatchSetStateInternal (node_modules/.pnpm/react-dom@19.1.0_react@19.1.0/node_modules/react-dom/cjs/react-dom-client.development.js:6969:13)
      at dispatchSetState (node_modules/.pnpm/react-dom@19.1.0_react@19.1.0/node_modules/react-dom/cjs/react-dom-client.development.js:6927:7)
      at node_modules/.pnpm/@floating-ui+react-dom@2.1.2_react-dom@19.1.0_react@19.1.0__react@19.1.0/node_modules/@floating-ui/react-dom/dist/floating-ui.react-dom.umd.js:144:9
      at commitAttachRef (node_modules/.pnpm/react-dom@19.1.0_react@19.1.0/node_modules/react-dom/cjs/react-dom-client.development.js:12177:42)
      at runWithFiberInDEV (node_modules/.pnpm/react-dom@19.1.0_react@19.1.0/node_modules/react-dom/cjs/react-dom-client.development.js:1522:13)
      at safelyAttachRef (node_modules/.pnpm/react-dom@19.1.0_react@19.1.0/node_modules/react-dom/cjs/react-dom-client.development.js:12191:9)
      at commitLayoutEffectOnFiber (node_modules/.pnpm/react-dom@19.1.0_react@19.1.0/node_modules/react-dom/cjs/react-dom-client.development.js:12729:26)
      at recursivelyTraverseLayoutEffects (node_modules/.pnpm/react-dom@19.1.0_react@19.1.0/node_modules/react-dom/cjs/react-dom-client.development.js:13590:11)
      at commitLayoutEffectOnFiber (node_modules/.pnpm/react-dom@19.1.0_react@19.1.0/node_modules/react-dom/cjs/react-dom-client.development.js:12611:11)
      at recursivelyTraverseLayoutEffects (node_modules/.pnpm/react-dom@19.1.0_react@19.1.0/node_modules/react-dom/cjs/react-dom-client.development.js:13590:11)
      at commitLayoutEffectOnFiber (node_modules/.pnpm/react-dom@19.1.0_react@19.1.0/node_modules/react-dom/cjs/react-dom-client.development.js:12611:11)
      at recursivelyTraverseLayoutEffects (node_modules/.pnpm/react-dom@19.1.0_react@19.1.0/node_modules/react-dom/cjs/react-dom-client.development.js:13590:11)
      at commitLayoutEffectOnFiber (node_modules/.pnpm/react-dom@19.1.0_react@19.1.0/node_modules/react-dom/cjs/react-dom-client.development.js:12611:11)
      at recursivelyTraverseLayoutEffects (node_modules/.pnpm/react-dom@19.1.0_react@19.1.0/node_modules/react-dom/cjs/react-dom-client.development.js:13590:11)
      at commitLayoutEffectOnFiber (node_modules/.pnpm/react-dom@19.1.0_react@19.1.0/node_modules/react-dom/cjs/react-dom-client.development.js:12611:11)
      at recursivelyTraverseLayoutEffects (node_modules/.pnpm/react-dom@19.1.0_react@19.1.0/node_modules/react-dom/cjs/react-dom-client.development.js:13590:11)
      at commitLayoutEffectOnFiber (node_modules/.pnpm/react-dom@19.1.0_react@19.1.0/node_modules/react-dom/cjs/react-dom-client.development.js:12611:11)
      at recursivelyTraverseLayoutEffects (node_modules/.pnpm/react-dom@19.1.0_react@19.1.0/node_modules/react-dom/cjs/react-dom-client.development.js:13590:11)
      at commitLayoutEffectOnFiber (node_modules/.pnpm/react-dom@19.1.0_react@19.1.0/node_modules/react-dom/cjs/react-dom-client.development.js:12611:11)
      at recursivelyTraverseLayoutEffects (node_modules/.pnpm/react-dom@19.1.0_react@19.1.0/node_modules/react-dom/cjs/react-dom-client.development.js:13590:11)
      at commitLayoutEffectOnFiber (node_modules/.pnpm/react-dom@19.1.0_react@19.1.0/node_modules/react-dom/cjs/react-dom-client.development.js:12611:11)
      at recursivelyTraverseLayoutEffects (node_modules/.pnpm/react-dom@19.1.0_react@19.1.0/node_modules/react-dom/cjs/react-dom-client.development.js:13590:11)
      at commitLayoutEffectOnFiber (node_modules/.pnpm/react-dom@19.1.0_react@19.1.0/node_modules/react-dom/cjs/react-dom-client.development.js:12611:11)
      at recursivelyTraverseLayoutEffects (node_modules/.pnpm/react-dom@19.1.0_react@19.1.0/node_modules/react-dom/cjs/react-dom-client.development.js:13590:11)
      at commitLayoutEffectOnFiber (node_modules/.pnpm/react-dom@19.1.0_react@19.1.0/node_modules/react-dom/cjs/react-dom-client.development.js:12611:11)
      at recursivelyTraverseLayoutEffects (node_modules/.pnpm/react-dom@19.1.0_react@19.1.0/node_modules/react-dom/cjs/react-dom-client.development.js:13590:11)
      at commitLayoutEffectOnFiber (node_modules/.pnpm/react-dom@19.1.0_react@19.1.0/node_modules/react-dom/cjs/react-dom-client.development.js:12611:11)
      at recursivelyTraverseLayoutEffects (node_modules/.pnpm/react-dom@19.1.0_react@19.1.0/node_modules/react-dom/cjs/react-dom-client.development.js:13590:11)
      at commitLayoutEffectOnFiber (node_modules/.pnpm/react-dom@19.1.0_react@19.1.0/node_modules/react-dom/cjs/react-dom-client.development.js:12791:11)
      at recursivelyTraverseLayoutEffects (node_modules/.pnpm/react-dom@19.1.0_react@19.1.0/node_modules/react-dom/cjs/react-dom-client.development.js:13590:11)
      at commitLayoutEffectOnFiber (node_modules/.pnpm/react-dom@19.1.0_react@19.1.0/node_modules/react-dom/cjs/react-dom-client.development.js:12611:11)
      at recursivelyTraverseLayoutEffects (node_modules/.pnpm/react-dom@19.1.0_react@19.1.0/node_modules/react-dom/cjs/react-dom-client.development.js:13590:11)
      at commitLayoutEffectOnFiber (node_modules/.pnpm/react-dom@19.1.0_react@19.1.0/node_modules/react-dom/cjs/react-dom-client.development.js:12791:11)
      at recursivelyTraverseLayoutEffects (node_modules/.pnpm/react-dom@19.1.0_react@19.1.0/node_modules/react-dom/cjs/react-dom-client.development.js:13590:11)
      at commitLayoutEffectOnFiber (node_modules/.pnpm/react-dom@19.1.0_react@19.1.0/node_modules/react-dom/cjs/react-dom-client.development.js:12611:11)
      at recursivelyTraverseLayoutEffects (node_modules/.pnpm/react-dom@19.1.0_react@19.1.0/node_modules/react-dom/cjs/react-dom-client.development.js:13590:11)
      at commitLayoutEffectOnFiber (node_modules/.pnpm/react-dom@19.1.0_react@19.1.0/node_modules/react-dom/cjs/react-dom-client.development.js:12611:11)
      at recursivelyTraverseLayoutEffects (node_modules/.pnpm/react-dom@19.1.0_react@19.1.0/node_modules/react-dom/cjs/react-dom-client.development.js:13590:11)
      at commitLayoutEffectOnFiber (node_modules/.pnpm/react-dom@19.1.0_react@19.1.0/node_modules/react-dom/cjs/react-dom-client.development.js:12611:11)
      at recursivelyTraverseLayoutEffects (node_modules/.pnpm/react-dom@19.1.0_react@19.1.0/node_modules/react-dom/cjs/react-dom-client.development.js:13590:11)
      at commitLayoutEffectOnFiber (node_modules/.pnpm/react-dom@19.1.0_react@19.1.0/node_modules/react-dom/cjs/react-dom-client.development.js:12791:11)
      at recursivelyTraverseLayoutEffects (node_modules/.pnpm/react-dom@19.1.0_react@19.1.0/node_modules/react-dom/cjs/react-dom-client.development.js:13590:11)
      at commitLayoutEffectOnFiber (node_modules/.pnpm/react-dom@19.1.0_react@19.1.0/node_modules/react-dom/cjs/react-dom-client.development.js:12611:11)
      at recursivelyTraverseLayoutEffects (node_modules/.pnpm/react-dom@19.1.0_react@19.1.0/node_modules/react-dom/cjs/react-dom-client.development.js:13590:11)
      at commitLayoutEffectOnFiber (node_modules/.pnpm/react-dom@19.1.0_react@19.1.0/node_modules/react-dom/cjs/react-dom-client.development.js:12611:11)
      at recursivelyTraverseLayoutEffects (node_modules/.pnpm/react-dom@19.1.0_react@19.1.0/node_modules/react-dom/cjs/react-dom-client.development.js:13590:11)
      at commitLayoutEffectOnFiber (node_modules/.pnpm/react-dom@19.1.0_react@19.1.0/node_modules/react-dom/cjs/react-dom-client.development.js:12611:11)
      at recursivelyTraverseLayoutEffects (node_modules/.pnpm/react-dom@19.1.0_react@19.1.0/node_modules/react-dom/cjs/react-dom-client.development.js:13590:11)
      at commitLayoutEffectOnFiber (node_modules/.pnpm/react-dom@19.1.0_react@19.1.0/node_modules/react-dom/cjs/react-dom-client.development.js:12727:11)
      at recursivelyTraverseLayoutEffects (node_modules/.pnpm/react-dom@19.1.0_react@19.1.0/node_modules/react-dom/cjs/react-dom-client.development.js:13590:11)
      at commitLayoutEffectOnFiber (node_modules/.pnpm/react-dom@19.1.0_react@19.1.0/node_modules/react-dom/cjs/react-dom-client.development.js:12693:11)
      at flushLayoutEffects (node_modules/.pnpm/react-dom@19.1.0_react@19.1.0/node_modules/react-dom/cjs/react-dom-client.development.js:15559:15)
      at commitRoot (node_modules/.pnpm/react-dom@19.1.0_react@19.1.0/node_modules/react-dom/cjs/react-dom-client.development.js:15402:9)
      at commitRootWhenReady (node_modules/.pnpm/react-dom@19.1.0_react@19.1.0/node_modules/react-dom/cjs/react-dom-client.development.js:14652:7)
      at performWorkOnRoot (node_modules/.pnpm/react-dom@19.1.0_react@19.1.0/node_modules/react-dom/cjs/react-dom-client.development.js:14575:15)
      at performSyncWorkOnRoot (node_modules/.pnpm/react-dom@19.1.0_react@19.1.0/node_modules/react-dom/cjs/react-dom-client.development.js:16231:7)
      at flushSyncWorkAcrossRoots_impl (node_modules/.pnpm/react-dom@19.1.0_react@19.1.0/node_modules/react-dom/cjs/react-dom-client.development.js:16079:21)
      at flushSpawnedWork (node_modules/.pnpm/react-dom@19.1.0_react@19.1.0/node_modules/react-dom/cjs/react-dom-client.development.js:15677:9)
      at commitRoot (node_modules/.pnpm/react-dom@19.1.0_react@19.1.0/node_modules/react-dom/cjs/react-dom-client.development.js:15403:9)
      at commitRootWhenReady (node_modules/.pnpm/react-dom@19.1.0_react@19.1.0/node_modules/react-dom/cjs/react-dom-client.development.js:14652:7)
      at performWorkOnRoot (node_modules/.pnpm/react-dom@19.1.0_react@19.1.0/node_modules/react-dom/cjs/react-dom-client.development.js:14575:15)
      at performWorkOnRootViaSchedulerTask (node_modules/.pnpm/react-dom@19.1.0_react@19.1.0/node_modules/react-dom/cjs/react-dom-client.development.js:16216:7)
      at performWorkUntilDeadline (node_modules/.pnpm/scheduler@0.26.0/node_modules/scheduler/cjs/scheduler.development.js:45:48)
      at Timeout.task [as _onTimeout] (node_modules/.pnpm/jsdom@20.0.3/node_modules/jsdom/lib/jsdom/browser/Window.js:520:19)

  console.error
    An update to PopperContent inside a test was not wrapped in act(...).

    When testing, code that causes React state updates should be wrapped into act(...):

    act(() => {
      /* fire events that update state */
    });
    /* assert on the output */

    This ensures that you're testing the behavior the user would see in the browser. Learn more at https://react.dev/link/wrap-tests-with-act

      at node_modules/.pnpm/react-dom@19.1.0_react@19.1.0/node_modules/react-dom/cjs/react-dom-client.development.js:16023:19
      at runWithFiberInDEV (node_modules/.pnpm/react-dom@19.1.0_react@19.1.0/node_modules/react-dom/cjs/react-dom-client.development.js:1522:13)
      at warnIfUpdatesNotWrappedWithActDEV (node_modules/.pnpm/react-dom@19.1.0_react@19.1.0/node_modules/react-dom/cjs/react-dom-client.development.js:16022:9)
      at scheduleUpdateOnFiber (node_modules/.pnpm/react-dom@19.1.0_react@19.1.0/node_modules/react-dom/cjs/react-dom-client.development.js:14396:11)
      at dispatchSetStateInternal (node_modules/.pnpm/react-dom@19.1.0_react@19.1.0/node_modules/react-dom/cjs/react-dom-client.development.js:6969:13)
      at dispatchSetState (node_modules/.pnpm/react-dom@19.1.0_react@19.1.0/node_modules/react-dom/cjs/react-dom-client.development.js:6927:7)
      at node_modules/.pnpm/@radix-ui+react-use-size@1.1.0_@types+react@19.1.4_react@19.1.0/node_modules/@radix-ui/react-use-size/src/useSize.tsx:51:7
      at Object.react-stack-bottom-frame (node_modules/.pnpm/react-dom@19.1.0_react@19.1.0/node_modules/react-dom/cjs/react-dom-client.development.js:23949:20)
      at runWithFiberInDEV (node_modules/.pnpm/react-dom@19.1.0_react@19.1.0/node_modules/react-dom/cjs/react-dom-client.development.js:1522:13)
      at commitHookEffectListMount (node_modules/.pnpm/react-dom@19.1.0_react@19.1.0/node_modules/react-dom/cjs/react-dom-client.development.js:11905:29)
      at commitHookLayoutEffects (node_modules/.pnpm/react-dom@19.1.0_react@19.1.0/node_modules/react-dom/cjs/react-dom-client.development.js:11857:11)
      at commitLayoutEffectOnFiber (node_modules/.pnpm/react-dom@19.1.0_react@19.1.0/node_modules/react-dom/cjs/react-dom-client.development.js:12613:13)
      at recursivelyTraverseLayoutEffects (node_modules/.pnpm/react-dom@19.1.0_react@19.1.0/node_modules/react-dom/cjs/react-dom-client.development.js:13590:11)
      at commitLayoutEffectOnFiber (node_modules/.pnpm/react-dom@19.1.0_react@19.1.0/node_modules/react-dom/cjs/react-dom-client.development.js:12611:11)
      at recursivelyTraverseLayoutEffects (node_modules/.pnpm/react-dom@19.1.0_react@19.1.0/node_modules/react-dom/cjs/react-dom-client.development.js:13590:11)
      at commitLayoutEffectOnFiber (node_modules/.pnpm/react-dom@19.1.0_react@19.1.0/node_modules/react-dom/cjs/react-dom-client.development.js:12611:11)
      at recursivelyTraverseLayoutEffects (node_modules/.pnpm/react-dom@19.1.0_react@19.1.0/node_modules/react-dom/cjs/react-dom-client.development.js:13590:11)
      at commitLayoutEffectOnFiber (node_modules/.pnpm/react-dom@19.1.0_react@19.1.0/node_modules/react-dom/cjs/react-dom-client.development.js:12611:11)
      at recursivelyTraverseLayoutEffects (node_modules/.pnpm/react-dom@19.1.0_react@19.1.0/node_modules/react-dom/cjs/react-dom-client.development.js:13590:11)
      at commitLayoutEffectOnFiber (node_modules/.pnpm/react-dom@19.1.0_react@19.1.0/node_modules/react-dom/cjs/react-dom-client.development.js:12611:11)
      at recursivelyTraverseLayoutEffects (node_modules/.pnpm/react-dom@19.1.0_react@19.1.0/node_modules/react-dom/cjs/react-dom-client.development.js:13590:11)
      at commitLayoutEffectOnFiber (node_modules/.pnpm/react-dom@19.1.0_react@19.1.0/node_modules/react-dom/cjs/react-dom-client.development.js:12611:11)
      at recursivelyTraverseLayoutEffects (node_modules/.pnpm/react-dom@19.1.0_react@19.1.0/node_modules/react-dom/cjs/react-dom-client.development.js:13590:11)
      at commitLayoutEffectOnFiber (node_modules/.pnpm/react-dom@19.1.0_react@19.1.0/node_modules/react-dom/cjs/react-dom-client.development.js:12611:11)
      at recursivelyTraverseLayoutEffects (node_modules/.pnpm/react-dom@19.1.0_react@19.1.0/node_modules/react-dom/cjs/react-dom-client.development.js:13590:11)
      at commitLayoutEffectOnFiber (node_modules/.pnpm/react-dom@19.1.0_react@19.1.0/node_modules/react-dom/cjs/react-dom-client.development.js:12611:11)
      at recursivelyTraverseLayoutEffects (node_modules/.pnpm/react-dom@19.1.0_react@19.1.0/node_modules/react-dom/cjs/react-dom-client.development.js:13590:11)
      at commitLayoutEffectOnFiber (node_modules/.pnpm/react-dom@19.1.0_react@19.1.0/node_modules/react-dom/cjs/react-dom-client.development.js:12611:11)
      at recursivelyTraverseLayoutEffects (node_modules/.pnpm/react-dom@19.1.0_react@19.1.0/node_modules/react-dom/cjs/react-dom-client.development.js:13590:11)
      at commitLayoutEffectOnFiber (node_modules/.pnpm/react-dom@19.1.0_react@19.1.0/node_modules/react-dom/cjs/react-dom-client.development.js:12611:11)
      at recursivelyTraverseLayoutEffects (node_modules/.pnpm/react-dom@19.1.0_react@19.1.0/node_modules/react-dom/cjs/react-dom-client.development.js:13590:11)
      at commitLayoutEffectOnFiber (node_modules/.pnpm/react-dom@19.1.0_react@19.1.0/node_modules/react-dom/cjs/react-dom-client.development.js:12791:11)
      at recursivelyTraverseLayoutEffects (node_modules/.pnpm/react-dom@19.1.0_react@19.1.0/node_modules/react-dom/cjs/react-dom-client.development.js:13590:11)
      at commitLayoutEffectOnFiber (node_modules/.pnpm/react-dom@19.1.0_react@19.1.0/node_modules/react-dom/cjs/react-dom-client.development.js:12611:11)
      at recursivelyTraverseLayoutEffects (node_modules/.pnpm/react-dom@19.1.0_react@19.1.0/node_modules/react-dom/cjs/react-dom-client.development.js:13590:11)
      at commitLayoutEffectOnFiber (node_modules/.pnpm/react-dom@19.1.0_react@19.1.0/node_modules/react-dom/cjs/react-dom-client.development.js:12791:11)
      at recursivelyTraverseLayoutEffects (node_modules/.pnpm/react-dom@19.1.0_react@19.1.0/node_modules/react-dom/cjs/react-dom-client.development.js:13590:11)
      at commitLayoutEffectOnFiber (node_modules/.pnpm/react-dom@19.1.0_react@19.1.0/node_modules/react-dom/cjs/react-dom-client.development.js:12611:11)
      at recursivelyTraverseLayoutEffects (node_modules/.pnpm/react-dom@19.1.0_react@19.1.0/node_modules/react-dom/cjs/react-dom-client.development.js:13590:11)
      at commitLayoutEffectOnFiber (node_modules/.pnpm/react-dom@19.1.0_react@19.1.0/node_modules/react-dom/cjs/react-dom-client.development.js:12611:11)
      at recursivelyTraverseLayoutEffects (node_modules/.pnpm/react-dom@19.1.0_react@19.1.0/node_modules/react-dom/cjs/react-dom-client.development.js:13590:11)
      at commitLayoutEffectOnFiber (node_modules/.pnpm/react-dom@19.1.0_react@19.1.0/node_modules/react-dom/cjs/react-dom-client.development.js:12611:11)
      at recursivelyTraverseLayoutEffects (node_modules/.pnpm/react-dom@19.1.0_react@19.1.0/node_modules/react-dom/cjs/react-dom-client.development.js:13590:11)
      at commitLayoutEffectOnFiber (node_modules/.pnpm/react-dom@19.1.0_react@19.1.0/node_modules/react-dom/cjs/react-dom-client.development.js:12791:11)
      at recursivelyTraverseLayoutEffects (node_modules/.pnpm/react-dom@19.1.0_react@19.1.0/node_modules/react-dom/cjs/react-dom-client.development.js:13590:11)
      at commitLayoutEffectOnFiber (node_modules/.pnpm/react-dom@19.1.0_react@19.1.0/node_modules/react-dom/cjs/react-dom-client.development.js:12611:11)
      at recursivelyTraverseLayoutEffects (node_modules/.pnpm/react-dom@19.1.0_react@19.1.0/node_modules/react-dom/cjs/react-dom-client.development.js:13590:11)
      at commitLayoutEffectOnFiber (node_modules/.pnpm/react-dom@19.1.0_react@19.1.0/node_modules/react-dom/cjs/react-dom-client.development.js:12611:11)
      at recursivelyTraverseLayoutEffects (node_modules/.pnpm/react-dom@19.1.0_react@19.1.0/node_modules/react-dom/cjs/react-dom-client.development.js:13590:11)
      at commitLayoutEffectOnFiber (node_modules/.pnpm/react-dom@19.1.0_react@19.1.0/node_modules/react-dom/cjs/react-dom-client.development.js:12611:11)
      at recursivelyTraverseLayoutEffects (node_modules/.pnpm/react-dom@19.1.0_react@19.1.0/node_modules/react-dom/cjs/react-dom-client.development.js:13590:11)
      at commitLayoutEffectOnFiber (node_modules/.pnpm/react-dom@19.1.0_react@19.1.0/node_modules/react-dom/cjs/react-dom-client.development.js:12727:11)
      at recursivelyTraverseLayoutEffects (node_modules/.pnpm/react-dom@19.1.0_react@19.1.0/node_modules/react-dom/cjs/react-dom-client.development.js:13590:11)
      at commitLayoutEffectOnFiber (node_modules/.pnpm/react-dom@19.1.0_react@19.1.0/node_modules/react-dom/cjs/react-dom-client.development.js:12693:11)
      at flushLayoutEffects (node_modules/.pnpm/react-dom@19.1.0_react@19.1.0/node_modules/react-dom/cjs/react-dom-client.development.js:15559:15)
      at commitRoot (node_modules/.pnpm/react-dom@19.1.0_react@19.1.0/node_modules/react-dom/cjs/react-dom-client.development.js:15402:9)
      at commitRootWhenReady (node_modules/.pnpm/react-dom@19.1.0_react@19.1.0/node_modules/react-dom/cjs/react-dom-client.development.js:14652:7)
      at performWorkOnRoot (node_modules/.pnpm/react-dom@19.1.0_react@19.1.0/node_modules/react-dom/cjs/react-dom-client.development.js:14575:15)
      at performSyncWorkOnRoot (node_modules/.pnpm/react-dom@19.1.0_react@19.1.0/node_modules/react-dom/cjs/react-dom-client.development.js:16231:7)
      at flushSyncWorkAcrossRoots_impl (node_modules/.pnpm/react-dom@19.1.0_react@19.1.0/node_modules/react-dom/cjs/react-dom-client.development.js:16079:21)
      at flushSpawnedWork (node_modules/.pnpm/react-dom@19.1.0_react@19.1.0/node_modules/react-dom/cjs/react-dom-client.development.js:15677:9)
      at commitRoot (node_modules/.pnpm/react-dom@19.1.0_react@19.1.0/node_modules/react-dom/cjs/react-dom-client.development.js:15403:9)
      at commitRootWhenReady (node_modules/.pnpm/react-dom@19.1.0_react@19.1.0/node_modules/react-dom/cjs/react-dom-client.development.js:14652:7)
      at performWorkOnRoot (node_modules/.pnpm/react-dom@19.1.0_react@19.1.0/node_modules/react-dom/cjs/react-dom-client.development.js:14575:15)
      at performWorkOnRootViaSchedulerTask (node_modules/.pnpm/react-dom@19.1.0_react@19.1.0/node_modules/react-dom/cjs/react-dom-client.development.js:16216:7)
      at performWorkUntilDeadline (node_modules/.pnpm/scheduler@0.26.0/node_modules/scheduler/cjs/scheduler.development.js:45:48)
      at Timeout.task [as _onTimeout] (node_modules/.pnpm/jsdom@20.0.3/node_modules/jsdom/lib/jsdom/browser/Window.js:520:19)

  console.error
    An update to DismissableLayer inside a test was not wrapped in act(...).

    When testing, code that causes React state updates should be wrapped into act(...):

    act(() => {
      /* fire events that update state */
    });
    /* assert on the output */

    This ensures that you're testing the behavior the user would see in the browser. Learn more at https://react.dev/link/wrap-tests-with-act

      at node_modules/.pnpm/react-dom@19.1.0_react@19.1.0/node_modules/react-dom/cjs/react-dom-client.development.js:16023:19
      at runWithFiberInDEV (node_modules/.pnpm/react-dom@19.1.0_react@19.1.0/node_modules/react-dom/cjs/react-dom-client.development.js:1522:13)
      at warnIfUpdatesNotWrappedWithActDEV (node_modules/.pnpm/react-dom@19.1.0_react@19.1.0/node_modules/react-dom/cjs/react-dom-client.development.js:16022:9)
      at scheduleUpdateOnFiber (node_modules/.pnpm/react-dom@19.1.0_react@19.1.0/node_modules/react-dom/cjs/react-dom-client.development.js:14396:11)
      at dispatchSetStateInternal (node_modules/.pnpm/react-dom@19.1.0_react@19.1.0/node_modules/react-dom/cjs/react-dom-client.development.js:6969:13)
      at dispatchSetState (node_modules/.pnpm/react-dom@19.1.0_react@19.1.0/node_modules/react-dom/cjs/react-dom-client.development.js:6927:7)
      at node_modules/.pnpm/@radix-ui+react-dismissable-layer@1.1.3_@types+react-dom@19.1.5_@types+react@19.1.4__@t_ddb2e391162b1c51556ac1f8b5d28930/node_modules/@radix-ui/react-dismissable-layer/src/DismissableLayer.tsx:76:66
      at setRef (node_modules/.pnpm/@radix-ui+react-compose-refs@1.1.1_@types+react@19.1.4_react@19.1.0/node_modules/@radix-ui/react-compose-refs/src/composeRefs.tsx:11:12)
      at node_modules/.pnpm/@radix-ui+react-compose-refs@1.1.1_@types+react@19.1.4_react@19.1.0/node_modules/@radix-ui/react-compose-refs/src/composeRefs.tsx:25:23
          at Array.map (<anonymous>)
      at node_modules/.pnpm/@radix-ui+react-compose-refs@1.1.1_@types+react@19.1.4_react@19.1.0/node_modules/@radix-ui/react-compose-refs/src/composeRefs.tsx:24:27
      at setRef (node_modules/.pnpm/@radix-ui+react-compose-refs@1.1.1_@types+react@19.1.4_react@19.1.0/node_modules/@radix-ui/react-compose-refs/src/composeRefs.tsx:11:12)
      at node_modules/.pnpm/@radix-ui+react-compose-refs@1.1.1_@types+react@19.1.4_react@19.1.0/node_modules/@radix-ui/react-compose-refs/src/composeRefs.tsx:25:23
          at Array.map (<anonymous>)
      at node_modules/.pnpm/@radix-ui+react-compose-refs@1.1.1_@types+react@19.1.4_react@19.1.0/node_modules/@radix-ui/react-compose-refs/src/composeRefs.tsx:24:27
      at setRef (node_modules/.pnpm/@radix-ui+react-compose-refs@1.1.1_@types+react@19.1.4_react@19.1.0/node_modules/@radix-ui/react-compose-refs/src/composeRefs.tsx:11:12)
      at node_modules/.pnpm/@radix-ui+react-compose-refs@1.1.1_@types+react@19.1.4_react@19.1.0/node_modules/@radix-ui/react-compose-refs/src/composeRefs.tsx:25:23
          at Array.map (<anonymous>)
      at node_modules/.pnpm/@radix-ui+react-compose-refs@1.1.1_@types+react@19.1.4_react@19.1.0/node_modules/@radix-ui/react-compose-refs/src/composeRefs.tsx:24:27
      at runWithFiberInDEV (node_modules/.pnpm/react-dom@19.1.0_react@19.1.0/node_modules/react-dom/cjs/react-dom-client.development.js:1522:13)
      at safelyDetachRef (node_modules/.pnpm/react-dom@19.1.0_react@19.1.0/node_modules/react-dom/cjs/react-dom-client.development.js:12224:18)
      at commitMutationEffectsOnFiber (node_modules/.pnpm/react-dom@19.1.0_react@19.1.0/node_modules/react-dom/cjs/react-dom-client.development.js:13352:15)
      at recursivelyTraverseMutationEffects (node_modules/.pnpm/react-dom@19.1.0_react@19.1.0/node_modules/react-dom/cjs/react-dom-client.development.js:13123:11)
      at commitMutationEffectsOnFiber (node_modules/.pnpm/react-dom@19.1.0_react@19.1.0/node_modules/react-dom/cjs/react-dom-client.development.js:13134:11)
      at recursivelyTraverseMutationEffects (node_modules/.pnpm/react-dom@19.1.0_react@19.1.0/node_modules/react-dom/cjs/react-dom-client.development.js:13123:11)
      at commitMutationEffectsOnFiber (node_modules/.pnpm/react-dom@19.1.0_react@19.1.0/node_modules/react-dom/cjs/react-dom-client.development.js:13562:11)
      at recursivelyTraverseMutationEffects (node_modules/.pnpm/react-dom@19.1.0_react@19.1.0/node_modules/react-dom/cjs/react-dom-client.development.js:13123:11)
      at commitMutationEffectsOnFiber (node_modules/.pnpm/react-dom@19.1.0_react@19.1.0/node_modules/react-dom/cjs/react-dom-client.development.js:13134:11)
      at recursivelyTraverseMutationEffects (node_modules/.pnpm/react-dom@19.1.0_react@19.1.0/node_modules/react-dom/cjs/react-dom-client.development.js:13123:11)
      at commitMutationEffectsOnFiber (node_modules/.pnpm/react-dom@19.1.0_react@19.1.0/node_modules/react-dom/cjs/react-dom-client.development.js:13347:11)
      at recursivelyTraverseMutationEffects (node_modules/.pnpm/react-dom@19.1.0_react@19.1.0/node_modules/react-dom/cjs/react-dom-client.development.js:13123:11)
      at commitMutationEffectsOnFiber (node_modules/.pnpm/react-dom@19.1.0_react@19.1.0/node_modules/react-dom/cjs/react-dom-client.development.js:13134:11)
      at recursivelyTraverseMutationEffects (node_modules/.pnpm/react-dom@19.1.0_react@19.1.0/node_modules/react-dom/cjs/react-dom-client.development.js:13123:11)
      at commitMutationEffectsOnFiber (node_modules/.pnpm/react-dom@19.1.0_react@19.1.0/node_modules/react-dom/cjs/react-dom-client.development.js:13134:11)
      at recursivelyTraverseMutationEffects (node_modules/.pnpm/react-dom@19.1.0_react@19.1.0/node_modules/react-dom/cjs/react-dom-client.development.js:13123:11)
      at commitMutationEffectsOnFiber (node_modules/.pnpm/react-dom@19.1.0_react@19.1.0/node_modules/react-dom/cjs/react-dom-client.development.js:13134:11)
      at recursivelyTraverseMutationEffects (node_modules/.pnpm/react-dom@19.1.0_react@19.1.0/node_modules/react-dom/cjs/react-dom-client.development.js:13123:11)
      at commitMutationEffectsOnFiber (node_modules/.pnpm/react-dom@19.1.0_react@19.1.0/node_modules/react-dom/cjs/react-dom-client.development.js:13134:11)
      at recursivelyTraverseMutationEffects (node_modules/.pnpm/react-dom@19.1.0_react@19.1.0/node_modules/react-dom/cjs/react-dom-client.development.js:13123:11)
      at commitMutationEffectsOnFiber (node_modules/.pnpm/react-dom@19.1.0_react@19.1.0/node_modules/react-dom/cjs/react-dom-client.development.js:13134:11)
      at recursivelyTraverseMutationEffects (node_modules/.pnpm/react-dom@19.1.0_react@19.1.0/node_modules/react-dom/cjs/react-dom-client.development.js:13123:11)
      at commitMutationEffectsOnFiber (node_modules/.pnpm/react-dom@19.1.0_react@19.1.0/node_modules/react-dom/cjs/react-dom-client.development.js:13134:11)
      at recursivelyTraverseMutationEffects (node_modules/.pnpm/react-dom@19.1.0_react@19.1.0/node_modules/react-dom/cjs/react-dom-client.development.js:13123:11)
      at commitMutationEffectsOnFiber (node_modules/.pnpm/react-dom@19.1.0_react@19.1.0/node_modules/react-dom/cjs/react-dom-client.development.js:13134:11)
      at recursivelyTraverseMutationEffects (node_modules/.pnpm/react-dom@19.1.0_react@19.1.0/node_modules/react-dom/cjs/react-dom-client.development.js:13123:11)
      at commitMutationEffectsOnFiber (node_modules/.pnpm/react-dom@19.1.0_react@19.1.0/node_modules/react-dom/cjs/react-dom-client.development.js:13134:11)
      at recursivelyTraverseMutationEffects (node_modules/.pnpm/react-dom@19.1.0_react@19.1.0/node_modules/react-dom/cjs/react-dom-client.development.js:13123:11)
      at commitMutationEffectsOnFiber (node_modules/.pnpm/react-dom@19.1.0_react@19.1.0/node_modules/react-dom/cjs/react-dom-client.development.js:13134:11)
      at recursivelyTraverseMutationEffects (node_modules/.pnpm/react-dom@19.1.0_react@19.1.0/node_modules/react-dom/cjs/react-dom-client.development.js:13123:11)
      at commitMutationEffectsOnFiber (node_modules/.pnpm/react-dom@19.1.0_react@19.1.0/node_modules/react-dom/cjs/react-dom-client.development.js:13134:11)
      at recursivelyTraverseMutationEffects (node_modules/.pnpm/react-dom@19.1.0_react@19.1.0/node_modules/react-dom/cjs/react-dom-client.development.js:13123:11)
      at commitMutationEffectsOnFiber (node_modules/.pnpm/react-dom@19.1.0_react@19.1.0/node_modules/react-dom/cjs/react-dom-client.development.js:13562:11)
      at recursivelyTraverseMutationEffects (node_modules/.pnpm/react-dom@19.1.0_react@19.1.0/node_modules/react-dom/cjs/react-dom-client.development.js:13123:11)
      at commitMutationEffectsOnFiber (node_modules/.pnpm/react-dom@19.1.0_react@19.1.0/node_modules/react-dom/cjs/react-dom-client.development.js:13134:11)
      at recursivelyTraverseMutationEffects (node_modules/.pnpm/react-dom@19.1.0_react@19.1.0/node_modules/react-dom/cjs/react-dom-client.development.js:13123:11)
      at commitMutationEffectsOnFiber (node_modules/.pnpm/react-dom@19.1.0_react@19.1.0/node_modules/react-dom/cjs/react-dom-client.development.js:13562:11)
      at recursivelyTraverseMutationEffects (node_modules/.pnpm/react-dom@19.1.0_react@19.1.0/node_modules/react-dom/cjs/react-dom-client.development.js:13123:11)
      at commitMutationEffectsOnFiber (node_modules/.pnpm/react-dom@19.1.0_react@19.1.0/node_modules/react-dom/cjs/react-dom-client.development.js:13134:11)
      at recursivelyTraverseMutationEffects (node_modules/.pnpm/react-dom@19.1.0_react@19.1.0/node_modules/react-dom/cjs/react-dom-client.development.js:13123:11)
      at commitMutationEffectsOnFiber (node_modules/.pnpm/react-dom@19.1.0_react@19.1.0/node_modules/react-dom/cjs/react-dom-client.development.js:13134:11)
      at recursivelyTraverseMutationEffects (node_modules/.pnpm/react-dom@19.1.0_react@19.1.0/node_modules/react-dom/cjs/react-dom-client.development.js:13123:11)
      at commitMutationEffectsOnFiber (node_modules/.pnpm/react-dom@19.1.0_react@19.1.0/node_modules/react-dom/cjs/react-dom-client.development.js:13134:11)
      at recursivelyTraverseMutationEffects (node_modules/.pnpm/react-dom@19.1.0_react@19.1.0/node_modules/react-dom/cjs/react-dom-client.development.js:13123:11)
      at commitMutationEffectsOnFiber (node_modules/.pnpm/react-dom@19.1.0_react@19.1.0/node_modules/react-dom/cjs/react-dom-client.development.js:13562:11)
      at recursivelyTraverseMutationEffects (node_modules/.pnpm/react-dom@19.1.0_react@19.1.0/node_modules/react-dom/cjs/react-dom-client.development.js:13123:11)
      at commitMutationEffectsOnFiber (node_modules/.pnpm/react-dom@19.1.0_react@19.1.0/node_modules/react-dom/cjs/react-dom-client.development.js:13134:11)
      at recursivelyTraverseMutationEffects (node_modules/.pnpm/react-dom@19.1.0_react@19.1.0/node_modules/react-dom/cjs/react-dom-client.development.js:13123:11)
      at commitMutationEffectsOnFiber (node_modules/.pnpm/react-dom@19.1.0_react@19.1.0/node_modules/react-dom/cjs/react-dom-client.development.js:13134:11)
      at recursivelyTraverseMutationEffects (node_modules/.pnpm/react-dom@19.1.0_react@19.1.0/node_modules/react-dom/cjs/react-dom-client.development.js:13123:11)
      at commitMutationEffectsOnFiber (node_modules/.pnpm/react-dom@19.1.0_react@19.1.0/node_modules/react-dom/cjs/react-dom-client.development.js:13134:11)
      at recursivelyTraverseMutationEffects (node_modules/.pnpm/react-dom@19.1.0_react@19.1.0/node_modules/react-dom/cjs/react-dom-client.development.js:13123:11)
      at commitMutationEffectsOnFiber (node_modules/.pnpm/react-dom@19.1.0_react@19.1.0/node_modules/react-dom/cjs/react-dom-client.development.js:13347:11)
      at recursivelyTraverseMutationEffects (node_modules/.pnpm/react-dom@19.1.0_react@19.1.0/node_modules/react-dom/cjs/react-dom-client.development.js:13123:11)
      at commitMutationEffectsOnFiber (node_modules/.pnpm/react-dom@19.1.0_react@19.1.0/node_modules/react-dom/cjs/react-dom-client.development.js:13405:11)
      at flushMutationEffects (node_modules/.pnpm/react-dom@19.1.0_react@19.1.0/node_modules/react-dom/cjs/react-dom-client.development.js:15426:13)
      at commitRoot (node_modules/.pnpm/react-dom@19.1.0_react@19.1.0/node_modules/react-dom/cjs/react-dom-client.development.js:15401:9)
      at commitRootWhenReady (node_modules/.pnpm/react-dom@19.1.0_react@19.1.0/node_modules/react-dom/cjs/react-dom-client.development.js:14652:7)
      at performWorkOnRoot (node_modules/.pnpm/react-dom@19.1.0_react@19.1.0/node_modules/react-dom/cjs/react-dom-client.development.js:14575:15)
      at performSyncWorkOnRoot (node_modules/.pnpm/react-dom@19.1.0_react@19.1.0/node_modules/react-dom/cjs/react-dom-client.development.js:16231:7)
      at flushSyncWorkAcrossRoots_impl (node_modules/.pnpm/react-dom@19.1.0_react@19.1.0/node_modules/react-dom/cjs/react-dom-client.development.js:16079:21)
      at flushSpawnedWork (node_modules/.pnpm/react-dom@19.1.0_react@19.1.0/node_modules/react-dom/cjs/react-dom-client.development.js:15677:9)
      at commitRoot (node_modules/.pnpm/react-dom@19.1.0_react@19.1.0/node_modules/react-dom/cjs/react-dom-client.development.js:15403:9)
      at commitRootWhenReady (node_modules/.pnpm/react-dom@19.1.0_react@19.1.0/node_modules/react-dom/cjs/react-dom-client.development.js:14652:7)
      at performWorkOnRoot (node_modules/.pnpm/react-dom@19.1.0_react@19.1.0/node_modules/react-dom/cjs/react-dom-client.development.js:14575:15)
      at performWorkOnRootViaSchedulerTask (node_modules/.pnpm/react-dom@19.1.0_react@19.1.0/node_modules/react-dom/cjs/react-dom-client.development.js:16216:7)
      at performWorkUntilDeadline (node_modules/.pnpm/scheduler@0.26.0/node_modules/scheduler/cjs/scheduler.development.js:45:48)
      at Timeout.task [as _onTimeout] (node_modules/.pnpm/jsdom@20.0.3/node_modules/jsdom/lib/jsdom/browser/Window.js:520:19)

  console.error
    An update to Presence inside a test was not wrapped in act(...).

    When testing, code that causes React state updates should be wrapped into act(...):

    act(() => {
      /* fire events that update state */
    });
    /* assert on the output */

    This ensures that you're testing the behavior the user would see in the browser. Learn more at https://react.dev/link/wrap-tests-with-act

      at node_modules/.pnpm/react-dom@19.1.0_react@19.1.0/node_modules/react-dom/cjs/react-dom-client.development.js:16023:19
      at runWithFiberInDEV (node_modules/.pnpm/react-dom@19.1.0_react@19.1.0/node_modules/react-dom/cjs/react-dom-client.development.js:1522:13)
      at warnIfUpdatesNotWrappedWithActDEV (node_modules/.pnpm/react-dom@19.1.0_react@19.1.0/node_modules/react-dom/cjs/react-dom-client.development.js:16022:9)
      at scheduleUpdateOnFiber (node_modules/.pnpm/react-dom@19.1.0_react@19.1.0/node_modules/react-dom/cjs/react-dom-client.development.js:14396:11)
      at dispatchSetStateInternal (node_modules/.pnpm/react-dom@19.1.0_react@19.1.0/node_modules/react-dom/cjs/react-dom-client.development.js:6969:13)
      at dispatchSetState (node_modules/.pnpm/react-dom@19.1.0_react@19.1.0/node_modules/react-dom/cjs/react-dom-client.development.js:6927:7)
      at node_modules/.pnpm/@radix-ui+react-presence@1.1.2_@types+react-dom@19.1.5_@types+react@19.1.4__@types+reac_cf404f2765adb4b6877f4e8a2d692386/node_modules/@radix-ui/react-presence/src/Presence.tsx:157:7
      at setRef (node_modules/.pnpm/@radix-ui+react-compose-refs@1.1.1_@types+react@19.1.4_react@19.1.0/node_modules/@radix-ui/react-compose-refs/src/composeRefs.tsx:11:12)
      at node_modules/.pnpm/@radix-ui+react-compose-refs@1.1.1_@types+react@19.1.4_react@19.1.0/node_modules/@radix-ui/react-compose-refs/src/composeRefs.tsx:25:23
          at Array.map (<anonymous>)
      at node_modules/.pnpm/@radix-ui+react-compose-refs@1.1.1_@types+react@19.1.4_react@19.1.0/node_modules/@radix-ui/react-compose-refs/src/composeRefs.tsx:24:27
      at setRef (node_modules/.pnpm/@radix-ui+react-compose-refs@1.1.1_@types+react@19.1.4_react@19.1.0/node_modules/@radix-ui/react-compose-refs/src/composeRefs.tsx:11:12)
      at node_modules/.pnpm/@radix-ui+react-compose-refs@1.1.1_@types+react@19.1.4_react@19.1.0/node_modules/@radix-ui/react-compose-refs/src/composeRefs.tsx:25:23
          at Array.map (<anonymous>)
      at node_modules/.pnpm/@radix-ui+react-compose-refs@1.1.1_@types+react@19.1.4_react@19.1.0/node_modules/@radix-ui/react-compose-refs/src/composeRefs.tsx:24:27
      at setRef (node_modules/.pnpm/@radix-ui+react-compose-refs@1.1.1_@types+react@19.1.4_react@19.1.0/node_modules/@radix-ui/react-compose-refs/src/composeRefs.tsx:11:12)
      at node_modules/.pnpm/@radix-ui+react-compose-refs@1.1.1_@types+react@19.1.4_react@19.1.0/node_modules/@radix-ui/react-compose-refs/src/composeRefs.tsx:25:23
          at Array.map (<anonymous>)
      at node_modules/.pnpm/@radix-ui+react-compose-refs@1.1.1_@types+react@19.1.4_react@19.1.0/node_modules/@radix-ui/react-compose-refs/src/composeRefs.tsx:24:27
      at setRef (node_modules/.pnpm/@radix-ui+react-compose-refs@1.1.1_@types+react@19.1.4_react@19.1.0/node_modules/@radix-ui/react-compose-refs/src/composeRefs.tsx:11:12)
      at node_modules/.pnpm/@radix-ui+react-compose-refs@1.1.1_@types+react@19.1.4_react@19.1.0/node_modules/@radix-ui/react-compose-refs/src/composeRefs.tsx:25:23
          at Array.map (<anonymous>)
      at node_modules/.pnpm/@radix-ui+react-compose-refs@1.1.1_@types+react@19.1.4_react@19.1.0/node_modules/@radix-ui/react-compose-refs/src/composeRefs.tsx:24:27
      at runWithFiberInDEV (node_modules/.pnpm/react-dom@19.1.0_react@19.1.0/node_modules/react-dom/cjs/react-dom-client.development.js:1522:13)
      at safelyDetachRef (node_modules/.pnpm/react-dom@19.1.0_react@19.1.0/node_modules/react-dom/cjs/react-dom-client.development.js:12224:18)
      at commitMutationEffectsOnFiber (node_modules/.pnpm/react-dom@19.1.0_react@19.1.0/node_modules/react-dom/cjs/react-dom-client.development.js:13352:15)
      at recursivelyTraverseMutationEffects (node_modules/.pnpm/react-dom@19.1.0_react@19.1.0/node_modules/react-dom/cjs/react-dom-client.development.js:13123:11)
      at commitMutationEffectsOnFiber (node_modules/.pnpm/react-dom@19.1.0_react@19.1.0/node_modules/react-dom/cjs/react-dom-client.development.js:13134:11)
      at recursivelyTraverseMutationEffects (node_modules/.pnpm/react-dom@19.1.0_react@19.1.0/node_modules/react-dom/cjs/react-dom-client.development.js:13123:11)
      at commitMutationEffectsOnFiber (node_modules/.pnpm/react-dom@19.1.0_react@19.1.0/node_modules/react-dom/cjs/react-dom-client.development.js:13562:11)
      at recursivelyTraverseMutationEffects (node_modules/.pnpm/react-dom@19.1.0_react@19.1.0/node_modules/react-dom/cjs/react-dom-client.development.js:13123:11)
      at commitMutationEffectsOnFiber (node_modules/.pnpm/react-dom@19.1.0_react@19.1.0/node_modules/react-dom/cjs/react-dom-client.development.js:13134:11)
      at recursivelyTraverseMutationEffects (node_modules/.pnpm/react-dom@19.1.0_react@19.1.0/node_modules/react-dom/cjs/react-dom-client.development.js:13123:11)
      at commitMutationEffectsOnFiber (node_modules/.pnpm/react-dom@19.1.0_react@19.1.0/node_modules/react-dom/cjs/react-dom-client.development.js:13347:11)
      at recursivelyTraverseMutationEffects (node_modules/.pnpm/react-dom@19.1.0_react@19.1.0/node_modules/react-dom/cjs/react-dom-client.development.js:13123:11)
      at commitMutationEffectsOnFiber (node_modules/.pnpm/react-dom@19.1.0_react@19.1.0/node_modules/react-dom/cjs/react-dom-client.development.js:13134:11)
      at recursivelyTraverseMutationEffects (node_modules/.pnpm/react-dom@19.1.0_react@19.1.0/node_modules/react-dom/cjs/react-dom-client.development.js:13123:11)
      at commitMutationEffectsOnFiber (node_modules/.pnpm/react-dom@19.1.0_react@19.1.0/node_modules/react-dom/cjs/react-dom-client.development.js:13134:11)
      at recursivelyTraverseMutationEffects (node_modules/.pnpm/react-dom@19.1.0_react@19.1.0/node_modules/react-dom/cjs/react-dom-client.development.js:13123:11)
      at commitMutationEffectsOnFiber (node_modules/.pnpm/react-dom@19.1.0_react@19.1.0/node_modules/react-dom/cjs/react-dom-client.development.js:13134:11)
      at recursivelyTraverseMutationEffects (node_modules/.pnpm/react-dom@19.1.0_react@19.1.0/node_modules/react-dom/cjs/react-dom-client.development.js:13123:11)
      at commitMutationEffectsOnFiber (node_modules/.pnpm/react-dom@19.1.0_react@19.1.0/node_modules/react-dom/cjs/react-dom-client.development.js:13134:11)
      at recursivelyTraverseMutationEffects (node_modules/.pnpm/react-dom@19.1.0_react@19.1.0/node_modules/react-dom/cjs/react-dom-client.development.js:13123:11)
      at commitMutationEffectsOnFiber (node_modules/.pnpm/react-dom@19.1.0_react@19.1.0/node_modules/react-dom/cjs/react-dom-client.development.js:13134:11)
      at recursivelyTraverseMutationEffects (node_modules/.pnpm/react-dom@19.1.0_react@19.1.0/node_modules/react-dom/cjs/react-dom-client.development.js:13123:11)
      at commitMutationEffectsOnFiber (node_modules/.pnpm/react-dom@19.1.0_react@19.1.0/node_modules/react-dom/cjs/react-dom-client.development.js:13134:11)
      at recursivelyTraverseMutationEffects (node_modules/.pnpm/react-dom@19.1.0_react@19.1.0/node_modules/react-dom/cjs/react-dom-client.development.js:13123:11)
      at commitMutationEffectsOnFiber (node_modules/.pnpm/react-dom@19.1.0_react@19.1.0/node_modules/react-dom/cjs/react-dom-client.development.js:13134:11)
      at recursivelyTraverseMutationEffects (node_modules/.pnpm/react-dom@19.1.0_react@19.1.0/node_modules/react-dom/cjs/react-dom-client.development.js:13123:11)
      at commitMutationEffectsOnFiber (node_modules/.pnpm/react-dom@19.1.0_react@19.1.0/node_modules/react-dom/cjs/react-dom-client.development.js:13134:11)
      at recursivelyTraverseMutationEffects (node_modules/.pnpm/react-dom@19.1.0_react@19.1.0/node_modules/react-dom/cjs/react-dom-client.development.js:13123:11)
      at commitMutationEffectsOnFiber (node_modules/.pnpm/react-dom@19.1.0_react@19.1.0/node_modules/react-dom/cjs/react-dom-client.development.js:13134:11)
      at recursivelyTraverseMutationEffects (node_modules/.pnpm/react-dom@19.1.0_react@19.1.0/node_modules/react-dom/cjs/react-dom-client.development.js:13123:11)
      at commitMutationEffectsOnFiber (node_modules/.pnpm/react-dom@19.1.0_react@19.1.0/node_modules/react-dom/cjs/react-dom-client.development.js:13134:11)
      at recursivelyTraverseMutationEffects (node_modules/.pnpm/react-dom@19.1.0_react@19.1.0/node_modules/react-dom/cjs/react-dom-client.development.js:13123:11)
      at commitMutationEffectsOnFiber (node_modules/.pnpm/react-dom@19.1.0_react@19.1.0/node_modules/react-dom/cjs/react-dom-client.development.js:13562:11)
      at recursivelyTraverseMutationEffects (node_modules/.pnpm/react-dom@19.1.0_react@19.1.0/node_modules/react-dom/cjs/react-dom-client.development.js:13123:11)
      at commitMutationEffectsOnFiber (node_modules/.pnpm/react-dom@19.1.0_react@19.1.0/node_modules/react-dom/cjs/react-dom-client.development.js:13134:11)
      at recursivelyTraverseMutationEffects (node_modules/.pnpm/react-dom@19.1.0_react@19.1.0/node_modules/react-dom/cjs/react-dom-client.development.js:13123:11)
      at commitMutationEffectsOnFiber (node_modules/.pnpm/react-dom@19.1.0_react@19.1.0/node_modules/react-dom/cjs/react-dom-client.development.js:13562:11)
      at recursivelyTraverseMutationEffects (node_modules/.pnpm/react-dom@19.1.0_react@19.1.0/node_modules/react-dom/cjs/react-dom-client.development.js:13123:11)
      at commitMutationEffectsOnFiber (node_modules/.pnpm/react-dom@19.1.0_react@19.1.0/node_modules/react-dom/cjs/react-dom-client.development.js:13134:11)
      at recursivelyTraverseMutationEffects (node_modules/.pnpm/react-dom@19.1.0_react@19.1.0/node_modules/react-dom/cjs/react-dom-client.development.js:13123:11)
      at commitMutationEffectsOnFiber (node_modules/.pnpm/react-dom@19.1.0_react@19.1.0/node_modules/react-dom/cjs/react-dom-client.development.js:13134:11)
      at recursivelyTraverseMutationEffects (node_modules/.pnpm/react-dom@19.1.0_react@19.1.0/node_modules/react-dom/cjs/react-dom-client.development.js:13123:11)
      at commitMutationEffectsOnFiber (node_modules/.pnpm/react-dom@19.1.0_react@19.1.0/node_modules/react-dom/cjs/react-dom-client.development.js:13134:11)
      at recursivelyTraverseMutationEffects (node_modules/.pnpm/react-dom@19.1.0_react@19.1.0/node_modules/react-dom/cjs/react-dom-client.development.js:13123:11)
      at commitMutationEffectsOnFiber (node_modules/.pnpm/react-dom@19.1.0_react@19.1.0/node_modules/react-dom/cjs/react-dom-client.development.js:13562:11)
      at recursivelyTraverseMutationEffects (node_modules/.pnpm/react-dom@19.1.0_react@19.1.0/node_modules/react-dom/cjs/react-dom-client.development.js:13123:11)
      at commitMutationEffectsOnFiber (node_modules/.pnpm/react-dom@19.1.0_react@19.1.0/node_modules/react-dom/cjs/react-dom-client.development.js:13134:11)
      at recursivelyTraverseMutationEffects (node_modules/.pnpm/react-dom@19.1.0_react@19.1.0/node_modules/react-dom/cjs/react-dom-client.development.js:13123:11)
      at commitMutationEffectsOnFiber (node_modules/.pnpm/react-dom@19.1.0_react@19.1.0/node_modules/react-dom/cjs/react-dom-client.development.js:13134:11)
      at recursivelyTraverseMutationEffects (node_modules/.pnpm/react-dom@19.1.0_react@19.1.0/node_modules/react-dom/cjs/react-dom-client.development.js:13123:11)
      at commitMutationEffectsOnFiber (node_modules/.pnpm/react-dom@19.1.0_react@19.1.0/node_modules/react-dom/cjs/react-dom-client.development.js:13134:11)
      at recursivelyTraverseMutationEffects (node_modules/.pnpm/react-dom@19.1.0_react@19.1.0/node_modules/react-dom/cjs/react-dom-client.development.js:13123:11)
      at commitMutationEffectsOnFiber (node_modules/.pnpm/react-dom@19.1.0_react@19.1.0/node_modules/react-dom/cjs/react-dom-client.development.js:13347:11)
      at recursivelyTraverseMutationEffects (node_modules/.pnpm/react-dom@19.1.0_react@19.1.0/node_modules/react-dom/cjs/react-dom-client.development.js:13123:11)
      at commitMutationEffectsOnFiber (node_modules/.pnpm/react-dom@19.1.0_react@19.1.0/node_modules/react-dom/cjs/react-dom-client.development.js:13405:11)
      at flushMutationEffects (node_modules/.pnpm/react-dom@19.1.0_react@19.1.0/node_modules/react-dom/cjs/react-dom-client.development.js:15426:13)
      at commitRoot (node_modules/.pnpm/react-dom@19.1.0_react@19.1.0/node_modules/react-dom/cjs/react-dom-client.development.js:15401:9)
      at commitRootWhenReady (node_modules/.pnpm/react-dom@19.1.0_react@19.1.0/node_modules/react-dom/cjs/react-dom-client.development.js:14652:7)
      at performWorkOnRoot (node_modules/.pnpm/react-dom@19.1.0_react@19.1.0/node_modules/react-dom/cjs/react-dom-client.development.js:14575:15)
      at performSyncWorkOnRoot (node_modules/.pnpm/react-dom@19.1.0_react@19.1.0/node_modules/react-dom/cjs/react-dom-client.development.js:16231:7)
      at flushSyncWorkAcrossRoots_impl (node_modules/.pnpm/react-dom@19.1.0_react@19.1.0/node_modules/react-dom/cjs/react-dom-client.development.js:16079:21)
      at flushSpawnedWork (node_modules/.pnpm/react-dom@19.1.0_react@19.1.0/node_modules/react-dom/cjs/react-dom-client.development.js:15677:9)
      at commitRoot (node_modules/.pnpm/react-dom@19.1.0_react@19.1.0/node_modules/react-dom/cjs/react-dom-client.development.js:15403:9)
      at commitRootWhenReady (node_modules/.pnpm/react-dom@19.1.0_react@19.1.0/node_modules/react-dom/cjs/react-dom-client.development.js:14652:7)
      at performWorkOnRoot (node_modules/.pnpm/react-dom@19.1.0_react@19.1.0/node_modules/react-dom/cjs/react-dom-client.development.js:14575:15)
      at performWorkOnRootViaSchedulerTask (node_modules/.pnpm/react-dom@19.1.0_react@19.1.0/node_modules/react-dom/cjs/react-dom-client.development.js:16216:7)
      at performWorkUntilDeadline (node_modules/.pnpm/scheduler@0.26.0/node_modules/scheduler/cjs/scheduler.development.js:45:48)
      at Timeout.task [as _onTimeout] (node_modules/.pnpm/jsdom@20.0.3/node_modules/jsdom/lib/jsdom/browser/Window.js:520:19)

  console.error
    An update to PopperContent inside a test was not wrapped in act(...).

    When testing, code that causes React state updates should be wrapped into act(...):

    act(() => {
      /* fire events that update state */
    });
    /* assert on the output */

    This ensures that you're testing the behavior the user would see in the browser. Learn more at https://react.dev/link/wrap-tests-with-act

      at node_modules/.pnpm/react-dom@19.1.0_react@19.1.0/node_modules/react-dom/cjs/react-dom-client.development.js:16023:19
      at runWithFiberInDEV (node_modules/.pnpm/react-dom@19.1.0_react@19.1.0/node_modules/react-dom/cjs/react-dom-client.development.js:1522:13)
      at warnIfUpdatesNotWrappedWithActDEV (node_modules/.pnpm/react-dom@19.1.0_react@19.1.0/node_modules/react-dom/cjs/react-dom-client.development.js:16022:9)
      at scheduleUpdateOnFiber (node_modules/.pnpm/react-dom@19.1.0_react@19.1.0/node_modules/react-dom/cjs/react-dom-client.development.js:14396:11)
      at dispatchSetStateInternal (node_modules/.pnpm/react-dom@19.1.0_react@19.1.0/node_modules/react-dom/cjs/react-dom-client.development.js:6969:13)
      at dispatchSetState (node_modules/.pnpm/react-dom@19.1.0_react@19.1.0/node_modules/react-dom/cjs/react-dom-client.development.js:6927:7)
      at node_modules/.pnpm/@radix-ui+react-popper@1.2.1_@types+react-dom@19.1.5_@types+react@19.1.4__@types+react@_910688d4f3cb83ecf698ad7ae3e1c893/node_modules/@radix-ui/react-popper/src/Popper.tsx:150:66
      at setRef (node_modules/.pnpm/@radix-ui+react-compose-refs@1.1.1_@types+react@19.1.4_react@19.1.0/node_modules/@radix-ui/react-compose-refs/src/composeRefs.tsx:11:12)
      at node_modules/.pnpm/@radix-ui+react-compose-refs@1.1.1_@types+react@19.1.4_react@19.1.0/node_modules/@radix-ui/react-compose-refs/src/composeRefs.tsx:25:23
          at Array.map (<anonymous>)
      at node_modules/.pnpm/@radix-ui+react-compose-refs@1.1.1_@types+react@19.1.4_react@19.1.0/node_modules/@radix-ui/react-compose-refs/src/composeRefs.tsx:24:27
      at runWithFiberInDEV (node_modules/.pnpm/react-dom@19.1.0_react@19.1.0/node_modules/react-dom/cjs/react-dom-client.development.js:1522:13)
      at safelyDetachRef (node_modules/.pnpm/react-dom@19.1.0_react@19.1.0/node_modules/react-dom/cjs/react-dom-client.development.js:12224:18)
      at commitMutationEffectsOnFiber (node_modules/.pnpm/react-dom@19.1.0_react@19.1.0/node_modules/react-dom/cjs/react-dom-client.development.js:13352:15)
      at recursivelyTraverseMutationEffects (node_modules/.pnpm/react-dom@19.1.0_react@19.1.0/node_modules/react-dom/cjs/react-dom-client.development.js:13123:11)
      at commitMutationEffectsOnFiber (node_modules/.pnpm/react-dom@19.1.0_react@19.1.0/node_modules/react-dom/cjs/react-dom-client.development.js:13134:11)
      at recursivelyTraverseMutationEffects (node_modules/.pnpm/react-dom@19.1.0_react@19.1.0/node_modules/react-dom/cjs/react-dom-client.development.js:13123:11)
      at commitMutationEffectsOnFiber (node_modules/.pnpm/react-dom@19.1.0_react@19.1.0/node_modules/react-dom/cjs/react-dom-client.development.js:13562:11)
      at recursivelyTraverseMutationEffects (node_modules/.pnpm/react-dom@19.1.0_react@19.1.0/node_modules/react-dom/cjs/react-dom-client.development.js:13123:11)
      at commitMutationEffectsOnFiber (node_modules/.pnpm/react-dom@19.1.0_react@19.1.0/node_modules/react-dom/cjs/react-dom-client.development.js:13134:11)
      at recursivelyTraverseMutationEffects (node_modules/.pnpm/react-dom@19.1.0_react@19.1.0/node_modules/react-dom/cjs/react-dom-client.development.js:13123:11)
      at commitMutationEffectsOnFiber (node_modules/.pnpm/react-dom@19.1.0_react@19.1.0/node_modules/react-dom/cjs/react-dom-client.development.js:13347:11)
      at recursivelyTraverseMutationEffects (node_modules/.pnpm/react-dom@19.1.0_react@19.1.0/node_modules/react-dom/cjs/react-dom-client.development.js:13123:11)
      at commitMutationEffectsOnFiber (node_modules/.pnpm/react-dom@19.1.0_react@19.1.0/node_modules/react-dom/cjs/react-dom-client.development.js:13134:11)
      at recursivelyTraverseMutationEffects (node_modules/.pnpm/react-dom@19.1.0_react@19.1.0/node_modules/react-dom/cjs/react-dom-client.development.js:13123:11)
      at commitMutationEffectsOnFiber (node_modules/.pnpm/react-dom@19.1.0_react@19.1.0/node_modules/react-dom/cjs/react-dom-client.development.js:13134:11)
      at recursivelyTraverseMutationEffects (node_modules/.pnpm/react-dom@19.1.0_react@19.1.0/node_modules/react-dom/cjs/react-dom-client.development.js:13123:11)
      at commitMutationEffectsOnFiber (node_modules/.pnpm/react-dom@19.1.0_react@19.1.0/node_modules/react-dom/cjs/react-dom-client.development.js:13134:11)
      at recursivelyTraverseMutationEffects (node_modules/.pnpm/react-dom@19.1.0_react@19.1.0/node_modules/react-dom/cjs/react-dom-client.development.js:13123:11)
      at commitMutationEffectsOnFiber (node_modules/.pnpm/react-dom@19.1.0_react@19.1.0/node_modules/react-dom/cjs/react-dom-client.development.js:13134:11)
      at recursivelyTraverseMutationEffects (node_modules/.pnpm/react-dom@19.1.0_react@19.1.0/node_modules/react-dom/cjs/react-dom-client.development.js:13123:11)
      at commitMutationEffectsOnFiber (node_modules/.pnpm/react-dom@19.1.0_react@19.1.0/node_modules/react-dom/cjs/react-dom-client.development.js:13134:11)
      at recursivelyTraverseMutationEffects (node_modules/.pnpm/react-dom@19.1.0_react@19.1.0/node_modules/react-dom/cjs/react-dom-client.development.js:13123:11)
      at commitMutationEffectsOnFiber (node_modules/.pnpm/react-dom@19.1.0_react@19.1.0/node_modules/react-dom/cjs/react-dom-client.development.js:13134:11)
      at recursivelyTraverseMutationEffects (node_modules/.pnpm/react-dom@19.1.0_react@19.1.0/node_modules/react-dom/cjs/react-dom-client.development.js:13123:11)
      at commitMutationEffectsOnFiber (node_modules/.pnpm/react-dom@19.1.0_react@19.1.0/node_modules/react-dom/cjs/react-dom-client.development.js:13134:11)
      at recursivelyTraverseMutationEffects (node_modules/.pnpm/react-dom@19.1.0_react@19.1.0/node_modules/react-dom/cjs/react-dom-client.development.js:13123:11)
      at commitMutationEffectsOnFiber (node_modules/.pnpm/react-dom@19.1.0_react@19.1.0/node_modules/react-dom/cjs/react-dom-client.development.js:13134:11)
      at recursivelyTraverseMutationEffects (node_modules/.pnpm/react-dom@19.1.0_react@19.1.0/node_modules/react-dom/cjs/react-dom-client.development.js:13123:11)
      at commitMutationEffectsOnFiber (node_modules/.pnpm/react-dom@19.1.0_react@19.1.0/node_modules/react-dom/cjs/react-dom-client.development.js:13134:11)
      at recursivelyTraverseMutationEffects (node_modules/.pnpm/react-dom@19.1.0_react@19.1.0/node_modules/react-dom/cjs/react-dom-client.development.js:13123:11)
      at commitMutationEffectsOnFiber (node_modules/.pnpm/react-dom@19.1.0_react@19.1.0/node_modules/react-dom/cjs/react-dom-client.development.js:13134:11)
      at recursivelyTraverseMutationEffects (node_modules/.pnpm/react-dom@19.1.0_react@19.1.0/node_modules/react-dom/cjs/react-dom-client.development.js:13123:11)
      at commitMutationEffectsOnFiber (node_modules/.pnpm/react-dom@19.1.0_react@19.1.0/node_modules/react-dom/cjs/react-dom-client.development.js:13562:11)
      at recursivelyTraverseMutationEffects (node_modules/.pnpm/react-dom@19.1.0_react@19.1.0/node_modules/react-dom/cjs/react-dom-client.development.js:13123:11)
      at commitMutationEffectsOnFiber (node_modules/.pnpm/react-dom@19.1.0_react@19.1.0/node_modules/react-dom/cjs/react-dom-client.development.js:13134:11)
      at recursivelyTraverseMutationEffects (node_modules/.pnpm/react-dom@19.1.0_react@19.1.0/node_modules/react-dom/cjs/react-dom-client.development.js:13123:11)
      at commitMutationEffectsOnFiber (node_modules/.pnpm/react-dom@19.1.0_react@19.1.0/node_modules/react-dom/cjs/react-dom-client.development.js:13562:11)
      at recursivelyTraverseMutationEffects (node_modules/.pnpm/react-dom@19.1.0_react@19.1.0/node_modules/react-dom/cjs/react-dom-client.development.js:13123:11)
      at commitMutationEffectsOnFiber (node_modules/.pnpm/react-dom@19.1.0_react@19.1.0/node_modules/react-dom/cjs/react-dom-client.development.js:13134:11)
      at recursivelyTraverseMutationEffects (node_modules/.pnpm/react-dom@19.1.0_react@19.1.0/node_modules/react-dom/cjs/react-dom-client.development.js:13123:11)
      at commitMutationEffectsOnFiber (node_modules/.pnpm/react-dom@19.1.0_react@19.1.0/node_modules/react-dom/cjs/react-dom-client.development.js:13134:11)
      at recursivelyTraverseMutationEffects (node_modules/.pnpm/react-dom@19.1.0_react@19.1.0/node_modules/react-dom/cjs/react-dom-client.development.js:13123:11)
      at commitMutationEffectsOnFiber (node_modules/.pnpm/react-dom@19.1.0_react@19.1.0/node_modules/react-dom/cjs/react-dom-client.development.js:13134:11)
      at recursivelyTraverseMutationEffects (node_modules/.pnpm/react-dom@19.1.0_react@19.1.0/node_modules/react-dom/cjs/react-dom-client.development.js:13123:11)
      at commitMutationEffectsOnFiber (node_modules/.pnpm/react-dom@19.1.0_react@19.1.0/node_modules/react-dom/cjs/react-dom-client.development.js:13562:11)
      at recursivelyTraverseMutationEffects (node_modules/.pnpm/react-dom@19.1.0_react@19.1.0/node_modules/react-dom/cjs/react-dom-client.development.js:13123:11)
      at commitMutationEffectsOnFiber (node_modules/.pnpm/react-dom@19.1.0_react@19.1.0/node_modules/react-dom/cjs/react-dom-client.development.js:13134:11)
      at recursivelyTraverseMutationEffects (node_modules/.pnpm/react-dom@19.1.0_react@19.1.0/node_modules/react-dom/cjs/react-dom-client.development.js:13123:11)
      at commitMutationEffectsOnFiber (node_modules/.pnpm/react-dom@19.1.0_react@19.1.0/node_modules/react-dom/cjs/react-dom-client.development.js:13134:11)
      at recursivelyTraverseMutationEffects (node_modules/.pnpm/react-dom@19.1.0_react@19.1.0/node_modules/react-dom/cjs/react-dom-client.development.js:13123:11)
      at commitMutationEffectsOnFiber (node_modules/.pnpm/react-dom@19.1.0_react@19.1.0/node_modules/react-dom/cjs/react-dom-client.development.js:13134:11)
      at recursivelyTraverseMutationEffects (node_modules/.pnpm/react-dom@19.1.0_react@19.1.0/node_modules/react-dom/cjs/react-dom-client.development.js:13123:11)
      at commitMutationEffectsOnFiber (node_modules/.pnpm/react-dom@19.1.0_react@19.1.0/node_modules/react-dom/cjs/react-dom-client.development.js:13347:11)
      at recursivelyTraverseMutationEffects (node_modules/.pnpm/react-dom@19.1.0_react@19.1.0/node_modules/react-dom/cjs/react-dom-client.development.js:13123:11)
      at commitMutationEffectsOnFiber (node_modules/.pnpm/react-dom@19.1.0_react@19.1.0/node_modules/react-dom/cjs/react-dom-client.development.js:13405:11)
      at flushMutationEffects (node_modules/.pnpm/react-dom@19.1.0_react@19.1.0/node_modules/react-dom/cjs/react-dom-client.development.js:15426:13)
      at commitRoot (node_modules/.pnpm/react-dom@19.1.0_react@19.1.0/node_modules/react-dom/cjs/react-dom-client.development.js:15401:9)
      at commitRootWhenReady (node_modules/.pnpm/react-dom@19.1.0_react@19.1.0/node_modules/react-dom/cjs/react-dom-client.development.js:14652:7)
      at performWorkOnRoot (node_modules/.pnpm/react-dom@19.1.0_react@19.1.0/node_modules/react-dom/cjs/react-dom-client.development.js:14575:15)
      at performSyncWorkOnRoot (node_modules/.pnpm/react-dom@19.1.0_react@19.1.0/node_modules/react-dom/cjs/react-dom-client.development.js:16231:7)
      at flushSyncWorkAcrossRoots_impl (node_modules/.pnpm/react-dom@19.1.0_react@19.1.0/node_modules/react-dom/cjs/react-dom-client.development.js:16079:21)
      at flushSpawnedWork (node_modules/.pnpm/react-dom@19.1.0_react@19.1.0/node_modules/react-dom/cjs/react-dom-client.development.js:15677:9)
      at commitRoot (node_modules/.pnpm/react-dom@19.1.0_react@19.1.0/node_modules/react-dom/cjs/react-dom-client.development.js:15403:9)
      at commitRootWhenReady (node_modules/.pnpm/react-dom@19.1.0_react@19.1.0/node_modules/react-dom/cjs/react-dom-client.development.js:14652:7)
      at performWorkOnRoot (node_modules/.pnpm/react-dom@19.1.0_react@19.1.0/node_modules/react-dom/cjs/react-dom-client.development.js:14575:15)
      at performWorkOnRootViaSchedulerTask (node_modules/.pnpm/react-dom@19.1.0_react@19.1.0/node_modules/react-dom/cjs/react-dom-client.development.js:16216:7)
      at performWorkUntilDeadline (node_modules/.pnpm/scheduler@0.26.0/node_modules/scheduler/cjs/scheduler.development.js:45:48)
      at Timeout.task [as _onTimeout] (node_modules/.pnpm/jsdom@20.0.3/node_modules/jsdom/lib/jsdom/browser/Window.js:520:19)

  console.error
    An update to DismissableLayer inside a test was not wrapped in act(...).

    When testing, code that causes React state updates should be wrapped into act(...):

    act(() => {
      /* fire events that update state */
    });
    /* assert on the output */

    This ensures that you're testing the behavior the user would see in the browser. Learn more at https://react.dev/link/wrap-tests-with-act

      at node_modules/.pnpm/react-dom@19.1.0_react@19.1.0/node_modules/react-dom/cjs/react-dom-client.development.js:16023:19
      at runWithFiberInDEV (node_modules/.pnpm/react-dom@19.1.0_react@19.1.0/node_modules/react-dom/cjs/react-dom-client.development.js:1522:13)
      at warnIfUpdatesNotWrappedWithActDEV (node_modules/.pnpm/react-dom@19.1.0_react@19.1.0/node_modules/react-dom/cjs/react-dom-client.development.js:16022:9)
      at scheduleUpdateOnFiber (node_modules/.pnpm/react-dom@19.1.0_react@19.1.0/node_modules/react-dom/cjs/react-dom-client.development.js:14396:11)
      at dispatchSetStateInternal (node_modules/.pnpm/react-dom@19.1.0_react@19.1.0/node_modules/react-dom/cjs/react-dom-client.development.js:6969:13)
      at dispatchSetState (node_modules/.pnpm/react-dom@19.1.0_react@19.1.0/node_modules/react-dom/cjs/react-dom-client.development.js:6927:7)
      at node_modules/.pnpm/@radix-ui+react-dismissable-layer@1.1.3_@types+react-dom@19.1.5_@types+react@19.1.4__@t_ddb2e391162b1c51556ac1f8b5d28930/node_modules/@radix-ui/react-dismissable-layer/src/DismissableLayer.tsx:76:66
      at setRef (node_modules/.pnpm/@radix-ui+react-compose-refs@1.1.1_@types+react@19.1.4_react@19.1.0/node_modules/@radix-ui/react-compose-refs/src/composeRefs.tsx:11:12)
      at node_modules/.pnpm/@radix-ui+react-compose-refs@1.1.1_@types+react@19.1.4_react@19.1.0/node_modules/@radix-ui/react-compose-refs/src/composeRefs.tsx:25:23
          at Array.map (<anonymous>)
      at node_modules/.pnpm/@radix-ui+react-compose-refs@1.1.1_@types+react@19.1.4_react@19.1.0/node_modules/@radix-ui/react-compose-refs/src/composeRefs.tsx:24:27
      at setRef (node_modules/.pnpm/@radix-ui+react-compose-refs@1.1.1_@types+react@19.1.4_react@19.1.0/node_modules/@radix-ui/react-compose-refs/src/composeRefs.tsx:11:12)
      at node_modules/.pnpm/@radix-ui+react-compose-refs@1.1.1_@types+react@19.1.4_react@19.1.0/node_modules/@radix-ui/react-compose-refs/src/composeRefs.tsx:25:23
          at Array.map (<anonymous>)
      at node_modules/.pnpm/@radix-ui+react-compose-refs@1.1.1_@types+react@19.1.4_react@19.1.0/node_modules/@radix-ui/react-compose-refs/src/composeRefs.tsx:24:27
      at setRef (node_modules/.pnpm/@radix-ui+react-compose-refs@1.1.1_@types+react@19.1.4_react@19.1.0/node_modules/@radix-ui/react-compose-refs/src/composeRefs.tsx:11:12)
      at node_modules/.pnpm/@radix-ui+react-compose-refs@1.1.1_@types+react@19.1.4_react@19.1.0/node_modules/@radix-ui/react-compose-refs/src/composeRefs.tsx:25:23
          at Array.map (<anonymous>)
      at node_modules/.pnpm/@radix-ui+react-compose-refs@1.1.1_@types+react@19.1.4_react@19.1.0/node_modules/@radix-ui/react-compose-refs/src/composeRefs.tsx:24:27
      at commitAttachRef (node_modules/.pnpm/react-dom@19.1.0_react@19.1.0/node_modules/react-dom/cjs/react-dom-client.development.js:12177:42)
      at runWithFiberInDEV (node_modules/.pnpm/react-dom@19.1.0_react@19.1.0/node_modules/react-dom/cjs/react-dom-client.development.js:1522:13)
      at safelyAttachRef (node_modules/.pnpm/react-dom@19.1.0_react@19.1.0/node_modules/react-dom/cjs/react-dom-client.development.js:12191:9)
      at commitLayoutEffectOnFiber (node_modules/.pnpm/react-dom@19.1.0_react@19.1.0/node_modules/react-dom/cjs/react-dom-client.development.js:12729:26)
      at recursivelyTraverseLayoutEffects (node_modules/.pnpm/react-dom@19.1.0_react@19.1.0/node_modules/react-dom/cjs/react-dom-client.development.js:13590:11)
      at commitLayoutEffectOnFiber (node_modules/.pnpm/react-dom@19.1.0_react@19.1.0/node_modules/react-dom/cjs/react-dom-client.development.js:12611:11)
      at recursivelyTraverseLayoutEffects (node_modules/.pnpm/react-dom@19.1.0_react@19.1.0/node_modules/react-dom/cjs/react-dom-client.development.js:13590:11)
      at commitLayoutEffectOnFiber (node_modules/.pnpm/react-dom@19.1.0_react@19.1.0/node_modules/react-dom/cjs/react-dom-client.development.js:12791:11)
      at recursivelyTraverseLayoutEffects (node_modules/.pnpm/react-dom@19.1.0_react@19.1.0/node_modules/react-dom/cjs/react-dom-client.development.js:13590:11)
      at commitLayoutEffectOnFiber (node_modules/.pnpm/react-dom@19.1.0_react@19.1.0/node_modules/react-dom/cjs/react-dom-client.development.js:12611:11)
      at recursivelyTraverseLayoutEffects (node_modules/.pnpm/react-dom@19.1.0_react@19.1.0/node_modules/react-dom/cjs/react-dom-client.development.js:13590:11)
      at commitLayoutEffectOnFiber (node_modules/.pnpm/react-dom@19.1.0_react@19.1.0/node_modules/react-dom/cjs/react-dom-client.development.js:12727:11)
      at recursivelyTraverseLayoutEffects (node_modules/.pnpm/react-dom@19.1.0_react@19.1.0/node_modules/react-dom/cjs/react-dom-client.development.js:13590:11)
      at commitLayoutEffectOnFiber (node_modules/.pnpm/react-dom@19.1.0_react@19.1.0/node_modules/react-dom/cjs/react-dom-client.development.js:12611:11)
      at recursivelyTraverseLayoutEffects (node_modules/.pnpm/react-dom@19.1.0_react@19.1.0/node_modules/react-dom/cjs/react-dom-client.development.js:13590:11)
      at commitLayoutEffectOnFiber (node_modules/.pnpm/react-dom@19.1.0_react@19.1.0/node_modules/react-dom/cjs/react-dom-client.development.js:12611:11)
      at recursivelyTraverseLayoutEffects (node_modules/.pnpm/react-dom@19.1.0_react@19.1.0/node_modules/react-dom/cjs/react-dom-client.development.js:13590:11)
      at commitLayoutEffectOnFiber (node_modules/.pnpm/react-dom@19.1.0_react@19.1.0/node_modules/react-dom/cjs/react-dom-client.development.js:12611:11)
      at recursivelyTraverseLayoutEffects (node_modules/.pnpm/react-dom@19.1.0_react@19.1.0/node_modules/react-dom/cjs/react-dom-client.development.js:13590:11)
      at commitLayoutEffectOnFiber (node_modules/.pnpm/react-dom@19.1.0_react@19.1.0/node_modules/react-dom/cjs/react-dom-client.development.js:12611:11)
      at recursivelyTraverseLayoutEffects (node_modules/.pnpm/react-dom@19.1.0_react@19.1.0/node_modules/react-dom/cjs/react-dom-client.development.js:13590:11)
      at commitLayoutEffectOnFiber (node_modules/.pnpm/react-dom@19.1.0_react@19.1.0/node_modules/react-dom/cjs/react-dom-client.development.js:12611:11)
      at recursivelyTraverseLayoutEffects (node_modules/.pnpm/react-dom@19.1.0_react@19.1.0/node_modules/react-dom/cjs/react-dom-client.development.js:13590:11)
      at commitLayoutEffectOnFiber (node_modules/.pnpm/react-dom@19.1.0_react@19.1.0/node_modules/react-dom/cjs/react-dom-client.development.js:12611:11)
      at recursivelyTraverseLayoutEffects (node_modules/.pnpm/react-dom@19.1.0_react@19.1.0/node_modules/react-dom/cjs/react-dom-client.development.js:13590:11)
      at commitLayoutEffectOnFiber (node_modules/.pnpm/react-dom@19.1.0_react@19.1.0/node_modules/react-dom/cjs/react-dom-client.development.js:12611:11)
      at recursivelyTraverseLayoutEffects (node_modules/.pnpm/react-dom@19.1.0_react@19.1.0/node_modules/react-dom/cjs/react-dom-client.development.js:13590:11)
      at commitLayoutEffectOnFiber (node_modules/.pnpm/react-dom@19.1.0_react@19.1.0/node_modules/react-dom/cjs/react-dom-client.development.js:12611:11)
      at recursivelyTraverseLayoutEffects (node_modules/.pnpm/react-dom@19.1.0_react@19.1.0/node_modules/react-dom/cjs/react-dom-client.development.js:13590:11)
      at commitLayoutEffectOnFiber (node_modules/.pnpm/react-dom@19.1.0_react@19.1.0/node_modules/react-dom/cjs/react-dom-client.development.js:12611:11)
      at recursivelyTraverseLayoutEffects (node_modules/.pnpm/react-dom@19.1.0_react@19.1.0/node_modules/react-dom/cjs/react-dom-client.development.js:13590:11)
      at commitLayoutEffectOnFiber (node_modules/.pnpm/react-dom@19.1.0_react@19.1.0/node_modules/react-dom/cjs/react-dom-client.development.js:12611:11)
      at recursivelyTraverseLayoutEffects (node_modules/.pnpm/react-dom@19.1.0_react@19.1.0/node_modules/react-dom/cjs/react-dom-client.development.js:13590:11)
      at commitLayoutEffectOnFiber (node_modules/.pnpm/react-dom@19.1.0_react@19.1.0/node_modules/react-dom/cjs/react-dom-client.development.js:12791:11)
      at recursivelyTraverseLayoutEffects (node_modules/.pnpm/react-dom@19.1.0_react@19.1.0/node_modules/react-dom/cjs/react-dom-client.development.js:13590:11)
      at commitLayoutEffectOnFiber (node_modules/.pnpm/react-dom@19.1.0_react@19.1.0/node_modules/react-dom/cjs/react-dom-client.development.js:12611:11)
      at recursivelyTraverseLayoutEffects (node_modules/.pnpm/react-dom@19.1.0_react@19.1.0/node_modules/react-dom/cjs/react-dom-client.development.js:13590:11)
      at commitLayoutEffectOnFiber (node_modules/.pnpm/react-dom@19.1.0_react@19.1.0/node_modules/react-dom/cjs/react-dom-client.development.js:12791:11)
      at recursivelyTraverseLayoutEffects (node_modules/.pnpm/react-dom@19.1.0_react@19.1.0/node_modules/react-dom/cjs/react-dom-client.development.js:13590:11)
      at commitLayoutEffectOnFiber (node_modules/.pnpm/react-dom@19.1.0_react@19.1.0/node_modules/react-dom/cjs/react-dom-client.development.js:12611:11)
      at recursivelyTraverseLayoutEffects (node_modules/.pnpm/react-dom@19.1.0_react@19.1.0/node_modules/react-dom/cjs/react-dom-client.development.js:13590:11)
      at commitLayoutEffectOnFiber (node_modules/.pnpm/react-dom@19.1.0_react@19.1.0/node_modules/react-dom/cjs/react-dom-client.development.js:12611:11)
      at recursivelyTraverseLayoutEffects (node_modules/.pnpm/react-dom@19.1.0_react@19.1.0/node_modules/react-dom/cjs/react-dom-client.development.js:13590:11)
      at commitLayoutEffectOnFiber (node_modules/.pnpm/react-dom@19.1.0_react@19.1.0/node_modules/react-dom/cjs/react-dom-client.development.js:12611:11)
      at recursivelyTraverseLayoutEffects (node_modules/.pnpm/react-dom@19.1.0_react@19.1.0/node_modules/react-dom/cjs/react-dom-client.development.js:13590:11)
      at commitLayoutEffectOnFiber (node_modules/.pnpm/react-dom@19.1.0_react@19.1.0/node_modules/react-dom/cjs/react-dom-client.development.js:12791:11)
      at recursivelyTraverseLayoutEffects (node_modules/.pnpm/react-dom@19.1.0_react@19.1.0/node_modules/react-dom/cjs/react-dom-client.development.js:13590:11)
      at commitLayoutEffectOnFiber (node_modules/.pnpm/react-dom@19.1.0_react@19.1.0/node_modules/react-dom/cjs/react-dom-client.development.js:12611:11)
      at recursivelyTraverseLayoutEffects (node_modules/.pnpm/react-dom@19.1.0_react@19.1.0/node_modules/react-dom/cjs/react-dom-client.development.js:13590:11)
      at commitLayoutEffectOnFiber (node_modules/.pnpm/react-dom@19.1.0_react@19.1.0/node_modules/react-dom/cjs/react-dom-client.development.js:12611:11)
      at recursivelyTraverseLayoutEffects (node_modules/.pnpm/react-dom@19.1.0_react@19.1.0/node_modules/react-dom/cjs/react-dom-client.development.js:13590:11)
      at commitLayoutEffectOnFiber (node_modules/.pnpm/react-dom@19.1.0_react@19.1.0/node_modules/react-dom/cjs/react-dom-client.development.js:12611:11)
      at recursivelyTraverseLayoutEffects (node_modules/.pnpm/react-dom@19.1.0_react@19.1.0/node_modules/react-dom/cjs/react-dom-client.development.js:13590:11)
      at commitLayoutEffectOnFiber (node_modules/.pnpm/react-dom@19.1.0_react@19.1.0/node_modules/react-dom/cjs/react-dom-client.development.js:12727:11)
      at recursivelyTraverseLayoutEffects (node_modules/.pnpm/react-dom@19.1.0_react@19.1.0/node_modules/react-dom/cjs/react-dom-client.development.js:13590:11)
      at commitLayoutEffectOnFiber (node_modules/.pnpm/react-dom@19.1.0_react@19.1.0/node_modules/react-dom/cjs/react-dom-client.development.js:12693:11)
      at flushLayoutEffects (node_modules/.pnpm/react-dom@19.1.0_react@19.1.0/node_modules/react-dom/cjs/react-dom-client.development.js:15559:15)
      at commitRoot (node_modules/.pnpm/react-dom@19.1.0_react@19.1.0/node_modules/react-dom/cjs/react-dom-client.development.js:15402:9)
      at commitRootWhenReady (node_modules/.pnpm/react-dom@19.1.0_react@19.1.0/node_modules/react-dom/cjs/react-dom-client.development.js:14652:7)
      at performWorkOnRoot (node_modules/.pnpm/react-dom@19.1.0_react@19.1.0/node_modules/react-dom/cjs/react-dom-client.development.js:14575:15)
      at performSyncWorkOnRoot (node_modules/.pnpm/react-dom@19.1.0_react@19.1.0/node_modules/react-dom/cjs/react-dom-client.development.js:16231:7)
      at flushSyncWorkAcrossRoots_impl (node_modules/.pnpm/react-dom@19.1.0_react@19.1.0/node_modules/react-dom/cjs/react-dom-client.development.js:16079:21)
      at flushSpawnedWork (node_modules/.pnpm/react-dom@19.1.0_react@19.1.0/node_modules/react-dom/cjs/react-dom-client.development.js:15677:9)
      at commitRoot (node_modules/.pnpm/react-dom@19.1.0_react@19.1.0/node_modules/react-dom/cjs/react-dom-client.development.js:15403:9)
      at commitRootWhenReady (node_modules/.pnpm/react-dom@19.1.0_react@19.1.0/node_modules/react-dom/cjs/react-dom-client.development.js:14652:7)
      at performWorkOnRoot (node_modules/.pnpm/react-dom@19.1.0_react@19.1.0/node_modules/react-dom/cjs/react-dom-client.development.js:14575:15)
      at performWorkOnRootViaSchedulerTask (node_modules/.pnpm/react-dom@19.1.0_react@19.1.0/node_modules/react-dom/cjs/react-dom-client.development.js:16216:7)
      at performWorkUntilDeadline (node_modules/.pnpm/scheduler@0.26.0/node_modules/scheduler/cjs/scheduler.development.js:45:48)
      at Timeout.task [as _onTimeout] (node_modules/.pnpm/jsdom@20.0.3/node_modules/jsdom/lib/jsdom/browser/Window.js:520:19)

  console.error
    An update to Presence inside a test was not wrapped in act(...).

    When testing, code that causes React state updates should be wrapped into act(...):

    act(() => {
      /* fire events that update state */
    });
    /* assert on the output */

    This ensures that you're testing the behavior the user would see in the browser. Learn more at https://react.dev/link/wrap-tests-with-act

      at node_modules/.pnpm/react-dom@19.1.0_react@19.1.0/node_modules/react-dom/cjs/react-dom-client.development.js:16023:19
      at runWithFiberInDEV (node_modules/.pnpm/react-dom@19.1.0_react@19.1.0/node_modules/react-dom/cjs/react-dom-client.development.js:1522:13)
      at warnIfUpdatesNotWrappedWithActDEV (node_modules/.pnpm/react-dom@19.1.0_react@19.1.0/node_modules/react-dom/cjs/react-dom-client.development.js:16022:9)
      at scheduleUpdateOnFiber (node_modules/.pnpm/react-dom@19.1.0_react@19.1.0/node_modules/react-dom/cjs/react-dom-client.development.js:14396:11)
      at dispatchSetStateInternal (node_modules/.pnpm/react-dom@19.1.0_react@19.1.0/node_modules/react-dom/cjs/react-dom-client.development.js:6969:13)
      at dispatchSetState (node_modules/.pnpm/react-dom@19.1.0_react@19.1.0/node_modules/react-dom/cjs/react-dom-client.development.js:6927:7)
      at node_modules/.pnpm/@radix-ui+react-presence@1.1.2_@types+react-dom@19.1.5_@types+react@19.1.4__@types+reac_cf404f2765adb4b6877f4e8a2d692386/node_modules/@radix-ui/react-presence/src/Presence.tsx:157:7
      at setRef (node_modules/.pnpm/@radix-ui+react-compose-refs@1.1.1_@types+react@19.1.4_react@19.1.0/node_modules/@radix-ui/react-compose-refs/src/composeRefs.tsx:11:12)
      at node_modules/.pnpm/@radix-ui+react-compose-refs@1.1.1_@types+react@19.1.4_react@19.1.0/node_modules/@radix-ui/react-compose-refs/src/composeRefs.tsx:25:23
          at Array.map (<anonymous>)
      at node_modules/.pnpm/@radix-ui+react-compose-refs@1.1.1_@types+react@19.1.4_react@19.1.0/node_modules/@radix-ui/react-compose-refs/src/composeRefs.tsx:24:27
      at setRef (node_modules/.pnpm/@radix-ui+react-compose-refs@1.1.1_@types+react@19.1.4_react@19.1.0/node_modules/@radix-ui/react-compose-refs/src/composeRefs.tsx:11:12)
      at node_modules/.pnpm/@radix-ui+react-compose-refs@1.1.1_@types+react@19.1.4_react@19.1.0/node_modules/@radix-ui/react-compose-refs/src/composeRefs.tsx:25:23
          at Array.map (<anonymous>)
      at node_modules/.pnpm/@radix-ui+react-compose-refs@1.1.1_@types+react@19.1.4_react@19.1.0/node_modules/@radix-ui/react-compose-refs/src/composeRefs.tsx:24:27
      at setRef (node_modules/.pnpm/@radix-ui+react-compose-refs@1.1.1_@types+react@19.1.4_react@19.1.0/node_modules/@radix-ui/react-compose-refs/src/composeRefs.tsx:11:12)
      at node_modules/.pnpm/@radix-ui+react-compose-refs@1.1.1_@types+react@19.1.4_react@19.1.0/node_modules/@radix-ui/react-compose-refs/src/composeRefs.tsx:25:23
          at Array.map (<anonymous>)
      at node_modules/.pnpm/@radix-ui+react-compose-refs@1.1.1_@types+react@19.1.4_react@19.1.0/node_modules/@radix-ui/react-compose-refs/src/composeRefs.tsx:24:27
      at setRef (node_modules/.pnpm/@radix-ui+react-compose-refs@1.1.1_@types+react@19.1.4_react@19.1.0/node_modules/@radix-ui/react-compose-refs/src/composeRefs.tsx:11:12)
      at node_modules/.pnpm/@radix-ui+react-compose-refs@1.1.1_@types+react@19.1.4_react@19.1.0/node_modules/@radix-ui/react-compose-refs/src/composeRefs.tsx:25:23
          at Array.map (<anonymous>)
      at node_modules/.pnpm/@radix-ui+react-compose-refs@1.1.1_@types+react@19.1.4_react@19.1.0/node_modules/@radix-ui/react-compose-refs/src/composeRefs.tsx:24:27
      at commitAttachRef (node_modules/.pnpm/react-dom@19.1.0_react@19.1.0/node_modules/react-dom/cjs/react-dom-client.development.js:12177:42)
      at runWithFiberInDEV (node_modules/.pnpm/react-dom@19.1.0_react@19.1.0/node_modules/react-dom/cjs/react-dom-client.development.js:1522:13)
      at safelyAttachRef (node_modules/.pnpm/react-dom@19.1.0_react@19.1.0/node_modules/react-dom/cjs/react-dom-client.development.js:12191:9)
      at commitLayoutEffectOnFiber (node_modules/.pnpm/react-dom@19.1.0_react@19.1.0/node_modules/react-dom/cjs/react-dom-client.development.js:12729:26)
      at recursivelyTraverseLayoutEffects (node_modules/.pnpm/react-dom@19.1.0_react@19.1.0/node_modules/react-dom/cjs/react-dom-client.development.js:13590:11)
      at commitLayoutEffectOnFiber (node_modules/.pnpm/react-dom@19.1.0_react@19.1.0/node_modules/react-dom/cjs/react-dom-client.development.js:12611:11)
      at recursivelyTraverseLayoutEffects (node_modules/.pnpm/react-dom@19.1.0_react@19.1.0/node_modules/react-dom/cjs/react-dom-client.development.js:13590:11)
      at commitLayoutEffectOnFiber (node_modules/.pnpm/react-dom@19.1.0_react@19.1.0/node_modules/react-dom/cjs/react-dom-client.development.js:12791:11)
      at recursivelyTraverseLayoutEffects (node_modules/.pnpm/react-dom@19.1.0_react@19.1.0/node_modules/react-dom/cjs/react-dom-client.development.js:13590:11)
      at commitLayoutEffectOnFiber (node_modules/.pnpm/react-dom@19.1.0_react@19.1.0/node_modules/react-dom/cjs/react-dom-client.development.js:12611:11)
      at recursivelyTraverseLayoutEffects (node_modules/.pnpm/react-dom@19.1.0_react@19.1.0/node_modules/react-dom/cjs/react-dom-client.development.js:13590:11)
      at commitLayoutEffectOnFiber (node_modules/.pnpm/react-dom@19.1.0_react@19.1.0/node_modules/react-dom/cjs/react-dom-client.development.js:12727:11)
      at recursivelyTraverseLayoutEffects (node_modules/.pnpm/react-dom@19.1.0_react@19.1.0/node_modules/react-dom/cjs/react-dom-client.development.js:13590:11)
      at commitLayoutEffectOnFiber (node_modules/.pnpm/react-dom@19.1.0_react@19.1.0/node_modules/react-dom/cjs/react-dom-client.development.js:12611:11)
      at recursivelyTraverseLayoutEffects (node_modules/.pnpm/react-dom@19.1.0_react@19.1.0/node_modules/react-dom/cjs/react-dom-client.development.js:13590:11)
      at commitLayoutEffectOnFiber (node_modules/.pnpm/react-dom@19.1.0_react@19.1.0/node_modules/react-dom/cjs/react-dom-client.development.js:12611:11)
      at recursivelyTraverseLayoutEffects (node_modules/.pnpm/react-dom@19.1.0_react@19.1.0/node_modules/react-dom/cjs/react-dom-client.development.js:13590:11)
      at commitLayoutEffectOnFiber (node_modules/.pnpm/react-dom@19.1.0_react@19.1.0/node_modules/react-dom/cjs/react-dom-client.development.js:12611:11)
      at recursivelyTraverseLayoutEffects (node_modules/.pnpm/react-dom@19.1.0_react@19.1.0/node_modules/react-dom/cjs/react-dom-client.development.js:13590:11)
      at commitLayoutEffectOnFiber (node_modules/.pnpm/react-dom@19.1.0_react@19.1.0/node_modules/react-dom/cjs/react-dom-client.development.js:12611:11)
      at recursivelyTraverseLayoutEffects (node_modules/.pnpm/react-dom@19.1.0_react@19.1.0/node_modules/react-dom/cjs/react-dom-client.development.js:13590:11)
      at commitLayoutEffectOnFiber (node_modules/.pnpm/react-dom@19.1.0_react@19.1.0/node_modules/react-dom/cjs/react-dom-client.development.js:12611:11)
      at recursivelyTraverseLayoutEffects (node_modules/.pnpm/react-dom@19.1.0_react@19.1.0/node_modules/react-dom/cjs/react-dom-client.development.js:13590:11)
      at commitLayoutEffectOnFiber (node_modules/.pnpm/react-dom@19.1.0_react@19.1.0/node_modules/react-dom/cjs/react-dom-client.development.js:12611:11)
      at recursivelyTraverseLayoutEffects (node_modules/.pnpm/react-dom@19.1.0_react@19.1.0/node_modules/react-dom/cjs/react-dom-client.development.js:13590:11)
      at commitLayoutEffectOnFiber (node_modules/.pnpm/react-dom@19.1.0_react@19.1.0/node_modules/react-dom/cjs/react-dom-client.development.js:12611:11)
      at recursivelyTraverseLayoutEffects (node_modules/.pnpm/react-dom@19.1.0_react@19.1.0/node_modules/react-dom/cjs/react-dom-client.development.js:13590:11)
      at commitLayoutEffectOnFiber (node_modules/.pnpm/react-dom@19.1.0_react@19.1.0/node_modules/react-dom/cjs/react-dom-client.development.js:12611:11)
      at recursivelyTraverseLayoutEffects (node_modules/.pnpm/react-dom@19.1.0_react@19.1.0/node_modules/react-dom/cjs/react-dom-client.development.js:13590:11)
      at commitLayoutEffectOnFiber (node_modules/.pnpm/react-dom@19.1.0_react@19.1.0/node_modules/react-dom/cjs/react-dom-client.development.js:12611:11)
      at recursivelyTraverseLayoutEffects (node_modules/.pnpm/react-dom@19.1.0_react@19.1.0/node_modules/react-dom/cjs/react-dom-client.development.js:13590:11)
      at commitLayoutEffectOnFiber (node_modules/.pnpm/react-dom@19.1.0_react@19.1.0/node_modules/react-dom/cjs/react-dom-client.development.js:12611:11)
      at recursivelyTraverseLayoutEffects (node_modules/.pnpm/react-dom@19.1.0_react@19.1.0/node_modules/react-dom/cjs/react-dom-client.development.js:13590:11)
      at commitLayoutEffectOnFiber (node_modules/.pnpm/react-dom@19.1.0_react@19.1.0/node_modules/react-dom/cjs/react-dom-client.development.js:12791:11)
      at recursivelyTraverseLayoutEffects (node_modules/.pnpm/react-dom@19.1.0_react@19.1.0/node_modules/react-dom/cjs/react-dom-client.development.js:13590:11)
      at commitLayoutEffectOnFiber (node_modules/.pnpm/react-dom@19.1.0_react@19.1.0/node_modules/react-dom/cjs/react-dom-client.development.js:12611:11)
      at recursivelyTraverseLayoutEffects (node_modules/.pnpm/react-dom@19.1.0_react@19.1.0/node_modules/react-dom/cjs/react-dom-client.development.js:13590:11)
      at commitLayoutEffectOnFiber (node_modules/.pnpm/react-dom@19.1.0_react@19.1.0/node_modules/react-dom/cjs/react-dom-client.development.js:12791:11)
      at recursivelyTraverseLayoutEffects (node_modules/.pnpm/react-dom@19.1.0_react@19.1.0/node_modules/react-dom/cjs/react-dom-client.development.js:13590:11)
      at commitLayoutEffectOnFiber (node_modules/.pnpm/react-dom@19.1.0_react@19.1.0/node_modules/react-dom/cjs/react-dom-client.development.js:12611:11)
      at recursivelyTraverseLayoutEffects (node_modules/.pnpm/react-dom@19.1.0_react@19.1.0/node_modules/react-dom/cjs/react-dom-client.development.js:13590:11)
      at commitLayoutEffectOnFiber (node_modules/.pnpm/react-dom@19.1.0_react@19.1.0/node_modules/react-dom/cjs/react-dom-client.development.js:12611:11)
      at recursivelyTraverseLayoutEffects (node_modules/.pnpm/react-dom@19.1.0_react@19.1.0/node_modules/react-dom/cjs/react-dom-client.development.js:13590:11)
      at commitLayoutEffectOnFiber (node_modules/.pnpm/react-dom@19.1.0_react@19.1.0/node_modules/react-dom/cjs/react-dom-client.development.js:12611:11)
      at recursivelyTraverseLayoutEffects (node_modules/.pnpm/react-dom@19.1.0_react@19.1.0/node_modules/react-dom/cjs/react-dom-client.development.js:13590:11)
      at commitLayoutEffectOnFiber (node_modules/.pnpm/react-dom@19.1.0_react@19.1.0/node_modules/react-dom/cjs/react-dom-client.development.js:12791:11)
      at recursivelyTraverseLayoutEffects (node_modules/.pnpm/react-dom@19.1.0_react@19.1.0/node_modules/react-dom/cjs/react-dom-client.development.js:13590:11)
      at commitLayoutEffectOnFiber (node_modules/.pnpm/react-dom@19.1.0_react@19.1.0/node_modules/react-dom/cjs/react-dom-client.development.js:12611:11)
      at recursivelyTraverseLayoutEffects (node_modules/.pnpm/react-dom@19.1.0_react@19.1.0/node_modules/react-dom/cjs/react-dom-client.development.js:13590:11)
      at commitLayoutEffectOnFiber (node_modules/.pnpm/react-dom@19.1.0_react@19.1.0/node_modules/react-dom/cjs/react-dom-client.development.js:12611:11)
      at recursivelyTraverseLayoutEffects (node_modules/.pnpm/react-dom@19.1.0_react@19.1.0/node_modules/react-dom/cjs/react-dom-client.development.js:13590:11)
      at commitLayoutEffectOnFiber (node_modules/.pnpm/react-dom@19.1.0_react@19.1.0/node_modules/react-dom/cjs/react-dom-client.development.js:12611:11)
      at recursivelyTraverseLayoutEffects (node_modules/.pnpm/react-dom@19.1.0_react@19.1.0/node_modules/react-dom/cjs/react-dom-client.development.js:13590:11)
      at commitLayoutEffectOnFiber (node_modules/.pnpm/react-dom@19.1.0_react@19.1.0/node_modules/react-dom/cjs/react-dom-client.development.js:12727:11)
      at recursivelyTraverseLayoutEffects (node_modules/.pnpm/react-dom@19.1.0_react@19.1.0/node_modules/react-dom/cjs/react-dom-client.development.js:13590:11)
      at commitLayoutEffectOnFiber (node_modules/.pnpm/react-dom@19.1.0_react@19.1.0/node_modules/react-dom/cjs/react-dom-client.development.js:12693:11)
      at flushLayoutEffects (node_modules/.pnpm/react-dom@19.1.0_react@19.1.0/node_modules/react-dom/cjs/react-dom-client.development.js:15559:15)
      at commitRoot (node_modules/.pnpm/react-dom@19.1.0_react@19.1.0/node_modules/react-dom/cjs/react-dom-client.development.js:15402:9)
      at commitRootWhenReady (node_modules/.pnpm/react-dom@19.1.0_react@19.1.0/node_modules/react-dom/cjs/react-dom-client.development.js:14652:7)
      at performWorkOnRoot (node_modules/.pnpm/react-dom@19.1.0_react@19.1.0/node_modules/react-dom/cjs/react-dom-client.development.js:14575:15)
      at performSyncWorkOnRoot (node_modules/.pnpm/react-dom@19.1.0_react@19.1.0/node_modules/react-dom/cjs/react-dom-client.development.js:16231:7)
      at flushSyncWorkAcrossRoots_impl (node_modules/.pnpm/react-dom@19.1.0_react@19.1.0/node_modules/react-dom/cjs/react-dom-client.development.js:16079:21)
      at flushSpawnedWork (node_modules/.pnpm/react-dom@19.1.0_react@19.1.0/node_modules/react-dom/cjs/react-dom-client.development.js:15677:9)
      at commitRoot (node_modules/.pnpm/react-dom@19.1.0_react@19.1.0/node_modules/react-dom/cjs/react-dom-client.development.js:15403:9)
      at commitRootWhenReady (node_modules/.pnpm/react-dom@19.1.0_react@19.1.0/node_modules/react-dom/cjs/react-dom-client.development.js:14652:7)
      at performWorkOnRoot (node_modules/.pnpm/react-dom@19.1.0_react@19.1.0/node_modules/react-dom/cjs/react-dom-client.development.js:14575:15)
      at performWorkOnRootViaSchedulerTask (node_modules/.pnpm/react-dom@19.1.0_react@19.1.0/node_modules/react-dom/cjs/react-dom-client.development.js:16216:7)
      at performWorkUntilDeadline (node_modules/.pnpm/scheduler@0.26.0/node_modules/scheduler/cjs/scheduler.development.js:45:48)
      at Timeout.task [as _onTimeout] (node_modules/.pnpm/jsdom@20.0.3/node_modules/jsdom/lib/jsdom/browser/Window.js:520:19)

  console.error
    An update to PopperContent inside a test was not wrapped in act(...).

    When testing, code that causes React state updates should be wrapped into act(...):

    act(() => {
      /* fire events that update state */
    });
    /* assert on the output */

    This ensures that you're testing the behavior the user would see in the browser. Learn more at https://react.dev/link/wrap-tests-with-act

      at node_modules/.pnpm/react-dom@19.1.0_react@19.1.0/node_modules/react-dom/cjs/react-dom-client.development.js:16023:19
      at runWithFiberInDEV (node_modules/.pnpm/react-dom@19.1.0_react@19.1.0/node_modules/react-dom/cjs/react-dom-client.development.js:1522:13)
      at warnIfUpdatesNotWrappedWithActDEV (node_modules/.pnpm/react-dom@19.1.0_react@19.1.0/node_modules/react-dom/cjs/react-dom-client.development.js:16022:9)
      at scheduleUpdateOnFiber (node_modules/.pnpm/react-dom@19.1.0_react@19.1.0/node_modules/react-dom/cjs/react-dom-client.development.js:14396:11)
      at dispatchSetStateInternal (node_modules/.pnpm/react-dom@19.1.0_react@19.1.0/node_modules/react-dom/cjs/react-dom-client.development.js:6969:13)
      at dispatchSetState (node_modules/.pnpm/react-dom@19.1.0_react@19.1.0/node_modules/react-dom/cjs/react-dom-client.development.js:6927:7)
      at node_modules/.pnpm/@radix-ui+react-popper@1.2.1_@types+react-dom@19.1.5_@types+react@19.1.4__@types+react@_910688d4f3cb83ecf698ad7ae3e1c893/node_modules/@radix-ui/react-popper/src/Popper.tsx:150:66
      at setRef (node_modules/.pnpm/@radix-ui+react-compose-refs@1.1.1_@types+react@19.1.4_react@19.1.0/node_modules/@radix-ui/react-compose-refs/src/composeRefs.tsx:11:12)
      at node_modules/.pnpm/@radix-ui+react-compose-refs@1.1.1_@types+react@19.1.4_react@19.1.0/node_modules/@radix-ui/react-compose-refs/src/composeRefs.tsx:25:23
          at Array.map (<anonymous>)
      at node_modules/.pnpm/@radix-ui+react-compose-refs@1.1.1_@types+react@19.1.4_react@19.1.0/node_modules/@radix-ui/react-compose-refs/src/composeRefs.tsx:24:27
      at commitAttachRef (node_modules/.pnpm/react-dom@19.1.0_react@19.1.0/node_modules/react-dom/cjs/react-dom-client.development.js:12177:42)
      at runWithFiberInDEV (node_modules/.pnpm/react-dom@19.1.0_react@19.1.0/node_modules/react-dom/cjs/react-dom-client.development.js:1522:13)
      at safelyAttachRef (node_modules/.pnpm/react-dom@19.1.0_react@19.1.0/node_modules/react-dom/cjs/react-dom-client.development.js:12191:9)
      at commitLayoutEffectOnFiber (node_modules/.pnpm/react-dom@19.1.0_react@19.1.0/node_modules/react-dom/cjs/react-dom-client.development.js:12729:26)
      at recursivelyTraverseLayoutEffects (node_modules/.pnpm/react-dom@19.1.0_react@19.1.0/node_modules/react-dom/cjs/react-dom-client.development.js:13590:11)
      at commitLayoutEffectOnFiber (node_modules/.pnpm/react-dom@19.1.0_react@19.1.0/node_modules/react-dom/cjs/react-dom-client.development.js:12611:11)
      at recursivelyTraverseLayoutEffects (node_modules/.pnpm/react-dom@19.1.0_react@19.1.0/node_modules/react-dom/cjs/react-dom-client.development.js:13590:11)
      at commitLayoutEffectOnFiber (node_modules/.pnpm/react-dom@19.1.0_react@19.1.0/node_modules/react-dom/cjs/react-dom-client.development.js:12791:11)
      at recursivelyTraverseLayoutEffects (node_modules/.pnpm/react-dom@19.1.0_react@19.1.0/node_modules/react-dom/cjs/react-dom-client.development.js:13590:11)
      at commitLayoutEffectOnFiber (node_modules/.pnpm/react-dom@19.1.0_react@19.1.0/node_modules/react-dom/cjs/react-dom-client.development.js:12611:11)
      at recursivelyTraverseLayoutEffects (node_modules/.pnpm/react-dom@19.1.0_react@19.1.0/node_modules/react-dom/cjs/react-dom-client.development.js:13590:11)
      at commitLayoutEffectOnFiber (node_modules/.pnpm/react-dom@19.1.0_react@19.1.0/node_modules/react-dom/cjs/react-dom-client.development.js:12727:11)
      at recursivelyTraverseLayoutEffects (node_modules/.pnpm/react-dom@19.1.0_react@19.1.0/node_modules/react-dom/cjs/react-dom-client.development.js:13590:11)
      at commitLayoutEffectOnFiber (node_modules/.pnpm/react-dom@19.1.0_react@19.1.0/node_modules/react-dom/cjs/react-dom-client.development.js:12611:11)
      at recursivelyTraverseLayoutEffects (node_modules/.pnpm/react-dom@19.1.0_react@19.1.0/node_modules/react-dom/cjs/react-dom-client.development.js:13590:11)
      at commitLayoutEffectOnFiber (node_modules/.pnpm/react-dom@19.1.0_react@19.1.0/node_modules/react-dom/cjs/react-dom-client.development.js:12611:11)
      at recursivelyTraverseLayoutEffects (node_modules/.pnpm/react-dom@19.1.0_react@19.1.0/node_modules/react-dom/cjs/react-dom-client.development.js:13590:11)
      at commitLayoutEffectOnFiber (node_modules/.pnpm/react-dom@19.1.0_react@19.1.0/node_modules/react-dom/cjs/react-dom-client.development.js:12611:11)
      at recursivelyTraverseLayoutEffects (node_modules/.pnpm/react-dom@19.1.0_react@19.1.0/node_modules/react-dom/cjs/react-dom-client.development.js:13590:11)
      at commitLayoutEffectOnFiber (node_modules/.pnpm/react-dom@19.1.0_react@19.1.0/node_modules/react-dom/cjs/react-dom-client.development.js:12611:11)
      at recursivelyTraverseLayoutEffects (node_modules/.pnpm/react-dom@19.1.0_react@19.1.0/node_modules/react-dom/cjs/react-dom-client.development.js:13590:11)
      at commitLayoutEffectOnFiber (node_modules/.pnpm/react-dom@19.1.0_react@19.1.0/node_modules/react-dom/cjs/react-dom-client.development.js:12611:11)
      at recursivelyTraverseLayoutEffects (node_modules/.pnpm/react-dom@19.1.0_react@19.1.0/node_modules/react-dom/cjs/react-dom-client.development.js:13590:11)
      at commitLayoutEffectOnFiber (node_modules/.pnpm/react-dom@19.1.0_react@19.1.0/node_modules/react-dom/cjs/react-dom-client.development.js:12611:11)
      at recursivelyTraverseLayoutEffects (node_modules/.pnpm/react-dom@19.1.0_react@19.1.0/node_modules/react-dom/cjs/react-dom-client.development.js:13590:11)
      at commitLayoutEffectOnFiber (node_modules/.pnpm/react-dom@19.1.0_react@19.1.0/node_modules/react-dom/cjs/react-dom-client.development.js:12611:11)
      at recursivelyTraverseLayoutEffects (node_modules/.pnpm/react-dom@19.1.0_react@19.1.0/node_modules/react-dom/cjs/react-dom-client.development.js:13590:11)
      at commitLayoutEffectOnFiber (node_modules/.pnpm/react-dom@19.1.0_react@19.1.0/node_modules/react-dom/cjs/react-dom-client.development.js:12611:11)
      at recursivelyTraverseLayoutEffects (node_modules/.pnpm/react-dom@19.1.0_react@19.1.0/node_modules/react-dom/cjs/react-dom-client.development.js:13590:11)
      at commitLayoutEffectOnFiber (node_modules/.pnpm/react-dom@19.1.0_react@19.1.0/node_modules/react-dom/cjs/react-dom-client.development.js:12611:11)
      at recursivelyTraverseLayoutEffects (node_modules/.pnpm/react-dom@19.1.0_react@19.1.0/node_modules/react-dom/cjs/react-dom-client.development.js:13590:11)
      at commitLayoutEffectOnFiber (node_modules/.pnpm/react-dom@19.1.0_react@19.1.0/node_modules/react-dom/cjs/react-dom-client.development.js:12611:11)
      at recursivelyTraverseLayoutEffects (node_modules/.pnpm/react-dom@19.1.0_react@19.1.0/node_modules/react-dom/cjs/react-dom-client.development.js:13590:11)
      at commitLayoutEffectOnFiber (node_modules/.pnpm/react-dom@19.1.0_react@19.1.0/node_modules/react-dom/cjs/react-dom-client.development.js:12791:11)
      at recursivelyTraverseLayoutEffects (node_modules/.pnpm/react-dom@19.1.0_react@19.1.0/node_modules/react-dom/cjs/react-dom-client.development.js:13590:11)
      at commitLayoutEffectOnFiber (node_modules/.pnpm/react-dom@19.1.0_react@19.1.0/node_modules/react-dom/cjs/react-dom-client.development.js:12611:11)
      at recursivelyTraverseLayoutEffects (node_modules/.pnpm/react-dom@19.1.0_react@19.1.0/node_modules/react-dom/cjs/react-dom-client.development.js:13590:11)
      at commitLayoutEffectOnFiber (node_modules/.pnpm/react-dom@19.1.0_react@19.1.0/node_modules/react-dom/cjs/react-dom-client.development.js:12791:11)
      at recursivelyTraverseLayoutEffects (node_modules/.pnpm/react-dom@19.1.0_react@19.1.0/node_modules/react-dom/cjs/react-dom-client.development.js:13590:11)
      at commitLayoutEffectOnFiber (node_modules/.pnpm/react-dom@19.1.0_react@19.1.0/node_modules/react-dom/cjs/react-dom-client.development.js:12611:11)
      at recursivelyTraverseLayoutEffects (node_modules/.pnpm/react-dom@19.1.0_react@19.1.0/node_modules/react-dom/cjs/react-dom-client.development.js:13590:11)
      at commitLayoutEffectOnFiber (node_modules/.pnpm/react-dom@19.1.0_react@19.1.0/node_modules/react-dom/cjs/react-dom-client.development.js:12611:11)
      at recursivelyTraverseLayoutEffects (node_modules/.pnpm/react-dom@19.1.0_react@19.1.0/node_modules/react-dom/cjs/react-dom-client.development.js:13590:11)
      at commitLayoutEffectOnFiber (node_modules/.pnpm/react-dom@19.1.0_react@19.1.0/node_modules/react-dom/cjs/react-dom-client.development.js:12611:11)
      at recursivelyTraverseLayoutEffects (node_modules/.pnpm/react-dom@19.1.0_react@19.1.0/node_modules/react-dom/cjs/react-dom-client.development.js:13590:11)
      at commitLayoutEffectOnFiber (node_modules/.pnpm/react-dom@19.1.0_react@19.1.0/node_modules/react-dom/cjs/react-dom-client.development.js:12791:11)
      at recursivelyTraverseLayoutEffects (node_modules/.pnpm/react-dom@19.1.0_react@19.1.0/node_modules/react-dom/cjs/react-dom-client.development.js:13590:11)
      at commitLayoutEffectOnFiber (node_modules/.pnpm/react-dom@19.1.0_react@19.1.0/node_modules/react-dom/cjs/react-dom-client.development.js:12611:11)
      at recursivelyTraverseLayoutEffects (node_modules/.pnpm/react-dom@19.1.0_react@19.1.0/node_modules/react-dom/cjs/react-dom-client.development.js:13590:11)
      at commitLayoutEffectOnFiber (node_modules/.pnpm/react-dom@19.1.0_react@19.1.0/node_modules/react-dom/cjs/react-dom-client.development.js:12611:11)
      at recursivelyTraverseLayoutEffects (node_modules/.pnpm/react-dom@19.1.0_react@19.1.0/node_modules/react-dom/cjs/react-dom-client.development.js:13590:11)
      at commitLayoutEffectOnFiber (node_modules/.pnpm/react-dom@19.1.0_react@19.1.0/node_modules/react-dom/cjs/react-dom-client.development.js:12611:11)
      at recursivelyTraverseLayoutEffects (node_modules/.pnpm/react-dom@19.1.0_react@19.1.0/node_modules/react-dom/cjs/react-dom-client.development.js:13590:11)
      at commitLayoutEffectOnFiber (node_modules/.pnpm/react-dom@19.1.0_react@19.1.0/node_modules/react-dom/cjs/react-dom-client.development.js:12727:11)
      at recursivelyTraverseLayoutEffects (node_modules/.pnpm/react-dom@19.1.0_react@19.1.0/node_modules/react-dom/cjs/react-dom-client.development.js:13590:11)
      at commitLayoutEffectOnFiber (node_modules/.pnpm/react-dom@19.1.0_react@19.1.0/node_modules/react-dom/cjs/react-dom-client.development.js:12693:11)
      at flushLayoutEffects (node_modules/.pnpm/react-dom@19.1.0_react@19.1.0/node_modules/react-dom/cjs/react-dom-client.development.js:15559:15)
      at commitRoot (node_modules/.pnpm/react-dom@19.1.0_react@19.1.0/node_modules/react-dom/cjs/react-dom-client.development.js:15402:9)
      at commitRootWhenReady (node_modules/.pnpm/react-dom@19.1.0_react@19.1.0/node_modules/react-dom/cjs/react-dom-client.development.js:14652:7)
      at performWorkOnRoot (node_modules/.pnpm/react-dom@19.1.0_react@19.1.0/node_modules/react-dom/cjs/react-dom-client.development.js:14575:15)
      at performSyncWorkOnRoot (node_modules/.pnpm/react-dom@19.1.0_react@19.1.0/node_modules/react-dom/cjs/react-dom-client.development.js:16231:7)
      at flushSyncWorkAcrossRoots_impl (node_modules/.pnpm/react-dom@19.1.0_react@19.1.0/node_modules/react-dom/cjs/react-dom-client.development.js:16079:21)
      at flushSpawnedWork (node_modules/.pnpm/react-dom@19.1.0_react@19.1.0/node_modules/react-dom/cjs/react-dom-client.development.js:15677:9)
      at commitRoot (node_modules/.pnpm/react-dom@19.1.0_react@19.1.0/node_modules/react-dom/cjs/react-dom-client.development.js:15403:9)
      at commitRootWhenReady (node_modules/.pnpm/react-dom@19.1.0_react@19.1.0/node_modules/react-dom/cjs/react-dom-client.development.js:14652:7)
      at performWorkOnRoot (node_modules/.pnpm/react-dom@19.1.0_react@19.1.0/node_modules/react-dom/cjs/react-dom-client.development.js:14575:15)
      at performWorkOnRootViaSchedulerTask (node_modules/.pnpm/react-dom@19.1.0_react@19.1.0/node_modules/react-dom/cjs/react-dom-client.development.js:16216:7)
      at performWorkUntilDeadline (node_modules/.pnpm/scheduler@0.26.0/node_modules/scheduler/cjs/scheduler.development.js:45:48)
      at Timeout.task [as _onTimeout] (node_modules/.pnpm/jsdom@20.0.3/node_modules/jsdom/lib/jsdom/browser/Window.js:520:19)

  console.error
    An update to PopperContent inside a test was not wrapped in act(...).

    When testing, code that causes React state updates should be wrapped into act(...):

    act(() => {
      /* fire events that update state */
    });
    /* assert on the output */

    This ensures that you're testing the behavior the user would see in the browser. Learn more at https://react.dev/link/wrap-tests-with-act

      at node_modules/.pnpm/react-dom@19.1.0_react@19.1.0/node_modules/react-dom/cjs/react-dom-client.development.js:16023:19
      at runWithFiberInDEV (node_modules/.pnpm/react-dom@19.1.0_react@19.1.0/node_modules/react-dom/cjs/react-dom-client.development.js:1522:13)
      at warnIfUpdatesNotWrappedWithActDEV (node_modules/.pnpm/react-dom@19.1.0_react@19.1.0/node_modules/react-dom/cjs/react-dom-client.development.js:16022:9)
      at scheduleUpdateOnFiber (node_modules/.pnpm/react-dom@19.1.0_react@19.1.0/node_modules/react-dom/cjs/react-dom-client.development.js:14396:11)
      at dispatchSetStateInternal (node_modules/.pnpm/react-dom@19.1.0_react@19.1.0/node_modules/react-dom/cjs/react-dom-client.development.js:6969:13)
      at dispatchSetState (node_modules/.pnpm/react-dom@19.1.0_react@19.1.0/node_modules/react-dom/cjs/react-dom-client.development.js:6927:7)
      at node_modules/.pnpm/@radix-ui+react-popper@1.2.1_@types+react-dom@19.1.5_@types+react@19.1.4__@types+react@_910688d4f3cb83ecf698ad7ae3e1c893/node_modules/@radix-ui/react-popper/src/Popper.tsx:229:20
      at Object.react-stack-bottom-frame (node_modules/.pnpm/react-dom@19.1.0_react@19.1.0/node_modules/react-dom/cjs/react-dom-client.development.js:23949:20)
      at runWithFiberInDEV (node_modules/.pnpm/react-dom@19.1.0_react@19.1.0/node_modules/react-dom/cjs/react-dom-client.development.js:1522:13)
      at commitHookEffectListMount (node_modules/.pnpm/react-dom@19.1.0_react@19.1.0/node_modules/react-dom/cjs/react-dom-client.development.js:11905:29)
      at commitHookLayoutEffects (node_modules/.pnpm/react-dom@19.1.0_react@19.1.0/node_modules/react-dom/cjs/react-dom-client.development.js:11857:11)
      at commitLayoutEffectOnFiber (node_modules/.pnpm/react-dom@19.1.0_react@19.1.0/node_modules/react-dom/cjs/react-dom-client.development.js:12613:13)
      at recursivelyTraverseLayoutEffects (node_modules/.pnpm/react-dom@19.1.0_react@19.1.0/node_modules/react-dom/cjs/react-dom-client.development.js:13590:11)
      at commitLayoutEffectOnFiber (node_modules/.pnpm/react-dom@19.1.0_react@19.1.0/node_modules/react-dom/cjs/react-dom-client.development.js:12611:11)
      at recursivelyTraverseLayoutEffects (node_modules/.pnpm/react-dom@19.1.0_react@19.1.0/node_modules/react-dom/cjs/react-dom-client.development.js:13590:11)
      at commitLayoutEffectOnFiber (node_modules/.pnpm/react-dom@19.1.0_react@19.1.0/node_modules/react-dom/cjs/react-dom-client.development.js:12611:11)
      at recursivelyTraverseLayoutEffects (node_modules/.pnpm/react-dom@19.1.0_react@19.1.0/node_modules/react-dom/cjs/react-dom-client.development.js:13590:11)
      at commitLayoutEffectOnFiber (node_modules/.pnpm/react-dom@19.1.0_react@19.1.0/node_modules/react-dom/cjs/react-dom-client.development.js:12611:11)
      at recursivelyTraverseLayoutEffects (node_modules/.pnpm/react-dom@19.1.0_react@19.1.0/node_modules/react-dom/cjs/react-dom-client.development.js:13590:11)
      at commitLayoutEffectOnFiber (node_modules/.pnpm/react-dom@19.1.0_react@19.1.0/node_modules/react-dom/cjs/react-dom-client.development.js:12611:11)
      at recursivelyTraverseLayoutEffects (node_modules/.pnpm/react-dom@19.1.0_react@19.1.0/node_modules/react-dom/cjs/react-dom-client.development.js:13590:11)
      at commitLayoutEffectOnFiber (node_modules/.pnpm/react-dom@19.1.0_react@19.1.0/node_modules/react-dom/cjs/react-dom-client.development.js:12611:11)
      at recursivelyTraverseLayoutEffects (node_modules/.pnpm/react-dom@19.1.0_react@19.1.0/node_modules/react-dom/cjs/react-dom-client.development.js:13590:11)
      at commitLayoutEffectOnFiber (node_modules/.pnpm/react-dom@19.1.0_react@19.1.0/node_modules/react-dom/cjs/react-dom-client.development.js:12611:11)
      at recursivelyTraverseLayoutEffects (node_modules/.pnpm/react-dom@19.1.0_react@19.1.0/node_modules/react-dom/cjs/react-dom-client.development.js:13590:11)
      at commitLayoutEffectOnFiber (node_modules/.pnpm/react-dom@19.1.0_react@19.1.0/node_modules/react-dom/cjs/react-dom-client.development.js:12611:11)
      at recursivelyTraverseLayoutEffects (node_modules/.pnpm/react-dom@19.1.0_react@19.1.0/node_modules/react-dom/cjs/react-dom-client.development.js:13590:11)
      at commitLayoutEffectOnFiber (node_modules/.pnpm/react-dom@19.1.0_react@19.1.0/node_modules/react-dom/cjs/react-dom-client.development.js:12611:11)
      at recursivelyTraverseLayoutEffects (node_modules/.pnpm/react-dom@19.1.0_react@19.1.0/node_modules/react-dom/cjs/react-dom-client.development.js:13590:11)
      at commitLayoutEffectOnFiber (node_modules/.pnpm/react-dom@19.1.0_react@19.1.0/node_modules/react-dom/cjs/react-dom-client.development.js:12611:11)
      at recursivelyTraverseLayoutEffects (node_modules/.pnpm/react-dom@19.1.0_react@19.1.0/node_modules/react-dom/cjs/react-dom-client.development.js:13590:11)
      at commitLayoutEffectOnFiber (node_modules/.pnpm/react-dom@19.1.0_react@19.1.0/node_modules/react-dom/cjs/react-dom-client.development.js:12791:11)
      at recursivelyTraverseLayoutEffects (node_modules/.pnpm/react-dom@19.1.0_react@19.1.0/node_modules/react-dom/cjs/react-dom-client.development.js:13590:11)
      at commitLayoutEffectOnFiber (node_modules/.pnpm/react-dom@19.1.0_react@19.1.0/node_modules/react-dom/cjs/react-dom-client.development.js:12611:11)
      at recursivelyTraverseLayoutEffects (node_modules/.pnpm/react-dom@19.1.0_react@19.1.0/node_modules/react-dom/cjs/react-dom-client.development.js:13590:11)
      at commitLayoutEffectOnFiber (node_modules/.pnpm/react-dom@19.1.0_react@19.1.0/node_modules/react-dom/cjs/react-dom-client.development.js:12791:11)
      at recursivelyTraverseLayoutEffects (node_modules/.pnpm/react-dom@19.1.0_react@19.1.0/node_modules/react-dom/cjs/react-dom-client.development.js:13590:11)
      at commitLayoutEffectOnFiber (node_modules/.pnpm/react-dom@19.1.0_react@19.1.0/node_modules/react-dom/cjs/react-dom-client.development.js:12611:11)
      at recursivelyTraverseLayoutEffects (node_modules/.pnpm/react-dom@19.1.0_react@19.1.0/node_modules/react-dom/cjs/react-dom-client.development.js:13590:11)
      at commitLayoutEffectOnFiber (node_modules/.pnpm/react-dom@19.1.0_react@19.1.0/node_modules/react-dom/cjs/react-dom-client.development.js:12611:11)
      at recursivelyTraverseLayoutEffects (node_modules/.pnpm/react-dom@19.1.0_react@19.1.0/node_modules/react-dom/cjs/react-dom-client.development.js:13590:11)
      at commitLayoutEffectOnFiber (node_modules/.pnpm/react-dom@19.1.0_react@19.1.0/node_modules/react-dom/cjs/react-dom-client.development.js:12611:11)
      at recursivelyTraverseLayoutEffects (node_modules/.pnpm/react-dom@19.1.0_react@19.1.0/node_modules/react-dom/cjs/react-dom-client.development.js:13590:11)
      at commitLayoutEffectOnFiber (node_modules/.pnpm/react-dom@19.1.0_react@19.1.0/node_modules/react-dom/cjs/react-dom-client.development.js:12791:11)
      at recursivelyTraverseLayoutEffects (node_modules/.pnpm/react-dom@19.1.0_react@19.1.0/node_modules/react-dom/cjs/react-dom-client.development.js:13590:11)
      at commitLayoutEffectOnFiber (node_modules/.pnpm/react-dom@19.1.0_react@19.1.0/node_modules/react-dom/cjs/react-dom-client.development.js:12611:11)
      at recursivelyTraverseLayoutEffects (node_modules/.pnpm/react-dom@19.1.0_react@19.1.0/node_modules/react-dom/cjs/react-dom-client.development.js:13590:11)
      at commitLayoutEffectOnFiber (node_modules/.pnpm/react-dom@19.1.0_react@19.1.0/node_modules/react-dom/cjs/react-dom-client.development.js:12611:11)
      at recursivelyTraverseLayoutEffects (node_modules/.pnpm/react-dom@19.1.0_react@19.1.0/node_modules/react-dom/cjs/react-dom-client.development.js:13590:11)
      at commitLayoutEffectOnFiber (node_modules/.pnpm/react-dom@19.1.0_react@19.1.0/node_modules/react-dom/cjs/react-dom-client.development.js:12611:11)
      at recursivelyTraverseLayoutEffects (node_modules/.pnpm/react-dom@19.1.0_react@19.1.0/node_modules/react-dom/cjs/react-dom-client.development.js:13590:11)
      at commitLayoutEffectOnFiber (node_modules/.pnpm/react-dom@19.1.0_react@19.1.0/node_modules/react-dom/cjs/react-dom-client.development.js:12727:11)
      at recursivelyTraverseLayoutEffects (node_modules/.pnpm/react-dom@19.1.0_react@19.1.0/node_modules/react-dom/cjs/react-dom-client.development.js:13590:11)
      at commitLayoutEffectOnFiber (node_modules/.pnpm/react-dom@19.1.0_react@19.1.0/node_modules/react-dom/cjs/react-dom-client.development.js:12693:11)
      at flushLayoutEffects (node_modules/.pnpm/react-dom@19.1.0_react@19.1.0/node_modules/react-dom/cjs/react-dom-client.development.js:15559:15)
      at commitRoot (node_modules/.pnpm/react-dom@19.1.0_react@19.1.0/node_modules/react-dom/cjs/react-dom-client.development.js:15402:9)
      at commitRootWhenReady (node_modules/.pnpm/react-dom@19.1.0_react@19.1.0/node_modules/react-dom/cjs/react-dom-client.development.js:14652:7)
      at performWorkOnRoot (node_modules/.pnpm/react-dom@19.1.0_react@19.1.0/node_modules/react-dom/cjs/react-dom-client.development.js:14575:15)
      at performSyncWorkOnRoot (node_modules/.pnpm/react-dom@19.1.0_react@19.1.0/node_modules/react-dom/cjs/react-dom-client.development.js:16231:7)
      at flushSyncWorkAcrossRoots_impl (node_modules/.pnpm/react-dom@19.1.0_react@19.1.0/node_modules/react-dom/cjs/react-dom-client.development.js:16079:21)
      at flushSpawnedWork (node_modules/.pnpm/react-dom@19.1.0_react@19.1.0/node_modules/react-dom/cjs/react-dom-client.development.js:15677:9)
      at commitRoot (node_modules/.pnpm/react-dom@19.1.0_react@19.1.0/node_modules/react-dom/cjs/react-dom-client.development.js:15403:9)
      at commitRootWhenReady (node_modules/.pnpm/react-dom@19.1.0_react@19.1.0/node_modules/react-dom/cjs/react-dom-client.development.js:14652:7)
      at performWorkOnRoot (node_modules/.pnpm/react-dom@19.1.0_react@19.1.0/node_modules/react-dom/cjs/react-dom-client.development.js:14575:15)
      at performWorkOnRootViaSchedulerTask (node_modules/.pnpm/react-dom@19.1.0_react@19.1.0/node_modules/react-dom/cjs/react-dom-client.development.js:16216:7)
      at performWorkUntilDeadline (node_modules/.pnpm/scheduler@0.26.0/node_modules/scheduler/cjs/scheduler.development.js:45:48)
      at Timeout.task [as _onTimeout] (node_modules/.pnpm/jsdom@20.0.3/node_modules/jsdom/lib/jsdom/browser/Window.js:520:19)

  console.error
    An update to DismissableLayer inside a test was not wrapped in act(...).

    When testing, code that causes React state updates should be wrapped into act(...):

    act(() => {
      /* fire events that update state */
    });
    /* assert on the output */

    This ensures that you're testing the behavior the user would see in the browser. Learn more at https://react.dev/link/wrap-tests-with-act

      at node_modules/.pnpm/react-dom@19.1.0_react@19.1.0/node_modules/react-dom/cjs/react-dom-client.development.js:16023:19
      at runWithFiberInDEV (node_modules/.pnpm/react-dom@19.1.0_react@19.1.0/node_modules/react-dom/cjs/react-dom-client.development.js:1522:13)
      at warnIfUpdatesNotWrappedWithActDEV (node_modules/.pnpm/react-dom@19.1.0_react@19.1.0/node_modules/react-dom/cjs/react-dom-client.development.js:16022:9)
      at scheduleUpdateOnFiber (node_modules/.pnpm/react-dom@19.1.0_react@19.1.0/node_modules/react-dom/cjs/react-dom-client.development.js:14396:11)
      at dispatchSetStateInternal (node_modules/.pnpm/react-dom@19.1.0_react@19.1.0/node_modules/react-dom/cjs/react-dom-client.development.js:6969:13)
      at dispatchSetState (node_modules/.pnpm/react-dom@19.1.0_react@19.1.0/node_modules/react-dom/cjs/react-dom-client.development.js:6927:7)
      at Document.handleUpdate (node_modules/.pnpm/@radix-ui+react-dismissable-layer@1.1.3_@types+react-dom@19.1.5_@types+react@19.1.4__@t_ddb2e391162b1c51556ac1f8b5d28930/node_modules/@radix-ui/react-dismissable-layer/src/DismissableLayer.tsx:149:34)
      at Document.callTheUserObjectsOperation (node_modules/.pnpm/jsdom@20.0.3/node_modules/jsdom/lib/jsdom/living/generated/EventListener.js:26:30)
      at innerInvokeEventListeners (node_modules/.pnpm/jsdom@20.0.3/node_modules/jsdom/lib/jsdom/living/events/EventTargeFAIL components/__tests__/business-entity.test.tsx
  BusinessEntity
    ✓ renders the business entity with correct level (41 ms)
    ✓ renders the correct business name for resource gathering (8 ms)
    ✓ renders the correct business name for processing (7 ms)
    ✓ calls onClick when clicked (10 ms)
    ✓ shows starvation indicator when input buffer is empty for processing business (13 ms)
    ✓ applies correct color classes based on business type (12 ms)
    ✓ shows tooltip with business name and instructions on hover (132 ms)
    ✓ shows starvation message in tooltip when input buffer is empty (174 ms)
    ✕ shows warning message in tooltip when input buffer is low (348 ms)
    ✓ does not render resource indicators or tooltips for Market (4 ms)
  BusinessEntity advanced
    ✓ calls onMove when drag is performed (17 ms)
    ✓ renders correct icon and color for all business types (73 ms)
    ✓ renders correct resource color and icon for all resource types (47 ms)
    ✓ renders buffer status colors for edge cases (17 ms)
    ✓ renders shipping type icons for TRUCK, BOAT, PLANE (9 ms)

  ● BusinessEntity › shows warning message in tooltip when input buffer is low

    expect(received).toContain(expected) // indexOf

    Expected substring: "Looking for"
    Received string:    "Lvl 1Plank MillClick to manage, hold to moveClick to manage, hold to move"

      136 |         const tooltip = document.body.querySelector('[role="tooltip"]') || document.body
      137 |         await new Promise(r => setTimeout(r, 300)) // Wait for tooltip animation
    > 138 |         expect(tooltip.textContent).toContain('Looking for')
          |                                     ^
      139 |         expect(tooltip.textContent).toContain('Wood')
      140 |         const instructions2 = await screen.findAllByText((content) => content.includes('Click to manage, hold to move'))
      141 |         expect(instructions2.length).toBeGreaterThan(0)

      at Object.toContain (components/__tests__/business-entity.test.tsx:138:37)

t-impl.js:350:25)
      at invokeEventListeners (node_modules/.pnpm/jsdom@20.0.3/node_modules/jsdom/lib/jsdom/living/events/EventTarget-impl.js:286:3)
      at DocumentImpl._dispatch (node_modules/.pnpm/jsdom@20.0.3/node_modules/jsdom/lib/jsdom/living/events/EventTarget-impl.js:233:9)
      at DocumentImpl.dispatchEvent (node_modules/.pnpm/jsdom@20.0.3/node_modules/jsdom/lib/jsdom/living/events/EventTarget-impl.js:104:17)
      at Document.dispatchEvent (node_modules/.pnpm/jsdom@20.0.3/node_modules/jsdom/lib/jsdom/living/generated/EventTarget.js:241:34)
      at dispatchUpdate (node_modules/.pnpm/@radix-ui+react-dismissable-layer@1.1.3_@types+react-dom@19.1.5_@types+react@19.1.4__@t_ddb2e391162b1c51556ac1f8b5d28930/node_modules/@radix-ui/react-dismissable-layer/src/DismissableLayer.tsx:330:12)
      at node_modules/.pnpm/@radix-ui+react-dismissable-layer@1.1.3_@types+react-dom@19.1.5_@types+react@19.1.4__@t_ddb2e391162b1c51556ac1f8b5d28930/node_modules/@radix-ui/react-dismissable-layer/src/DismissableLayer.tsx:122:7
      at Object.react-stack-bottom-frame (node_modules/.pnpm/react-dom@19.1.0_react@19.1.0/node_modules/react-dom/cjs/react-dom-client.development.js:23949:20)
      at runWithFiberInDEV (node_modules/.pnpm/react-dom@19.1.0_react@19.1.0/node_modules/react-dom/cjs/react-dom-client.development.js:1522:13)
      at commitHookEffectListMount (node_modules/.pnpm/react-dom@19.1.0_react@19.1.0/node_modules/react-dom/cjs/react-dom-client.development.js:11905:29)
      at commitHookPassiveMountEffects (node_modules/.pnpm/react-dom@19.1.0_react@19.1.0/node_modules/react-dom/cjs/react-dom-client.development.js:12028:11)
      at commitPassiveMountOnFiber (node_modules/.pnpm/react-dom@19.1.0_react@19.1.0/node_modules/react-dom/cjs/react-dom-client.development.js:13841:13)
      at recursivelyTraversePassiveMountEffects (node_modules/.pnpm/react-dom@19.1.0_react@19.1.0/node_modules/react-dom/cjs/react-dom-client.development.js:13815:11)
      at commitPassiveMountOnFiber (node_modules/.pnpm/react-dom@19.1.0_react@19.1.0/node_modules/react-dom/cjs/react-dom-client.development.js:13834:11)
      at recursivelyTraversePassiveMountEffects (node_modules/.pnpm/react-dom@19.1.0_react@19.1.0/node_modules/react-dom/cjs/react-dom-client.development.js:13815:11)
      at commitPassiveMountOnFiber (node_modules/.pnpm/react-dom@19.1.0_react@19.1.0/node_modules/react-dom/cjs/react-dom-client.development.js:13834:11)
      at recursivelyTraversePassiveMountEffects (node_modules/.pnpm/react-dom@19.1.0_react@19.1.0/node_modules/react-dom/cjs/react-dom-client.development.js:13815:11)
      at commitPassiveMountOnFiber (node_modules/.pnpm/react-dom@19.1.0_react@19.1.0/node_modules/react-dom/cjs/react-dom-client.development.js:13834:11)
      at recursivelyTraversePassiveMountEffects (node_modules/.pnpm/react-dom@19.1.0_react@19.1.0/node_modules/react-dom/cjs/react-dom-client.development.js:13815:11)
      at commitPassiveMountOnFiber (node_modules/.pnpm/react-dom@19.1.0_react@19.1.0/node_modules/react-dom/cjs/react-dom-client.development.js:13834:11)
      at recursivelyTraversePassiveMountEffects (node_modules/.pnpm/react-dom@19.1.0_react@19.1.0/node_modules/react-dom/cjs/react-dom-client.development.js:13815:11)
      at commitPassiveMountOnFiber (node_modules/.pnpm/react-dom@19.1.0_react@19.1.0/node_modules/react-dom/cjs/react-dom-client.development.js:13834:11)
      at recursivelyTraversePassiveMountEffects (node_modules/.pnpm/react-dom@19.1.0_react@19.1.0/node_modules/react-dom/cjs/react-dom-client.development.js:13815:11)
      at commitPassiveMountOnFiber (node_modules/.pnpm/react-dom@19.1.0_react@19.1.0/node_modules/react-dom/cjs/react-dom-client.development.js:13957:11)
      at recursivelyTraversePassiveMountEffects (node_modules/.pnpm/react-dom@19.1.0_react@19.1.0/node_modules/react-dom/cjs/react-dom-client.development.js:13815:11)
      at commitPassiveMountOnFiber (node_modules/.pnpm/react-dom@19.1.0_react@19.1.0/node_modules/react-dom/cjs/react-dom-client.development.js:13834:11)
      at recursivelyTraversePassiveMountEffects (node_modules/.pnpm/react-dom@19.1.0_react@19.1.0/node_modules/react-dom/cjs/react-dom-client.development.js:13815:11)
      at commitPassiveMountOnFiber (node_modules/.pnpm/react-dom@19.1.0_react@19.1.0/node_modules/react-dom/cjs/react-dom-client.development.js:13957:11)
      at recursivelyTraversePassiveMountEffects (node_modules/.pnpm/react-dom@19.1.0_react@19.1.0/node_modules/react-dom/cjs/react-dom-client.development.js:13815:11)
      at commitPassiveMountOnFiber (node_modules/.pnpm/react-dom@19.1.0_react@19.1.0/node_modules/react-dom/cjs/react-dom-client.development.js:13834:11)
      at recursivelyTraversePassiveMountEffects (node_modules/.pnpm/react-dom@19.1.0_react@19.1.0/node_modules/react-dom/cjs/react-dom-client.development.js:13815:11)
      at commitPassiveMountOnFiber (node_modules/.pnpm/react-dom@19.1.0_react@19.1.0/node_modules/react-dom/cjs/react-dom-client.development.js:13834:11)
      at recursivelyTraversePassiveMountEffects (node_modules/.pnpm/react-dom@19.1.0_react@19.1.0/node_modules/react-dom/cjs/react-dom-client.development.js:13815:11)
      at commitPassiveMountOnFiber (node_modules/.pnpm/react-dom@19.1.0_react@19.1.0/node_modules/react-dom/cjs/react-dom-client.development.js:13834:11)
      at recursivelyTraversePassiveMountEffects (node_modules/.pnpm/react-dom@19.1.0_react@19.1.0/node_modules/react-dom/cjs/react-dom-client.development.js:13815:11)
      at commitPassiveMountOnFiber (node_modules/.pnpm/react-dom@19.1.0_react@19.1.0/node_modules/react-dom/cjs/react-dom-client.development.js:13957:11)
      at recursivelyTraversePassiveMountEffects (node_modules/.pnpm/react-dom@19.1.0_react@19.1.0/node_modules/react-dom/cjs/react-dom-client.development.js:13815:11)
      at commitPassiveMountOnFiber (node_modules/.pnpm/react-dom@19.1.0_react@19.1.0/node_modules/react-dom/cjs/react-dom-client.development.js:13834:11)
      at recursivelyTraversePassiveMountEffects (node_modules/.pnpm/react-dom@19.1.0_react@19.1.0/node_modules/react-dom/cjs/react-dom-client.development.js:13815:11)
      at commitPassiveMountOnFiber (node_modules/.pnpm/react-dom@19.1.0_react@19.1.0/node_modules/react-dom/cjs/react-dom-client.development.js:13834:11)
      at recursivelyTraversePassiveMountEffects (node_modules/.pnpm/react-dom@19.1.0_react@19.1.0/node_modules/react-dom/cjs/react-dom-client.development.js:13815:11)
      at commitPassiveMountOnFiber (node_modules/.pnpm/react-dom@19.1.0_react@19.1.0/node_modules/react-dom/cjs/react-dom-client.development.js:13834:11)
      at recursivelyTraversePassiveMountEffects (node_modules/.pnpm/react-dom@19.1.0_react@19.1.0/node_modules/react-dom/cjs/react-dom-client.development.js:13815:11)
      at commitPassiveMountOnFiber (node_modules/.pnpm/react-dom@19.1.0_react@19.1.0/node_modules/react-dom/cjs/react-dom-client.development.js:13957:11)
      at recursivelyTraversePassiveMountEffects (node_modules/.pnpm/react-dom@19.1.0_react@19.1.0/node_modules/react-dom/cjs/react-dom-client.development.js:13815:11)
      at commitPassiveMountOnFiber (node_modules/.pnpm/react-dom@19.1.0_react@19.1.0/node_modules/react-dom/cjs/react-dom-client.development.js:13853:11)
      at flushPassiveEffects (node_modules/.pnpm/react-dom@19.1.0_react@19.1.0/node_modules/react-dom/cjs/react-dom-client.development.js:15737:9)
      at flushPendingEffects (node_modules/.pnpm/react-dom@19.1.0_react@19.1.0/node_modules/react-dom/cjs/react-dom-client.development.js:15702:14)
      at flushSpawnedWork (node_modules/.pnpm/react-dom@19.1.0_react@19.1.0/node_modules/react-dom/cjs/react-dom-client.development.js:15668:44)
      at commitRoot (node_modules/.pnpm/react-dom@19.1.0_react@19.1.0/node_modules/react-dom/cjs/react-dom-client.development.js:15403:9)
      at commitRootWhenReady (node_modules/.pnpm/react-dom@19.1.0_react@19.1.0/node_modules/react-dom/cjs/react-dom-client.development.js:14652:7)
      at performWorkOnRoot (node_modules/.pnpm/react-dom@19.1.0_react@19.1.0/node_modules/react-dom/cjs/react-dom-client.development.js:14575:15)
      at performSyncWorkOnRoot (node_modules/.pnpm/react-dom@19.1.0_react@19.1.0/node_modules/react-dom/cjs/react-dom-client.development.js:16231:7)
      at flushSyncWorkAcrossRoots_impl (node_modules/.pnpm/react-dom@19.1.0_react@19.1.0/node_modules/react-dom/cjs/react-dom-client.development.js:16079:21)
      at flushSpawnedWork (node_modules/.pnpm/react-dom@19.1.0_react@19.1.0/node_modules/react-dom/cjs/react-dom-client.development.js:15677:9)
      at commitRoot (node_modules/.pnpm/react-dom@19.1.0_react@19.1.0/node_modules/react-dom/cjs/react-dom-client.development.js:15403:9)
      at commitRootWhenReady (node_modules/.pnpm/react-dom@19.1.0_react@19.1.0/node_modules/react-dom/cjs/react-dom-client.development.js:14652:7)
      at performWorkOnRoot (node_modules/.pnpm/react-dom@19.1.0_react@19.1.0/node_modules/react-dom/cjs/react-dom-client.development.js:14575:15)
      at performWorkOnRootViaSchedulerTask (node_modules/.pnpm/react-dom@19.1.0_react@19.1.0/node_modules/react-dom/cjs/react-dom-client.development.js:16216:7)
      at performWorkUntilDeadline (node_modules/.pnpm/scheduler@0.26.0/node_modules/scheduler/cjs/scheduler.development.js:45:48)
      at Timeout.task [as _onTimeout] (node_modules/.pnpm/jsdom@20.0.3/node_modules/jsdom/lib/jsdom/browser/Window.js:520:19)

  console.error
    An update to DismissableLayer inside a test was not wrapped in act(...).

    When testing, code that causes React state updates should be wrapped into act(...):

    act(() => {
      /* fire events that update state */
    });
    /* assert on the output */

    This ensures that you're testing the behavior the user would see in the browser. Learn more at https://react.dev/link/wrap-tests-with-act

      at node_modules/.pnpm/react-dom@19.1.0_react@19.1.0/node_modules/react-dom/cjs/react-dom-client.development.js:16023:19
      at runWithFiberInDEV (node_modules/.pnpm/react-dom@19.1.0_react@19.1.0/node_modules/react-dom/cjs/react-dom-client.development.js:1522:13)
      at warnIfUpdatesNotWrappedWithActDEV (node_modules/.pnpm/react-dom@19.1.0_react@19.1.0/node_modules/react-dom/cjs/react-dom-client.development.js:16022:9)
      at scheduleUpdateOnFiber (node_modules/.pnpm/react-dom@19.1.0_react@19.1.0/node_modules/react-dom/cjs/react-dom-client.development.js:14396:11)
      at dispatchSetStateInternal (node_modules/.pnpm/react-dom@19.1.0_react@19.1.0/node_modules/react-dom/cjs/react-dom-client.development.js:6969:13)
      at dispatchSetState (node_modules/.pnpm/react-dom@19.1.0_react@19.1.0/node_modules/react-dom/cjs/react-dom-client.development.js:6927:7)
      at node_modules/.pnpm/@radix-ui+react-dismissable-layer@1.1.3_@types+react-dom@19.1.5_@types+react@19.1.4__@t_ddb2e391162b1c51556ac1f8b5d28930/node_modules/@radix-ui/react-dismissable-layer/src/DismissableLayer.tsx:76:66
      at setRef (node_modules/.pnpm/@radix-ui+react-compose-refs@1.1.1_@types+react@19.1.4_react@19.1.0/node_modules/@radix-ui/react-compose-refs/src/composeRefs.tsx:11:12)
      at node_modules/.pnpm/@radix-ui+react-compose-refs@1.1.1_@types+react@19.1.4_react@19.1.0/node_modules/@radix-ui/react-compose-refs/src/composeRefs.tsx:25:23
          at Array.map (<anonymous>)
      at node_modules/.pnpm/@radix-ui+react-compose-refs@1.1.1_@types+react@19.1.4_react@19.1.0/node_modules/@radix-ui/react-compose-refs/src/composeRefs.tsx:24:27
      at setRef (node_modules/.pnpm/@radix-ui+react-compose-refs@1.1.1_@types+react@19.1.4_react@19.1.0/node_modules/@radix-ui/react-compose-refs/src/composeRefs.tsx:11:12)
      at node_modules/.pnpm/@radix-ui+react-compose-refs@1.1.1_@types+react@19.1.4_react@19.1.0/node_modules/@radix-ui/react-compose-refs/src/composeRefs.tsx:25:23
          at Array.map (<anonymous>)
      at node_modules/.pnpm/@radix-ui+react-compose-refs@1.1.1_@types+react@19.1.4_react@19.1.0/node_modules/@radix-ui/react-compose-refs/src/composeRefs.tsx:24:27
      at setRef (node_modules/.pnpm/@radix-ui+react-compose-refs@1.1.1_@types+react@19.1.4_react@19.1.0/node_modules/@radix-ui/react-compose-refs/src/composeRefs.tsx:11:12)
      at node_modules/.pnpm/@radix-ui+react-compose-refs@1.1.1_@types+react@19.1.4_react@19.1.0/node_modules/@radix-ui/react-compose-refs/src/composeRefs.tsx:25:23
          at Array.map (<anonymous>)
      at node_modules/.pnpm/@radix-ui+react-compose-refs@1.1.1_@types+react@19.1.4_react@19.1.0/node_modules/@radix-ui/react-compose-refs/src/composeRefs.tsx:24:27
      at runWithFiberInDEV (node_modules/.pnpm/react-dom@19.1.0_react@19.1.0/node_modules/react-dom/cjs/react-dom-client.development.js:1522:13)
      at safelyDetachRef (node_modules/.pnpm/react-dom@19.1.0_react@19.1.0/node_modules/react-dom/cjs/react-dom-client.development.js:12224:18)
      at commitMutationEffectsOnFiber (node_modules/.pnpm/react-dom@19.1.0_react@19.1.0/node_modules/react-dom/cjs/react-dom-client.development.js:13352:15)
      at recursivelyTraverseMutationEffects (node_modules/.pnpm/react-dom@19.1.0_react@19.1.0/node_modules/react-dom/cjs/react-dom-client.development.js:13123:11)
      at commitMutationEffectsOnFiber (node_modules/.pnpm/react-dom@19.1.0_react@19.1.0/node_modules/react-dom/cjs/react-dom-client.development.js:13134:11)
      at recursivelyTraverseMutationEffects (node_modules/.pnpm/react-dom@19.1.0_react@19.1.0/node_modules/react-dom/cjs/react-dom-client.development.js:13123:11)
      at commitMutationEffectsOnFiber (node_modules/.pnpm/react-dom@19.1.0_react@19.1.0/node_modules/react-dom/cjs/react-dom-client.development.js:13562:11)
      at recursivelyTraverseMutationEffects (node_modules/.pnpm/react-dom@19.1.0_react@19.1.0/node_modules/react-dom/cjs/react-dom-client.development.js:13123:11)
      at commitMutationEffectsOnFiber (node_modules/.pnpm/react-dom@19.1.0_react@19.1.0/node_modules/react-dom/cjs/react-dom-client.development.js:13134:11)
      at recursivelyTraverseMutationEffects (node_modules/.pnpm/react-dom@19.1.0_react@19.1.0/node_modules/react-dom/cjs/react-dom-client.development.js:13123:11)
      at commitMutationEffectsOnFiber (node_modules/.pnpm/react-dom@19.1.0_react@19.1.0/node_modules/react-dom/cjs/react-dom-client.development.js:13347:11)
      at recursivelyTraverseMutationEffects (node_modules/.pnpm/react-dom@19.1.0_react@19.1.0/node_modules/react-dom/cjs/react-dom-client.development.js:13123:11)
      at commitMutationEffectsOnFiber (node_modules/.pnpm/react-dom@19.1.0_react@19.1.0/node_modules/react-dom/cjs/react-dom-client.development.js:13134:11)
      at recursivelyTraverseMutationEffects (node_modules/.pnpm/react-dom@19.1.0_react@19.1.0/node_modules/react-dom/cjs/react-dom-client.development.js:13123:11)
      at commitMutationEffectsOnFiber (node_modules/.pnpm/react-dom@19.1.0_react@19.1.0/node_modules/react-dom/cjs/react-dom-client.development.js:13134:11)
      at recursivelyTraverseMutationEffects (node_modules/.pnpm/react-dom@19.1.0_react@19.1.0/node_modules/react-dom/cjs/react-dom-client.development.js:13123:11)
      at commitMutationEffectsOnFiber (node_modules/.pnpm/react-dom@19.1.0_react@19.1.0/node_modules/react-dom/cjs/react-dom-client.development.js:13134:11)
      at recursivelyTraverseMutationEffects (node_modules/.pnpm/react-dom@19.1.0_react@19.1.0/node_modules/react-dom/cjs/react-dom-client.development.js:13123:11)
      at commitMutationEffectsOnFiber (node_modules/.pnpm/react-dom@19.1.0_react@19.1.0/node_modules/react-dom/cjs/react-dom-client.development.js:13134:11)
      at recursivelyTraverseMutationEffects (node_modules/.pnpm/react-dom@19.1.0_react@19.1.0/node_modules/react-dom/cjs/react-dom-client.development.js:13123:11)
      at commitMutationEffectsOnFiber (node_modules/.pnpm/react-dom@19.1.0_react@19.1.0/node_modules/react-dom/cjs/react-dom-client.development.js:13134:11)
      at recursivelyTraverseMutationEffects (node_modules/.pnpm/react-dom@19.1.0_react@19.1.0/node_modules/react-dom/cjs/react-dom-client.development.js:13123:11)
      at commitMutationEffectsOnFiber (node_modules/.pnpm/react-dom@19.1.0_react@19.1.0/node_modules/react-dom/cjs/react-dom-client.development.js:13134:11)
      at recursivelyTraverseMutationEffects (node_modules/.pnpm/react-dom@19.1.0_react@19.1.0/node_modules/react-dom/cjs/react-dom-client.development.js:13123:11)
      at commitMutationEffectsOnFiber (node_modules/.pnpm/react-dom@19.1.0_react@19.1.0/node_modules/react-dom/cjs/react-dom-client.development.js:13134:11)
      at recursivelyTraverseMutationEffects (node_modules/.pnpm/react-dom@19.1.0_react@19.1.0/node_modules/react-dom/cjs/react-dom-client.development.js:13123:11)
      at commitMutationEffectsOnFiber (node_modules/.pnpm/react-dom@19.1.0_react@19.1.0/node_modules/react-dom/cjs/react-dom-client.development.js:13134:11)
      at recursivelyTraverseMutationEffects (node_modules/.pnpm/react-dom@19.1.0_react@19.1.0/node_modules/react-dom/cjs/react-dom-client.development.js:13123:11)
      at commitMutationEffectsOnFiber (node_modules/.pnpm/react-dom@19.1.0_react@19.1.0/node_modules/react-dom/cjs/react-dom-client.development.js:13134:11)
      at recursivelyTraverseMutationEffects (node_modules/.pnpm/react-dom@19.1.0_react@19.1.0/node_modules/react-dom/cjs/react-dom-client.development.js:13123:11)
      at commitMutationEffectsOnFiber (node_modules/.pnpm/react-dom@19.1.0_react@19.1.0/node_modules/react-dom/cjs/react-dom-client.development.js:13134:11)
      at recursivelyTraverseMutationEffects (node_modules/.pnpm/react-dom@19.1.0_react@19.1.0/node_modules/react-dom/cjs/react-dom-client.development.js:13123:11)
      at commitMutationEffectsOnFiber (node_modules/.pnpm/react-dom@19.1.0_react@19.1.0/node_modules/react-dom/cjs/react-dom-client.development.js:13562:11)
      at recursivelyTraverseMutationEffects (node_modules/.pnpm/react-dom@19.1.0_react@19.1.0/node_modules/react-dom/cjs/react-dom-client.development.js:13123:11)
      at commitMutationEffectsOnFiber (node_modules/.pnpm/react-dom@19.1.0_react@19.1.0/node_modules/react-dom/cjs/react-dom-client.development.js:13134:11)
      at recursivelyTraverseMutationEffects (node_modules/.pnpm/react-dom@19.1.0_react@19.1.0/node_modules/react-dom/cjs/react-dom-client.development.js:13123:11)
      at commitMutationEffectsOnFiber (node_modules/.pnpm/react-dom@19.1.0_react@19.1.0/node_modules/react-dom/cjs/react-dom-client.development.js:13562:11)
      at recursivelyTraverseMutationEffects (node_modules/.pnpm/react-dom@19.1.0_react@19.1.0/node_modules/react-dom/cjs/react-dom-client.development.js:13123:11)
      at commitMutationEffectsOnFiber (node_modules/.pnpm/react-dom@19.1.0_react@19.1.0/node_modules/react-dom/cjs/react-dom-client.development.js:13134:11)
      at recursivelyTraverseMutationEffects (node_modules/.pnpm/react-dom@19.1.0_react@19.1.0/node_modules/react-dom/cjs/react-dom-client.development.js:13123:11)
      at commitMutationEffectsOnFiber (node_modules/.pnpm/react-dom@19.1.0_react@19.1.0/node_modules/react-dom/cjs/react-dom-client.development.js:13134:11)
      at recursivelyTraverseMutationEffects (node_modules/.pnpm/react-dom@19.1.0_react@19.1.0/node_modules/react-dom/cjs/react-dom-client.development.js:13123:11)
      at commitMutationEffectsOnFiber (node_modules/.pnpm/react-dom@19.1.0_react@19.1.0/node_modules/react-dom/cjs/react-dom-client.development.js:13134:11)
      at recursivelyTraverseMutationEffects (node_modules/.pnpm/react-dom@19.1.0_react@19.1.0/node_modules/react-dom/cjs/react-dom-client.development.js:13123:11)
      at commitMutationEffectsOnFiber (node_modules/.pnpm/react-dom@19.1.0_react@19.1.0/node_modules/react-dom/cjs/react-dom-client.development.js:13562:11)
      at recursivelyTraverseMutationEffects (node_modules/.pnpm/react-dom@19.1.0_react@19.1.0/node_modules/react-dom/cjs/react-dom-client.development.js:13123:11)
      at commitMutationEffectsOnFiber (node_modules/.pnpm/react-dom@19.1.0_react@19.1.0/node_modules/react-dom/cjs/react-dom-client.development.js:13134:11)
      at recursivelyTraverseMutationEffects (node_modules/.pnpm/react-dom@19.1.0_react@19.1.0/node_modules/react-dom/cjs/react-dom-client.development.js:13123:11)
      at commitMutationEffectsOnFiber (node_modules/.pnpm/react-dom@19.1.0_react@19.1.0/node_modules/react-dom/cjs/react-dom-client.development.js:13134:11)
      at recursivelyTraverseMutationEffects (node_modules/.pnpm/react-dom@19.1.0_react@19.1.0/node_modules/react-dom/cjs/react-dom-client.development.js:13123:11)
      at commitMutationEffectsOnFiber (node_modules/.pnpm/react-dom@19.1.0_react@19.1.0/node_modules/react-dom/cjs/react-dom-client.development.js:13134:11)
      at recursivelyTraverseMutationEffects (node_modules/.pnpm/react-dom@19.1.0_react@19.1.0/node_modules/react-dom/cjs/react-dom-client.development.js:13123:11)
      at commitMutationEffectsOnFiber (node_modules/.pnpm/react-dom@19.1.0_react@19.1.0/node_modules/react-dom/cjs/react-dom-client.development.js:13347:11)
      at recursivelyTraverseMutationEffects (node_modules/.pnpm/react-dom@19.1.0_react@19.1.0/node_modules/react-dom/cjs/react-dom-client.development.js:13123:11)
      at commitMutationEffectsOnFiber (node_modules/.pnpm/react-dom@19.1.0_react@19.1.0/node_modules/react-dom/cjs/react-dom-client.development.js:13405:11)
      at flushMutationEffects (node_modules/.pnpm/react-dom@19.1.0_react@19.1.0/node_modules/react-dom/cjs/react-dom-client.development.js:15426:13)
      at commitRoot (node_modules/.pnpm/react-dom@19.1.0_react@19.1.0/node_modules/react-dom/cjs/react-dom-client.development.js:15401:9)
      at commitRootWhenReady (node_modules/.pnpm/react-dom@19.1.0_react@19.1.0/node_modules/react-dom/cjs/react-dom-client.development.js:14652:7)
      at performWorkOnRoot (node_modules/.pnpm/react-dom@19.1.0_react@19.1.0/node_modules/react-dom/cjs/react-dom-client.development.js:14575:15)
      at performSyncWorkOnRoot (node_modules/.pnpm/react-dom@19.1.0_react@19.1.0/node_modules/react-dom/cjs/react-dom-client.development.js:16231:7)
      at flushSyncWorkAcrossRoots_impl (node_modules/.pnpm/react-dom@19.1.0_react@19.1.0/node_modules/react-dom/cjs/react-dom-client.development.js:16079:21)
      at flushSpawnedWork (node_modules/.pnpm/react-dom@19.1.0_react@19.1.0/node_modules/react-dom/cjs/react-dom-client.development.js:15677:9)
      at commitRoot (node_modules/.pnpm/react-dom@19.1.0_react@19.1.0/node_modules/react-dom/cjs/react-dom-client.development.js:15403:9)
      at commitRootWhenReady (node_modules/.pnpm/react-dom@19.1.0_react@19.1.0/node_modules/react-dom/cjs/react-dom-client.development.js:14652:7)
      at performWorkOnRoot (node_modules/.pnpm/react-dom@19.1.0_react@19.1.0/node_modules/react-dom/cjs/react-dom-client.development.js:14575:15)
      at performWorkOnRootViaSchedulerTask (node_modules/.pnpm/react-dom@19.1.0_react@19.1.0/node_modules/react-dom/cjs/react-dom-client.development.js:16216:7)
      at performWorkUntilDeadline (node_modules/.pnpm/scheduler@0.26.0/node_modules/scheduler/cjs/scheduler.development.js:45:48)
      at Timeout.task [as _onTimeout] (node_modules/.pnpm/jsdom@20.0.3/node_modules/jsdom/lib/jsdom/browser/Window.js:520:19)

  console.error
    An update to Presence inside a test was not wrapped in act(...).

    When testing, code that causes React state updates should be wrapped into act(...):

    act(() => {
      /* fire events that update state */
    });
    /* assert on the output */

    This ensures that you're testing the behavior the user would see in the browser. Learn more at https://react.dev/link/wrap-tests-with-act

      at node_modules/.pnpm/react-dom@19.1.0_react@19.1.0/node_modules/react-dom/cjs/react-dom-client.development.js:16023:19
      at runWithFiberInDEV (node_modules/.pnpm/react-dom@19.1.0_react@19.1.0/node_modules/react-dom/cjs/react-dom-client.development.js:1522:13)
      at warnIfUpdatesNotWrappedWithActDEV (node_modules/.pnpm/react-dom@19.1.0_react@19.1.0/node_modules/react-dom/cjs/react-dom-client.development.js:16022:9)
      at scheduleUpdateOnFiber (node_modules/.pnpm/react-dom@19.1.0_react@19.1.0/node_modules/react-dom/cjs/react-dom-client.development.js:14396:11)
      at dispatchSetStateInternal (node_modules/.pnpm/react-dom@19.1.0_react@19.1.0/node_modules/react-dom/cjs/react-dom-client.development.js:6969:13)
      at dispatchSetState (node_modules/.pnpm/react-dom@19.1.0_react@19.1.0/node_modules/react-dom/cjs/react-dom-client.development.js:6927:7)
      at node_modules/.pnpm/@radix-ui+react-presence@1.1.2_@types+react-dom@19.1.5_@types+react@19.1.4__@types+reac_cf404f2765adb4b6877f4e8a2d692386/node_modules/@radix-ui/react-presence/src/Presence.tsx:157:7
      at setRef (node_modules/.pnpm/@radix-ui+react-compose-refs@1.1.1_@types+react@19.1.4_react@19.1.0/node_modules/@radix-ui/react-compose-refs/src/composeRefs.tsx:11:12)
      at node_modules/.pnpm/@radix-ui+react-compose-refs@1.1.1_@types+react@19.1.4_react@19.1.0/node_modules/@radix-ui/react-compose-refs/src/composeRefs.tsx:25:23
          at Array.map (<anonymous>)
      at node_modules/.pnpm/@radix-ui+react-compose-refs@1.1.1_@types+react@19.1.4_react@19.1.0/node_modules/@radix-ui/react-compose-refs/src/composeRefs.tsx:24:27
      at setRef (node_modules/.pnpm/@radix-ui+react-compose-refs@1.1.1_@types+react@19.1.4_react@19.1.0/node_modules/@radix-ui/react-compose-refs/src/composeRefs.tsx:11:12)
      at node_modules/.pnpm/@radix-ui+react-compose-refs@1.1.1_@types+react@19.1.4_react@19.1.0/node_modules/@radix-ui/react-compose-refs/src/composeRefs.tsx:25:23
          at Array.map (<anonymous>)
      at node_modules/.pnpm/@radix-ui+react-compose-refs@1.1.1_@types+react@19.1.4_react@19.1.0/node_modules/@radix-ui/react-compose-refs/src/composeRefs.tsx:24:27
      at setRef (node_modules/.pnpm/@radix-ui+react-compose-refs@1.1.1_@types+react@19.1.4_react@19.1.0/node_modules/@radix-ui/react-compose-refs/src/composeRefs.tsx:11:12)
      at node_modules/.pnpm/@radix-ui+react-compose-refs@1.1.1_@types+react@19.1.4_react@19.1.0/node_modules/@radix-ui/react-compose-refs/src/composeRefs.tsx:25:23
          at Array.map (<anonymous>)
      at node_modules/.pnpm/@radix-ui+react-compose-refs@1.1.1_@types+react@19.1.4_react@19.1.0/node_modules/@radix-ui/react-compose-refs/src/composeRefs.tsx:24:27
      at setRef (node_modules/.pnpm/@radix-ui+react-compose-refs@1.1.1_@types+react@19.1.4_react@19.1.0/node_modules/@radix-ui/react-compose-refs/src/composeRefs.tsx:11:12)
      at node_modules/.pnpm/@radix-ui+react-compose-refs@1.1.1_@types+react@19.1.4_react@19.1.0/node_modules/@radix-ui/react-compose-refs/src/composeRefs.tsx:25:23
          at Array.map (<anonymous>)
      at node_modules/.pnpm/@radix-ui+react-compose-refs@1.1.1_@types+react@19.1.4_react@19.1.0/node_modules/@radix-ui/react-compose-refs/src/composeRefs.tsx:24:27
      at runWithFiberInDEV (node_modules/.pnpm/react-dom@19.1.0_react@19.1.0/node_modules/react-dom/cjs/react-dom-client.development.js:1522:13)
      at safelyDetachRef (node_modules/.pnpm/react-dom@19.1.0_react@19.1.0/node_modules/react-dom/cjs/react-dom-client.development.js:12224:18)
      at commitMutationEffectsOnFiber (node_modules/.pnpm/react-dom@19.1.0_react@19.1.0/node_modules/react-dom/cjs/react-dom-client.development.js:13352:15)
      at recursivelyTraverseMutationEffects (node_modules/.pnpm/react-dom@19.1.0_react@19.1.0/node_modules/react-dom/cjs/react-dom-client.development.js:13123:11)
      at commitMutationEffectsOnFiber (node_modules/.pnpm/react-dom@19.1.0_react@19.1.0/node_modules/react-dom/cjs/react-dom-client.development.js:13134:11)
      at recursivelyTraverseMutationEffects (node_modules/.pnpm/react-dom@19.1.0_react@19.1.0/node_modules/react-dom/cjs/react-dom-client.development.js:13123:11)
      at commitMutationEffectsOnFiber (node_modules/.pnpm/react-dom@19.1.0_react@19.1.0/node_modules/react-dom/cjs/react-dom-client.development.js:13562:11)
      at recursivelyTraverseMutationEffects (node_modules/.pnpm/react-dom@19.1.0_react@19.1.0/node_modules/react-dom/cjs/react-dom-client.development.js:13123:11)
      at commitMutationEffectsOnFiber (node_modules/.pnpm/react-dom@19.1.0_react@19.1.0/node_modules/react-dom/cjs/react-dom-client.development.js:13134:11)
      at recursivelyTraverseMutationEffects (node_modules/.pnpm/react-dom@19.1.0_react@19.1.0/node_modules/react-dom/cjs/react-dom-client.development.js:13123:11)
      at commitMutationEffectsOnFiber (node_modules/.pnpm/react-dom@19.1.0_react@19.1.0/node_modules/react-dom/cjs/react-dom-client.development.js:13347:11)
      at recursivelyTraverseMutationEffects (node_modules/.pnpm/react-dom@19.1.0_react@19.1.0/node_modules/react-dom/cjs/react-dom-client.development.js:13123:11)
      at commitMutationEffectsOnFiber (node_modules/.pnpm/react-dom@19.1.0_react@19.1.0/node_modules/react-dom/cjs/react-dom-client.development.js:13134:11)
      at recursivelyTraverseMutationEffects (node_modules/.pnpm/react-dom@19.1.0_react@19.1.0/node_modules/react-dom/cjs/react-dom-client.development.js:13123:11)
      at commitMutationEffectsOnFiber (node_modules/.pnpm/react-dom@19.1.0_react@19.1.0/node_modules/react-dom/cjs/react-dom-client.development.js:13134:11)
      at recursivelyTraverseMutationEffects (node_modules/.pnpm/react-dom@19.1.0_react@19.1.0/node_modules/react-dom/cjs/react-dom-client.development.js:13123:11)
      at commitMutationEffectsOnFiber (node_modules/.pnpm/react-dom@19.1.0_react@19.1.0/node_modules/react-dom/cjs/react-dom-client.development.js:13134:11)
      at recursivelyTraverseMutationEffects (node_modules/.pnpm/react-dom@19.1.0_react@19.1.0/node_modules/react-dom/cjs/react-dom-client.development.js:13123:11)
      at commitMutationEffectsOnFiber (node_modules/.pnpm/react-dom@19.1.0_react@19.1.0/node_modules/react-dom/cjs/react-dom-client.development.js:13134:11)
      at recursivelyTraverseMutationEffects (node_modules/.pnpm/react-dom@19.1.0_react@19.1.0/node_modules/react-dom/cjs/react-dom-client.development.js:13123:11)
      at commitMutationEffectsOnFiber (node_modules/.pnpm/react-dom@19.1.0_react@19.1.0/node_modules/react-dom/cjs/react-dom-client.development.js:13134:11)
      at recursivelyTraverseMutationEffects (node_modules/.pnpm/react-dom@19.1.0_react@19.1.0/node_modules/react-dom/cjs/react-dom-client.development.js:13123:11)
      at commitMutationEffectsOnFiber (node_modules/.pnpm/react-dom@19.1.0_react@19.1.0/node_modules/react-dom/cjs/react-dom-client.development.js:13134:11)
      at recursivelyTraverseMutationEffects (node_modules/.pnpm/react-dom@19.1.0_react@19.1.0/node_modules/react-dom/cjs/react-dom-client.development.js:13123:11)
      at commitMutationEffectsOnFiber (node_modules/.pnpm/react-dom@19.1.0_react@19.1.0/node_modules/react-dom/cjs/react-dom-client.development.js:13134:11)
      at recursivelyTraverseMutationEffects (node_modules/.pnpm/react-dom@19.1.0_react@19.1.0/node_modules/react-dom/cjs/react-dom-client.development.js:13123:11)
      at commitMutationEffectsOnFiber (node_modules/.pnpm/react-dom@19.1.0_react@19.1.0/node_modules/react-dom/cjs/react-dom-client.development.js:13134:11)
      at recursivelyTraverseMutationEffects (node_modules/.pnpm/react-dom@19.1.0_react@19.1.0/node_modules/react-dom/cjs/react-dom-client.development.js:13123:11)
      at commitMutationEffectsOnFiber (node_modules/.pnpm/react-dom@19.1.0_react@19.1.0/node_modules/react-dom/cjs/react-dom-client.development.js:13134:11)
      at recursivelyTraverseMutationEffects (node_modules/.pnpm/react-dom@19.1.0_react@19.1.0/node_modules/react-dom/cjs/react-dom-client.development.js:13123:11)
      at commitMutationEffectsOnFiber (node_modules/.pnpm/react-dom@19.1.0_react@19.1.0/node_modules/react-dom/cjs/react-dom-client.development.js:13134:11)
      at recursivelyTraverseMutationEffects (node_modules/.pnpm/react-dom@19.1.0_react@19.1.0/node_modules/react-dom/cjs/react-dom-client.development.js:13123:11)
      at commitMutationEffectsOnFiber (node_modules/.pnpm/react-dom@19.1.0_react@19.1.0/node_modules/react-dom/cjs/react-dom-client.development.js:13562:11)
      at recursivelyTraverseMutationEffects (node_modules/.pnpm/react-dom@19.1.0_react@19.1.0/node_modules/react-dom/cjs/react-dom-client.development.js:13123:11)
      at commitMutationEffectsOnFiber (node_modules/.pnpm/react-dom@19.1.0_react@19.1.0/node_modules/react-dom/cjs/react-dom-client.development.js:13134:11)
      at recursivelyTraverseMutationEffects (node_modules/.pnpm/react-dom@19.1.0_react@19.1.0/node_modules/react-dom/cjs/react-dom-client.development.js:13123:11)
      at commitMutationEffectsOnFiber (node_modules/.pnpm/react-dom@19.1.0_react@19.1.0/node_modules/react-dom/cjs/react-dom-client.development.js:13562:11)
      at recursivelyTraverseMutationEffects (node_modules/.pnpm/react-dom@19.1.0_react@19.1.0/node_modules/react-dom/cjs/react-dom-client.development.js:13123:11)
      at commitMutationEffectsOnFiber (node_modules/.pnpm/react-dom@19.1.0_react@19.1.0/node_modules/react-dom/cjs/react-dom-client.development.js:13134:11)
      at recursivelyTraverseMutationEffects (node_modules/.pnpm/react-dom@19.1.0_react@19.1.0/node_modules/react-dom/cjs/react-dom-client.development.js:13123:11)
      at commitMutationEffectsOnFiber (node_modules/.pnpm/react-dom@19.1.0_react@19.1.0/node_modules/react-dom/cjs/react-dom-client.development.js:13134:11)
      at recursivelyTraverseMutationEffects (node_modules/.pnpm/react-dom@19.1.0_react@19.1.0/node_modules/react-dom/cjs/react-dom-client.development.js:13123:11)
      at commitMutationEffectsOnFiber (node_modules/.pnpm/react-dom@19.1.0_react@19.1.0/node_modules/react-dom/cjs/react-dom-client.development.js:13134:11)
      at recursivelyTraverseMutationEffects (node_modules/.pnpm/react-dom@19.1.0_react@19.1.0/node_modules/react-dom/cjs/react-dom-client.development.js:13123:11)
      at commitMutationEffectsOnFiber (node_modules/.pnpm/react-dom@19.1.0_react@19.1.0/node_modules/react-dom/cjs/react-dom-client.development.js:13562:11)
      at recursivelyTraverseMutationEffects (node_modules/.pnpm/react-dom@19.1.0_react@19.1.0/node_modules/react-dom/cjs/react-dom-client.development.js:13123:11)
      at commitMutationEffectsOnFiber (node_modules/.pnpm/react-dom@19.1.0_react@19.1.0/node_modules/react-dom/cjs/react-dom-client.development.js:13134:11)
      at recursivelyTraverseMutationEffects (node_modules/.pnpm/react-dom@19.1.0_react@19.1.0/node_modules/react-dom/cjs/react-dom-client.development.js:13123:11)
      at commitMutationEffectsOnFiber (node_modules/.pnpm/react-dom@19.1.0_react@19.1.0/node_modules/react-dom/cjs/react-dom-client.development.js:13134:11)
      at recursivelyTraverseMutationEffects (node_modules/.pnpm/react-dom@19.1.0_react@19.1.0/node_modules/react-dom/cjs/react-dom-client.development.js:13123:11)
      at commitMutationEffectsOnFiber (node_modules/.pnpm/react-dom@19.1.0_react@19.1.0/node_modules/react-dom/cjs/react-dom-client.development.js:13134:11)
      at recursivelyTraverseMutationEffects (node_modules/.pnpm/react-dom@19.1.0_react@19.1.0/node_modules/react-dom/cjs/react-dom-client.development.js:13123:11)
      at commitMutationEffectsOnFiber (node_modules/.pnpm/react-dom@19.1.0_react@19.1.0/node_modules/react-dom/cjs/react-dom-client.development.js:13347:11)
      at recursivelyTraverseMutationEffects (node_modules/.pnpm/react-dom@19.1.0_react@19.1.0/node_modules/react-dom/cjs/react-dom-client.development.js:13123:11)
      at commitMutationEffectsOnFiber (node_modules/.pnpm/react-dom@19.1.0_react@19.1.0/node_modules/react-dom/cjs/react-dom-client.development.js:13405:11)
      at flushMutationEffects (node_modules/.pnpm/react-dom@19.1.0_react@19.1.0/node_modules/react-dom/cjs/react-dom-client.development.js:15426:13)
      at commitRoot (node_modules/.pnpm/react-dom@19.1.0_react@19.1.0/node_modules/react-dom/cjs/react-dom-client.development.js:15401:9)
      at commitRootWhenReady (node_modules/.pnpm/react-dom@19.1.0_react@19.1.0/node_modules/react-dom/cjs/react-dom-client.development.js:14652:7)
      at performWorkOnRoot (node_modules/.pnpm/react-dom@19.1.0_react@19.1.0/node_modules/react-dom/cjs/react-dom-client.development.js:14575:15)
      at performSyncWorkOnRoot (node_modules/.pnpm/react-dom@19.1.0_react@19.1.0/node_modules/react-dom/cjs/react-dom-client.development.js:16231:7)
      at flushSyncWorkAcrossRoots_impl (node_modules/.pnpm/react-dom@19.1.0_react@19.1.0/node_modules/react-dom/cjs/react-dom-client.development.js:16079:21)
      at flushSpawnedWork (node_modules/.pnpm/react-dom@19.1.0_react@19.1.0/node_modules/react-dom/cjs/react-dom-client.development.js:15677:9)
      at commitRoot (node_modules/.pnpm/react-dom@19.1.0_react@19.1.0/node_modules/react-dom/cjs/react-dom-client.development.js:15403:9)
      at commitRootWhenReady (node_modules/.pnpm/react-dom@19.1.0_react@19.1.0/node_modules/react-dom/cjs/react-dom-client.development.js:14652:7)
      at performWorkOnRoot (node_modules/.pnpm/react-dom@19.1.0_react@19.1.0/node_modules/react-dom/cjs/react-dom-client.development.js:14575:15)
      at performWorkOnRootViaSchedulerTask (node_modules/.pnpm/react-dom@19.1.0_react@19.1.0/node_modules/react-dom/cjs/react-dom-client.development.js:16216:7)
      at performWorkUntilDeadline (node_modules/.pnpm/scheduler@0.26.0/node_modules/scheduler/cjs/scheduler.development.js:45:48)
      at Timeout.task [as _onTimeout] (node_modules/.pnpm/jsdom@20.0.3/node_modules/jsdom/lib/jsdom/browser/Window.js:520:19)

  console.error
    An update to PopperContent inside a test was not wrapped in act(...).

    When testing, code that causes React state updates should be wrapped into act(...):

    act(() => {
      /* fire events that update state */
    });
    /* assert on the output */

    This ensures that you're testing the behavior the user would see in the browser. Learn more at https://react.dev/link/wrap-tests-with-act

      at node_modules/.pnpm/react-dom@19.1.0_react@19.1.0/node_modules/react-dom/cjs/react-dom-client.development.js:16023:19
      at runWithFiberInDEV (node_modules/.pnpm/react-dom@19.1.0_react@19.1.0/node_modules/react-dom/cjs/react-dom-client.development.js:1522:13)
      at warnIfUpdatesNotWrappedWithActDEV (node_modules/.pnpm/react-dom@19.1.0_react@19.1.0/node_modules/react-dom/cjs/react-dom-client.development.js:16022:9)
      at scheduleUpdateOnFiber (node_modules/.pnpm/react-dom@19.1.0_react@19.1.0/node_modules/react-dom/cjs/react-dom-client.development.js:14396:11)
      at dispatchSetStateInternal (node_modules/.pnpm/react-dom@19.1.0_react@19.1.0/node_modules/react-dom/cjs/react-dom-client.development.js:6969:13)
      at dispatchSetState (node_modules/.pnpm/react-dom@19.1.0_react@19.1.0/node_modules/react-dom/cjs/react-dom-client.development.js:6927:7)
      at node_modules/.pnpm/@radix-ui+react-popper@1.2.1_@types+react-dom@19.1.5_@types+react@19.1.4__@types+react@_910688d4f3cb83ecf698ad7ae3e1c893/node_modules/@radix-ui/react-popper/src/Popper.tsx:150:66
      at setRef (node_modules/.pnpm/@radix-ui+react-compose-refs@1.1.1_@types+react@19.1.4_react@19.1.0/node_modules/@radix-ui/react-compose-refs/src/composeRefs.tsx:11:12)
      at node_modules/.pnpm/@radix-ui+react-compose-refs@1.1.1_@types+react@19.1.4_react@19.1.0/node_modules/@radix-ui/react-compose-refs/src/composeRefs.tsx:25:23
          at Array.map (<anonymous>)
      at node_modules/.pnpm/@radix-ui+react-compose-refs@1.1.1_@types+react@19.1.4_react@19.1.0/node_modules/@radix-ui/react-compose-refs/src/composeRefs.tsx:24:27
      at runWithFiberInDEV (node_modules/.pnpm/react-dom@19.1.0_react@19.1.0/node_modules/react-dom/cjs/react-dom-client.development.js:1522:13)
      at safelyDetachRef (node_modules/.pnpm/react-dom@19.1.0_react@19.1.0/node_modules/react-dom/cjs/react-dom-client.development.js:12224:18)
      at commitMutationEffectsOnFiber (node_modules/.pnpm/react-dom@19.1.0_react@19.1.0/node_modules/react-dom/cjs/react-dom-client.development.js:13352:15)
      at recursivelyTraverseMutationEffects (node_modules/.pnpm/react-dom@19.1.0_react@19.1.0/node_modules/react-dom/cjs/react-dom-client.development.js:13123:11)
      at commitMutationEffectsOnFiber (node_modules/.pnpm/react-dom@19.1.0_react@19.1.0/node_modules/react-dom/cjs/react-dom-client.development.js:13134:11)
      at recursivelyTraverseMutationEffects (node_modules/.pnpm/react-dom@19.1.0_react@19.1.0/node_modules/react-dom/cjs/react-dom-client.development.js:13123:11)
      at commitMutationEffectsOnFiber (node_modules/.pnpm/react-dom@19.1.0_react@19.1.0/node_modules/react-dom/cjs/react-dom-client.development.js:13562:11)
      at recursivelyTraverseMutationEffects (node_modules/.pnpm/react-dom@19.1.0_react@19.1.0/node_modules/react-dom/cjs/react-dom-client.development.js:13123:11)
      at commitMutationEffectsOnFiber (node_modules/.pnpm/react-dom@19.1.0_react@19.1.0/node_modules/react-dom/cjs/react-dom-client.development.js:13134:11)
      at recursivelyTraverseMutationEffects (node_modules/.pnpm/react-dom@19.1.0_react@19.1.0/node_modules/react-dom/cjs/react-dom-client.development.js:13123:11)
      at commitMutationEffectsOnFiber (node_modules/.pnpm/react-dom@19.1.0_react@19.1.0/node_modules/react-dom/cjs/react-dom-client.development.js:13347:11)
      at recursivelyTraverseMutationEffects (node_modules/.pnpm/react-dom@19.1.0_react@19.1.0/node_modules/react-dom/cjs/react-dom-client.development.js:13123:11)
      at commitMutationEffectsOnFiber (node_modules/.pnpm/react-dom@19.1.0_react@19.1.0/node_modules/react-dom/cjs/react-dom-client.development.js:13134:11)
      at recursivelyTraverseMutationEffects (node_modules/.pnpm/react-dom@19.1.0_react@19.1.0/node_modules/react-dom/cjs/react-dom-client.development.js:13123:11)
      at commitMutationEffectsOnFiber (node_modules/.pnpm/react-dom@19.1.0_react@19.1.0/node_modules/react-dom/cjs/react-dom-client.development.js:13134:11)
      at recursivelyTraverseMutationEffects (node_modules/.pnpm/react-dom@19.1.0_react@19.1.0/node_modules/react-dom/cjs/react-dom-client.development.js:13123:11)
      at commitMutationEffectsOnFiber (node_modules/.pnpm/react-dom@19.1.0_react@19.1.0/node_modules/react-dom/cjs/react-dom-client.development.js:13134:11)
      at recursivelyTraverseMutationEffects (node_modules/.pnpm/react-dom@19.1.0_react@19.1.0/node_modules/react-dom/cjs/react-dom-client.development.js:13123:11)
      at commitMutationEffectsOnFiber (node_modules/.pnpm/react-dom@19.1.0_react@19.1.0/node_modules/react-dom/cjs/react-dom-client.development.js:13134:11)
      at recursivelyTraverseMutationEffects (node_modules/.pnpm/react-dom@19.1.0_react@19.1.0/node_modules/react-dom/cjs/react-dom-client.development.js:13123:11)
      at commitMutationEffectsOnFiber (node_modules/.pnpm/react-dom@19.1.0_react@19.1.0/node_modules/react-dom/cjs/react-dom-client.development.js:13134:11)
      at recursivelyTraverseMutationEffects (node_modules/.pnpm/react-dom@19.1.0_react@19.1.0/node_modules/react-dom/cjs/react-dom-client.development.js:13123:11)
      at commitMutationEffectsOnFiber (node_modules/.pnpm/react-dom@19.1.0_react@19.1.0/node_modules/react-dom/cjs/react-dom-client.development.js:13134:11)
      at recursivelyTraverseMutationEffects (node_modules/.pnpm/react-dom@19.1.0_react@19.1.0/node_modules/react-dom/cjs/react-dom-client.development.js:13123:11)
      at commitMutationEffectsOnFiber (node_modules/.pnpm/react-dom@19.1.0_react@19.1.0/node_modules/react-dom/cjs/react-dom-client.development.js:13134:11)
      at recursivelyTraverseMutationEffects (node_modules/.pnpm/react-dom@19.1.0_react@19.1.0/node_modules/react-dom/cjs/react-dom-client.development.js:13123:11)
      at commitMutationEffectsOnFiber (node_modules/.pnpm/react-dom@19.1.0_react@19.1.0/node_modules/react-dom/cjs/react-dom-client.development.js:13134:11)
      at recursivelyTraverseMutationEffects (node_modules/.pnpm/react-dom@19.1.0_react@19.1.0/node_modules/react-dom/cjs/react-dom-client.development.js:13123:11)
      at commitMutationEffectsOnFiber (node_modules/.pnpm/react-dom@19.1.0_react@19.1.0/node_modules/react-dom/cjs/react-dom-client.development.js:13134:11)
      at recursivelyTraverseMutationEffects (node_modules/.pnpm/react-dom@19.1.0_react@19.1.0/node_modules/react-dom/cjs/react-dom-client.development.js:13123:11)
      at commitMutationEffectsOnFiber (node_modules/.pnpm/react-dom@19.1.0_react@19.1.0/node_modules/react-dom/cjs/react-dom-client.development.js:13134:11)
      at recursivelyTraverseMutationEffects (node_modules/.pnpm/react-dom@19.1.0_react@19.1.0/node_modules/react-dom/cjs/react-dom-client.development.js:13123:11)
      at commitMutationEffectsOnFiber (node_modules/.pnpm/react-dom@19.1.0_react@19.1.0/node_modules/react-dom/cjs/react-dom-client.development.js:13562:11)
      at recursivelyTraverseMutationEffects (node_modules/.pnpm/react-dom@19.1.0_react@19.1.0/node_modules/react-dom/cjs/react-dom-client.development.js:13123:11)
      at commitMutationEffectsOnFiber (node_modules/.pnpm/react-dom@19.1.0_react@19.1.0/node_modules/react-dom/cjs/react-dom-client.development.js:13134:11)
      at recursivelyTraverseMutationEffects (node_modules/.pnpm/react-dom@19.1.0_react@19.1.0/node_modules/react-dom/cjs/react-dom-client.development.js:13123:11)
      at commitMutationEffectsOnFiber (node_modules/.pnpm/react-dom@19.1.0_react@19.1.0/node_modules/react-dom/cjs/react-dom-client.development.js:13562:11)
      at recursivelyTraverseMutationEffects (node_modules/.pnpm/react-dom@19.1.0_react@19.1.0/node_modules/react-dom/cjs/react-dom-client.development.js:13123:11)
      at commitMutationEffectsOnFiber (node_modules/.pnpm/react-dom@19.1.0_react@19.1.0/node_modules/react-dom/cjs/react-dom-client.development.js:13134:11)
      at recursivelyTraverseMutationEffects (node_modules/.pnpm/react-dom@19.1.0_react@19.1.0/node_modules/react-dom/cjs/react-dom-client.development.js:13123:11)
      at commitMutationEffectsOnFiber (node_modules/.pnpm/react-dom@19.1.0_react@19.1.0/node_modules/react-dom/cjs/react-dom-client.development.js:13134:11)
      at recursivelyTraverseMutationEffects (node_modules/.pnpm/react-dom@19.1.0_react@19.1.0/node_modules/react-dom/cjs/react-dom-client.development.js:13123:11)
      at commitMutationEffectsOnFiber (node_modules/.pnpm/react-dom@19.1.0_react@19.1.0/node_modules/react-dom/cjs/react-dom-client.development.js:13134:11)
      at recursivelyTraverseMutationEffects (node_modules/.pnpm/react-dom@19.1.0_react@19.1.0/node_modules/react-dom/cjs/react-dom-client.development.js:13123:11)
      at commitMutationEffectsOnFiber (node_modules/.pnpm/react-dom@19.1.0_react@19.1.0/node_modules/react-dom/cjs/react-dom-client.development.js:13562:11)
      at recursivelyTraverseMutationEffects (node_modules/.pnpm/react-dom@19.1.0_react@19.1.0/node_modules/react-dom/cjs/react-dom-client.development.js:13123:11)
      at commitMutationEffectsOnFiber (node_modules/.pnpm/react-dom@19.1.0_react@19.1.0/node_modules/react-dom/cjs/react-dom-client.development.js:13134:11)
      at recursivelyTraverseMutationEffects (node_modules/.pnpm/react-dom@19.1.0_react@19.1.0/node_modules/react-dom/cjs/react-dom-client.development.js:13123:11)
      at commitMutationEffectsOnFiber (node_modules/.pnpm/react-dom@19.1.0_react@19.1.0/node_modules/react-dom/cjs/react-dom-client.development.js:13134:11)
      at recursivelyTraverseMutationEffects (node_modules/.pnpm/react-dom@19.1.0_react@19.1.0/node_modules/react-dom/cjs/react-dom-client.development.js:13123:11)
      at commitMutationEffectsOnFiber (node_modules/.pnpm/react-dom@19.1.0_react@19.1.0/node_modules/react-dom/cjs/react-dom-client.development.js:13134:11)
      at recursivelyTraverseMutationEffects (node_modules/.pnpm/react-dom@19.1.0_react@19.1.0/node_modules/react-dom/cjs/react-dom-client.development.js:13123:11)
      at commitMutationEffectsOnFiber (node_modules/.pnpm/react-dom@19.1.0_react@19.1.0/node_modules/react-dom/cjs/react-dom-client.development.js:13347:11)
      at recursivelyTraverseMutationEffects (node_modules/.pnpm/react-dom@19.1.0_react@19.1.0/node_modules/react-dom/cjs/react-dom-client.development.js:13123:11)
      at commitMutationEffectsOnFiber (node_modules/.pnpm/react-dom@19.1.0_react@19.1.0/node_modules/react-dom/cjs/react-dom-client.development.js:13405:11)
      at flushMutationEffects (node_modules/.pnpm/react-dom@19.1.0_react@19.1.0/node_modules/react-dom/cjs/react-dom-client.development.js:15426:13)
      at commitRoot (node_modules/.pnpm/react-dom@19.1.0_react@19.1.0/node_modules/react-dom/cjs/react-dom-client.development.js:15401:9)
      at commitRootWhenReady (node_modules/.pnpm/react-dom@19.1.0_react@19.1.0/node_modules/react-dom/cjs/react-dom-client.development.js:14652:7)
      at performWorkOnRoot (node_modules/.pnpm/react-dom@19.1.0_react@19.1.0/node_modules/react-dom/cjs/react-dom-client.development.js:14575:15)
      at performSyncWorkOnRoot (node_modules/.pnpm/react-dom@19.1.0_react@19.1.0/node_modules/react-dom/cjs/react-dom-client.development.js:16231:7)
      at flushSyncWorkAcrossRoots_impl (node_modules/.pnpm/react-dom@19.1.0_react@19.1.0/node_modules/react-dom/cjs/react-dom-client.development.js:16079:21)
      at flushSpawnedWork (node_modules/.pnpm/react-dom@19.1.0_react@19.1.0/node_modules/react-dom/cjs/react-dom-client.development.js:15677:9)
      at commitRoot (node_modules/.pnpm/react-dom@19.1.0_react@19.1.0/node_modules/react-dom/cjs/react-dom-client.development.js:15403:9)
      at commitRootWhenReady (node_modules/.pnpm/react-dom@19.1.0_react@19.1.0/node_modules/react-dom/cjs/react-dom-client.development.js:14652:7)
      at performWorkOnRoot (node_modules/.pnpm/react-dom@19.1.0_react@19.1.0/node_modules/react-dom/cjs/react-dom-client.development.js:14575:15)
      at performWorkOnRootViaSchedulerTask (node_modules/.pnpm/react-dom@19.1.0_react@19.1.0/node_modules/react-dom/cjs/react-dom-client.development.js:16216:7)
      at performWorkUntilDeadline (node_modules/.pnpm/scheduler@0.26.0/node_modules/scheduler/cjs/scheduler.development.js:45:48)
      at Timeout.task [as _onTimeout] (node_modules/.pnpm/jsdom@20.0.3/node_modules/jsdom/lib/jsdom/browser/Window.js:520:19)

  console.error
    An update to DismissableLayer inside a test was not wrapped in act(...).

    When testing, code that causes React state updates should be wrapped into act(...):

    act(() => {
      /* fire events that update state */
    });
    /* assert on the output */

    This ensures that you're testing the behavior the user would see in the browser. Learn more at https://react.dev/link/wrap-tests-with-act

      at node_modules/.pnpm/react-dom@19.1.0_react@19.1.0/node_modules/react-dom/cjs/react-dom-client.development.js:16023:19
      at runWithFiberInDEV (node_modules/.pnpm/react-dom@19.1.0_react@19.1.0/node_modules/react-dom/cjs/react-dom-client.development.js:1522:13)
      at warnIfUpdatesNotWrappedWithActDEV (node_modules/.pnpm/react-dom@19.1.0_react@19.1.0/node_modules/react-dom/cjs/react-dom-client.development.js:16022:9)
      at scheduleUpdateOnFiber (node_modules/.pnpm/react-dom@19.1.0_react@19.1.0/node_modules/react-dom/cjs/react-dom-client.development.js:14396:11)
      at dispatchSetStateInternal (node_modules/.pnpm/react-dom@19.1.0_react@19.1.0/node_modules/react-dom/cjs/react-dom-client.development.js:6969:13)
      at dispatchSetState (node_modules/.pnpm/react-dom@19.1.0_react@19.1.0/node_modules/react-dom/cjs/react-dom-client.development.js:6927:7)
      at node_modules/.pnpm/@radix-ui+react-dismissable-layer@1.1.3_@types+react-dom@19.1.5_@types+react@19.1.4__@t_ddb2e391162b1c51556ac1f8b5d28930/node_modules/@radix-ui/react-dismissable-layer/src/DismissableLayer.tsx:76:66
      at setRef (node_modules/.pnpm/@radix-ui+react-compose-refs@1.1.1_@types+react@19.1.4_react@19.1.0/node_modules/@radix-ui/react-compose-refs/src/composeRefs.tsx:11:12)
      at node_modules/.pnpm/@radix-ui+react-compose-refs@1.1.1_@types+react@19.1.4_react@19.1.0/node_modules/@radix-ui/react-compose-refs/src/composeRefs.tsx:25:23
          at Array.map (<anonymous>)
      at node_modules/.pnpm/@radix-ui+react-compose-refs@1.1.1_@types+react@19.1.4_react@19.1.0/node_modules/@radix-ui/react-compose-refs/src/composeRefs.tsx:24:27
      at setRef (node_modules/.pnpm/@radix-ui+react-compose-refs@1.1.1_@types+react@19.1.4_react@19.1.0/node_modules/@radix-ui/react-compose-refs/src/composeRefs.tsx:11:12)
      at node_modules/.pnpm/@radix-ui+react-compose-refs@1.1.1_@types+react@19.1.4_react@19.1.0/node_modules/@radix-ui/react-compose-refs/src/composeRefs.tsx:25:23
          at Array.map (<anonymous>)
      at node_modules/.pnpm/@radix-ui+react-compose-refs@1.1.1_@types+react@19.1.4_react@19.1.0/node_modules/@radix-ui/react-compose-refs/src/composeRefs.tsx:24:27
      at setRef (node_modules/.pnpm/@radix-ui+react-compose-refs@1.1.1_@types+react@19.1.4_react@19.1.0/node_modules/@radix-ui/react-compose-refs/src/composeRefs.tsx:11:12)
      at node_modules/.pnpm/@radix-ui+react-compose-refs@1.1.1_@types+react@19.1.4_react@19.1.0/node_modules/@radix-ui/react-compose-refs/src/composeRefs.tsx:25:23
          at Array.map (<anonymous>)
      at node_modules/.pnpm/@radix-ui+react-compose-refs@1.1.1_@types+react@19.1.4_react@19.1.0/node_modules/@radix-ui/react-compose-refs/src/composeRefs.tsx:24:27
      at commitAttachRef (node_modules/.pnpm/react-dom@19.1.0_react@19.1.0/node_modules/react-dom/cjs/react-dom-client.development.js:12177:42)
      at runWithFiberInDEV (node_modules/.pnpm/react-dom@19.1.0_react@19.1.0/node_modules/react-dom/cjs/react-dom-client.development.js:1522:13)
      at safelyAttachRef (node_modules/.pnpm/react-dom@19.1.0_react@19.1.0/node_modules/react-dom/cjs/react-dom-client.development.js:12191:9)
      at commitLayoutEffectOnFiber (node_modules/.pnpm/react-dom@19.1.0_react@19.1.0/node_modules/react-dom/cjs/react-dom-client.development.js:12729:26)
      at recursivelyTraverseLayoutEffects (node_modules/.pnpm/react-dom@19.1.0_react@19.1.0/node_modules/react-dom/cjs/react-dom-client.development.js:13590:11)
      at commitLayoutEffectOnFiber (node_modules/.pnpm/react-dom@19.1.0_react@19.1.0/node_modules/react-dom/cjs/react-dom-client.development.js:12611:11)
      at recursivelyTraverseLayoutEffects (node_modules/.pnpm/react-dom@19.1.0_react@19.1.0/node_modules/react-dom/cjs/react-dom-client.development.js:13590:11)
      at commitLayoutEffectOnFiber (node_modules/.pnpm/react-dom@19.1.0_react@19.1.0/node_modules/react-dom/cjs/react-dom-client.development.js:12791:11)
      at recursivelyTraverseLayoutEffects (node_modules/.pnpm/react-dom@19.1.0_react@19.1.0/node_modules/react-dom/cjs/react-dom-client.development.js:13590:11)
      at commitLayoutEffectOnFiber (node_modules/.pnpm/react-dom@19.1.0_react@19.1.0/node_modules/react-dom/cjs/react-dom-client.development.js:12611:11)
      at recursivelyTraverseLayoutEffects (node_modules/.pnpm/react-dom@19.1.0_react@19.1.0/node_modules/react-dom/cjs/react-dom-client.development.js:13590:11)
      at commitLayoutEffectOnFiber (node_modules/.pnpm/react-dom@19.1.0_react@19.1.0/node_modules/react-dom/cjs/react-dom-client.development.js:12727:11)
      at recursivelyTraverseLayoutEffects (node_modules/.pnpm/react-dom@19.1.0_react@19.1.0/node_modules/react-dom/cjs/react-dom-client.development.js:13590:11)
      at commitLayoutEffectOnFiber (node_modules/.pnpm/react-dom@19.1.0_react@19.1.0/node_modules/react-dom/cjs/react-dom-client.development.js:12611:11)
      at recursivelyTraverseLayoutEffects (node_modules/.pnpm/react-dom@19.1.0_react@19.1.0/node_modules/react-dom/cjs/react-dom-client.development.js:13590:11)
      at commitLayoutEffectOnFiber (node_modules/.pnpm/react-dom@19.1.0_react@19.1.0/node_modules/react-dom/cjs/react-dom-client.development.js:12611:11)
      at recursivelyTraverseLayoutEffects (node_modules/.pnpm/react-dom@19.1.0_react@19.1.0/node_modules/react-dom/cjs/react-dom-client.development.js:13590:11)
      at commitLayoutEffectOnFiber (node_modules/.pnpm/react-dom@19.1.0_react@19.1.0/node_modules/react-dom/cjs/react-dom-client.development.js:12611:11)
      at recursivelyTraverseLayoutEffects (node_modules/.pnpm/react-dom@19.1.0_react@19.1.0/node_modules/react-dom/cjs/react-dom-client.development.js:13590:11)
      at commitLayoutEffectOnFiber (node_modules/.pnpm/react-dom@19.1.0_react@19.1.0/node_modules/react-dom/cjs/react-dom-client.development.js:12611:11)
      at recursivelyTraverseLayoutEffects (node_modules/.pnpm/react-dom@19.1.0_react@19.1.0/node_modules/react-dom/cjs/react-dom-client.development.js:13590:11)
      at commitLayoutEffectOnFiber (node_modules/.pnpm/react-dom@19.1.0_react@19.1.0/node_modules/react-dom/cjs/react-dom-client.development.js:12611:11)
      at recursivelyTraverseLayoutEffects (node_modules/.pnpm/react-dom@19.1.0_react@19.1.0/node_modules/react-dom/cjs/react-dom-client.development.js:13590:11)
      at commitLayoutEffectOnFiber (node_modules/.pnpm/react-dom@19.1.0_react@19.1.0/node_modules/react-dom/cjs/react-dom-client.development.js:12611:11)
      at recursivelyTraverseLayoutEffects (node_modules/.pnpm/react-dom@19.1.0_react@19.1.0/node_modules/react-dom/cjs/react-dom-client.development.js:13590:11)
      at commitLayoutEffectOnFiber (node_modules/.pnpm/react-dom@19.1.0_react@19.1.0/node_modules/react-dom/cjs/react-dom-client.development.js:12611:11)
      at recursivelyTraverseLayoutEffects (node_modules/.pnpm/react-dom@19.1.0_react@19.1.0/node_modules/react-dom/cjs/react-dom-client.development.js:13590:11)
      at commitLayoutEffectOnFiber (node_modules/.pnpm/react-dom@19.1.0_react@19.1.0/node_modules/react-dom/cjs/react-dom-client.development.js:12611:11)
      at recursivelyTraverseLayoutEffects (node_modules/.pnpm/react-dom@19.1.0_react@19.1.0/node_modules/react-dom/cjs/react-dom-client.development.js:13590:11)
      at commitLayoutEffectOnFiber (node_modules/.pnpm/react-dom@19.1.0_react@19.1.0/node_modules/react-dom/cjs/react-dom-client.development.js:12611:11)
      at recursivelyTraverseLayoutEffects (node_modules/.pnpm/react-dom@19.1.0_react@19.1.0/node_modules/react-dom/cjs/react-dom-client.development.js:13590:11)
      at commitLayoutEffectOnFiber (node_modules/.pnpm/react-dom@19.1.0_react@19.1.0/node_modules/react-dom/cjs/react-dom-client.development.js:12611:11)
      at recursivelyTraverseLayoutEffects (node_modules/.pnpm/react-dom@19.1.0_react@19.1.0/node_modules/react-dom/cjs/react-dom-client.development.js:13590:11)
      at commitLayoutEffectOnFiber (node_modules/.pnpm/react-dom@19.1.0_react@19.1.0/node_modules/react-dom/cjs/react-dom-client.development.js:12791:11)
      at recursivelyTraverseLayoutEffects (node_modules/.pnpm/react-dom@19.1.0_react@19.1.0/node_modules/react-dom/cjs/react-dom-client.development.js:13590:11)
      at commitLayoutEffectOnFiber (node_modules/.pnpm/react-dom@19.1.0_react@19.1.0/node_modules/react-dom/cjs/react-dom-client.development.js:12611:11)
      at recursivelyTraverseLayoutEffects (node_modules/.pnpm/react-dom@19.1.0_react@19.1.0/node_modules/react-dom/cjs/react-dom-client.development.js:13590:11)
      at commitLayoutEffectOnFiber (node_modules/.pnpm/react-dom@19.1.0_react@19.1.0/node_modules/react-dom/cjs/react-dom-client.development.js:12791:11)
      at recursivelyTraverseLayoutEffects (node_modules/.pnpm/react-dom@19.1.0_react@19.1.0/node_modules/react-dom/cjs/react-dom-client.development.js:13590:11)
      at commitLayoutEffectOnFiber (node_modules/.pnpm/react-dom@19.1.0_react@19.1.0/node_modules/react-dom/cjs/react-dom-client.development.js:12611:11)
      at recursivelyTraverseLayoutEffects (node_modules/.pnpm/react-dom@19.1.0_react@19.1.0/node_modules/react-dom/cjs/react-dom-client.development.js:13590:11)
      at commitLayoutEffectOnFiber (node_modules/.pnpm/react-dom@19.1.0_react@19.1.0/node_modules/react-dom/cjs/react-dom-client.development.js:12611:11)
      at recursivelyTraverseLayoutEffects (node_modules/.pnpm/react-dom@19.1.0_react@19.1.0/node_modules/react-dom/cjs/react-dom-client.development.js:13590:11)
      at commitLayoutEffectOnFiber (node_modules/.pnpm/react-dom@19.1.0_react@19.1.0/node_modules/react-dom/cjs/react-dom-client.development.js:12611:11)
      at recursivelyTraverseLayoutEffects (node_modules/.pnpm/react-dom@19.1.0_react@19.1.0/node_modules/react-dom/cjs/react-dom-client.development.js:13590:11)
      at commitLayoutEffectOnFiber (node_modules/.pnpm/react-dom@19.1.0_react@19.1.0/node_modules/react-dom/cjs/react-dom-client.development.js:12791:11)
      at recursivelyTraverseLayoutEffects (node_modules/.pnpm/react-dom@19.1.0_react@19.1.0/node_modules/react-dom/cjs/react-dom-client.development.js:13590:11)
      at commitLayoutEffectOnFiber (node_modules/.pnpm/react-dom@19.1.0_react@19.1.0/node_modules/react-dom/cjs/react-dom-client.development.js:12611:11)
      at recursivelyTraverseLayoutEffects (node_modules/.pnpm/react-dom@19.1.0_react@19.1.0/node_modules/react-dom/cjs/react-dom-client.development.js:13590:11)
      at commitLayoutEffectOnFiber (node_modules/.pnpm/react-dom@19.1.0_react@19.1.0/node_modules/react-dom/cjs/react-dom-client.development.js:12611:11)
      at recursivelyTraverseLayoutEffects (node_modules/.pnpm/react-dom@19.1.0_react@19.1.0/node_modules/react-dom/cjs/react-dom-client.development.js:13590:11)
      at commitLayoutEffectOnFiber (node_modules/.pnpm/react-dom@19.1.0_react@19.1.0/node_modules/react-dom/cjs/react-dom-client.development.js:12611:11)
      at recursivelyTraverseLayoutEffects (node_modules/.pnpm/react-dom@19.1.0_react@19.1.0/node_modules/react-dom/cjs/react-dom-client.development.js:13590:11)
      at commitLayoutEffectOnFiber (node_modules/.pnpm/react-dom@19.1.0_react@19.1.0/node_modules/react-dom/cjs/react-dom-client.development.js:12727:11)
      at recursivelyTraverseLayoutEffects (node_modules/.pnpm/react-dom@19.1.0_react@19.1.0/node_modules/react-dom/cjs/react-dom-client.development.js:13590:11)
      at commitLayoutEffectOnFiber (node_modules/.pnpm/react-dom@19.1.0_react@19.1.0/node_modules/react-dom/cjs/react-dom-client.development.js:12693:11)
      at flushLayoutEffects (node_modules/.pnpm/react-dom@19.1.0_react@19.1.0/node_modules/react-dom/cjs/react-dom-client.development.js:15559:15)
      at commitRoot (node_modules/.pnpm/react-dom@19.1.0_react@19.1.0/node_modules/react-dom/cjs/react-dom-client.development.js:15402:9)
      at commitRootWhenReady (node_modules/.pnpm/react-dom@19.1.0_react@19.1.0/node_modules/react-dom/cjs/react-dom-client.development.js:14652:7)
      at performWorkOnRoot (node_modules/.pnpm/react-dom@19.1.0_react@19.1.0/node_modules/react-dom/cjs/react-dom-client.development.js:14575:15)
      at performSyncWorkOnRoot (node_modules/.pnpm/react-dom@19.1.0_react@19.1.0/node_modules/react-dom/cjs/react-dom-client.development.js:16231:7)
      at flushSyncWorkAcrossRoots_impl (node_modules/.pnpm/react-dom@19.1.0_react@19.1.0/node_modules/react-dom/cjs/react-dom-client.development.js:16079:21)
      at flushSpawnedWork (node_modules/.pnpm/react-dom@19.1.0_react@19.1.0/node_modules/react-dom/cjs/react-dom-client.development.js:15677:9)
      at commitRoot (node_modules/.pnpm/react-dom@19.1.0_react@19.1.0/node_modules/react-dom/cjs/react-dom-client.development.js:15403:9)
      at commitRootWhenReady (node_modules/.pnpm/react-dom@19.1.0_react@19.1.0/node_modules/react-dom/cjs/react-dom-client.development.js:14652:7)
      at performWorkOnRoot (node_modules/.pnpm/react-dom@19.1.0_react@19.1.0/node_modules/react-dom/cjs/react-dom-client.development.js:14575:15)
      at performWorkOnRootViaSchedulerTask (node_modules/.pnpm/react-dom@19.1.0_react@19.1.0/node_modules/react-dom/cjs/react-dom-client.development.js:16216:7)
      at performWorkUntilDeadline (node_modules/.pnpm/scheduler@0.26.0/node_modules/scheduler/cjs/scheduler.development.js:45:48)
      at Timeout.task [as _onTimeout] (node_modules/.pnpm/jsdom@20.0.3/node_modules/jsdom/lib/jsdom/browser/Window.js:520:19)

  console.error
    An update to Presence inside a test was not wrapped in act(...).

    When testing, code that causes React state updates should be wrapped into act(...):

    act(() => {
      /* fire events that update state */
    });
    /* assert on the output */

    This ensures that you're testing the behavior the user would see in the browser. Learn more at https://react.dev/link/wrap-tests-with-act

      at node_modules/.pnpm/react-dom@19.1.0_react@19.1.0/node_modules/react-dom/cjs/react-dom-client.development.js:16023:19
      at runWithFiberInDEV (node_modules/.pnpm/react-dom@19.1.0_react@19.1.0/node_modules/react-dom/cjs/react-dom-client.development.js:1522:13)
      at warnIfUpdatesNotWrappedWithActDEV (node_modules/.pnpm/react-dom@19.1.0_react@19.1.0/node_modules/react-dom/cjs/react-dom-client.development.js:16022:9)
      at scheduleUpdateOnFiber (node_modules/.pnpm/react-dom@19.1.0_react@19.1.0/node_modules/react-dom/cjs/react-dom-client.development.js:14396:11)
      at dispatchSetStateInternal (node_modules/.pnpm/react-dom@19.1.0_react@19.1.0/node_modules/react-dom/cjs/react-dom-client.development.js:6969:13)
      at dispatchSetState (node_modules/.pnpm/react-dom@19.1.0_react@19.1.0/node_modules/react-dom/cjs/react-dom-client.development.js:6927:7)
      at node_modules/.pnpm/@radix-ui+react-presence@1.1.2_@types+react-dom@19.1.5_@types+react@19.1.4__@types+reac_cf404f2765adb4b6877f4e8a2d692386/node_modules/@radix-ui/react-presence/src/Presence.tsx:157:7
      at setRef (node_modules/.pnpm/@radix-ui+react-compose-refs@1.1.1_@types+react@19.1.4_react@19.1.0/node_modules/@radix-ui/react-compose-refs/src/composeRefs.tsx:11:12)
      at node_modules/.pnpm/@radix-ui+react-compose-refs@1.1.1_@types+react@19.1.4_react@19.1.0/node_modules/@radix-ui/react-compose-refs/src/composeRefs.tsx:25:23
          at Array.map (<anonymous>)
      at node_modules/.pnpm/@radix-ui+react-compose-refs@1.1.1_@types+react@19.1.4_react@19.1.0/node_modules/@radix-ui/react-compose-refs/src/composeRefs.tsx:24:27
      at setRef (node_modules/.pnpm/@radix-ui+react-compose-refs@1.1.1_@types+react@19.1.4_react@19.1.0/node_modules/@radix-ui/react-compose-refs/src/composeRefs.tsx:11:12)
      at node_modules/.pnpm/@radix-ui+react-compose-refs@1.1.1_@types+react@19.1.4_react@19.1.0/node_modules/@radix-ui/react-compose-refs/src/composeRefs.tsx:25:23
          at Array.map (<anonymous>)
      at node_modules/.pnpm/@radix-ui+react-compose-refs@1.1.1_@types+react@19.1.4_react@19.1.0/node_modules/@radix-ui/react-compose-refs/src/composeRefs.tsx:24:27
      at setRef (node_modules/.pnpm/@radix-ui+react-compose-refs@1.1.1_@types+react@19.1.4_react@19.1.0/node_modules/@radix-ui/react-compose-refs/src/composeRefs.tsx:11:12)
      at node_modules/.pnpm/@radix-ui+react-compose-refs@1.1.1_@types+react@19.1.4_react@19.1.0/node_modules/@radix-ui/react-compose-refs/src/composeRefs.tsx:25:23
          at Array.map (<anonymous>)
      at node_modules/.pnpm/@radix-ui+react-compose-refs@1.1.1_@types+react@19.1.4_react@19.1.0/node_modules/@radix-ui/react-compose-refs/src/composeRefs.tsx:24:27
      at setRef (node_modules/.pnpm/@radix-ui+react-compose-refs@1.1.1_@types+react@19.1.4_react@19.1.0/node_modules/@radix-ui/react-compose-refs/src/composeRefs.tsx:11:12)
      at node_modules/.pnpm/@radix-ui+react-compose-refs@1.1.1_@types+react@19.1.4_react@19.1.0/node_modules/@radix-ui/react-compose-refs/src/composeRefs.tsx:25:23
          at Array.map (<anonymous>)
      at node_modules/.pnpm/@radix-ui+react-compose-refs@1.1.1_@types+react@19.1.4_react@19.1.0/node_modules/@radix-ui/react-compose-refs/src/composeRefs.tsx:24:27
      at commitAttachRef (node_modules/.pnpm/react-dom@19.1.0_react@19.1.0/node_modules/react-dom/cjs/react-dom-client.development.js:12177:42)
      at runWithFiberInDEV (node_modules/.pnpm/react-dom@19.1.0_react@19.1.0/node_modules/react-dom/cjs/react-dom-client.development.js:1522:13)
      at safelyAttachRef (node_modules/.pnpm/react-dom@19.1.0_react@19.1.0/node_modules/react-dom/cjs/react-dom-client.development.js:12191:9)
      at commitLayoutEffectOnFiber (node_modules/.pnpm/react-dom@19.1.0_react@19.1.0/node_modules/react-dom/cjs/react-dom-client.development.js:12729:26)
      at recursivelyTraverseLayoutEffects (node_modules/.pnpm/react-dom@19.1.0_react@19.1.0/node_modules/react-dom/cjs/react-dom-client.development.js:13590:11)
      at commitLayoutEffectOnFiber (node_modules/.pnpm/react-dom@19.1.0_react@19.1.0/node_modules/react-dom/cjs/react-dom-client.development.js:12611:11)
      at recursivelyTraverseLayoutEffects (node_modules/.pnpm/react-dom@19.1.0_react@19.1.0/node_modules/react-dom/cjs/react-dom-client.development.js:13590:11)
      at commitLayoutEffectOnFiber (node_modules/.pnpm/react-dom@19.1.0_react@19.1.0/node_modules/react-dom/cjs/react-dom-client.development.js:12791:11)
      at recursivelyTraverseLayoutEffects (node_modules/.pnpm/react-dom@19.1.0_react@19.1.0/node_modules/react-dom/cjs/react-dom-client.development.js:13590:11)
      at commitLayoutEffectOnFiber (node_modules/.pnpm/react-dom@19.1.0_react@19.1.0/node_modules/react-dom/cjs/react-dom-client.development.js:12611:11)
      at recursivelyTraverseLayoutEffects (node_modules/.pnpm/react-dom@19.1.0_react@19.1.0/node_modules/react-dom/cjs/react-dom-client.development.js:13590:11)
      at commitLayoutEffectOnFiber (node_modules/.pnpm/react-dom@19.1.0_react@19.1.0/node_modules/react-dom/cjs/react-dom-client.development.js:12727:11)
      at recursivelyTraverseLayoutEffects (node_modules/.pnpm/react-dom@19.1.0_react@19.1.0/node_modules/react-dom/cjs/react-dom-client.development.js:13590:11)
      at commitLayoutEffectOnFiber (node_modules/.pnpm/react-dom@19.1.0_react@19.1.0/node_modules/react-dom/cjs/react-dom-client.development.js:12611:11)
      at recursivelyTraverseLayoutEffects (node_modules/.pnpm/react-dom@19.1.0_react@19.1.0/node_modules/react-dom/cjs/react-dom-client.development.js:13590:11)
      at commitLayoutEffectOnFiber (node_modules/.pnpm/react-dom@19.1.0_react@19.1.0/node_modules/react-dom/cjs/react-dom-client.development.js:12611:11)
      at recursivelyTraverseLayoutEffects (node_modules/.pnpm/react-dom@19.1.0_react@19.1.0/node_modules/react-dom/cjs/react-dom-client.development.js:13590:11)
      at commitLayoutEffectOnFiber (node_modules/.pnpm/react-dom@19.1.0_react@19.1.0/node_modules/react-dom/cjs/react-dom-client.development.js:12611:11)
      at recursivelyTraverseLayoutEffects (node_modules/.pnpm/react-dom@19.1.0_react@19.1.0/node_modules/react-dom/cjs/react-dom-client.development.js:13590:11)
      at commitLayoutEffectOnFiber (node_modules/.pnpm/react-dom@19.1.0_react@19.1.0/node_modules/react-dom/cjs/react-dom-client.development.js:12611:11)
      at recursivelyTraverseLayoutEffects (node_modules/.pnpm/react-dom@19.1.0_react@19.1.0/node_modules/react-dom/cjs/react-dom-client.development.js:13590:11)
      at commitLayoutEffectOnFiber (node_modules/.pnpm/react-dom@19.1.0_react@19.1.0/node_modules/react-dom/cjs/react-dom-client.development.js:12611:11)
      at recursivelyTraverseLayoutEffects (node_modules/.pnpm/react-dom@19.1.0_react@19.1.0/node_modules/react-dom/cjs/react-dom-client.development.js:13590:11)
      at commitLayoutEffectOnFiber (node_modules/.pnpm/react-dom@19.1.0_react@19.1.0/node_modules/react-dom/cjs/react-dom-client.development.js:12611:11)
      at recursivelyTraverseLayoutEffects (node_modules/.pnpm/react-dom@19.1.0_react@19.1.0/node_modules/react-dom/cjs/react-dom-client.development.js:13590:11)
      at commitLayoutEffectOnFiber (node_modules/.pnpm/react-dom@19.1.0_react@19.1.0/node_modules/react-dom/cjs/react-dom-client.development.js:12611:11)
      at recursivelyTraverseLayoutEffects (node_modules/.pnpm/react-dom@19.1.0_react@19.1.0/node_modules/react-dom/cjs/react-dom-client.development.js:13590:11)
      at commitLayoutEffectOnFiber (node_modules/.pnpm/react-dom@19.1.0_react@19.1.0/node_modules/react-dom/cjs/react-dom-client.development.js:12611:11)
      at recursivelyTraverseLayoutEffects (node_modules/.pnpm/react-dom@19.1.0_react@19.1.0/node_modules/react-dom/cjs/react-dom-client.development.js:13590:11)
      at commitLayoutEffectOnFiber (node_modules/.pnpm/react-dom@19.1.0_react@19.1.0/node_modules/react-dom/cjs/react-dom-client.development.js:12611:11)
      at recursivelyTraverseLayoutEffects (node_modules/.pnpm/react-dom@19.1.0_react@19.1.0/node_modules/react-dom/cjs/react-dom-client.development.js:13590:11)
      at commitLayoutEffectOnFiber (node_modules/.pnpm/react-dom@19.1.0_react@19.1.0/node_modules/react-dom/cjs/react-dom-client.development.js:12611:11)
      at recursivelyTraverseLayoutEffects (node_modules/.pnpm/react-dom@19.1.0_react@19.1.0/node_modules/react-dom/cjs/react-dom-client.development.js:13590:11)
      at commitLayoutEffectOnFiber (node_modules/.pnpm/react-dom@19.1.0_react@19.1.0/node_modules/react-dom/cjs/react-dom-client.development.js:12791:11)
      at recursivelyTraverseLayoutEffects (node_modules/.pnpm/react-dom@19.1.0_react@19.1.0/node_modules/react-dom/cjs/react-dom-client.development.js:13590:11)
      at commitLayoutEffectOnFiber (node_modules/.pnpm/react-dom@19.1.0_react@19.1.0/node_modules/react-dom/cjs/react-dom-client.development.js:12611:11)
      at recursivelyTraverseLayoutEffects (node_modules/.pnpm/react-dom@19.1.0_react@19.1.0/node_modules/react-dom/cjs/react-dom-client.development.js:13590:11)
      at commitLayoutEffectOnFiber (node_modules/.pnpm/react-dom@19.1.0_react@19.1.0/node_modules/react-dom/cjs/react-dom-client.development.js:12791:11)
      at recursivelyTraverseLayoutEffects (node_modules/.pnpm/react-dom@19.1.0_react@19.1.0/node_modules/react-dom/cjs/react-dom-client.development.js:13590:11)
      at commitLayoutEffectOnFiber (node_modules/.pnpm/react-dom@19.1.0_react@19.1.0/node_modules/react-dom/cjs/react-dom-client.development.js:12611:11)
      at recursivelyTraverseLayoutEffects (node_modules/.pnpm/react-dom@19.1.0_react@19.1.0/node_modules/react-dom/cjs/react-dom-client.development.js:13590:11)
      at commitLayoutEffectOnFiber (node_modules/.pnpm/react-dom@19.1.0_react@19.1.0/node_modules/react-dom/cjs/react-dom-client.development.js:12611:11)
      at recursivelyTraverseLayoutEffects (node_modules/.pnpm/react-dom@19.1.0_react@19.1.0/node_modules/react-dom/cjs/react-dom-client.development.js:13590:11)
      at commitLayoutEffectOnFiber (node_modules/.pnpm/react-dom@19.1.0_react@19.1.0/node_modules/react-dom/cjs/react-dom-client.development.js:12611:11)
      at recursivelyTraverseLayoutEffects (node_modules/.pnpm/react-dom@19.1.0_react@19.1.0/node_modules/react-dom/cjs/react-dom-client.development.js:13590:11)
      at commitLayoutEffectOnFiber (node_modules/.pnpm/react-dom@19.1.0_react@19.1.0/node_modules/react-dom/cjs/react-dom-client.development.js:12791:11)
      at recursivelyTraverseLayoutEffects (node_modules/.pnpm/react-dom@19.1.0_react@19.1.0/node_modules/react-dom/cjs/react-dom-client.development.js:13590:11)
      at commitLayoutEffectOnFiber (node_modules/.pnpm/react-dom@19.1.0_react@19.1.0/node_modules/react-dom/cjs/react-dom-client.development.js:12611:11)
      at recursivelyTraverseLayoutEffects (node_modules/.pnpm/react-dom@19.1.0_react@19.1.0/node_modules/react-dom/cjs/react-dom-client.development.js:13590:11)
      at commitLayoutEffectOnFiber (node_modules/.pnpm/react-dom@19.1.0_react@19.1.0/node_modules/react-dom/cjs/react-dom-client.development.js:12611:11)
      at recursivelyTraverseLayoutEffects (node_modules/.pnpm/react-dom@19.1.0_react@19.1.0/node_modules/react-dom/cjs/react-dom-client.development.js:13590:11)
      at commitLayoutEffectOnFiber (node_modules/.pnpm/react-dom@19.1.0_react@19.1.0/node_modules/react-dom/cjs/react-dom-client.development.js:12611:11)
      at recursivelyTraverseLayoutEffects (node_modules/.pnpm/react-dom@19.1.0_react@19.1.0/node_modules/react-dom/cjs/react-dom-client.development.js:13590:11)
      at commitLayoutEffectOnFiber (node_modules/.pnpm/react-dom@19.1.0_react@19.1.0/node_modules/react-dom/cjs/react-dom-client.development.js:12727:11)
      at recursivelyTraverseLayoutEffects (node_modules/.pnpm/react-dom@19.1.0_react@19.1.0/node_modules/react-dom/cjs/react-dom-client.development.js:13590:11)
      at commitLayoutEffectOnFiber (node_modules/.pnpm/react-dom@19.1.0_react@19.1.0/node_modules/react-dom/cjs/react-dom-client.development.js:12693:11)
      at flushLayoutEffects (node_modules/.pnpm/react-dom@19.1.0_react@19.1.0/node_modules/react-dom/cjs/react-dom-client.development.js:15559:15)
      at commitRoot (node_modules/.pnpm/react-dom@19.1.0_react@19.1.0/node_modules/react-dom/cjs/react-dom-client.development.js:15402:9)
      at commitRootWhenReady (node_modules/.pnpm/react-dom@19.1.0_react@19.1.0/node_modules/react-dom/cjs/react-dom-client.development.js:14652:7)
      at performWorkOnRoot (node_modules/.pnpm/react-dom@19.1.0_react@19.1.0/node_modules/react-dom/cjs/react-dom-client.development.js:14575:15)
      at performSyncWorkOnRoot (node_modules/.pnpm/react-dom@19.1.0_react@19.1.0/node_modules/react-dom/cjs/react-dom-client.development.js:16231:7)
      at flushSyncWorkAcrossRoots_impl (node_modules/.pnpm/react-dom@19.1.0_react@19.1.0/node_modules/react-dom/cjs/react-dom-client.development.js:16079:21)
      at flushSpawnedWork (node_modules/.pnpm/react-dom@19.1.0_react@19.1.0/node_modules/react-dom/cjs/react-dom-client.development.js:15677:9)
      at commitRoot (node_modules/.pnpm/react-dom@19.1.0_react@19.1.0/node_modules/react-dom/cjs/react-dom-client.development.js:15403:9)
      at commitRootWhenReady (node_modules/.pnpm/react-dom@19.1.0_react@19.1.0/node_modules/react-dom/cjs/react-dom-client.development.js:14652:7)
      at performWorkOnRoot (node_modules/.pnpm/react-dom@19.1.0_react@19.1.0/node_modules/react-dom/cjs/react-dom-client.development.js:14575:15)
      at performWorkOnRootViaSchedulerTask (node_modules/.pnpm/react-dom@19.1.0_react@19.1.0/node_modules/react-dom/cjs/react-dom-client.development.js:16216:7)
      at performWorkUntilDeadline (node_modules/.pnpm/scheduler@0.26.0/node_modules/scheduler/cjs/scheduler.development.js:45:48)
      at Timeout.task [as _onTimeout] (node_modules/.pnpm/jsdom@20.0.3/node_modules/jsdom/lib/jsdom/browser/Window.js:520:19)

  console.error
    An update to PopperContent inside a test was not wrapped in act(...).

    When testing, code that causes React state updates should be wrapped into act(...):

    act(() => {
      /* fire events that update state */
    });
    /* assert on the output */

    This ensures that you're testing the behavior the user would see in the browser. Learn more at https://react.dev/link/wrap-tests-with-act

      at node_modules/.pnpm/react-dom@19.1.0_react@19.1.0/node_modules/react-dom/cjs/react-dom-client.development.js:16023:19
      at runWithFiberInDEV (node_modules/.pnpm/react-dom@19.1.0_react@19.1.0/node_modules/react-dom/cjs/react-dom-client.development.js:1522:13)
      at warnIfUpdatesNotWrappedWithActDEV (node_modules/.pnpm/react-dom@19.1.0_react@19.1.0/node_modules/react-dom/cjs/react-dom-client.development.js:16022:9)
      at scheduleUpdateOnFiber (node_modules/.pnpm/react-dom@19.1.0_react@19.1.0/node_modules/react-dom/cjs/react-dom-client.development.js:14396:11)
      at dispatchSetStateInternal (node_modules/.pnpm/react-dom@19.1.0_react@19.1.0/node_modules/react-dom/cjs/react-dom-client.development.js:6969:13)
      at dispatchSetState (node_modules/.pnpm/react-dom@19.1.0_react@19.1.0/node_modules/react-dom/cjs/react-dom-client.development.js:6927:7)
      at node_modules/.pnpm/@radix-ui+react-popper@1.2.1_@types+react-dom@19.1.5_@types+react@19.1.4__@types+react@_910688d4f3cb83ecf698ad7ae3e1c893/node_modules/@radix-ui/react-popper/src/Popper.tsx:150:66
      at setRef (node_modules/.pnpm/@radix-ui+react-compose-refs@1.1.1_@types+react@19.1.4_react@19.1.0/node_modules/@radix-ui/react-compose-refs/src/composeRefs.tsx:11:12)
      at node_modules/.pnpm/@radix-ui+react-compose-refs@1.1.1_@types+react@19.1.4_react@19.1.0/node_modules/@radix-ui/react-compose-refs/src/composeRefs.tsx:25:23
          at Array.map (<anonymous>)
      at node_modules/.pnpm/@radix-ui+react-compose-refs@1.1.1_@types+react@19.1.4_react@19.1.0/node_modules/@radix-ui/react-compose-refs/src/composeRefs.tsx:24:27
      at commitAttachRef (node_modules/.pnpm/react-dom@19.1.0_react@19.1.0/node_modules/react-dom/cjs/react-dom-client.development.js:12177:42)
      at runWithFiberInDEV (node_modules/.pnpm/react-dom@19.1.0_react@19.1.0/node_modules/react-dom/cjs/react-dom-client.development.js:1522:13)
      at safelyAttachRef (node_modules/.pnpm/react-dom@19.1.0_react@19.1.0/node_modules/react-dom/cjs/react-dom-client.development.js:12191:9)
      at commitLayoutEffectOnFiber (node_modules/.pnpm/react-dom@19.1.0_react@19.1.0/node_modules/react-dom/cjs/react-dom-client.development.js:12729:26)
      at recursivelyTraverseLayoutEffects (node_modules/.pnpm/react-dom@19.1.0_react@19.1.0/node_modules/react-dom/cjs/react-dom-client.development.js:13590:11)
      at commitLayoutEffectOnFiber (node_modules/.pnpm/react-dom@19.1.0_react@19.1.0/node_modules/react-dom/cjs/react-dom-client.development.js:12611:11)
      at recursivelyTraverseLayoutEffects (node_modules/.pnpm/react-dom@19.1.0_react@19.1.0/node_modules/react-dom/cjs/react-dom-client.development.js:13590:11)
      at commitLayoutEffectOnFiber (node_modules/.pnpm/react-dom@19.1.0_react@19.1.0/node_modules/react-dom/cjs/react-dom-client.development.js:12791:11)
      at recursivelyTraverseLayoutEffects (node_modules/.pnpm/react-dom@19.1.0_react@19.1.0/node_modules/react-dom/cjs/react-dom-client.development.js:13590:11)
      at commitLayoutEffectOnFiber (node_modules/.pnpm/react-dom@19.1.0_react@19.1.0/node_modules/react-dom/cjs/react-dom-client.development.js:12611:11)
      at recursivelyTraverseLayoutEffects (node_modules/.pnpm/react-dom@19.1.0_react@19.1.0/node_modules/react-dom/cjs/react-dom-client.development.js:13590:11)
      at commitLayoutEffectOnFiber (node_modules/.pnpm/react-dom@19.1.0_react@19.1.0/node_modules/react-dom/cjs/react-dom-client.development.js:12727:11)
      at recursivelyTraverseLayoutEffects (node_modules/.pnpm/react-dom@19.1.0_react@19.1.0/node_modules/react-dom/cjs/react-dom-client.development.js:13590:11)
      at commitLayoutEffectOnFiber (node_modules/.pnpm/react-dom@19.1.0_react@19.1.0/node_modules/react-dom/cjs/react-dom-client.development.js:12611:11)
      at recursivelyTraverseLayoutEffects (node_modules/.pnpm/react-dom@19.1.0_react@19.1.0/node_modules/react-dom/cjs/react-dom-client.development.js:13590:11)
      at commitLayoutEffectOnFiber (node_modules/.pnpm/react-dom@19.1.0_react@19.1.0/node_modules/react-dom/cjs/react-dom-client.development.js:12611:11)
      at recursivelyTraverseLayoutEffects (node_modules/.pnpm/react-dom@19.1.0_react@19.1.0/node_modules/react-dom/cjs/react-dom-client.development.js:13590:11)
      at commitLayoutEffectOnFiber (node_modules/.pnpm/react-dom@19.1.0_react@19.1.0/node_modules/react-dom/cjs/react-dom-client.development.js:12611:11)
      at recursivelyTraverseLayoutEffects (node_modules/.pnpm/react-dom@19.1.0_react@19.1.0/node_modules/react-dom/cjs/react-dom-client.development.js:13590:11)
      at commitLayoutEffectOnFiber (node_modules/.pnpm/react-dom@19.1.0_react@19.1.0/node_modules/react-dom/cjs/react-dom-client.development.js:12611:11)
      at recursivelyTraverseLayoutEffects (node_modules/.pnpm/react-dom@19.1.0_react@19.1.0/node_modules/react-dom/cjs/react-dom-client.development.js:13590:11)
      at commitLayoutEffectOnFiber (node_modules/.pnpm/react-dom@19.1.0_react@19.1.0/node_modules/react-dom/cjs/react-dom-client.development.js:12611:11)
      at recursivelyTraverseLayoutEffects (node_modules/.pnpm/react-dom@19.1.0_react@19.1.0/node_modules/react-dom/cjs/react-dom-client.development.js:13590:11)
      at commitLayoutEffectOnFiber (node_modules/.pnpm/react-dom@19.1.0_react@19.1.0/node_modules/react-dom/cjs/react-dom-client.development.js:12611:11)
      at recursivelyTraverseLayoutEffects (node_modules/.pnpm/react-dom@19.1.0_react@19.1.0/node_modules/react-dom/cjs/react-dom-client.development.js:13590:11)
      at commitLayoutEffectOnFiber (node_modules/.pnpm/react-dom@19.1.0_react@19.1.0/node_modules/react-dom/cjs/react-dom-client.development.js:12611:11)
      at recursivelyTraverseLayoutEffects (node_modules/.pnpm/react-dom@19.1.0_react@19.1.0/node_modules/react-dom/cjs/react-dom-client.development.js:13590:11)
      at commitLayoutEffectOnFiber (node_modules/.pnpm/react-dom@19.1.0_react@19.1.0/node_modules/react-dom/cjs/react-dom-client.development.js:12611:11)
      at recursivelyTraverseLayoutEffects (node_modules/.pnpm/react-dom@19.1.0_react@19.1.0/node_modules/react-dom/cjs/react-dom-client.development.js:13590:11)
      at commitLayoutEffectOnFiber (node_modules/.pnpm/react-dom@19.1.0_react@19.1.0/node_modules/react-dom/cjs/react-dom-client.development.js:12611:11)
      at recursivelyTraverseLayoutEffects (node_modules/.pnpm/react-dom@19.1.0_react@19.1.0/node_modules/react-dom/cjs/react-dom-client.development.js:13590:11)
      at commitLayoutEffectOnFiber (node_modules/.pnpm/react-dom@19.1.0_react@19.1.0/node_modules/react-dom/cjs/react-dom-client.development.js:12611:11)
      at recursivelyTraverseLayoutEffects (node_modules/.pnpm/react-dom@19.1.0_react@19.1.0/node_modules/react-dom/cjs/react-dom-client.development.js:13590:11)
      at commitLayoutEffectOnFiber (node_modules/.pnpm/react-dom@19.1.0_react@19.1.0/node_modules/react-dom/cjs/react-dom-client.development.js:12791:11)
      at recursivelyTraverseLayoutEffects (node_modules/.pnpm/react-dom@19.1.0_react@19.1.0/node_modules/react-dom/cjs/react-dom-client.development.js:13590:11)
      at commitLayoutEffectOnFiber (node_modules/.pnpm/react-dom@19.1.0_react@19.1.0/node_modules/react-dom/cjs/react-dom-client.development.js:12611:11)
      at recursivelyTraverseLayoutEffects (node_modules/.pnpm/react-dom@19.1.0_react@19.1.0/node_modules/react-dom/cjs/react-dom-client.development.js:13590:11)
      at commitLayoutEffectOnFiber (node_modules/.pnpm/react-dom@19.1.0_react@19.1.0/node_modules/react-dom/cjs/react-dom-client.development.js:12791:11)
      at recursivelyTraverseLayoutEffects (node_modules/.pnpm/react-dom@19.1.0_react@19.1.0/node_modules/react-dom/cjs/react-dom-client.development.js:13590:11)
      at commitLayoutEffectOnFiber (node_modules/.pnpm/react-dom@19.1.0_react@19.1.0/node_modules/react-dom/cjs/react-dom-client.development.js:12611:11)
      at recursivelyTraverseLayoutEffects (node_modules/.pnpm/react-dom@19.1.0_react@19.1.0/node_modules/react-dom/cjs/react-dom-client.development.js:13590:11)
      at commitLayoutEffectOnFiber (node_modules/.pnpm/react-dom@19.1.0_react@19.1.0/node_modules/react-dom/cjs/react-dom-client.development.js:12611:11)
      at recursivelyTraverseLayoutEffects (node_modules/.pnpm/react-dom@19.1.0_react@19.1.0/node_modules/react-dom/cjs/react-dom-client.development.js:13590:11)
      at commitLayoutEffectOnFiber (node_modules/.pnpm/react-dom@19.1.0_react@19.1.0/node_modules/react-dom/cjs/react-dom-client.development.js:12611:11)
      at recursivelyTraverseLayoutEffects (node_modules/.pnpm/react-dom@19.1.0_react@19.1.0/node_modules/react-dom/cjs/react-dom-client.development.js:13590:11)
      at commitLayoutEffectOnFiber (node_modules/.pnpm/react-dom@19.1.0_react@19.1.0/node_modules/react-dom/cjs/react-dom-client.development.js:12791:11)
      at recursivelyTraverseLayoutEffects (node_modules/.pnpm/react-dom@19.1.0_react@19.1.0/node_modules/react-dom/cjs/react-dom-client.development.js:13590:11)
      at commitLayoutEffectOnFiber (node_modules/.pnpm/react-dom@19.1.0_react@19.1.0/node_modules/react-dom/cjs/react-dom-client.development.js:12611:11)
      at recursivelyTraverseLayoutEffects (node_modules/.pnpm/react-dom@19.1.0_react@19.1.0/node_modules/react-dom/cjs/react-dom-client.development.js:13590:11)
      at commitLayoutEffectOnFiber (node_modules/.pnpm/react-dom@19.1.0_react@19.1.0/node_modules/react-dom/cjs/react-dom-client.development.js:12611:11)
      at recursivelyTraverseLayoutEffects (node_modules/.pnpm/react-dom@19.1.0_react@19.1.0/node_modules/react-dom/cjs/react-dom-client.development.js:13590:11)
      at commitLayoutEffectOnFiber (node_modules/.pnpm/react-dom@19.1.0_react@19.1.0/node_modules/react-dom/cjs/react-dom-client.development.js:12611:11)
      at recursivelyTraverseLayoutEffects (node_modules/.pnpm/react-dom@19.1.0_react@19.1.0/node_modules/react-dom/cjs/react-dom-client.development.js:13590:11)
      at commitLayoutEffectOnFiber (node_modules/.pnpm/react-dom@19.1.0_react@19.1.0/node_modules/react-dom/cjs/react-dom-client.development.js:12727:11)
      at recursivelyTraverseLayoutEffects (node_modules/.pnpm/react-dom@19.1.0_react@19.1.0/node_modules/react-dom/cjs/react-dom-client.development.js:13590:11)
      at commitLayoutEffectOnFiber (node_modules/.pnpm/react-dom@19.1.0_react@19.1.0/node_modules/react-dom/cjs/react-dom-client.development.js:12693:11)
      at flushLayoutEffects (node_modules/.pnpm/react-dom@19.1.0_react@19.1.0/node_modules/react-dom/cjs/react-dom-client.development.js:15559:15)
      at commitRoot (node_modules/.pnpm/react-dom@19.1.0_react@19.1.0/node_modules/react-dom/cjs/react-dom-client.development.js:15402:9)
      at commitRootWhenReady (node_modules/.pnpm/react-dom@19.1.0_react@19.1.0/node_modules/react-dom/cjs/react-dom-client.development.js:14652:7)
      at performWorkOnRoot (node_modules/.pnpm/react-dom@19.1.0_react@19.1.0/node_modules/react-dom/cjs/react-dom-client.development.js:14575:15)
      at performSyncWorkOnRoot (node_modules/.pnpm/react-dom@19.1.0_react@19.1.0/node_modules/react-dom/cjs/react-dom-client.development.js:16231:7)
      at flushSyncWorkAcrossRoots_impl (node_modules/.pnpm/react-dom@19.1.0_react@19.1.0/node_modules/react-dom/cjs/react-dom-client.development.js:16079:21)
      at flushSpawnedWork (node_modules/.pnpm/react-dom@19.1.0_react@19.1.0/node_modules/react-dom/cjs/react-dom-client.development.js:15677:9)
      at commitRoot (node_modules/.pnpm/react-dom@19.1.0_react@19.1.0/node_modules/react-dom/cjs/react-dom-client.development.js:15403:9)
      at commitRootWhenReady (node_modules/.pnpm/react-dom@19.1.0_react@19.1.0/node_modules/react-dom/cjs/react-dom-client.development.js:14652:7)
      at performWorkOnRoot (node_modules/.pnpm/react-dom@19.1.0_react@19.1.0/node_modules/react-dom/cjs/react-dom-client.development.js:14575:15)
      at performWorkOnRootViaSchedulerTask (node_modules/.pnpm/react-dom@19.1.0_react@19.1.0/node_modules/react-dom/cjs/react-dom-client.development.js:16216:7)
      at performWorkUntilDeadline (node_modules/.pnpm/scheduler@0.26.0/node_modules/scheduler/cjs/scheduler.development.js:45:48)
      at Timeout.task [as _onTimeout] (node_modules/.pnpm/jsdom@20.0.3/node_modules/jsdom/lib/jsdom/browser/Window.js:520:19)

  console.error
    An update to PopperContent inside a test was not wrapped in act(...).

    When testing, code that causes React state updates should be wrapped into act(...):

    act(() => {
      /* fire events that update state */
    });
    /* assert on the output */

    This ensures that you're testing the behavior the user would see in the browser. Learn more at https://react.dev/link/wrap-tests-with-act

      at node_modules/.pnpm/react-dom@19.1.0_react@19.1.0/node_modules/react-dom/cjs/react-dom-client.development.js:16023:19
      at runWithFiberInDEV (node_modules/.pnpm/react-dom@19.1.0_react@19.1.0/node_modules/react-dom/cjs/react-dom-client.development.js:1522:13)
      at warnIfUpdatesNotWrappedWithActDEV (node_modules/.pnpm/react-dom@19.1.0_react@19.1.0/node_modules/react-dom/cjs/react-dom-client.development.js:16022:9)
      at scheduleUpdateOnFiber (node_modules/.pnpm/react-dom@19.1.0_react@19.1.0/node_modules/react-dom/cjs/react-dom-client.development.js:14396:11)
      at dispatchSetStateInternal (node_modules/.pnpm/react-dom@19.1.0_react@19.1.0/node_modules/react-dom/cjs/react-dom-client.development.js:6969:13)
      at dispatchSetState (node_modules/.pnpm/react-dom@19.1.0_react@19.1.0/node_modules/react-dom/cjs/react-dom-client.development.js:6927:7)
      at node_modules/.pnpm/@floating-ui+react-dom@2.1.2_react-dom@19.1.0_react@19.1.0__react@19.1.0/node_modules/@floating-ui/react-dom/dist/floating-ui.react-dom.umd.js:180:13
      at Object.<anonymous>.process.env.NODE_ENV.exports.flushSync (node_modules/.pnpm/react-dom@19.1.0_react@19.1.0/node_modules/react-dom/cjs/react-dom.development.js:136:18)
      at node_modules/.pnpm/@floating-ui+react-dom@2.1.2_react-dom@19.1.0_react@19.1.0__react@19.1.0/node_modules/@floating-ui/react-dom/dist/floating-ui.react-dom.umd.js:179:31

  console.error
    An update to DismissableLayer inside a test was not wrapped in act(...).

    When testing, code that causes React state updates should be wrapped into act(...):

    act(() => {
      /* fire events that update state */
    });
    /* assert on the output */

    This ensures that you're testing the behavior the user would see in the browser. Learn more at https://react.dev/link/wrap-tests-with-act

      at node_modules/.pnpm/react-dom@19.1.0_react@19.1.0/node_modules/react-dom/cjs/react-dom-client.development.js:16023:19
      at runWithFiberInDEV (node_modules/.pnpm/react-dom@19.1.0_react@19.1.0/node_modules/react-dom/cjs/react-dom-client.development.js:1522:13)
      at warnIfUpdatesNotWrappedWithActDEV (node_modules/.pnpm/react-dom@19.1.0_react@19.1.0/node_modules/react-dom/cjs/react-dom-client.development.js:16022:9)
      at scheduleUpdateOnFiber (node_modules/.pnpm/react-dom@19.1.0_react@19.1.0/node_modules/react-dom/cjs/react-dom-client.development.js:14396:11)
      at dispatchSetStateInternal (node_modules/.pnpm/react-dom@19.1.0_react@19.1.0/node_modules/react-dom/cjs/react-dom-client.development.js:6969:13)
      at dispatchSetState (node_modules/.pnpm/react-dom@19.1.0_react@19.1.0/node_modules/react-dom/cjs/react-dom-client.development.js:6927:7)
      at node_modules/.pnpm/@radix-ui+react-dismissable-layer@1.1.3_@types+react-dom@19.1.5_@types+react@19.1.4__@t_ddb2e391162b1c51556ac1f8b5d28930/node_modules/@radix-ui/react-dismissable-layer/src/DismissableLayer.tsx:76:66
      at setRef (node_modules/.pnpm/@radix-ui+react-compose-refs@1.1.1_@types+react@19.1.4_react@19.1.0/node_modules/@radix-ui/react-compose-refs/src/composeRefs.tsx:11:12)
      at node_modules/.pnpm/@radix-ui+react-compose-refs@1.1.1_@types+react@19.1.4_react@19.1.0/node_modules/@radix-ui/react-compose-refs/src/composeRefs.tsx:25:23
          at Array.map (<anonymous>)
      at node_modules/.pnpm/@radix-ui+react-compose-refs@1.1.1_@types+react@19.1.4_react@19.1.0/node_modules/@radix-ui/react-compose-refs/src/composeRefs.tsx:24:27
      at setRef (node_modules/.pnpm/@radix-ui+react-compose-refs@1.1.1_@types+react@19.1.4_react@19.1.0/node_modules/@radix-ui/react-compose-refs/src/composeRefs.tsx:11:12)
      at node_modules/.pnpm/@radix-ui+react-compose-refs@1.1.1_@types+react@19.1.4_react@19.1.0/node_modules/@radix-ui/react-compose-refs/src/composeRefs.tsx:25:23
          at Array.map (<anonymous>)
      at node_modules/.pnpm/@radix-ui+react-compose-refs@1.1.1_@types+react@19.1.4_react@19.1.0/node_modules/@radix-ui/react-compose-refs/src/composeRefs.tsx:24:27
      at setRef (node_modules/.pnpm/@radix-ui+react-compose-refs@1.1.1_@types+react@19.1.4_react@19.1.0/node_modules/@radix-ui/react-compose-refs/src/composeRefs.tsx:11:12)
      at node_modules/.pnpm/@radix-ui+react-compose-refs@1.1.1_@types+react@19.1.4_react@19.1.0/node_modules/@radix-ui/react-compose-refs/src/composeRefs.tsx:25:23
          at Array.map (<anonymous>)
      at node_modules/.pnpm/@radix-ui+react-compose-refs@1.1.1_@types+react@19.1.4_react@19.1.0/node_modules/@radix-ui/react-compose-refs/src/composeRefs.tsx:24:27
      at runWithFiberInDEV (node_modules/.pnpm/react-dom@19.1.0_react@19.1.0/node_modules/react-dom/cjs/react-dom-client.development.js:1522:13)
      at safelyDetachRef (node_modules/.pnpm/react-dom@19.1.0_react@19.1.0/node_modules/react-dom/cjs/react-dom-client.development.js:12224:18)
      at commitMutationEffectsOnFiber (node_modules/.pnpm/react-dom@19.1.0_react@19.1.0/node_modules/react-dom/cjs/react-dom-client.development.js:13352:15)
      at recursivelyTraverseMutationEffects (node_modules/.pnpm/react-dom@19.1.0_react@19.1.0/node_modules/react-dom/cjs/react-dom-client.development.js:13123:11)
      at commitMutationEffectsOnFiber (node_modules/.pnpm/react-dom@19.1.0_react@19.1.0/node_modules/react-dom/cjs/react-dom-client.development.js:13134:11)
      at recursivelyTraverseMutationEffects (node_modules/.pnpm/react-dom@19.1.0_react@19.1.0/node_modules/react-dom/cjs/react-dom-client.development.js:13123:11)
      at commitMutationEffectsOnFiber (node_modules/.pnpm/react-dom@19.1.0_react@19.1.0/node_modules/react-dom/cjs/react-dom-client.development.js:13562:11)
      at recursivelyTraverseMutationEffects (node_modules/.pnpm/react-dom@19.1.0_react@19.1.0/node_modules/react-dom/cjs/react-dom-client.development.js:13123:11)
      at commitMutationEffectsOnFiber (node_modules/.pnpm/react-dom@19.1.0_react@19.1.0/node_modules/react-dom/cjs/react-dom-client.development.js:13134:11)
      at recursivelyTraverseMutationEffects (node_modules/.pnpm/react-dom@19.1.0_react@19.1.0/node_modules/react-dom/cjs/react-dom-client.development.js:13123:11)
      at commitMutationEffectsOnFiber (node_modules/.pnpm/react-dom@19.1.0_react@19.1.0/node_modules/react-dom/cjs/react-dom-client.development.js:13347:11)
      at recursivelyTraverseMutationEffects (node_modules/.pnpm/react-dom@19.1.0_react@19.1.0/node_modules/react-dom/cjs/react-dom-client.development.js:13123:11)
      at commitMutationEffectsOnFiber (node_modules/.pnpm/react-dom@19.1.0_react@19.1.0/node_modules/react-dom/cjs/react-dom-client.development.js:13134:11)
      at recursivelyTraverseMutationEffects (node_modules/.pnpm/react-dom@19.1.0_react@19.1.0/node_modules/react-dom/cjs/react-dom-client.development.js:13123:11)
      at commitMutationEffectsOnFiber (node_modules/.pnpm/react-dom@19.1.0_react@19.1.0/node_modules/react-dom/cjs/react-dom-client.development.js:13134:11)
      at recursivelyTraverseMutationEffects (node_modules/.pnpm/react-dom@19.1.0_react@19.1.0/node_modules/react-dom/cjs/react-dom-client.development.js:13123:11)
      at commitMutationEffectsOnFiber (node_modules/.pnpm/react-dom@19.1.0_react@19.1.0/node_modules/react-dom/cjs/react-dom-client.development.js:13134:11)
      at recursivelyTraverseMutationEffects (node_modules/.pnpm/react-dom@19.1.0_react@19.1.0/node_modules/react-dom/cjs/react-dom-client.development.js:13123:11)
      at commitMutationEffectsOnFiber (node_modules/.pnpm/react-dom@19.1.0_react@19.1.0/node_modules/react-dom/cjs/react-dom-client.development.js:13134:11)
      at recursivelyTraverseMutationEffects (node_modules/.pnpm/react-dom@19.1.0_react@19.1.0/node_modules/react-dom/cjs/react-dom-client.development.js:13123:11)
      at commitMutationEffectsOnFiber (node_modules/.pnpm/react-dom@19.1.0_react@19.1.0/node_modules/react-dom/cjs/react-dom-client.development.js:13134:11)
      at recursivelyTraverseMutationEffects (node_modules/.pnpm/react-dom@19.1.0_react@19.1.0/node_modules/react-dom/cjs/react-dom-client.development.js:13123:11)
      at commitMutationEffectsOnFiber (node_modules/.pnpm/react-dom@19.1.0_react@19.1.0/node_modules/react-dom/cjs/react-dom-client.development.js:13134:11)
      at recursivelyTraverseMutationEffects (node_modules/.pnpm/react-dom@19.1.0_react@19.1.0/node_modules/react-dom/cjs/react-dom-client.development.js:13123:11)
      at commitMutationEffectsOnFiber (node_modules/.pnpm/react-dom@19.1.0_react@19.1.0/node_modules/react-dom/cjs/react-dom-client.development.js:13134:11)
      at recursivelyTraverseMutationEffects (node_modules/.pnpm/react-dom@19.1.0_react@19.1.0/node_modules/react-dom/cjs/react-dom-client.development.js:13123:11)
      at commitMutationEffectsOnFiber (node_modules/.pnpm/react-dom@19.1.0_react@19.1.0/node_modules/react-dom/cjs/react-dom-client.development.js:13134:11)
      at recursivelyTraverseMutationEffects (node_modules/.pnpm/react-dom@19.1.0_react@19.1.0/node_modules/react-dom/cjs/react-dom-client.development.js:13123:11)
      at commitMutationEffectsOnFiber (node_modules/.pnpm/react-dom@19.1.0_react@19.1.0/node_modules/react-dom/cjs/react-dom-client.development.js:13134:11)
      at recursivelyTraverseMutationEffects (node_modules/.pnpm/react-dom@19.1.0_react@19.1.0/node_modules/react-dom/cjs/react-dom-client.development.js:13123:11)
      at commitMutationEffectsOnFiber (node_modules/.pnpm/react-dom@19.1.0_react@19.1.0/node_modules/react-dom/cjs/react-dom-client.development.js:13134:11)
      at recursivelyTraverseMutationEffects (node_modules/.pnpm/react-dom@19.1.0_react@19.1.0/node_modules/react-dom/cjs/react-dom-client.development.js:13123:11)
      at commitMutationEffectsOnFiber (node_modules/.pnpm/react-dom@19.1.0_react@19.1.0/node_modules/react-dom/cjs/react-dom-client.development.js:13562:11)
      at recursivelyTraverseMutationEffects (node_modules/.pnpm/react-dom@19.1.0_react@19.1.0/node_modules/react-dom/cjs/react-dom-client.development.js:13123:11)
      at commitMutationEffectsOnFiber (node_modules/.pnpm/react-dom@19.1.0_react@19.1.0/node_modules/react-dom/cjs/react-dom-client.development.js:13134:11)
      at recursivelyTraverseMutationEffects (node_modules/.pnpm/react-dom@19.1.0_react@19.1.0/node_modules/react-dom/cjs/react-dom-client.development.js:13123:11)
      at commitMutationEffectsOnFiber (node_modules/.pnpm/react-dom@19.1.0_react@19.1.0/node_modules/react-dom/cjs/react-dom-client.development.js:13562:11)
      at recursivelyTraverseMutationEffects (node_modules/.pnpm/react-dom@19.1.0_react@19.1.0/node_modules/react-dom/cjs/react-dom-client.development.js:13123:11)
      at commitMutationEffectsOnFiber (node_modules/.pnpm/react-dom@19.1.0_react@19.1.0/node_modules/react-dom/cjs/react-dom-client.development.js:13134:11)
      at recursivelyTraverseMutationEffects (node_modules/.pnpm/react-dom@19.1.0_react@19.1.0/node_modules/react-dom/cjs/react-dom-client.development.js:13123:11)
      at commitMutationEffectsOnFiber (node_modules/.pnpm/react-dom@19.1.0_react@19.1.0/node_modules/react-dom/cjs/react-dom-client.development.js:13134:11)
      at recursivelyTraverseMutationEffects (node_modules/.pnpm/react-dom@19.1.0_react@19.1.0/node_modules/react-dom/cjs/react-dom-client.development.js:13123:11)
      at commitMutationEffectsOnFiber (node_modules/.pnpm/react-dom@19.1.0_react@19.1.0/node_modules/react-dom/cjs/react-dom-client.development.js:13134:11)
      at recursivelyTraverseMutationEffects (node_modules/.pnpm/react-dom@19.1.0_react@19.1.0/node_modules/react-dom/cjs/react-dom-client.development.js:13123:11)
      at commitMutationEffectsOnFiber (node_modules/.pnpm/react-dom@19.1.0_react@19.1.0/node_modules/react-dom/cjs/react-dom-client.development.js:13562:11)
      at recursivelyTraverseMutationEffects (node_modules/.pnpm/react-dom@19.1.0_react@19.1.0/node_modules/react-dom/cjs/react-dom-client.development.js:13123:11)
      at commitMutationEffectsOnFiber (node_modules/.pnpm/react-dom@19.1.0_react@19.1.0/node_modules/react-dom/cjs/react-dom-client.development.js:13134:11)
      at recursivelyTraverseMutationEffects (node_modules/.pnpm/react-dom@19.1.0_react@19.1.0/node_modules/react-dom/cjs/react-dom-client.development.js:13123:11)
      at commitMutationEffectsOnFiber (node_modules/.pnpm/react-dom@19.1.0_react@19.1.0/node_modules/react-dom/cjs/react-dom-client.development.js:13134:11)
      at recursivelyTraverseMutationEffects (node_modules/.pnpm/react-dom@19.1.0_react@19.1.0/node_modules/react-dom/cjs/react-dom-client.development.js:13123:11)
      at commitMutationEffectsOnFiber (node_modules/.pnpm/react-dom@19.1.0_react@19.1.0/node_modules/react-dom/cjs/react-dom-client.development.js:13134:11)
      at recursivelyTraverseMutationEffects (node_modules/.pnpm/react-dom@19.1.0_react@19.1.0/node_modules/react-dom/cjs/react-dom-client.development.js:13123:11)
      at commitMutationEffectsOnFiber (node_modules/.pnpm/react-dom@19.1.0_react@19.1.0/node_modules/react-dom/cjs/react-dom-client.development.js:13347:11)
      at recursivelyTraverseMutationEffects (node_modules/.pnpm/react-dom@19.1.0_react@19.1.0/node_modules/react-dom/cjs/react-dom-client.development.js:13123:11)
      at commitMutationEffectsOnFiber (node_modules/.pnpm/react-dom@19.1.0_react@19.1.0/node_modules/react-dom/cjs/react-dom-client.development.js:13405:11)
      at flushMutationEffects (node_modules/.pnpm/react-dom@19.1.0_react@19.1.0/node_modules/react-dom/cjs/react-dom-client.development.js:15426:13)
      at commitRoot (node_modules/.pnpm/react-dom@19.1.0_react@19.1.0/node_modules/react-dom/cjs/react-dom-client.development.js:15401:9)
      at commitRootWhenReady (node_modules/.pnpm/react-dom@19.1.0_react@19.1.0/node_modules/react-dom/cjs/react-dom-client.development.js:14652:7)
      at performWorkOnRoot (node_modules/.pnpm/react-dom@19.1.0_react@19.1.0/node_modules/react-dom/cjs/react-dom-client.development.js:14575:15)
      at performSyncWorkOnRoot (node_modules/.pnpm/react-dom@19.1.0_react@19.1.0/node_modules/react-dom/cjs/react-dom-client.development.js:16231:7)
      at flushSyncWorkAcrossRoots_impl (node_modules/.pnpm/react-dom@19.1.0_react@19.1.0/node_modules/react-dom/cjs/react-dom-client.development.js:16079:21)
      at flushSyncWork$1 (node_modules/.pnpm/react-dom@19.1.0_react@19.1.0/node_modules/react-dom/cjs/react-dom-client.development.js:14721:12)
      at Object.f (node_modules/.pnpm/react-dom@19.1.0_react@19.1.0/node_modules/react-dom/cjs/react-dom-client.development.js:24393:26)
      at Object.<anonymous>.process.env.NODE_ENV.exports.flushSync (node_modules/.pnpm/react-dom@19.1.0_react@19.1.0/node_modules/react-dom/cjs/react-dom.development.js:140:23)
      at node_modules/.pnpm/@floating-ui+react-dom@2.1.2_react-dom@19.1.0_react@19.1.0__react@19.1.0/node_modules/@floating-ui/react-dom/dist/floating-ui.react-dom.umd.js:179:31

  console.error
    An update to Presence inside a test was not wrapped in act(...).

    When testing, code that causes React state updates should be wrapped into act(...):

    act(() => {
      /* fire events that update state */
    });
    /* assert on the output */

    This ensures that you're testing the behavior the user would see in the browser. Learn more at https://react.dev/link/wrap-tests-with-act

      at node_modules/.pnpm/react-dom@19.1.0_react@19.1.0/node_modules/react-dom/cjs/react-dom-client.development.js:16023:19
      at runWithFiberInDEV (node_modules/.pnpm/react-dom@19.1.0_react@19.1.0/node_modules/react-dom/cjs/react-dom-client.development.js:1522:13)
      at warnIfUpdatesNotWrappedWithActDEV (node_modules/.pnpm/react-dom@19.1.0_react@19.1.0/node_modules/react-dom/cjs/react-dom-client.development.js:16022:9)
      at scheduleUpdateOnFiber (node_modules/.pnpm/react-dom@19.1.0_react@19.1.0/node_modules/react-dom/cjs/react-dom-client.development.js:14396:11)
      at dispatchSetStateInternal (node_modules/.pnpm/react-dom@19.1.0_react@19.1.0/node_modules/react-dom/cjs/react-dom-client.development.js:6969:13)
      at dispatchSetState (node_modules/.pnpm/react-dom@19.1.0_react@19.1.0/node_modules/react-dom/cjs/react-dom-client.development.js:6927:7)
      at node_modules/.pnpm/@radix-ui+react-presence@1.1.2_@types+react-dom@19.1.5_@types+react@19.1.4__@types+reac_cf404f2765adb4b6877f4e8a2d692386/node_modules/@radix-ui/react-presence/src/Presence.tsx:157:7
      at setRef (node_modules/.pnpm/@radix-ui+react-compose-refs@1.1.1_@types+react@19.1.4_react@19.1.0/node_modules/@radix-ui/react-compose-refs/src/composeRefs.tsx:11:12)
      at node_modules/.pnpm/@radix-ui+react-compose-refs@1.1.1_@types+react@19.1.4_react@19.1.0/node_modules/@radix-ui/react-compose-refs/src/composeRefs.tsx:25:23
          at Array.map (<anonymous>)
      at node_modules/.pnpm/@radix-ui+react-compose-refs@1.1.1_@types+react@19.1.4_react@19.1.0/node_modules/@radix-ui/react-compose-refs/src/composeRefs.tsx:24:27
      at setRef (node_modules/.pnpm/@radix-ui+react-compose-refs@1.1.1_@types+react@19.1.4_react@19.1.0/node_modules/@radix-ui/react-compose-refs/src/composeRefs.tsx:11:12)
      at node_modules/.pnpm/@radix-ui+react-compose-refs@1.1.1_@types+react@19.1.4_react@19.1.0/node_modules/@radix-ui/react-compose-refs/src/composeRefs.tsx:25:23
          at Array.map (<anonymous>)
      at node_modules/.pnpm/@radix-ui+react-compose-refs@1.1.1_@types+react@19.1.4_react@19.1.0/node_modules/@radix-ui/react-compose-refs/src/composeRefs.tsx:24:27
      at setRef (node_modules/.pnpm/@radix-ui+react-compose-refs@1.1.1_@types+react@19.1.4_react@19.1.0/node_modules/@radix-ui/react-compose-refs/src/composeRefs.tsx:11:12)
      at node_modules/.pnpm/@radix-ui+react-compose-refs@1.1.1_@types+react@19.1.4_react@19.1.0/node_modules/@radix-ui/react-compose-refs/src/composeRefs.tsx:25:23
          at Array.map (<anonymous>)
      at node_modules/.pnpm/@radix-ui+react-compose-refs@1.1.1_@types+react@19.1.4_react@19.1.0/node_modules/@radix-ui/react-compose-refs/src/composeRefs.tsx:24:27
      at setRef (node_modules/.pnpm/@radix-ui+react-compose-refs@1.1.1_@types+react@19.1.4_react@19.1.0/node_modules/@radix-ui/react-compose-refs/src/composeRefs.tsx:11:12)
      at node_modules/.pnpm/@radix-ui+react-compose-refs@1.1.1_@types+react@19.1.4_react@19.1.0/node_modules/@radix-ui/react-compose-refs/src/composeRefs.tsx:25:23
          at Array.map (<anonymous>)
      at node_modules/.pnpm/@radix-ui+react-compose-refs@1.1.1_@types+react@19.1.4_react@19.1.0/node_modules/@radix-ui/react-compose-refs/src/composeRefs.tsx:24:27
      at runWithFiberInDEV (node_modules/.pnpm/react-dom@19.1.0_react@19.1.0/node_modules/react-dom/cjs/react-dom-client.development.js:1522:13)
      at safelyDetachRef (node_modules/.pnpm/react-dom@19.1.0_react@19.1.0/node_modules/react-dom/cjs/react-dom-client.development.js:12224:18)
      at commitMutationEffectsOnFiber (node_modules/.pnpm/react-dom@19.1.0_react@19.1.0/node_modules/react-dom/cjs/react-dom-client.development.js:13352:15)
      at recursivelyTraverseMutationEffects (node_modules/.pnpm/react-dom@19.1.0_react@19.1.0/node_modules/react-dom/cjs/react-dom-client.development.js:13123:11)
      at commitMutationEffectsOnFiber (node_modules/.pnpm/react-dom@19.1.0_react@19.1.0/node_modules/react-dom/cjs/react-dom-client.development.js:13134:11)
      at recursivelyTraverseMutationEffects (node_modules/.pnpm/react-dom@19.1.0_react@19.1.0/node_modules/react-dom/cjs/react-dom-client.development.js:13123:11)
      at commitMutationEffectsOnFiber (node_modules/.pnpm/react-dom@19.1.0_react@19.1.0/node_modules/react-dom/cjs/react-dom-client.development.js:13562:11)
      at recursivelyTraverseMutationEffects (node_modules/.pnpm/react-dom@19.1.0_react@19.1.0/node_modules/react-dom/cjs/react-dom-client.development.js:13123:11)
      at commitMutationEffectsOnFiber (node_modules/.pnpm/react-dom@19.1.0_react@19.1.0/node_modules/react-dom/cjs/react-dom-client.development.js:13134:11)
      at recursivelyTraverseMutationEffects (node_modules/.pnpm/react-dom@19.1.0_react@19.1.0/node_modules/react-dom/cjs/react-dom-client.development.js:13123:11)
      at commitMutationEffectsOnFiber (node_modules/.pnpm/react-dom@19.1.0_react@19.1.0/node_modules/react-dom/cjs/react-dom-client.development.js:13347:11)
      at recursivelyTraverseMutationEffects (node_modules/.pnpm/react-dom@19.1.0_react@19.1.0/node_modules/react-dom/cjs/react-dom-client.development.js:13123:11)
      at commitMutationEffectsOnFiber (node_modules/.pnpm/react-dom@19.1.0_react@19.1.0/node_modules/react-dom/cjs/react-dom-client.development.js:13134:11)
      at recursivelyTraverseMutationEffects (node_modules/.pnpm/react-dom@19.1.0_react@19.1.0/node_modules/react-dom/cjs/react-dom-client.development.js:13123:11)
      at commitMutationEffectsOnFiber (node_modules/.pnpm/react-dom@19.1.0_react@19.1.0/node_modules/react-dom/cjs/react-dom-client.development.js:13134:11)
      at recursivelyTraverseMutationEffects (node_modules/.pnpm/react-dom@19.1.0_react@19.1.0/node_modules/react-dom/cjs/react-dom-client.development.js:13123:11)
      at commitMutationEffectsOnFiber (node_modules/.pnpm/react-dom@19.1.0_react@19.1.0/node_modules/react-dom/cjs/react-dom-client.development.js:13134:11)
      at recursivelyTraverseMutationEffects (node_modules/.pnpm/react-dom@19.1.0_react@19.1.0/node_modules/react-dom/cjs/react-dom-client.development.js:13123:11)
      at commitMutationEffectsOnFiber (node_modules/.pnpm/react-dom@19.1.0_react@19.1.0/node_modules/react-dom/cjs/react-dom-client.development.js:13134:11)
      at recursivelyTraverseMutationEffects (node_modules/.pnpm/react-dom@19.1.0_react@19.1.0/node_modules/react-dom/cjs/react-dom-client.development.js:13123:11)
      at commitMutationEffectsOnFiber (node_modules/.pnpm/react-dom@19.1.0_react@19.1.0/node_modules/react-dom/cjs/react-dom-client.development.js:13134:11)
      at recursivelyTraverseMutationEffects (node_modules/.pnpm/react-dom@19.1.0_react@19.1.0/node_modules/react-dom/cjs/react-dom-client.development.js:13123:11)
      at commitMutationEffectsOnFiber (node_modules/.pnpm/react-dom@19.1.0_react@19.1.0/node_modules/react-dom/cjs/react-dom-client.development.js:13134:11)
      at recursivelyTraverseMutationEffects (node_modules/.pnpm/react-dom@19.1.0_react@19.1.0/node_modules/react-dom/cjs/react-dom-client.development.js:13123:11)
      at commitMutationEffectsOnFiber (node_modules/.pnpm/react-dom@19.1.0_react@19.1.0/node_modules/react-dom/cjs/react-dom-client.development.js:13134:11)
      at recursivelyTraverseMutationEffects (node_modules/.pnpm/react-dom@19.1.0_react@19.1.0/node_modules/react-dom/cjs/react-dom-client.development.js:13123:11)
      at commitMutationEffectsOnFiber (node_modules/.pnpm/react-dom@19.1.0_react@19.1.0/node_modules/react-dom/cjs/react-dom-client.development.js:13134:11)
      at recursivelyTraverseMutationEffects (node_modules/.pnpm/react-dom@19.1.0_react@19.1.0/node_modules/react-dom/cjs/react-dom-client.development.js:13123:11)
      at commitMutationEffectsOnFiber (node_modules/.pnpm/react-dom@19.1.0_react@19.1.0/node_modules/react-dom/cjs/react-dom-client.development.js:13134:11)
      at recursivelyTraverseMutationEffects (node_modules/.pnpm/react-dom@19.1.0_react@19.1.0/node_modules/react-dom/cjs/react-dom-client.development.js:13123:11)
      at commitMutationEffectsOnFiber (node_modules/.pnpm/react-dom@19.1.0_react@19.1.0/node_modules/react-dom/cjs/react-dom-client.development.js:13134:11)
      at recursivelyTraverseMutationEffects (node_modules/.pnpm/react-dom@19.1.0_react@19.1.0/node_modules/react-dom/cjs/react-dom-client.development.js:13123:11)
      at commitMutationEffectsOnFiber (node_modules/.pnpm/react-dom@19.1.0_react@19.1.0/node_modules/react-dom/cjs/react-dom-client.development.js:13562:11)
      at recursivelyTraverseMutationEffects (node_modules/.pnpm/react-dom@19.1.0_react@19.1.0/node_modules/react-dom/cjs/react-dom-client.development.js:13123:11)
      at commitMutationEffectsOnFiber (node_modules/.pnpm/react-dom@19.1.0_react@19.1.0/node_modules/react-dom/cjs/react-dom-client.development.js:13134:11)
      at recursivelyTraverseMutationEffects (node_modules/.pnpm/react-dom@19.1.0_react@19.1.0/node_modules/react-dom/cjs/react-dom-client.development.js:13123:11)
      at commitMutationEffectsOnFiber (node_modules/.pnpm/react-dom@19.1.0_react@19.1.0/node_modules/react-dom/cjs/react-dom-client.development.js:13562:11)
      at recursivelyTraverseMutationEffects (node_modules/.pnpm/react-dom@19.1.0_react@19.1.0/node_modules/react-dom/cjs/react-dom-client.development.js:13123:11)
      at commitMutationEffectsOnFiber (node_modules/.pnpm/react-dom@19.1.0_react@19.1.0/node_modules/react-dom/cjs/react-dom-client.development.js:13134:11)
      at recursivelyTraverseMutationEffects (node_modules/.pnpm/react-dom@19.1.0_react@19.1.0/node_modules/react-dom/cjs/react-dom-client.development.js:13123:11)
      at commitMutationEffectsOnFiber (node_modules/.pnpm/react-dom@19.1.0_react@19.1.0/node_modules/react-dom/cjs/react-dom-client.development.js:13134:11)
      at recursivelyTraverseMutationEffects (node_modules/.pnpm/react-dom@19.1.0_react@19.1.0/node_modules/react-dom/cjs/react-dom-client.development.js:13123:11)
      at commitMutationEffectsOnFiber (node_modules/.pnpm/react-dom@19.1.0_react@19.1.0/node_modules/react-dom/cjs/react-dom-client.development.js:13134:11)
      at recursivelyTraverseMutationEffects (node_modules/.pnpm/react-dom@19.1.0_react@19.1.0/node_modules/react-dom/cjs/react-dom-client.development.js:13123:11)
      at commitMutationEffectsOnFiber (node_modules/.pnpm/react-dom@19.1.0_react@19.1.0/node_modules/react-dom/cjs/react-dom-client.development.js:13562:11)
      at recursivelyTraverseMutationEffects (node_modules/.pnpm/react-dom@19.1.0_react@19.1.0/node_modules/react-dom/cjs/react-dom-client.development.js:13123:11)
      at commitMutationEffectsOnFiber (node_modules/.pnpm/react-dom@19.1.0_react@19.1.0/node_modules/react-dom/cjs/react-dom-client.development.js:13134:11)
      at recursivelyTraverseMutationEffects (node_modules/.pnpm/react-dom@19.1.0_react@19.1.0/node_modules/react-dom/cjs/react-dom-client.development.js:13123:11)
      at commitMutationEffectsOnFiber (node_modules/.pnpm/react-dom@19.1.0_react@19.1.0/node_modules/react-dom/cjs/react-dom-client.development.js:13134:11)
      at recursivelyTraverseMutationEffects (node_modules/.pnpm/react-dom@19.1.0_react@19.1.0/node_modules/react-dom/cjs/react-dom-client.development.js:13123:11)
      at commitMutationEffectsOnFiber (node_modules/.pnpm/react-dom@19.1.0_react@19.1.0/node_modules/react-dom/cjs/react-dom-client.development.js:13134:11)
      at recursivelyTraverseMutationEffects (node_modules/.pnpm/react-dom@19.1.0_react@19.1.0/node_modules/react-dom/cjs/react-dom-client.development.js:13123:11)
      at commitMutationEffectsOnFiber (node_modules/.pnpm/react-dom@19.1.0_react@19.1.0/node_modules/react-dom/cjs/react-dom-client.development.js:13347:11)
      at recursivelyTraverseMutationEffects (node_modules/.pnpm/react-dom@19.1.0_react@19.1.0/node_modules/react-dom/cjs/react-dom-client.development.js:13123:11)
      at commitMutationEffectsOnFiber (node_modules/.pnpm/react-dom@19.1.0_react@19.1.0/node_modules/react-dom/cjs/react-dom-client.development.js:13405:11)
      at flushMutationEffects (node_modules/.pnpm/react-dom@19.1.0_react@19.1.0/node_modules/react-dom/cjs/react-dom-client.development.js:15426:13)
      at commitRoot (node_modules/.pnpm/react-dom@19.1.0_react@19.1.0/node_modules/react-dom/cjs/react-dom-client.development.js:15401:9)
      at commitRootWhenReady (node_modules/.pnpm/react-dom@19.1.0_react@19.1.0/node_modules/react-dom/cjs/react-dom-client.development.js:14652:7)
      at performWorkOnRoot (node_modules/.pnpm/react-dom@19.1.0_react@19.1.0/node_modules/react-dom/cjs/react-dom-client.development.js:14575:15)
      at performSyncWorkOnRoot (node_modules/.pnpm/react-dom@19.1.0_react@19.1.0/node_modules/react-dom/cjs/react-dom-client.development.js:16231:7)
      at flushSyncWorkAcrossRoots_impl (node_modules/.pnpm/react-dom@19.1.0_react@19.1.0/node_modules/react-dom/cjs/react-dom-client.development.js:16079:21)
      at flushSyncWork$1 (node_modules/.pnpm/react-dom@19.1.0_react@19.1.0/node_modules/react-dom/cjs/react-dom-client.development.js:14721:12)
      at Object.f (node_modules/.pnpm/react-dom@19.1.0_react@19.1.0/node_modules/react-dom/cjs/react-dom-client.development.js:24393:26)
      at Object.<anonymous>.process.env.NODE_ENV.exports.flushSync (node_modules/.pnpm/react-dom@19.1.0_react@19.1.0/node_modules/react-dom/cjs/react-dom.development.js:140:23)
      at node_modules/.pnpm/@floating-ui+react-dom@2.1.2_react-dom@19.1.0_react@19.1.0__react@19.1.0/node_modules/@floating-ui/react-dom/dist/floating-ui.react-dom.umd.js:179:31

  console.error
    An update to PopperContent inside a test was not wrapped in act(...).

    When testing, code that causes React state updates should be wrapped into act(...):

    act(() => {
      /* fire events that update state */
    });
    /* assert on the output */

    This ensures that you're testing the behavior the user would see in the browser. Learn more at https://react.dev/link/wrap-tests-with-act

      at node_modules/.pnpm/react-dom@19.1.0_react@19.1.0/node_modules/react-dom/cjs/react-dom-client.development.js:16023:19
      at runWithFiberInDEV (node_modules/.pnpm/react-dom@19.1.0_react@19.1.0/node_modules/react-dom/cjs/react-dom-client.development.js:1522:13)
      at warnIfUpdatesNotWrappedWithActDEV (node_modules/.pnpm/react-dom@19.1.0_react@19.1.0/node_modules/react-dom/cjs/react-dom-client.development.js:16022:9)
      at scheduleUpdateOnFiber (node_modules/.pnpm/react-dom@19.1.0_react@19.1.0/node_modules/react-dom/cjs/react-dom-client.development.js:14396:11)
      at dispatchSetStateInternal (node_modules/.pnpm/react-dom@19.1.0_react@19.1.0/node_modules/react-dom/cjs/react-dom-client.development.js:6969:13)
      at dispatchSetState (node_modules/.pnpm/react-dom@19.1.0_react@19.1.0/node_modules/react-dom/cjs/react-dom-client.development.js:6927:7)
      at node_modules/.pnpm/@radix-ui+react-popper@1.2.1_@types+react-dom@19.1.5_@types+react@19.1.4__@types+react@_910688d4f3cb83ecf698ad7ae3e1c893/node_modules/@radix-ui/react-popper/src/Popper.tsx:150:66
      at setRef (node_modules/.pnpm/@radix-ui+react-compose-refs@1.1.1_@types+react@19.1.4_react@19.1.0/node_modules/@radix-ui/react-compose-refs/src/composeRefs.tsx:11:12)
      at node_modules/.pnpm/@radix-ui+react-compose-refs@1.1.1_@types+react@19.1.4_react@19.1.0/node_modules/@radix-ui/react-compose-refs/src/composeRefs.tsx:25:23
          at Array.map (<anonymous>)
      at node_modules/.pnpm/@radix-ui+react-compose-refs@1.1.1_@types+react@19.1.4_react@19.1.0/node_modules/@radix-ui/react-compose-refs/src/composeRefs.tsx:24:27
      at runWithFiberInDEV (node_modules/.pnpm/react-dom@19.1.0_react@19.1.0/node_modules/react-dom/cjs/react-dom-client.development.js:1522:13)
      at safelyDetachRef (node_modules/.pnpm/react-dom@19.1.0_react@19.1.0/node_modules/react-dom/cjs/react-dom-client.development.js:12224:18)
      at commitMutationEffectsOnFiber (node_modules/.pnpm/react-dom@19.1.0_react@19.1.0/node_modules/react-dom/cjs/react-dom-client.development.js:13352:15)
      at recursivelyTraverseMutationEffects (node_modules/.pnpm/react-dom@19.1.0_react@19.1.0/node_modules/react-dom/cjs/react-dom-client.development.js:13123:11)
      at commitMutationEffectsOnFiber (node_modules/.pnpm/react-dom@19.1.0_react@19.1.0/node_modules/react-dom/cjs/react-dom-client.development.js:13134:11)
      at recursivelyTraverseMutationEffects (node_modules/.pnpm/react-dom@19.1.0_react@19.1.0/node_modules/react-dom/cjs/react-dom-client.development.js:13123:11)
      at commitMutationEffectsOnFiber (node_modules/.pnpm/react-dom@19.1.0_react@19.1.0/node_modules/react-dom/cjs/react-dom-client.development.js:13562:11)
      at recursivelyTraverseMutationEffects (node_modules/.pnpm/react-dom@19.1.0_react@19.1.0/node_modules/react-dom/cjs/react-dom-client.development.js:13123:11)
      at commitMutationEffectsOnFiber (node_modules/.pnpm/react-dom@19.1.0_react@19.1.0/node_modules/react-dom/cjs/react-dom-client.development.js:13134:11)
      at recursivelyTraverseMutationEffects (node_modules/.pnpm/react-dom@19.1.0_react@19.1.0/node_modules/react-dom/cjs/react-dom-client.development.js:13123:11)
      at commitMutationEffectsOnFiber (node_modules/.pnpm/react-dom@19.1.0_react@19.1.0/node_modules/react-dom/cjs/react-dom-client.development.js:13347:11)
      at recursivelyTraverseMutationEffects (node_modules/.pnpm/react-dom@19.1.0_react@19.1.0/node_modules/react-dom/cjs/react-dom-client.development.js:13123:11)
      at commitMutationEffectsOnFiber (node_modules/.pnpm/react-dom@19.1.0_react@19.1.0/node_modules/react-dom/cjs/react-dom-client.development.js:13134:11)
      at recursivelyTraverseMutationEffects (node_modules/.pnpm/react-dom@19.1.0_react@19.1.0/node_modules/react-dom/cjs/react-dom-client.development.js:13123:11)
      at commitMutationEffectsOnFiber (node_modules/.pnpm/react-dom@19.1.0_react@19.1.0/node_modules/react-dom/cjs/react-dom-client.development.js:13134:11)
      at recursivelyTraverseMutationEffects (node_modules/.pnpm/react-dom@19.1.0_react@19.1.0/node_modules/react-dom/cjs/react-dom-client.development.js:13123:11)
      at commitMutationEffectsOnFiber (node_modules/.pnpm/react-dom@19.1.0_react@19.1.0/node_modules/react-dom/cjs/react-dom-client.development.js:13134:11)
      at recursivelyTraverseMutationEffects (node_modules/.pnpm/react-dom@19.1.0_react@19.1.0/node_modules/react-dom/cjs/react-dom-client.development.js:13123:11)
      at commitMutationEffectsOnFiber (node_modules/.pnpm/react-dom@19.1.0_react@19.1.0/node_modules/react-dom/cjs/react-dom-client.development.js:13134:11)
      at recursivelyTraverseMutationEffects (node_modules/.pnpm/react-dom@19.1.0_react@19.1.0/node_modules/react-dom/cjs/react-dom-client.development.js:13123:11)
      at commitMutationEffectsOnFiber (node_modules/.pnpm/react-dom@19.1.0_react@19.1.0/node_modules/react-dom/cjs/react-dom-client.development.js:13134:11)
      at recursivelyTraverseMutationEffects (node_modules/.pnpm/react-dom@19.1.0_react@19.1.0/node_modules/react-dom/cjs/react-dom-client.development.js:13123:11)
      at commitMutationEffectsOnFiber (node_modules/.pnpm/react-dom@19.1.0_react@19.1.0/node_modules/react-dom/cjs/react-dom-client.development.js:13134:11)
      at recursivelyTraverseMutationEffects (node_modules/.pnpm/react-dom@19.1.0_react@19.1.0/node_modules/react-dom/cjs/react-dom-client.development.js:13123:11)
      at commitMutationEffectsOnFiber (node_modules/.pnpm/react-dom@19.1.0_react@19.1.0/node_modules/react-dom/cjs/react-dom-client.development.js:13134:11)
      at recursivelyTraverseMutationEffects (node_modules/.pnpm/react-dom@19.1.0_react@19.1.0/node_modules/react-dom/cjs/react-dom-client.development.js:13123:11)
      at commitMutationEffectsOnFiber (node_modules/.pnpm/react-dom@19.1.0_react@19.1.0/node_modules/react-dom/cjs/react-dom-client.development.js:13134:11)
      at recursivelyTraverseMutationEffects (node_modules/.pnpm/react-dom@19.1.0_react@19.1.0/node_modules/react-dom/cjs/react-dom-client.development.js:13123:11)
      at commitMutationEffectsOnFiber (node_modules/.pnpm/react-dom@19.1.0_react@19.1.0/node_modules/react-dom/cjs/react-dom-client.development.js:13134:11)
      at recursivelyTraverseMutationEffects (node_modules/.pnpm/react-dom@19.1.0_react@19.1.0/node_modules/react-dom/cjs/react-dom-client.development.js:13123:11)
      at commitMutationEffectsOnFiber (node_modules/.pnpm/react-dom@19.1.0_react@19.1.0/node_modules/react-dom/cjs/react-dom-client.development.js:13134:11)
      at recursivelyTraverseMutationEffects (node_modules/.pnpm/react-dom@19.1.0_react@19.1.0/node_modules/react-dom/cjs/react-dom-client.development.js:13123:11)
      at commitMutationEffectsOnFiber (node_modules/.pnpm/react-dom@19.1.0_react@19.1.0/node_modules/react-dom/cjs/react-dom-client.development.js:13562:11)
      at recursivelyTraverseMutationEffects (node_modules/.pnpm/react-dom@19.1.0_react@19.1.0/node_modules/react-dom/cjs/react-dom-client.development.js:13123:11)
      at commitMutationEffectsOnFiber (node_modules/.pnpm/react-dom@19.1.0_react@19.1.0/node_modules/react-dom/cjs/react-dom-client.development.js:13134:11)
      at recursivelyTraverseMutationEffects (node_modules/.pnpm/react-dom@19.1.0_react@19.1.0/node_modules/react-dom/cjs/react-dom-client.development.js:13123:11)
      at commitMutationEffectsOnFiber (node_modules/.pnpm/react-dom@19.1.0_react@19.1.0/node_modules/react-dom/cjs/react-dom-client.development.js:13562:11)
      at recursivelyTraverseMutationEffects (node_modules/.pnpm/react-dom@19.1.0_react@19.1.0/node_modules/react-dom/cjs/react-dom-client.development.js:13123:11)
      at commitMutationEffectsOnFiber (node_modules/.pnpm/react-dom@19.1.0_react@19.1.0/node_modules/react-dom/cjs/react-dom-client.development.js:13134:11)
      at recursivelyTraverseMutationEffects (node_modules/.pnpm/react-dom@19.1.0_react@19.1.0/node_modules/react-dom/cjs/react-dom-client.development.js:13123:11)
      at commitMutationEffectsOnFiber (node_modules/.pnpm/react-dom@19.1.0_react@19.1.0/node_modules/react-dom/cjs/react-dom-client.development.js:13134:11)
      at recursivelyTraverseMutationEffects (node_modules/.pnpm/react-dom@19.1.0_react@19.1.0/node_modules/react-dom/cjs/react-dom-client.development.js:13123:11)
      at commitMutationEffectsOnFiber (node_modules/.pnpm/react-dom@19.1.0_react@19.1.0/node_modules/react-dom/cjs/react-dom-client.development.js:13134:11)
      at recursivelyTraverseMutationEffects (node_modules/.pnpm/react-dom@19.1.0_react@19.1.0/node_modules/react-dom/cjs/react-dom-client.development.js:13123:11)
      at commitMutationEffectsOnFiber (node_modules/.pnpm/react-dom@19.1.0_react@19.1.0/node_modules/react-dom/cjs/react-dom-client.development.js:13562:11)
      at recursivelyTraverseMutationEffects (node_modules/.pnpm/react-dom@19.1.0_react@19.1.0/node_modules/react-dom/cjs/react-dom-client.development.js:13123:11)
      at commitMutationEffectsOnFiber (node_modules/.pnpm/react-dom@19.1.0_react@19.1.0/node_modules/react-dom/cjs/react-dom-client.development.js:13134:11)
      at recursivelyTraverseMutationEffects (node_modules/.pnpm/react-dom@19.1.0_react@19.1.0/node_modules/react-dom/cjs/react-dom-client.development.js:13123:11)
      at commitMutationEffectsOnFiber (node_modules/.pnpm/react-dom@19.1.0_react@19.1.0/node_modules/react-dom/cjs/react-dom-client.development.js:13134:11)
      at recursivelyTraverseMutationEffects (node_modules/.pnpm/react-dom@19.1.0_react@19.1.0/node_modules/react-dom/cjs/react-dom-client.development.js:13123:11)
      at commitMutationEffectsOnFiber (node_modules/.pnpm/react-dom@19.1.0_react@19.1.0/node_modules/react-dom/cjs/react-dom-client.development.js:13134:11)
      at recursivelyTraverseMutationEffects (node_modules/.pnpm/react-dom@19.1.0_react@19.1.0/node_modules/react-dom/cjs/react-dom-client.development.js:13123:11)
      at commitMutationEffectsOnFiber (node_modules/.pnpm/react-dom@19.1.0_react@19.1.0/node_modules/react-dom/cjs/react-dom-client.development.js:13347:11)
      at recursivelyTraverseMutationEffects (node_modules/.pnpm/react-dom@19.1.0_react@19.1.0/node_modules/react-dom/cjs/react-dom-client.development.js:13123:11)
      at commitMutationEffectsOnFiber (node_modules/.pnpm/react-dom@19.1.0_react@19.1.0/node_modules/react-dom/cjs/react-dom-client.development.js:13405:11)
      at flushMutationEffects (node_modules/.pnpm/react-dom@19.1.0_react@19.1.0/node_modules/react-dom/cjs/react-dom-client.development.js:15426:13)
      at commitRoot (node_modules/.pnpm/react-dom@19.1.0_react@19.1.0/node_modules/react-dom/cjs/react-dom-client.development.js:15401:9)
      at commitRootWhenReady (node_modules/.pnpm/react-dom@19.1.0_react@19.1.0/node_modules/react-dom/cjs/react-dom-client.development.js:14652:7)
      at performWorkOnRoot (node_modules/.pnpm/react-dom@19.1.0_react@19.1.0/node_modules/react-dom/cjs/react-dom-client.development.js:14575:15)
      at performSyncWorkOnRoot (node_modules/.pnpm/react-dom@19.1.0_react@19.1.0/node_modules/react-dom/cjs/react-dom-client.development.js:16231:7)
      at flushSyncWorkAcrossRoots_impl (node_modules/.pnpm/react-dom@19.1.0_react@19.1.0/node_modules/react-dom/cjs/react-dom-client.development.js:16079:21)
      at flushSyncWork$1 (node_modules/.pnpm/react-dom@19.1.0_react@19.1.0/node_modules/react-dom/cjs/react-dom-client.development.js:14721:12)
      at Object.f (node_modules/.pnpm/react-dom@19.1.0_react@19.1.0/node_modules/react-dom/cjs/react-dom-client.development.js:24393:26)
      at Object.<anonymous>.process.env.NODE_ENV.exports.flushSync (node_modules/.pnpm/react-dom@19.1.0_react@19.1.0/node_modules/react-dom/cjs/react-dom.development.js:140:23)
      at node_modules/.pnpm/@floating-ui+react-dom@2.1.2_react-dom@19.1.0_react@19.1.0__react@19.1.0/node_modules/@floating-ui/react-dom/dist/floating-ui.react-dom.umd.js:179:31

  console.error
    An update to DismissableLayer inside a test was not wrapped in act(...).

    When testing, code that causes React state updates should be wrapped into act(...):

    act(() => {
      /* fire events that update state */
    });
    /* assert on the output */

    This ensures that you're testing the behavior the user would see in the browser. Learn more at https://react.dev/link/wrap-tests-with-act

      at node_modules/.pnpm/react-dom@19.1.0_react@19.1.0/node_modules/react-dom/cjs/react-dom-client.development.js:16023:19
      at runWithFiberInDEV (node_modules/.pnpm/react-dom@19.1.0_react@19.1.0/node_modules/react-dom/cjs/react-dom-client.development.js:1522:13)
      at warnIfUpdatesNotWrappedWithActDEV (node_modules/.pnpm/react-dom@19.1.0_react@19.1.0/node_modules/react-dom/cjs/react-dom-client.development.js:16022:9)
      at scheduleUpdateOnFiber (node_modules/.pnpm/react-dom@19.1.0_react@19.1.0/node_modules/react-dom/cjs/react-dom-client.development.js:14396:11)
      at dispatchSetStateInternal (node_modules/.pnpm/react-dom@19.1.0_react@19.1.0/node_modules/react-dom/cjs/react-dom-client.development.js:6969:13)
      at dispatchSetState (node_modules/.pnpm/react-dom@19.1.0_react@19.1.0/node_modules/react-dom/cjs/react-dom-client.development.js:6927:7)
      at node_modules/.pnpm/@radix-ui+react-dismissable-layer@1.1.3_@types+react-dom@19.1.5_@types+react@19.1.4__@t_ddb2e391162b1c51556ac1f8b5d28930/node_modules/@radix-ui/react-dismissable-layer/src/DismissableLayer.tsx:76:66
      at setRef (node_modules/.pnpm/@radix-ui+react-compose-refs@1.1.1_@types+react@19.1.4_react@19.1.0/node_modules/@radix-ui/react-compose-refs/src/composeRefs.tsx:11:12)
      at node_modules/.pnpm/@radix-ui+react-compose-refs@1.1.1_@types+react@19.1.4_react@19.1.0/node_modules/@radix-ui/react-compose-refs/src/composeRefs.tsx:25:23
          at Array.map (<anonymous>)
      at node_modules/.pnpm/@radix-ui+react-compose-refs@1.1.1_@types+react@19.1.4_react@19.1.0/node_modules/@radix-ui/react-compose-refs/src/composeRefs.tsx:24:27
      at setRef (node_modules/.pnpm/@radix-ui+react-compose-refs@1.1.1_@types+react@19.1.4_react@19.1.0/node_modules/@radix-ui/react-compose-refs/src/composeRefs.tsx:11:12)
      at node_modules/.pnpm/@radix-ui+react-compose-refs@1.1.1_@types+react@19.1.4_react@19.1.0/node_modules/@radix-ui/react-compose-refs/src/composeRefs.tsx:25:23
          at Array.map (<anonymous>)
      at node_modules/.pnpm/@radix-ui+react-compose-refs@1.1.1_@types+react@19.1.4_react@19.1.0/node_modules/@radix-ui/react-compose-refs/src/composeRefs.tsx:24:27
      at setRef (node_modules/.pnpm/@radix-ui+react-compose-refs@1.1.1_@types+react@19.1.4_react@19.1.0/node_modules/@radix-ui/react-compose-refs/src/composeRefs.tsx:11:12)
      at node_modules/.pnpm/@radix-ui+react-compose-refs@1.1.1_@types+react@19.1.4_react@19.1.0/node_modules/@radix-ui/react-compose-refs/src/composeRefs.tsx:25:23
          at Array.map (<anonymous>)
      at node_modules/.pnpm/@radix-ui+react-compose-refs@1.1.1_@types+react@19.1.4_react@19.1.0/node_modules/@radix-ui/react-compose-refs/src/composeRefs.tsx:24:27
      at commitAttachRef (node_modules/.pnpm/react-dom@19.1.0_react@19.1.0/node_modules/react-dom/cjs/react-dom-client.development.js:12177:42)
      at runWithFiberInDEV (node_modules/.pnpm/react-dom@19.1.0_react@19.1.0/node_modules/react-dom/cjs/react-dom-client.development.js:1522:13)
      at safelyAttachRef (node_modules/.pnpm/react-dom@19.1.0_react@19.1.0/node_modules/react-dom/cjs/react-dom-client.development.js:12191:9)
      at commitLayoutEffectOnFiber (node_modules/.pnpm/react-dom@19.1.0_react@19.1.0/node_modules/react-dom/cjs/react-dom-client.development.js:12729:26)
      at recursivelyTraverseLayoutEffects (node_modules/.pnpm/react-dom@19.1.0_react@19.1.0/node_modules/react-dom/cjs/react-dom-client.development.js:13590:11)
      at commitLayoutEffectOnFiber (node_modules/.pnpm/react-dom@19.1.0_react@19.1.0/node_modules/react-dom/cjs/react-dom-client.development.js:12611:11)
      at recursivelyTraverseLayoutEffects (node_modules/.pnpm/react-dom@19.1.0_react@19.1.0/node_modules/react-dom/cjs/react-dom-client.development.js:13590:11)
      at commitLayoutEffectOnFiber (node_modules/.pnpm/react-dom@19.1.0_react@19.1.0/node_modules/react-dom/cjs/react-dom-client.development.js:12791:11)
      at recursivelyTraverseLayoutEffects (node_modules/.pnpm/react-dom@19.1.0_react@19.1.0/node_modules/react-dom/cjs/react-dom-client.development.js:13590:11)
      at commitLayoutEffectOnFiber (node_modules/.pnpm/react-dom@19.1.0_react@19.1.0/node_modules/react-dom/cjs/react-dom-client.development.js:12611:11)
      at recursivelyTraverseLayoutEffects (node_modules/.pnpm/react-dom@19.1.0_react@19.1.0/node_modules/react-dom/cjs/react-dom-client.development.js:13590:11)
      at commitLayoutEffectOnFiber (node_modules/.pnpm/react-dom@19.1.0_react@19.1.0/node_modules/react-dom/cjs/react-dom-client.development.js:12727:11)
      at recursivelyTraverseLayoutEffects (node_modules/.pnpm/react-dom@19.1.0_react@19.1.0/node_modules/react-dom/cjs/react-dom-client.development.js:13590:11)
      at commitLayoutEffectOnFiber (node_modules/.pnpm/react-dom@19.1.0_react@19.1.0/node_modules/react-dom/cjs/react-dom-client.development.js:12611:11)
      at recursivelyTraverseLayoutEffects (node_modules/.pnpm/react-dom@19.1.0_react@19.1.0/node_modules/react-dom/cjs/react-dom-client.development.js:13590:11)
      at commitLayoutEffectOnFiber (node_modules/.pnpm/react-dom@19.1.0_react@19.1.0/node_modules/react-dom/cjs/react-dom-client.development.js:12611:11)
      at recursivelyTraverseLayoutEffects (node_modules/.pnpm/react-dom@19.1.0_react@19.1.0/node_modules/react-dom/cjs/react-dom-client.development.js:13590:11)
      at commitLayoutEffectOnFiber (node_modules/.pnpm/react-dom@19.1.0_react@19.1.0/node_modules/react-dom/cjs/react-dom-client.development.js:12611:11)
      at recursivelyTraverseLayoutEffects (node_modules/.pnpm/react-dom@19.1.0_react@19.1.0/node_modules/react-dom/cjs/react-dom-client.development.js:13590:11)
      at commitLayoutEffectOnFiber (node_modules/.pnpm/react-dom@19.1.0_react@19.1.0/node_modules/react-dom/cjs/react-dom-client.development.js:12611:11)
      at recursivelyTraverseLayoutEffects (node_modules/.pnpm/react-dom@19.1.0_react@19.1.0/node_modules/react-dom/cjs/react-dom-client.development.js:13590:11)
      at commitLayoutEffectOnFiber (node_modules/.pnpm/react-dom@19.1.0_react@19.1.0/node_modules/react-dom/cjs/react-dom-client.development.js:12611:11)
      at recursivelyTraverseLayoutEffects (node_modules/.pnpm/react-dom@19.1.0_react@19.1.0/node_modules/react-dom/cjs/react-dom-client.development.js:13590:11)
      at commitLayoutEffectOnFiber (node_modules/.pnpm/react-dom@19.1.0_react@19.1.0/node_modules/react-dom/cjs/react-dom-client.development.js:12611:11)
      at recursivelyTraverseLayoutEffects (node_modules/.pnpm/react-dom@19.1.0_react@19.1.0/node_modules/react-dom/cjs/react-dom-client.development.js:13590:11)
      at commitLayoutEffectOnFiber (node_modules/.pnpm/react-dom@19.1.0_react@19.1.0/node_modules/react-dom/cjs/react-dom-client.development.js:12611:11)
      at recursivelyTraverseLayoutEffects (node_modules/.pnpm/react-dom@19.1.0_react@19.1.0/node_modules/react-dom/cjs/react-dom-client.development.js:13590:11)
      at commitLayoutEffectOnFiber (node_modules/.pnpm/react-dom@19.1.0_react@19.1.0/node_modules/react-dom/cjs/react-dom-client.development.js:12611:11)
      at recursivelyTraverseLayoutEffects (node_modules/.pnpm/react-dom@19.1.0_react@19.1.0/node_modules/react-dom/cjs/react-dom-client.development.js:13590:11)
      at commitLayoutEffectOnFiber (node_modules/.pnpm/react-dom@19.1.0_react@19.1.0/node_modules/react-dom/cjs/react-dom-client.development.js:12611:11)
      at recursivelyTraverseLayoutEffects (node_modules/.pnpm/react-dom@19.1.0_react@19.1.0/node_modules/react-dom/cjs/react-dom-client.development.js:13590:11)
      at commitLayoutEffectOnFiber (node_modules/.pnpm/react-dom@19.1.0_react@19.1.0/node_modules/react-dom/cjs/react-dom-client.development.js:12611:11)
      at recursivelyTraverseLayoutEffects (node_modules/.pnpm/react-dom@19.1.0_react@19.1.0/node_modules/react-dom/cjs/react-dom-client.development.js:13590:11)
      at commitLayoutEffectOnFiber (node_modules/.pnpm/react-dom@19.1.0_react@19.1.0/node_modules/react-dom/cjs/react-dom-client.development.js:12791:11)
      at recursivelyTraverseLayoutEffects (node_modules/.pnpm/react-dom@19.1.0_react@19.1.0/node_modules/react-dom/cjs/react-dom-client.development.js:13590:11)
      at commitLayoutEffectOnFiber (node_modules/.pnpm/react-dom@19.1.0_react@19.1.0/node_modules/react-dom/cjs/react-dom-client.development.js:12611:11)
      at recursivelyTraverseLayoutEffects (node_modules/.pnpm/react-dom@19.1.0_react@19.1.0/node_modules/react-dom/cjs/react-dom-client.development.js:13590:11)
      at commitLayoutEffectOnFiber (node_modules/.pnpm/react-dom@19.1.0_react@19.1.0/node_modules/react-dom/cjs/react-dom-client.development.js:12791:11)
      at recursivelyTraverseLayoutEffects (node_modules/.pnpm/react-dom@19.1.0_react@19.1.0/node_modules/react-dom/cjs/react-dom-client.development.js:13590:11)
      at commitLayoutEffectOnFiber (node_modules/.pnpm/react-dom@19.1.0_react@19.1.0/node_modules/react-dom/cjs/react-dom-client.development.js:12611:11)
      at recursivelyTraverseLayoutEffects (node_modules/.pnpm/react-dom@19.1.0_react@19.1.0/node_modules/react-dom/cjs/react-dom-client.development.js:13590:11)
      at commitLayoutEffectOnFiber (node_modules/.pnpm/react-dom@19.1.0_react@19.1.0/node_modules/react-dom/cjs/react-dom-client.development.js:12611:11)
      at recursivelyTraverseLayoutEffects (node_modules/.pnpm/react-dom@19.1.0_react@19.1.0/node_modules/react-dom/cjs/react-dom-client.development.js:13590:11)
      at commitLayoutEffectOnFiber (node_modules/.pnpm/react-dom@19.1.0_react@19.1.0/node_modules/react-dom/cjs/react-dom-client.development.js:12611:11)
      at recursivelyTraverseLayoutEffects (node_modules/.pnpm/react-dom@19.1.0_react@19.1.0/node_modules/react-dom/cjs/react-dom-client.development.js:13590:11)
      at commitLayoutEffectOnFiber (node_modules/.pnpm/react-dom@19.1.0_react@19.1.0/node_modules/react-dom/cjs/react-dom-client.development.js:12791:11)
      at recursivelyTraverseLayoutEffects (node_modules/.pnpm/react-dom@19.1.0_react@19.1.0/node_modules/react-dom/cjs/react-dom-client.development.js:13590:11)
      at commitLayoutEffectOnFiber (node_modules/.pnpm/react-dom@19.1.0_react@19.1.0/node_modules/react-dom/cjs/react-dom-client.development.js:12611:11)
      at recursivelyTraverseLayoutEffects (node_modules/.pnpm/react-dom@19.1.0_react@19.1.0/node_modules/react-dom/cjs/react-dom-client.development.js:13590:11)
      at commitLayoutEffectOnFiber (node_modules/.pnpm/react-dom@19.1.0_react@19.1.0/node_modules/react-dom/cjs/react-dom-client.development.js:12611:11)
      at recursivelyTraverseLayoutEffects (node_modules/.pnpm/react-dom@19.1.0_react@19.1.0/node_modules/react-dom/cjs/react-dom-client.development.js:13590:11)
      at commitLayoutEffectOnFiber (node_modules/.pnpm/react-dom@19.1.0_react@19.1.0/node_modules/react-dom/cjs/react-dom-client.development.js:12611:11)
      at recursivelyTraverseLayoutEffects (node_modules/.pnpm/react-dom@19.1.0_react@19.1.0/node_modules/react-dom/cjs/react-dom-client.development.js:13590:11)
      at commitLayoutEffectOnFiber (node_modules/.pnpm/react-dom@19.1.0_react@19.1.0/node_modules/react-dom/cjs/react-dom-client.development.js:12727:11)
      at recursivelyTraverseLayoutEffects (node_modules/.pnpm/react-dom@19.1.0_react@19.1.0/node_modules/react-dom/cjs/react-dom-client.development.js:13590:11)
      at commitLayoutEffectOnFiber (node_modules/.pnpm/react-dom@19.1.0_react@19.1.0/node_modules/react-dom/cjs/react-dom-client.development.js:12693:11)
      at flushLayoutEffects (node_modules/.pnpm/react-dom@19.1.0_react@19.1.0/node_modules/react-dom/cjs/react-dom-client.development.js:15559:15)
      at commitRoot (node_modules/.pnpm/react-dom@19.1.0_react@19.1.0/node_modules/react-dom/cjs/react-dom-client.development.js:15402:9)
      at commitRootWhenReady (node_modules/.pnpm/react-dom@19.1.0_react@19.1.0/node_modules/react-dom/cjs/react-dom-client.development.js:14652:7)
      at performWorkOnRoot (node_modules/.pnpm/react-dom@19.1.0_react@19.1.0/node_modules/react-dom/cjs/react-dom-client.development.js:14575:15)
      at performSyncWorkOnRoot (node_modules/.pnpm/react-dom@19.1.0_react@19.1.0/node_modules/react-dom/cjs/react-dom-client.development.js:16231:7)
      at flushSyncWorkAcrossRoots_impl (node_modules/.pnpm/react-dom@19.1.0_react@19.1.0/node_modules/react-dom/cjs/react-dom-client.development.js:16079:21)
      at flushSyncWork$1 (node_modules/.pnpm/react-dom@19.1.0_react@19.1.0/node_modules/react-dom/cjs/react-dom-client.development.js:14721:12)
      at Object.f (node_modules/.pnpm/react-dom@19.1.0_react@19.1.0/node_modules/react-dom/cjs/react-dom-client.development.js:24393:26)
      at Object.<anonymous>.process.env.NODE_ENV.exports.flushSync (node_modules/.pnpm/react-dom@19.1.0_react@19.1.0/node_modules/react-dom/cjs/react-dom.development.js:140:23)
      at node_modules/.pnpm/@floating-ui+react-dom@2.1.2_react-dom@19.1.0_react@19.1.0__react@19.1.0/node_modules/@floating-ui/react-dom/dist/floating-ui.react-dom.umd.js:179:31

  console.error
    An update to Presence inside a test was not wrapped in act(...).

    When testing, code that causes React state updates should be wrapped into act(...):

    act(() => {
      /* fire events that update state */
    });
    /* assert on the output */

    This ensures that you're testing the behavior the user would see in the browser. Learn more at https://react.dev/link/wrap-tests-with-act

      at node_modules/.pnpm/react-dom@19.1.0_react@19.1.0/node_modules/react-dom/cjs/react-dom-client.development.js:16023:19
      at runWithFiberInDEV (node_modules/.pnpm/react-dom@19.1.0_react@19.1.0/node_modules/react-dom/cjs/react-dom-client.development.js:1522:13)
      at warnIfUpdatesNotWrappedWithActDEV (node_modules/.pnpm/react-dom@19.1.0_react@19.1.0/node_modules/react-dom/cjs/react-dom-client.development.js:16022:9)
      at scheduleUpdateOnFiber (node_modules/.pnpm/react-dom@19.1.0_react@19.1.0/node_modules/react-dom/cjs/react-dom-client.development.js:14396:11)
      at dispatchSetStateInternal (node_modules/.pnpm/react-dom@19.1.0_react@19.1.0/node_modules/react-dom/cjs/react-dom-client.development.js:6969:13)
      at dispatchSetState (node_modules/.pnpm/react-dom@19.1.0_react@19.1.0/node_modules/react-dom/cjs/react-dom-client.development.js:6927:7)
      at node_modules/.pnpm/@radix-ui+react-presence@1.1.2_@types+react-dom@19.1.5_@types+react@19.1.4__@types+reac_cf404f2765adb4b6877f4e8a2d692386/node_modules/@radix-ui/react-presence/src/Presence.tsx:157:7
      at setRef (node_modules/.pnpm/@radix-ui+react-compose-refs@1.1.1_@types+react@19.1.4_react@19.1.0/node_modules/@radix-ui/react-compose-refs/src/composeRefs.tsx:11:12)
      at node_modules/.pnpm/@radix-ui+react-compose-refs@1.1.1_@types+react@19.1.4_react@19.1.0/node_modules/@radix-ui/react-compose-refs/src/composeRefs.tsx:25:23
          at Array.map (<anonymous>)
      at node_modules/.pnpm/@radix-ui+react-compose-refs@1.1.1_@types+react@19.1.4_react@19.1.0/node_modules/@radix-ui/react-compose-refs/src/composeRefs.tsx:24:27
      at setRef (node_modules/.pnpm/@radix-ui+react-compose-refs@1.1.1_@types+react@19.1.4_react@19.1.0/node_modules/@radix-ui/react-compose-refs/src/composeRefs.tsx:11:12)
      at node_modules/.pnpm/@radix-ui+react-compose-refs@1.1.1_@types+react@19.1.4_react@19.1.0/node_modules/@radix-ui/react-compose-refs/src/composeRefs.tsx:25:23
          at Array.map (<anonymous>)
      at node_modules/.pnpm/@radix-ui+react-compose-refs@1.1.1_@types+react@19.1.4_react@19.1.0/node_modules/@radix-ui/react-compose-refs/src/composeRefs.tsx:24:27
      at setRef (node_modules/.pnpm/@radix-ui+react-compose-refs@1.1.1_@types+react@19.1.4_react@19.1.0/node_modules/@radix-ui/react-compose-refs/src/composeRefs.tsx:11:12)
      at node_modules/.pnpm/@radix-ui+react-compose-refs@1.1.1_@types+react@19.1.4_react@19.1.0/node_modules/@radix-ui/react-compose-refs/src/composeRefs.tsx:25:23
          at Array.map (<anonymous>)
      at node_modules/.pnpm/@radix-ui+react-compose-refs@1.1.1_@types+react@19.1.4_react@19.1.0/node_modules/@radix-ui/react-compose-refs/src/composeRefs.tsx:24:27
      at setRef (node_modules/.pnpm/@radix-ui+react-compose-refs@1.1.1_@types+react@19.1.4_react@19.1.0/node_modules/@radix-ui/react-compose-refs/src/composeRefs.tsx:11:12)
      at node_modules/.pnpm/@radix-ui+react-compose-refs@1.1.1_@types+react@19.1.4_react@19.1.0/node_modules/@radix-ui/react-compose-refs/src/composeRefs.tsx:25:23
          at Array.map (<anonymous>)
      at node_modules/.pnpm/@radix-ui+react-compose-refs@1.1.1_@types+react@19.1.4_react@19.1.0/node_modules/@radix-ui/react-compose-refs/src/composeRefs.tsx:24:27
      at commitAttachRef (node_modules/.pnpm/react-dom@19.1.0_react@19.1.0/node_modules/react-dom/cjs/react-dom-client.development.js:12177:42)
      at runWithFiberInDEV (node_modules/.pnpm/react-dom@19.1.0_react@19.1.0/node_modules/react-dom/cjs/react-dom-client.development.js:1522:13)
      at safelyAttachRef (node_modules/.pnpm/react-dom@19.1.0_react@19.1.0/node_modules/react-dom/cjs/react-dom-client.development.js:12191:9)
      at commitLayoutEffectOnFiber (node_modules/.pnpm/react-dom@19.1.0_react@19.1.0/node_modules/react-dom/cjs/react-dom-client.development.js:12729:26)
      at recursivelyTraverseLayoutEffects (node_modules/.pnpm/react-dom@19.1.0_react@19.1.0/node_modules/react-dom/cjs/react-dom-client.development.js:13590:11)
      at commitLayoutEffectOnFiber (node_modules/.pnpm/react-dom@19.1.0_react@19.1.0/node_modules/react-dom/cjs/react-dom-client.development.js:12611:11)
      at recursivelyTraverseLayoutEffects (node_modules/.pnpm/react-dom@19.1.0_react@19.1.0/node_modules/react-dom/cjs/react-dom-client.development.js:13590:11)
      at commitLayoutEffectOnFiber (node_modules/.pnpm/react-dom@19.1.0_react@19.1.0/node_modules/react-dom/cjs/react-dom-client.development.js:12791:11)
      at recursivelyTraverseLayoutEffects (node_modules/.pnpm/react-dom@19.1.0_react@19.1.0/node_modules/react-dom/cjs/react-dom-client.development.js:13590:11)
      at commitLayoutEffectOnFiber (node_modules/.pnpm/react-dom@19.1.0_react@19.1.0/node_modules/react-dom/cjs/react-dom-client.development.js:12611:11)
      at recursivelyTraverseLayoutEffects (node_modules/.pnpm/react-dom@19.1.0_react@19.1.0/node_modules/react-dom/cjs/react-dom-client.development.js:13590:11)
      at commitLayoutEffectOnFiber (node_modules/.pnpm/react-dom@19.1.0_react@19.1.0/node_modules/react-dom/cjs/react-dom-client.development.js:12727:11)
      at recursivelyTraverseLayoutEffects (node_modules/.pnpm/react-dom@19.1.0_react@19.1.0/node_modules/react-dom/cjs/react-dom-client.development.js:13590:11)
      at commitLayoutEffectOnFiber (node_modules/.pnpm/react-dom@19.1.0_react@19.1.0/node_modules/react-dom/cjs/react-dom-client.development.js:12611:11)
      at recursivelyTraverseLayoutEffects (node_modules/.pnpm/react-dom@19.1.0_react@19.1.0/node_modules/react-dom/cjs/react-dom-client.development.js:13590:11)
      at commitLayoutEffectOnFiber (node_modules/.pnpm/react-dom@19.1.0_react@19.1.0/node_modules/react-dom/cjs/react-dom-client.development.js:12611:11)
      at recursivelyTraverseLayoutEffects (node_modules/.pnpm/react-dom@19.1.0_react@19.1.0/node_modules/react-dom/cjs/react-dom-client.development.js:13590:11)
      at commitLayoutEffectOnFiber (node_modules/.pnpm/react-dom@19.1.0_react@19.1.0/node_modules/react-dom/cjs/react-dom-client.development.js:12611:11)
      at recursivelyTraverseLayoutEffects (node_modules/.pnpm/react-dom@19.1.0_react@19.1.0/node_modules/react-dom/cjs/react-dom-client.development.js:13590:11)
      at commitLayoutEffectOnFiber (node_modules/.pnpm/react-dom@19.1.0_react@19.1.0/node_modules/react-dom/cjs/react-dom-client.development.js:12611:11)
      at recursivelyTraverseLayoutEffects (node_modules/.pnpm/react-dom@19.1.0_react@19.1.0/node_modules/react-dom/cjs/react-dom-client.development.js:13590:11)
      at commitLayoutEffectOnFiber (node_modules/.pnpm/react-dom@19.1.0_react@19.1.0/node_modules/react-dom/cjs/react-dom-client.development.js:12611:11)
      at recursivelyTraverseLayoutEffects (node_modules/.pnpm/react-dom@19.1.0_react@19.1.0/node_modules/react-dom/cjs/react-dom-client.development.js:13590:11)
      at commitLayoutEffectOnFiber (node_modules/.pnpm/react-dom@19.1.0_react@19.1.0/node_modules/react-dom/cjs/react-dom-client.development.js:12611:11)
      at recursivelyTraverseLayoutEffects (node_modules/.pnpm/react-dom@19.1.0_react@19.1.0/node_modules/react-dom/cjs/react-dom-client.development.js:13590:11)
      at commitLayoutEffectOnFiber (node_modules/.pnpm/react-dom@19.1.0_react@19.1.0/node_modules/react-dom/cjs/react-dom-client.development.js:12611:11)
      at recursivelyTraverseLayoutEffects (node_modules/.pnpm/react-dom@19.1.0_react@19.1.0/node_modules/react-dom/cjs/react-dom-client.development.js:13590:11)
      at commitLayoutEffectOnFiber (node_modules/.pnpm/react-dom@19.1.0_react@19.1.0/node_modules/react-dom/cjs/react-dom-client.development.js:12611:11)
      at recursivelyTraverseLayoutEffects (node_modules/.pnpm/react-dom@19.1.0_react@19.1.0/node_modules/react-dom/cjs/react-dom-client.development.js:13590:11)
      at commitLayoutEffectOnFiber (node_modules/.pnpm/react-dom@19.1.0_react@19.1.0/node_modules/react-dom/cjs/react-dom-client.development.js:12611:11)
      at recursivelyTraverseLayoutEffects (node_modules/.pnpm/react-dom@19.1.0_react@19.1.0/node_modules/react-dom/cjs/react-dom-client.development.js:13590:11)
      at commitLayoutEffectOnFiber (node_modules/.pnpm/react-dom@19.1.0_react@19.1.0/node_modules/react-dom/cjs/react-dom-client.development.js:12611:11)
      at recursivelyTraverseLayoutEffects (node_modules/.pnpm/react-dom@19.1.0_react@19.1.0/node_modules/react-dom/cjs/react-dom-client.development.js:13590:11)
      at commitLayoutEffectOnFiber (node_modules/.pnpm/react-dom@19.1.0_react@19.1.0/node_modules/react-dom/cjs/react-dom-client.development.js:12791:11)
      at recursivelyTraverseLayoutEffects (node_modules/.pnpm/react-dom@19.1.0_react@19.1.0/node_modules/react-dom/cjs/react-dom-client.development.js:13590:11)
      at commitLayoutEffectOnFiber (node_modules/.pnpm/react-dom@19.1.0_react@19.1.0/node_modules/react-dom/cjs/react-dom-client.development.js:12611:11)
      at recursivelyTraverseLayoutEffects (node_modules/.pnpm/react-dom@19.1.0_react@19.1.0/node_modules/react-dom/cjs/react-dom-client.development.js:13590:11)
      at commitLayoutEffectOnFiber (node_modules/.pnpm/react-dom@19.1.0_react@19.1.0/node_modules/react-dom/cjs/react-dom-client.development.js:12791:11)
      at recursivelyTraverseLayoutEffects (node_modules/.pnpm/react-dom@19.1.0_react@19.1.0/node_modules/react-dom/cjs/react-dom-client.development.js:13590:11)
      at commitLayoutEffectOnFiber (node_modules/.pnpm/react-dom@19.1.0_react@19.1.0/node_modules/react-dom/cjs/react-dom-client.development.js:12611:11)
      at recursivelyTraverseLayoutEffects (node_modules/.pnpm/react-dom@19.1.0_react@19.1.0/node_modules/react-dom/cjs/react-dom-client.development.js:13590:11)
      at commitLayoutEffectOnFiber (node_modules/.pnpm/react-dom@19.1.0_react@19.1.0/node_modules/react-dom/cjs/react-dom-client.development.js:12611:11)
      at recursivelyTraverseLayoutEffects (node_modules/.pnpm/react-dom@19.1.0_react@19.1.0/node_modules/react-dom/cjs/react-dom-client.development.js:13590:11)
      at commitLayoutEffectOnFiber (node_modules/.pnpm/react-dom@19.1.0_react@19.1.0/node_modules/react-dom/cjs/react-dom-client.development.js:12611:11)
      at recursivelyTraverseLayoutEffects (node_modules/.pnpm/react-dom@19.1.0_react@19.1.0/node_modules/react-dom/cjs/react-dom-client.development.js:13590:11)
      at commitLayoutEffectOnFiber (node_modules/.pnpm/react-dom@19.1.0_react@19.1.0/node_modules/react-dom/cjs/react-dom-client.development.js:12791:11)
      at recursivelyTraverseLayoutEffects (node_modules/.pnpm/react-dom@19.1.0_react@19.1.0/node_modules/react-dom/cjs/react-dom-client.development.js:13590:11)
      at commitLayoutEffectOnFiber (node_modules/.pnpm/react-dom@19.1.0_react@19.1.0/node_modules/react-dom/cjs/react-dom-client.development.js:12611:11)
      at recursivelyTraverseLayoutEffects (node_modules/.pnpm/react-dom@19.1.0_react@19.1.0/node_modules/react-dom/cjs/react-dom-client.development.js:13590:11)
      at commitLayoutEffectOnFiber (node_modules/.pnpm/react-dom@19.1.0_react@19.1.0/node_modules/react-dom/cjs/react-dom-client.development.js:12611:11)
      at recursivelyTraverseLayoutEffects (node_modules/.pnpm/react-dom@19.1.0_react@19.1.0/node_modules/react-dom/cjs/react-dom-client.development.js:13590:11)
      at commitLayoutEffectOnFiber (node_modules/.pnpm/react-dom@19.1.0_react@19.1.0/node_modules/react-dom/cjs/react-dom-client.development.js:12611:11)
      at recursivelyTraverseLayoutEffects (node_modules/.pnpm/react-dom@19.1.0_react@19.1.0/node_modules/react-dom/cjs/react-dom-client.development.js:13590:11)
      at commitLayoutEffectOnFiber (node_modules/.pnpm/react-dom@19.1.0_react@19.1.0/node_modules/react-dom/cjs/react-dom-client.development.js:12727:11)
      at recursivelyTraverseLayoutEffects (node_modules/.pnpm/react-dom@19.1.0_react@19.1.0/node_modules/react-dom/cjs/react-dom-client.development.js:13590:11)
      at commitLayoutEffectOnFiber (node_modules/.pnpm/react-dom@19.1.0_react@19.1.0/node_modules/react-dom/cjs/react-dom-client.development.js:12693:11)
      at flushLayoutEffects (node_modules/.pnpm/react-dom@19.1.0_react@19.1.0/node_modules/react-dom/cjs/react-dom-client.development.js:15559:15)
      at commitRoot (node_modules/.pnpm/react-dom@19.1.0_react@19.1.0/node_modules/react-dom/cjs/react-dom-client.development.js:15402:9)
      at commitRootWhenReady (node_modules/.pnpm/react-dom@19.1.0_react@19.1.0/node_modules/react-dom/cjs/react-dom-client.development.js:14652:7)
      at performWorkOnRoot (node_modules/.pnpm/react-dom@19.1.0_react@19.1.0/node_modules/react-dom/cjs/react-dom-client.development.js:14575:15)
      at performSyncWorkOnRoot (node_modules/.pnpm/react-dom@19.1.0_react@19.1.0/node_modules/react-dom/cjs/react-dom-client.development.js:16231:7)
      at flushSyncWorkAcrossRoots_impl (node_modules/.pnpm/react-dom@19.1.0_react@19.1.0/node_modules/react-dom/cjs/react-dom-client.development.js:16079:21)
      at flushSyncWork$1 (node_modules/.pnpm/react-dom@19.1.0_react@19.1.0/node_modules/react-dom/cjs/react-dom-client.development.js:14721:12)
      at Object.f (node_modules/.pnpm/react-dom@19.1.0_react@19.1.0/node_modules/react-dom/cjs/react-dom-client.development.js:24393:26)
      at Object.<anonymous>.process.env.NODE_ENV.exports.flushSync (node_modules/.pnpm/react-dom@19.1.0_react@19.1.0/node_modules/react-dom/cjs/react-dom.development.js:140:23)
      at node_modules/.pnpm/@floating-ui+react-dom@2.1.2_react-dom@19.1.0_react@19.1.0__react@19.1.0/node_modules/@floating-ui/react-dom/dist/floating-ui.react-dom.umd.js:179:31

  console.error
    An update to PopperContent inside a test was not wrapped in act(...).

    When testing, code that causes React state updates should be wrapped into act(...):

    act(() => {
      /* fire events that update state */
    });
    /* assert on the output */

    This ensures that you're testing the behavior the user would see in the browser. Learn more at https://react.dev/link/wrap-tests-with-act

      at node_modules/.pnpm/react-dom@19.1.0_react@19.1.0/node_modules/react-dom/cjs/react-dom-client.development.js:16023:19
      at runWithFiberInDEV (node_modules/.pnpm/react-dom@19.1.0_react@19.1.0/node_modules/react-dom/cjs/react-dom-client.development.js:1522:13)
      at warnIfUpdatesNotWrappedWithActDEV (node_modules/.pnpm/react-dom@19.1.0_react@19.1.0/node_modules/react-dom/cjs/react-dom-client.development.js:16022:9)
      at scheduleUpdateOnFiber (node_modules/.pnpm/react-dom@19.1.0_react@19.1.0/node_modules/react-dom/cjs/react-dom-client.development.js:14396:11)
      at dispatchSetStateInternal (node_modules/.pnpm/react-dom@19.1.0_react@19.1.0/node_modules/react-dom/cjs/react-dom-client.development.js:6969:13)
      at dispatchSetState (node_modules/.pnpm/react-dom@19.1.0_react@19.1.0/node_modules/react-dom/cjs/react-dom-client.development.js:6927:7)
      at node_modules/.pnpm/@radix-ui+react-popper@1.2.1_@types+react-dom@19.1.5_@types+react@19.1.4__@types+react@_910688d4f3cb83ecf698ad7ae3e1c893/node_modules/@radix-ui/react-popper/src/Popper.tsx:150:66
      at setRef (node_modules/.pnpm/@radix-ui+react-compose-refs@1.1.1_@types+react@19.1.4_react@19.1.0/node_modules/@radix-ui/react-compose-refs/src/composeRefs.tsx:11:12)
      at node_modules/.pnpm/@radix-ui+react-compose-refs@1.1.1_@types+react@19.1.4_react@19.1.0/node_modules/@radix-ui/react-compose-refs/src/composeRefs.tsx:25:23
          at Array.map (<anonymous>)
      at node_modules/.pnpm/@radix-ui+react-compose-refs@1.1.1_@types+react@19.1.4_react@19.1.0/node_modules/@radix-ui/react-compose-refs/src/composeRefs.tsx:24:27
      at commitAttachRef (node_modules/.pnpm/react-dom@19.1.0_react@19.1.0/node_modules/react-dom/cjs/react-dom-client.development.js:12177:42)
      at runWithFiberInDEV (node_modules/.pnpm/react-dom@19.1.0_react@19.1.0/node_modules/react-dom/cjs/react-dom-client.development.js:1522:13)
      at safelyAttachRef (node_modules/.pnpm/react-dom@19.1.0_react@19.1.0/node_modules/react-dom/cjs/react-dom-client.development.js:12191:9)
      at commitLayoutEffectOnFiber (node_modules/.pnpm/react-dom@19.1.0_react@19.1.0/node_modules/react-dom/cjs/react-dom-client.development.js:12729:26)
      at recursivelyTraverseLayoutEffects (node_modules/.pnpm/react-dom@19.1.0_react@19.1.0/node_modules/react-dom/cjs/react-dom-client.development.js:13590:11)
      at commitLayoutEffectOnFiber (node_modules/.pnpm/react-dom@19.1.0_react@19.1.0/node_modules/react-dom/cjs/react-dom-client.development.js:12611:11)
      at recursivelyTraverseLayoutEffects (node_modules/.pnpm/react-dom@19.1.0_react@19.1.0/node_modules/react-dom/cjs/react-dom-client.development.js:13590:11)
      at commitLayoutEffectOnFiber (node_modules/.pnpm/react-dom@19.1.0_react@19.1.0/node_modules/react-dom/cjs/react-dom-client.development.js:12791:11)
      at recursivelyTraverseLayoutEffects (node_modules/.pnpm/react-dom@19.1.0_react@19.1.0/node_modules/react-dom/cjs/react-dom-client.development.js:13590:11)
      at commitLayoutEffectOnFiber (node_modules/.pnpm/react-dom@19.1.0_react@19.1.0/node_modules/react-dom/cjs/react-dom-client.development.js:12611:11)
      at recursivelyTraverseLayoutEffects (node_modules/.pnpm/react-dom@19.1.0_react@19.1.0/node_modules/react-dom/cjs/react-dom-client.development.js:13590:11)
      at commitLayoutEffectOnFiber (node_modules/.pnpm/react-dom@19.1.0_react@19.1.0/node_modules/react-dom/cjs/react-dom-client.development.js:12727:11)
      at recursivelyTraverseLayoutEffects (node_modules/.pnpm/react-dom@19.1.0_react@19.1.0/node_modules/react-dom/cjs/react-dom-client.development.js:13590:11)
      at commitLayoutEffectOnFiber (node_modules/.pnpm/react-dom@19.1.0_react@19.1.0/node_modules/react-dom/cjs/react-dom-client.development.js:12611:11)
      at recursivelyTraverseLayoutEffects (node_modules/.pnpm/react-dom@19.1.0_react@19.1.0/node_modules/react-dom/cjs/react-dom-client.development.js:13590:11)
      at commitLayoutEffectOnFiber (node_modules/.pnpm/react-dom@19.1.0_react@19.1.0/node_modules/react-dom/cjs/react-dom-client.development.js:12611:11)
      at recursivelyTraverseLayoutEffects (node_modules/.pnpm/react-dom@19.1.0_react@19.1.0/node_modules/react-dom/cjs/react-dom-client.development.js:13590:11)
      at commitLayoutEffectOnFiber (node_modules/.pnpm/react-dom@19.1.0_react@19.1.0/node_modules/react-dom/cjs/react-dom-client.development.js:12611:11)
      at recursivelyTraverseLayoutEffects (node_modules/.pnpm/react-dom@19.1.0_react@19.1.0/node_modules/react-dom/cjs/react-dom-client.development.js:13590:11)
      at commitLayoutEffectOnFiber (node_modules/.pnpm/react-dom@19.1.0_react@19.1.0/node_modules/react-dom/cjs/react-dom-client.development.js:12611:11)
      at recursivelyTraverseLayoutEffects (node_modules/.pnpm/react-dom@19.1.0_react@19.1.0/node_modules/react-dom/cjs/react-dom-client.development.js:13590:11)
      at commitLayoutEffectOnFiber (node_modules/.pnpm/react-dom@19.1.0_react@19.1.0/node_modules/react-dom/cjs/react-dom-client.development.js:12611:11)
      at recursivelyTraverseLayoutEffects (node_modules/.pnpm/react-dom@19.1.0_react@19.1.0/node_modules/react-dom/cjs/react-dom-client.development.js:13590:11)
      at commitLayoutEffectOnFiber (node_modules/.pnpm/react-dom@19.1.0_react@19.1.0/node_modules/react-dom/cjs/react-dom-client.development.js:12611:11)
      at recursivelyTraverseLayoutEffects (node_modules/.pnpm/react-dom@19.1.0_react@19.1.0/node_modules/react-dom/cjs/react-dom-client.development.js:13590:11)
      at commitLayoutEffectOnFiber (node_modules/.pnpm/react-dom@19.1.0_react@19.1.0/node_modules/react-dom/cjs/react-dom-client.development.js:12611:11)
      at recursivelyTraverseLayoutEffects (node_modules/.pnpm/react-dom@19.1.0_react@19.1.0/node_modules/react-dom/cjs/react-dom-client.development.js:13590:11)
      at commitLayoutEffectOnFiber (node_modules/.pnpm/react-dom@19.1.0_react@19.1.0/node_modules/react-dom/cjs/react-dom-client.development.js:12611:11)
      at recursivelyTraverseLayoutEffects (node_modules/.pnpm/react-dom@19.1.0_react@19.1.0/node_modules/react-dom/cjs/react-dom-client.development.js:13590:11)
      at commitLayoutEffectOnFiber (node_modules/.pnpm/react-dom@19.1.0_react@19.1.0/node_modules/react-dom/cjs/react-dom-client.development.js:12611:11)
      at recursivelyTraverseLayoutEffects (node_modules/.pnpm/react-dom@19.1.0_react@19.1.0/node_modules/react-dom/cjs/react-dom-client.development.js:13590:11)
      at commitLayoutEffectOnFiber (node_modules/.pnpm/react-dom@19.1.0_react@19.1.0/node_modules/react-dom/cjs/react-dom-client.development.js:12611:11)
      at recursivelyTraverseLayoutEffects (node_modules/.pnpm/react-dom@19.1.0_react@19.1.0/node_modules/react-dom/cjs/react-dom-client.development.js:13590:11)
      at commitLayoutEffectOnFiber (node_modules/.pnpm/react-dom@19.1.0_react@19.1.0/node_modules/react-dom/cjs/react-dom-client.development.js:12791:11)
      at recursivelyTraverseLayoutEffects (node_modules/.pnpm/react-dom@19.1.0_react@19.1.0/node_modules/react-dom/cjs/react-dom-client.development.js:13590:11)
      at commitLayoutEffectOnFiber (node_modules/.pnpm/react-dom@19.1.0_react@19.1.0/node_modules/react-dom/cjs/react-dom-client.development.js:12611:11)
      at recursivelyTraverseLayoutEffects (node_modules/.pnpm/react-dom@19.1.0_react@19.1.0/node_modules/react-dom/cjs/react-dom-client.development.js:13590:11)
      at commitLayoutEffectOnFiber (node_modules/.pnpm/react-dom@19.1.0_react@19.1.0/node_modules/react-dom/cjs/react-dom-client.development.js:12791:11)
      at recursivelyTraverseLayoutEffects (node_modules/.pnpm/react-dom@19.1.0_react@19.1.0/node_modules/react-dom/cjs/react-dom-client.development.js:13590:11)
      at commitLayoutEffectOnFiber (node_modules/.pnpm/react-dom@19.1.0_react@19.1.0/node_modules/react-dom/cjs/react-dom-client.development.js:12611:11)
      at recursivelyTraverseLayoutEffects (node_modules/.pnpm/react-dom@19.1.0_react@19.1.0/node_modules/react-dom/cjs/react-dom-client.development.js:13590:11)
      at commitLayoutEffectOnFiber (node_modules/.pnpm/react-dom@19.1.0_react@19.1.0/node_modules/react-dom/cjs/react-dom-client.development.js:12611:11)
      at recursivelyTraverseLayoutEffects (node_modules/.pnpm/react-dom@19.1.0_react@19.1.0/node_modules/react-dom/cjs/react-dom-client.development.js:13590:11)
      at commitLayoutEffectOnFiber (node_modules/.pnpm/react-dom@19.1.0_react@19.1.0/node_modules/react-dom/cjs/react-dom-client.development.js:12611:11)
      at recursivelyTraverseLayoutEffects (node_modules/.pnpm/react-dom@19.1.0_react@19.1.0/node_modules/react-dom/cjs/react-dom-client.development.js:13590:11)
      at commitLayoutEffectOnFiber (node_modules/.pnpm/react-dom@19.1.0_react@19.1.0/node_modules/react-dom/cjs/react-dom-client.development.js:12791:11)
      at recursivelyTraverseLayoutEffects (node_modules/.pnpm/react-dom@19.1.0_react@19.1.0/node_modules/react-dom/cjs/react-dom-client.development.js:13590:11)
      at commitLayoutEffectOnFiber (node_modules/.pnpm/react-dom@19.1.0_react@19.1.0/node_modules/react-dom/cjs/react-dom-client.development.js:12611:11)
      at recursivelyTraverseLayoutEffects (node_modules/.pnpm/react-dom@19.1.0_react@19.1.0/node_modules/react-dom/cjs/react-dom-client.development.js:13590:11)
      at commitLayoutEffectOnFiber (node_modules/.pnpm/react-dom@19.1.0_react@19.1.0/node_modules/react-dom/cjs/react-dom-client.development.js:12611:11)
      at recursivelyTraverseLayoutEffects (node_modules/.pnpm/react-dom@19.1.0_react@19.1.0/node_modules/react-dom/cjs/react-dom-client.development.js:13590:11)
      at commitLayoutEffectOnFiber (node_modules/.pnpm/react-dom@19.1.0_react@19.1.0/node_modules/react-dom/cjs/react-dom-client.development.js:12611:11)
      at recursivelyTraverseLayoutEffects (node_modules/.pnpm/react-dom@19.1.0_react@19.1.0/node_modules/react-dom/cjs/react-dom-client.development.js:13590:11)
      at commitLayoutEffectOnFiber (node_modules/.pnpm/react-dom@19.1.0_react@19.1.0/node_modules/react-dom/cjs/react-dom-client.development.js:12727:11)
      at recursivelyTraverseLayoutEffects (node_modules/.pnpm/react-dom@19.1.0_react@19.1.0/node_modules/react-dom/cjs/react-dom-client.development.js:13590:11)
      at commitLayoutEffectOnFiber (node_modules/.pnpm/react-dom@19.1.0_react@19.1.0/node_modules/react-dom/cjs/react-dom-client.development.js:12693:11)
      at flushLayoutEffects (node_modules/.pnpm/react-dom@19.1.0_react@19.1.0/node_modules/react-dom/cjs/react-dom-client.development.js:15559:15)
      at commitRoot (node_modules/.pnpm/react-dom@19.1.0_react@19.1.0/node_modules/react-dom/cjs/react-dom-client.development.js:15402:9)
      at commitRootWhenReady (node_modules/.pnpm/react-dom@19.1.0_react@19.1.0/node_modules/react-dom/cjs/react-dom-client.development.js:14652:7)
      at performWorkOnRoot (node_modules/.pnpm/react-dom@19.1.0_react@19.1.0/node_modules/react-dom/cjs/react-dom-client.development.js:14575:15)
      at performSyncWorkOnRoot (node_modules/.pnpm/react-dom@19.1.0_react@19.1.0/node_modules/react-dom/cjs/react-dom-client.development.js:16231:7)
      at flushSyncWorkAcrossRoots_impl (node_modules/.pnpm/react-dom@19.1.0_react@19.1.0/node_modules/react-dom/cjs/react-dom-client.development.js:16079:21)
      at flushSyncWork$1 (node_modules/.pnpm/react-dom@19.1.0_react@19.1.0/node_modules/react-dom/cjs/react-dom-client.development.js:14721:12)
      at Object.f (node_modules/.pnpm/react-dom@19.1.0_react@19.1.0/node_modules/react-dom/cjs/react-dom-client.development.js:24393:26)
      at Object.<anonymous>.process.env.NODE_ENV.exports.flushSync (node_modules/.pnpm/react-dom@19.1.0_react@19.1.0/node_modules/react-dom/cjs/react-dom.development.js:140:23)
      at node_modules/.pnpm/@floating-ui+react-dom@2.1.2_react-dom@19.1.0_react@19.1.0__react@19.1.0/node_modules/@floating-ui/react-dom/dist/floating-ui.react-dom.umd.js:179:31

  console.log
    Click detected: { placingBusiness: 'RESOURCE_GATHERING', timestamp: 1747693134644 }

      at log (components/game-world.tsx:50:15)

  console.log
    Attempting to place business: { type: 'RESOURCE_GATHERING', position: { x: 200, y: 200 } }

      at log (components/tycoon-game.tsx:594:13)

  console.log
    Business cost: 100 Current coins: 2000

      at log (components/tycoon-game.tsx:597:13)

  console.log
    Created new business: {
      id: 'e866e994-fd25-4a91-95ab-86fd1d4456d7',
      type: 'RESOURCE_GATHERING',
      position: { x: 200, y: 200 },
      level: 1,
      processingTime: 1,
      batchSize: 10,
      incomingStorage: { current: 0, capacity: 4 },
      outgoingStorage: { current: 0, capacity: 10 },
      productionProgress: 0,
      workers: [],
      shippingTypes: [ { type: 'walker', bots: [Array] } ],
      pendingDeliveries: [],
      recentProfit: 0,
      profitDisplayTime: 0,
      inputResource: 'NONE',
      outputResource: 'WOOD',
      totalInvested: 100
    }

      at log (components/tycoon-game.tsx:642:13)

  console.log
    Businesses after placement: <div><div class="w-full h-[100%] relative overflow-hidden select-none"><button class="absolute top-4 right-4 z-50 bg-yellow-300 hover:bg-yellow-400 text-yellow-900 font-bold px-4 py-2 rounded shadow flex items-center gap-2" aria-label="Show Achievements"><svg xmlns="http://www.w3.org/2000/svg" width="24" height="24" viewBox="0 0 24 24" fill="none" stroke="currentColor" stroke-width="2" stroke-linecap="round" stroke-linejoin="round" class="lucide lucide-trophy w-5 h-5 mr-1"><path d="M6 9H4.5a2.5 2.5 0 0 1 0-5H6"></path><path d="M18 9h1.5a2.5 2.5 0 0 0 0-5H18"></path><path d="M4 22h16"></path><path d="M10 14.66V17c0 .55-.47.98-.97 1.21C7.85 18.75 7 20.24 7 22"></path><path d="M14 14.66V17c0 .55.47.98.97 1.21C16.15 18.75 17 20.24 17 22"></path><path d="M18 2H6v7a6 6 0 0 0 12 0V2Z"></path></svg> Achievements</button><div class="fixed top-4 right-4 z-[100] flex flex-col gap-2"><div class="bg-white text-gray-900 px-4 py-2 rounded shadow-lg flex items-center gap-3 animate-bounce-glow relative"><svg xmlns="http://www.w3.org/2000/svg" width="24" height="24" viewBox="0 0 24 24" fill="none" stroke="currentColor" stroke-width="2" stroke-linecap="round" stroke-linejoin="round" class="lucide lucide-trees text-2xl animate-pop"><path d="M10 10v.2A3 3 0 0 1 8.9 16H5a3 3 0 0 1-1-5.8V10a3 3 0 0 1 6 0Z"></path><path d="M7 16v6"></path><path d="M13 19v3"></path><path d="M12 19h8.3a1 1 0 0 0 .7-1.7L18 14h.3a1 1 0 0 0 .7-1.7L16 9h.2a1 1 0 0 0 .8-1.7L13 3l-1.4 1.5"></path></svg><div><div class="font-bold text-lg animate-glow mb-0.5">Wood You Believe It?</div><span>Achievement Unlocked: First Business</span></div><button class="ml-2 text-gray-500 hover:text-gray-700" aria-label="Dismiss">✕</button></div></div><audio src="/music/background-music.mp3" style="display: none;" loop=""></audio><div class="absolute top-4 left-4 z-10 bg-white bg-opacity-90 p-4 rounded-lg shadow-md border border-gray-300 "><div class="mb-4"><div class="flex items-center justify-between mb-1"><div class="flex items-center"><svg xmlns="http://www.w3.org/2000/svg" width="24" height="24" viewBox="0 0 24 24" fill="none" stroke="currentColor" stroke-width="2" stroke-linecap="round" stroke-linejoin="round" class="lucide lucide-coins w-6 h-6 text-yellow-500 mr-2"><circle cx="8" cy="8" r="6"></circle><path d="M18.09 10.37A6 6 0 1 1 10.34 18"></path><path d="M7 6h1v4"></path><path d="m16.71 13.88.7.71-2.82 2.82"></path></svg><span class="text-xl font-bold transition-colors duration-300 ">$1,900</span></div><button class="inline-flex items-center justify-center gap-2 whitespace-nowrap rounded-md text-sm font-medium ring-offset-background transition-colors focus-visible:outline-none focus-visible:ring-2 focus-visible:ring-ring focus-visible:ring-offset-2 disabled:pointer-events-none disabled:opacity-50 [&amp;_svg]:pointer-events-none [&amp;_svg]:size-4 [&amp;_svg]:shrink-0 hover:bg-accent h-10 w-10 text-gray-500 hover:text-gray-700" title="Open Tutorial"><svg xmlns="http://www.w3.org/2000/svg" width="24" height="24" viewBox="0 0 24 24" fill="none" stroke="currentColor" stroke-width="2" stroke-linecap="round" stroke-linejoin="round" class="lucide lucide-circle-help w-5 h-5"><circle cx="12" cy="12" r="10"></circle><path d="M9.09 9a3 3 0 0 1 5.83 1c0 2-3 3-3 3"></path><path d="M12 17h.01"></path></svg></button></div><div class="flex items-center mt-4"><span class="text-xs font-bold text-gray-400">$100 <span class="text-xs text-gray-300">Invested</span></span></div></div><div class="grid grid-cols-1 gap-2"><button class="gap-2 whitespace-nowrap rounded-md text-sm font-medium ring-offset-background transition-colors focus-visible:outline-none focus-visible:ring-2 focus-visible:ring-ring focus-visible:ring-offset-2 disabled:pointer-events-none disabled:opacity-50 [&amp;_svg]:pointer-events-none [&amp;_svg]:size-4 [&amp;_svg]:shrink-0 border border-input bg-background hover:bg-accent hover:text-accent-foreground h-10 px-4 py-2 flex items-center justify-start"><svg xmlns="http://www.w3.org/2000/svg" width="24" height="24" viewBox="0 0 24 24" fill="none" stroke="currentColor" stroke-width="2" stroke-linecap="round" stroke-linejoin="round" class="lucide lucide-trees w-5 h-5 mr-2 text-green-700"><path d="M10 10v.2A3 3 0 0 1 8.9 16H5a3 3 0 0 1-1-5.8V10a3 3 0 0 1 6 0Z"></path><path d="M7 16v6"></path><path d="M13 19v3"></path><path d="M12 19h8.3a1 1 0 0 0 .7-1.7L18 14h.3a1 1 0 0 0 .7-1.7L16 9h.2a1 1 0 0 0 .8-1.7L13 3l-1.4 1.5"></path></svg><span>Place Wood Camp ($130)</span></button><button class="gap-2 whitespace-nowrap rounded-md text-sm font-medium ring-offset-background transition-colors focus-visible:outline-none focus-visible:ring-2 focus-visible:ring-ring focus-visible:ring-offset-2 disabled:pointer-events-none disabled:opacity-50 [&amp;_svg]:pointer-events-none [&amp;_svg]:size-4 [&amp;_svg]:shrink-0 border border-input bg-background hover:bg-accent hover:text-accent-foreground h-10 px-4 py-2 flex items-center justify-start"><svg xmlns="http://www.w3.org/2000/svg" width="24" height="24" viewBox="0 0 24 24" fill="none" stroke="currentColor" stroke-width="2" stroke-linecap="round" stroke-linejoin="round" class="lucide lucide-columns4 w-5 h-5 mr-2 text-amber-700"><rect width="18" height="18" x="3" y="3" rx="2"></rect><path d="M7.5 3v18"></path><path d="M12 3v18"></path><path d="M16.5 3v18"></path></svg><span>Place Plank Mill ($250)</span></button></div></div><div data-testid="game-world" class="w-full h-full bg-green-100 relative overflow-hidden border-2 border-gray-400 rounded-lg"><div class="absolute inset-0 pointer-events-none z-0"><div class="absolute border border-gray-300 opacity-30" style="left: 0%; top: 0%; width: 8.333333333333334%; height: 8.333333333333334%; box-sizing: border-box;"></div><div class="absolute border border-gray-300 opacity-30" style="left: 8.333333333333332%; top: 0%; width: 8.333333333333334%; height: 8.333333333333334%; box-sizing: border-box;"></div><div class="absolute border border-gray-300 opacity-30" style="left: 16.666666666666664%; top: 0%; width: 8.333333333333334%; height: 8.333333333333334%; box-sizing: border-box;"></div><div class="absolute border border-gray-300 opacity-30" style="left: 25%; top: 0%; width: 8.333333333333334%; height: 8.333333333333334%; box-sizing: border-box;"></div><div class="absolute border border-gray-300 opacity-30" style="left: 33.33333333333333%; top: 0%; width: 8.333333333333334%; height: 8.333333333333334%; box-sizing: border-box;"></div><div class="absolute border border-gray-300 opacity-30" style="left: 41.66666666666667%; top: 0%; width: 8.333333333333334%; height: 8.333333333333334%; box-sizing: border-box;"></div><div class="absolute border border-gray-300 opacity-30" style="left: 50%; top: 0%; width: 8.333333333333334%; height: 8.333333333333334%; box-sizing: border-box;"></div><div class="absolute border border-gray-300 opacity-30" style="left: 58.333333333333336%; top: 0%; width: 8.333333333333334%; height: 8.333333333333334%; box-sizing: border-box;"></div><div class="absolute border border-gray-300 opacity-30" style="left: 66.66666666666666%; top: 0%; width: 8.333333333333334%; height: 8.333333333333334%; box-sizing: border-box;"></div><div class="absolute border border-gray-300 opacity-30" style="left: 75%; top: 0%; width: 8.333333333333334%; height: 8.333333333333334%; box-sizing: border-box;"></div><div class="absolute border border-gray-300 opacity-30" style="left: 83.33333333333334%; top: 0%; width: 8.333333333333334%; height: 8.333333333333334%; box-sizing: border-box;"></div><div class="absolute border border-gray-300 opacity-30" style="left: 91.66666666666666%; top: 0%; width: 8.333333333333334%; height: 8.333333333333334%; box-sizing: border-box;"></div><div class="absolute border border-gray-300 opacity-30" style="left: 0%; top: 8.333333333333332%; width: 8.333333333333334%; height: 8.333333333333334%; box-sizing: border-box;"></div><div class="absolute border border-gray-300 opacity-30" style="left: 8.333333333333332%; top: 8.333333333333332%; width: 8.333333333333334%; height: 8.333333333333334%; box-sizing: border-box;"></div><div class="absolute border border-gray-300 opacity-30" style="left: 16.666666666666664%; top: 8.333333333333332%; width: 8.333333333333334%; height: 8.333333333333334%; box-sizing: border-box;"></div><div class="absolute border border-gray-300 opacity-30" style="left: 25%; top: 8.333333333333332%; width: 8.333333333333334%; height: 8.333333333333334%; box-sizing: border-box;"></div><div class="absolute border border-gray-300 opacity-30" style="left: 33.33333333333333%; top: 8.333333333333332%; width: 8.333333333333334%; height: 8.333333333333334%; box-sizing: border-box;"></div><div class="absolute border border-gray-300 opacity-30" style="left: 41.66666666666667%; top: 8.333333333333332%; width: 8.333333333333334%; height: 8.333333333333334%; box-sizing: border-box;"></div><div class="absolute border border-gray-300 opacity-30" style="left: 50%; top: 8.333333333333332%; width: 8.333333333333334%; height: 8.333333333333334%; box-sizing: border-box;"></div><div class="absolute border border-gray-300 opacity-30" style="left: 58.333333333333336%; top: 8.333333333333332%; width: 8.333333333333334%; height: 8.333333333333334%; box-sizing: border-box;"></div><div class="absolute border border-gray-300 opacity-30" style="left: 66.66666666666666%; top: 8.333333333333332%; width: 8.333333333333334%; height: 8.333333333333334%; box-sizing: border-box;"></div><div class="absolute border border-gray-300 opacity-30" style="left: 75%; top: 8.333333333333332%; width: 8.333333333333334%; height: 8.333333333333334%; box-sizing: border-box;"></div><div class="absolute border border-gray-300 opacity-30" style="left: 83.33333333333334%; top: 8.333333333333332%; width: 8.333333333333334%; height: 8.333333333333334%; box-sizing: border-box;"></div><div class="absolute border border-gray-300 opacity-30" style="left: 91.66666666666666%; top: 8.333333333333332%; width: 8.333333333333334%; height: 8.333333333333334%; box-sizing: border-box;"></div><div class="absolute border border-gray-300 opacity-30" style="left: 0%; top: 16.666666666666664%; width: 8.333333333333334%; height: 8.333333333333334%; box-sizing: border-box;"></div><div class="absolute border border-gray-300 opacity-30" style="left: 8.333333333333332%; top: 16.666666666666664%; width: 8.333333333333334%; height: 8.333333333333334%; box-sizing: border-box;"></div><div class="absolute border border-gray-300 opacity-30" style="left: 16.666666666666664%; top: 16.666666666666664%; width: 8.333333333333334%; height: 8.333333333333334%; box-sizing: border-box;"></div><div class="absolute border border-gray-300 opacity-30" style="left: 25%; top: 16.666666666666664%; width: 8.333333333333334%; height: 8.333333333333334%; box-sizing: border-box;"></div><div class="absolute border border-gray-300 opacity-30" style="left: 33.33333333333333%; top: 16.666666666666664%; width: 8.333333333333334%; height: 8.333333333333334%; box-sizing: border-box;"></div><div class="absolute border border-gray-300 opacity-30" style="left: 41.66666666666667%; top: 16.666666666666664%; width: 8.333333333333334%; height: 8.333333333333334%; box-sizing: border-box;"></div><div class="absolute border border-gray-300 opacity-30" style="left: 50%; top: 16.666666666666664%; width: 8.333333333333334%; height: 8.333333333333334%; box-sizing: border-box;"></div><div class="absolute border border-gray-300 opacity-30" style="left: 58.333333333333336%; top: 16.666666666666664%; width: 8.333333333333334%; height: 8.333333333333334%; box-sizing: border-box;"></div><div class="absolute border border-gray-300 opacity-30" style="left: 66.66666666666666%; top: 16.666666666666664%; width: 8.333333333333334%; height: 8.333333333333334%; box-sizing: border-box;"></div><div class="absolute border border-gray-300 opacity-30" style="left: 75%; top: 16.666666666666664%; width: 8.333333333333334%; height: 8.333333333333334%; box-sizing: border-box;"></div><div class="absolute border border-gray-300 opacity-30" style="left: 83.33333333333334%; top: 16.666666666666664%; width: 8.333333333333334%; height: 8.333333333333334%; box-sizing: border-box;"></div><div class="absolute border border-gray-300 opacity-30" style="left: 91.66666666666666%; top: 16.666666666666664%; width: 8.333333333333334%; height: 8.333333333333334%; box-sizing: border-box;"></div><div class="absolute border border-gray-300 opacity-30" style="left: 0%; top: 25%; width: 8.333333333333334%; height: 8.333333333333334%; box-sizing: border-box;"></div><div class="absolute border border-gray-300 opacity-30" style="left: 8.333333333333332%; top: 25%; width: 8.333333333333334%; height: 8.333333333333334%; box-sizing: border-box;"></div><div class="absolute border border-gray-300 opacity-30" style="left: 16.666666666666664%; top: 25%; width: 8.333333333333334%; height: 8.333333333333334%; box-sizing: border-box;"></div><div class="absolute border border-gray-300 opacity-30" style="left: 25%; top: 25%; width: 8.333333333333334%; height: 8.333333333333334%; box-sizing: border-box;"></div><div class="absolute border border-gray-300 opacity-30" style="left: 33.33333333333333%; top: 25%; width: 8.333333333333334%; height: 8.333333333333334%; box-sizing: border-box;"></div><div class="absolute border border-gray-300 opacity-30" style="left: 41.66666666666667%; top: 25%; width: 8.333333333333334%; height: 8.333333333333334%; box-sizing: border-box;"></div><div class="absolute border border-gray-300 opacity-30" style="left: 50%; top: 25%; width: 8.333333333333334%; height: 8.333333333333334%; box-sizing: border-box;"></div><div class="absolute border border-gray-300 opacity-30" style="left: 58.333333333333336%; top: 25%; width: 8.333333333333334%; height: 8.333333333333334%; box-sizing: border-box;"></div><div class="absolute border border-gray-300 opacity-30" style="left: 66.66666666666666%; top: 25%; width: 8.333333333333334%; height: 8.333333333333334%; box-sizing: border-box;"></div><div class="absolute border border-gray-300 opacity-30" style="left: 75%; top: 25%; width: 8.333333333333334%; height: 8.333333333333334%; box-sizing: border-box;"></div><div class="absolute border border-gray-300 opacity-30" style="left: 83.33333333333334%; top: 25%; width: 8.333333333333334%; height: 8.333333333333334%; box-sizing: border-box;"></div><div class="absolute border border-gray-300 opacity-30" style="left: 91.66666666666666%; top: 25%; width: 8.333333333333334%; height: 8.333333333333334%; box-sizing: border-box;"></div><div class="absolute border border-gray-300 opacity-30" style="left: 0%; top: 33.33333333333333%; width: 8.333333333333334%; height: 8.333333333333334%; box-sizing: border-box;"></div><div class="absolute border border-gray-300 opacity-30" style="left: 8.333333333333332%; top: 33.33333333333333%; width: 8.333333333333334%; height: 8.333333333333334%; box-sizing: border-box;"></div><div class="absolute border border-gray-300 opacity-30" style="left: 16.666666666666664%; top: 33.33333333333333%; width: 8.333333333333334%; height: 8.333333333333334%; box-sizing: border-box;"></div><div class="absolute border border-gray-300 opacity-30" style="left: 25%; top: 33.33333333333333%; width: 8.333333333333334%; height: 8.333333333333334%; box-sizing: border-box;"></div><div class="absolute border border-gray-300 opacity-30" style="left: 33.33333333333333%; top: 33.33333333333333%; width: 8.333333333333334%; height: 8.333333333333334%; box-sizing: border-box;"></div><div class="absolute border border-gray-300 opacity-30" style="left: 41.66666666666667%; top: 33.33333333333333%; width: 8.333333333333334%; height: 8.333333333333334%; box-sizing: border-box;"></div><div class="absolute border border-gray-300 opacity-30" style="left: 50%; top: 33.33333333333333%; width: 8.333333333333334%; height: 8.333333333333334%; box-sizing: border-box;"></div><div class="absolute border border-gray-300 opacity-30" style="left: 58.333333333333336%; top: 33.33333333333333%; width: 8.333333333333334%; height: 8.333333333333334%; box-sizing: border-box;"></div><div class="absolute border border-gray-300 opacity-30" style="left: 66.66666666666666%; top: 33.33333333333333%; width: 8.333333333333334%; height: 8.333333333333334%; box-sizing: border-box;"></div><div class="absolute border border-gray-300 opacity-30" style="left: 75%; top: 33.33333333333333%; width: 8.333333333333334%; height: 8.333333333333334%; box-sizing: border-box;"></div><div class="absolute border border-gray-300 opacity-30" style="left: 83.33333333333334%; top: 33.33333333333333%; width: 8.333333333333334%; height: 8.333333333333334%; box-sizing: border-box;"></div><div class="absolute border border-gray-300 opacity-30" style="left: 91.66666666666666%; top: 33.33333333333333%; width: 8.333333333333334%; height: 8.333333333333334%; box-sizing: border-box;"></div><div class="absolute border border-gray-300 opacity-30" style="left: 0%; top: 41.66666666666667%; width: 8.333333333333334%; height: 8.333333333333334%; box-sizing: border-box;"></div><div class="absolute border border-gray-300 opacity-30" style="left: 8.333333333333332%; top: 41.66666666666667%; width: 8.333333333333334%; height: 8.333333333333334%; box-sizing: border-box;"></div><div class="absolute border border-gray-300 opacity-30" style="left: 16.666666666666664%; top: 41.66666666666667%; width: 8.333333333333334%; height: 8.333333333333334%; box-sizing: border-box;"></div><div class="absolute border border-gray-300 opacity-30" style="left: 25%; top: 41.66666666666667%; width: 8.333333333333334%; height: 8.333333333333334%; box-sizing: border-box;"></div><div class="absolute border border-gray-300 opacity-30" style="left: 33.33333333333333%; top: 41.66666666666667%; width: 8.333333333333334%; height: 8.333333333333334%; box-sizing: border-box;"></div><div class="absolute border border-gray-300 opacity-30" style="left: 41.66666666666667%; top: 41.66666666666667%; width: 8.333333333333334%; height: 8.333333333333334%; box-sizing: border-box;"></div><div class="absolute border border-gray-300 opacity-30" style="left: 50%; top: 41.66666666666667%; width: 8.333333333333334%; height: 8.333333333333334%; box-sizing: border-box;"></div><div class="absolute border border-gray-300 opacity-30" style="left: 58.333333333333336%; top: 41.66666666666667%; width: 8.333333333333334%; height: 8.333333333333334%; box-sizing: border-box;"></div><div class="absolute border border-gray-300 opacity-30" style="left: 66.66666666666666%; top: 41.66666666666667%; width: 8.333333333333334%; height: 8.333333333333334%; box-sizing: border-box;"></div><div class="absolute border border-gray-300 opacity-30" style="left: 75%; top: 41.66666666666667%; width: 8.333333333333334%; height: 8.333333333333334%; box-sizing: border-box;"></div><div class="absolute border border-gray-300 opacity-30" style="left: 83.33333333333334%; top: 41.66666666666667%; width: 8.333333333333334%; height: 8.333333333333334%; box-sizing: border-box;"></div><div class="absolute border border-gray-300 opacity-30" style="left: 91.66666666666666%; top: 41.66666666666667%; width: 8.333333333333334%; height: 8.333333333333334%; box-sizing: border-box;"></div><div class="absolute border border-gray-300 opacity-30" style="left: 0%; top: 50%; width: 8.333333333333334%; height: 8.333333333333334%; box-sizing: border-box;"></div><div class="absolute border border-gray-300 opacity-30" style="left: 8.333333333333332%; top: 50%; width: 8.333333333333334%; height: 8.333333333333334%; box-sizing: border-box;"></div><div class="absolute border border-gray-300 opacity-30" style="left: 16.666666666666664%; top: 50%; width: 8.333333333333334%; height: 8.333333333333334%; box-sizing: border-box;"></div><div class="absolute border border-gray-300 opacity-30" style="left: 25%; top: 50%; width: 8.333333333333334%; height: 8.333333333333334%; box-sizing: border-box;"></div><div class="absolute border border-gray-300 opacity-30" style="left: 33.33333333333333%; top: 50%; width: 8.333333333333334%; height: 8.333333333333334%; box-sizing: border-box;"></div><div class="absolute border border-gray-300 opacity-30" style="left: 41.66666666666667%; top: 50%; width: 8.333333333333334%; height: 8.333333333333334%; box-sizing: border-box;"></div><div class="absolute border border-gray-300 opacity-30" style="left: 50%; top: 50%; width: 8.333333333333334%; height: 8.333333333333334%; box-sizing: border-box;"></div><div class="absolute border border-gray-300 opacity-30" style="left: 58.333333333333336%; top: 50%; width: 8.333333333333334%; height: 8.333333333333334%; box-sizing: border-box;"></div><div class="absolute border border-gray-300 opacity-30" style="left: 66.66666666666666%; top: 50%; width: 8.333333333333334%; height: 8.333333333333334%; box-sizing: border-box;"></div><div class="absolute border border-gray-300 opacity-30" style="left: 75%; top: 50%; width: 8.333333333333334%; height: 8.333333333333334%; box-sizing: border-box;"></div><div class="absolute border border-gray-300 opacity-30" style="left: 83.33333333333334%; top: 50%; width: 8.333333333333334%; height: 8.333333333333334%; box-sizing: border-box;"></div><div class="absolute border border-gray-300 opacity-30" style="left: 91.66666666666666%; top: 50%; width: 8.333333333333334%; height: 8.333333333333334%; box-sizing: border-box;"></div><div class="absolute border border-gray-300 opacity-30" style="left: 0%; top: 58.333333333333336%; width: 8.333333333333334%; height: 8.333333333333334%; box-sizing: border-box;"></div><div class="absolute border border-gray-300 opacity-30" style="left: 8.333333333333332%; top: 58.333333333333336%; width: 8.333333333333334%; height: 8.333333333333334%; box-sizing: border-box;"></div><div class="absolute border border-gray-300 opacity-30" style="left: 16.666666666666664%; top: 58.333333333333336%; width: 8.333333333333334%; height: 8.333333333333334%; box-sizing: border-box;"></div><div class="absolute border border-gray-300 opacity-30" style="left: 25%; top: 58.333333333333336%; width: 8.333333333333334%; height: 8.333333333333334%; box-sizing: border-box;"></div><div class="absolute border border-gray-300 opacity-30" style="left: 33.33333333333333%; top: 58.333333333333336%; width: 8.333333333333334%; height: 8.333333333333334%; box-sizing: border-box;"></div><div class="absolute border border-gray-300 opacity-30" style="left: 41.66666666666667%; top: 58.333333333333336%; width: 8.333333333333334%; height: 8.333333333333334%; box-sizing: border-box;"></div><div class="absolute border border-gray-300 opacity-30" style="left: 50%; top: 58.333333333333336%; width: 8.333333333333334%; height: 8.333333333333334%; box-sizing: border-box;"></div><div class="absolute border border-gray-300 opacity-30" style="left: 58.333333333333336%; top: 58.333333333333336%; width: 8.333333333333334%; height: 8.333333333333334%; box-sizing: border-box;"></div><div class="absolute border border-gray-300 opacity-30" style="left: 66.66666666666666%; top: 58.333333333333336%; width: 8.333333333333334%; height: 8.333333333333334%; box-sizing: border-box;"></div><div class="absolute border border-gray-300 opacity-30" style="left: 75%; top: 58.333333333333336%; width: 8.333333333333334%; height: 8.333333333333334%; box-sizing: border-box;"></div><div class="absolute border border-gray-300 opacity-30" style="left: 83.33333333333334%; top: 58.333333333333336%; width: 8.333333333333334%; height: 8.333333333333334%; box-sizing: border-box;"></div><div class="absolute border border-gray-300 opacity-30" style="left: 91.66666666666666%; top: 58.333333333333336%; width: 8.333333333333334%; height: 8.333333333333334%; box-sizing: border-box;"></div><div class="absolute border border-gray-300 opacity-30" style="left: 0%; top: 66.66666666666666%; width: 8.333333333333334%; height: 8.333333333333334%; box-sizing: border-box;"></div><div class="absolute border border-gray-300 opacity-30" style="left: 8.333333333333332%; top: 66.66666666666666%; width: 8.333333333333334%; height: 8.333333333333334%; box-sizing: border-box;"></div><div class="absolute border border-gray-300 opacity-30" style="left: 16.666666666666664%; top: 66.66666666666666%; width: 8.333333333333334%; height: 8.333333333333334%; box-sizing: border-box;"></div><div class="absolute border border-gray-300 opacity-30" style="left: 25%; top: 66.66666666666666%; width: 8.333333333333334%; height: 8.333333333333334%; box-sizing: border-box;"></div><div class="absolute border border-gray-300 opacity-30" style="left: 33.33333333333333%; top: 66.66666666666666%; width: 8.333333333333334%; height: 8.333333333333334%; box-sizing: border-box;"></div><div class="absolute border border-gray-300 opacity-30" style="left: 41.66666666666667%; top: 66.66666666666666%; width: 8.333333333333334%; height: 8.333333333333334%; box-sizing: border-box;"></div><div class="absolute border border-gray-300 opacity-30" style="left: 50%; top: 66.66666666666666%; width: 8.333333333333334%; height: 8.333333333333334%; box-sizing: border-box;"></div><div class="absolute border border-gray-300 opacity-30" style="left: 58.333333333333336%; top: 66.66666666666666%; width: 8.333333333333334%; height: 8.333333333333334%; box-sizing: border-box;"></div><div class="absolute border border-gray-300 opacity-30" style="left: 66.66666666666666%; top: 66.66666666666666%; width: 8.333333333333334%; height: 8.333333333333334%; box-sizing: border-box;"></div><div class="absolute border border-gray-300 opacity-30" style="left: 75%; top: 66.66666666666666%; width: 8.333333333333334%; height: 8.333333333333334%; box-sizing: border-box;"></div><div class="absolute border border-gray-300 opacity-30" style="left: 83.33333333333334%; top: 66.66666666666666%; width: 8.333333333333334%; height: 8.333333333333334%; box-sizing: border-box;"></div><div class="absolute border border-gray-300 opacity-30" style="left: 91.66666666666666%; top: 66.66666666666666%; width: 8.333333333333334%; height: 8.333333333333334%; box-sizing: border-box;"></div><div class="absolute border border-gray-300 opacity-30" style="left: 0%; top: 75%; width: 8.333333333333334%; height: 8.333333333333334%; box-sizing: border-box;"></div><div class="absolute border border-gray-300 opacity-30" style="left: 8.333333333333332%; top: 75%; width: 8.333333333333334%; height: 8.333333333333334%; box-sizing: border-box;"></div><div class="absolute border border-gray-300 opacity-30" style="left: 16.666666666666664%; top: 75%; width: 8.333333333333334%; height: 8.333333333333334%; box-sizing: border-box;"></div><div class="absolute border border-gray-300 opacity-30" style="left: 25%; top: 75%; width: 8.333333333333334%; height: 8.333333333333334%; box-sizing: border-box;"></div><div class="absolute border border-gray-300 opacity-30" style="left: 33.33333333333333%; top: 75%; width: 8.333333333333334%; height: 8.333333333333334%; box-sizing: border-box;"></div><div class="absolute border border-gray-300 opacity-30" style="left: 41.66666666666667%; top: 75%; width: 8.333333333333334%; height: 8.333333333333334%; box-sizing: border-box;"></div><div class="absolute border border-gray-300 opacity-30" style="left: 50%; top: 75%; width: 8.333333333333334%; height: 8.333333333333334%; box-sizing: border-box;"></div><div class="absolute border border-gray-300 opacity-30" style="left: 58.333333333333336%; top: 75%; width: 8.333333333333334%; height: 8.333333333333334%; box-sizing: border-box;"></div><div class="absolute border border-gray-300 opacity-30" style="left: 66.66666666666666%; top: 75%; width: 8.333333333333334%; height: 8.333333333333334%; box-sizing: border-box;"></div><div class="absolute border border-gray-300 opacity-30" style="left: 75%; top: 75%; width: 8.333333333333334%; height: 8.333333333333334%; box-sizing: border-box;"></div><div class="absolute border border-gray-300 opacity-30" style="left: 83.33333333333334%; top: 75%; width: 8.333333333333334%; height: 8.333333333333334%; box-sizing: border-box;"></div><div class="absolute border border-gray-300 opacity-30" style="left: 91.66666666666666%; top: 75%; width: 8.333333333333334%; height: 8.333333333333334%; box-sizing: border-box;"></div><div class="absolute border border-gray-300 opacity-30" style="left: 0%; top: 83.33333333333334%; width: 8.333333333333334%; height: 8.333333333333334%; box-sizing: border-box;"></div><div class="absolute border border-gray-300 opacity-30" style="left: 8.333333333333332%; top: 83.33333333333334%; width: 8.333333333333334%; height: 8.333333333333334%; box-sizing: border-box;"></div><div class="absolute border border-gray-300 opacity-30" style="left: 16.666666666666664%; top: 83.33333333333334%; width: 8.333333333333334%; height: 8.333333333333334%; box-sizing: border-box;"></div><div class="absolute border border-gray-300 opacity-30" style="left: 25%; top: 83.33333333333334%; width: 8.333333333333334%; height: 8.333333333333334%; box-sizing: border-box;"></div><div class="absolute border border-gray-300 opacity-30" style="left: 33.33333333333333%; top: 83.33333333333334%; width: 8.333333333333334%; height: 8.333333333333334%; box-sizing: border-box;"></div><div class="absolute border border-gray-300 opacity-30" style="left: 41.66666666666667%; top: 83.33333333333334%; width: 8.333333333333334%; height: 8.333333333333334%; box-sizing: border-box;"></div><div class="absolute border border-gray-300 opacity-30" style="left: 50%; top: 83.33333333333334%; width: 8.333333333333334%; height: 8.333333333333334%; box-sizing: border-box;"></div><div class="absolute border border-gray-300 opacity-30" style="left: 58.333333333333336%; top: 83.33333333333334%; width: 8.333333333333334%; height: 8.333333333333334%; box-sizing: border-box;"></div><div class="absolute border border-gray-300 opacity-30" style="left: 66.66666666666666%; top: 83.33333333333334%; width: 8.333333333333334%; height: 8.333333333333334%; box-sizing: border-box;"></div><div class="absolute border border-gray-300 opacity-30" style="left: 75%; top: 83.33333333333334%; width: 8.333333333333334%; height: 8.333333333333334%; box-sizing: border-box;"></div><div class="absolute border border-gray-300 opacity-30" style="left: 83.33333333333334%; top: 83.33333333333334%; width: 8.333333333333334%; height: 8.333333333333334%; box-sizing: border-box;"></div><div class="absolute border border-gray-300 opacity-30" style="left: 91.66666666666666%; top: 83.33333333333334%; width: 8.333333333333334%; height: 8.333333333333334%; box-sizing: border-box;"></div><div class="absolute border border-gray-300 opacity-30" style="left: 0%; top: 91.66666666666666%; width: 8.333333333333334%; height: 8.333333333333334%; box-sizing: border-box;"></div><div class="absolute border border-gray-300 opacity-30" style="left: 8.333333333333332%; top: 91.66666666666666%; width: 8.333333333333334%; height: 8.333333333333334%; box-sizing: border-box;"></div><div class="absolute border border-gray-300 opacity-30" style="left: 16.666666666666664%; top: 91.66666666666666%; width: 8.333333333333334%; height: 8.333333333333334%; box-sizing: border-box;"></div><div class="absolute border border-gray-300 opacity-30" style="left: 25%; top: 91.66666666666666%; width: 8.333333333333334%; height: 8.333333333333334%; box-sizing: border-box;"></div><div class="absolute border border-gray-300 opacity-30" style="left: 33.33333333333333%; top: 91.66666666666666%; width: 8.333333333333334%; height: 8.333333333333334%; box-sizing: border-box;"></div><div class="absolute border border-gray-300 opacity-30" style="left: 41.66666666666667%; top: 91.66666666666666%; width: 8.333333333333334%; height: 8.333333333333334%; box-sizing: border-box;"></div><div class="absolute border border-gray-300 opacity-30" style="left: 50%; top: 91.66666666666666%; width: 8.333333333333334%; height: 8.333333333333334%; box-sizing: border-box;"></div><div class="absolute border border-gray-300 opacity-30" style="left: 58.333333333333336%; top: 91.66666666666666%; width: 8.333333333333334%; height: 8.333333333333334%; box-sizing: border-box;"></div><div class="absolute border border-gray-300 opacity-30" style="left: 66.66666666666666%; top: 91.66666666666666%; width: 8.333333333333334%; height: 8.333333333333334%; box-sizing: border-box;"></div><div class="absolute border border-gray-300 opacity-30" style="left: 75%; top: 91.66666666666666%; width: 8.333333333333334%; height: 8.333333333333334%; box-sizing: border-box;"></div><div class="absolute border border-gray-300 opacity-30" style="left: 83.33333333333334%; top: 91.66666666666666%; width: 8.333333333333334%; height: 8.333333333333334%; box-sizing: border-box;"></div><div class="absolute border border-gray-300 opacity-30" style="left: 91.66666666666666%; top: 91.66666666666666%; width: 8.333333333333334%; height: 8.333333333333334%; box-sizing: border-box;"></div></div><div data-testid="business-entity" class="absolute w-24 h-24 bg-yellow-200 border-yellow-600 rounded-md border-2 flex flex-col items-center justify-start cursor-pointer transition-transform hover:scale-105 " style="left: 352px; top: 52px;" data-state="closed"><div class="absolute -top-8 left-1/2 transform -translate-x-1/2 text-sm font-bold text-gray-800">Lvl 1</div><div class="text-sm font-bold mt-2 text-center text-nowrap">Market</div><div class="mt-2"><svg xmlns="http://www.w3.org/2000/svg" width="24" height="24" viewBox="0 0 24 24" fill="none" stroke="currentColor" stroke-width="2" stroke-linecap="round" stroke-linejoin="round" class="lucide lucide-coins w-6 h-6 text-yellow-500"><circle cx="8" cy="8" r="6"></circle><path d="M18.09 10.37A6 6 0 1 1 10.34 18"></path><path d="M7 6h1v4"></path><path d="m16.71 13.88.7.71-2.82 2.82"></path></svg></div><div class="absolute -bottom-3 -left-5 flex space-x-2 text-xs"></div></div><div data-testid="business-entity" class="absolute w-24 h-24 bg-green-200 border-green-600 rounded-md border-2 flex flex-col items-center justify-start cursor-pointer transition-transform hover:scale-105 " style="left: 152px; top: 152px;" data-state="closed"><div class="absolute -top-8 left-1/2 transform -translate-x-1/2 text-sm font-bold text-gray-800">Lvl 1</div><div class="text-sm font-bold mt-2 text-center text-nowrap">Wood Camp</div><div class="mt-2"><svg xmlns="http://www.w3.org/2000/svg" width="24" height="24" viewBox="0 0 24 24" fill="none" stroke="currentColor" stroke-width="2" stroke-linecap="round" stroke-linejoin="round" class="lucide lucide-trees w-6 h-6 text-green-800"><path d="M10 10v.2A3 3 0 0 1 8.9 16H5a3 3 0 0 1-1-5.8V10a3 3 0 0 1 6 0Z"></path><path d="M7 16v6"></path><path d="M13 19v3"></path><path d="M12 19h8.3a1 1 0 0 0 .7-1.7L18 14h.3a1 1 0 0 0 .7-1.7L16 9h.2a1 1 0 0 0 .8-1.7L13 3l-1.4 1.5"></path></svg></div><div class="absolute right-0 top-0 w-1 h-full flex flex-col-reverse"><div class="w-full bg-green-500" style="height: 0%;"></div></div><div class="absolute -bottom-3 -left-5 flex space-x-2 text-xs"><div class="relative w-8 h-8"><div class="absolute" style="transform: translateX(0px); z-index: 0;"><svg xmlns="http://www.w3.org/2000/svg" width="24" height="24" viewBox="0 0 24 24" fill="none" stroke="currentColor" stroke-width="2" stroke-linecap="round" stroke-linejoin="round" class="lucide lucide-user w-6 h-6 text-gray-700 bg-white rounded-full p-1 border border-gray-400"><path d="M19 21v-2a4 4 0 0 0-4-4H9a4 4 0 0 0-4 4v2"></path><circle cx="12" cy="7" r="4"></circle></svg></div></div></div><div class="absolute -top-5 left-1/2 transform -translate-x-1/2" style="width: 144px;"><div class="flex items-center justify-between w-full space-x-2"><div class="p-1 w-6 h-6 rounded-full border-2 border-yellow-400 flex items-center justify-center relative bg-gray-300 opacity-30"></div><div class="flex-1 mx-1 h-1.5 bg-gray-300 rounded-full overflow-hidden"><div class="h-full bg-blue-500" style="width: 0%;"></div></div><div class="p-1 w-6 h-6 rounded-full border-2 border-blue-400 flex items-center justify-center bg-green-700 opacity-50"><svg xmlns="http://www.w3.org/2000/svg" width="24" height="24" viewBox="0 0 24 24" fill="none" stroke="currentColor" stroke-width="2" stroke-linecap="round" stroke-linejoin="round" class="lucide lucide-trees w-3.5 h-3.5 text-white"><path d="M10 10v.2A3 3 0 0 1 8.9 16H5a3 3 0 0 1-1-5.8V10a3 3 0 0 1 6 0Z"></path><path d="M7 16v6"></path><path d="M13 19v3"></path><path d="M12 19h8.3a1 1 0 0 0 .7-1.7L18 14h.3a1 1 0 0 0 .7-1.7L16 9h.2a1 1 0 0 0 .8-1.7L13 3l-1.4 1.5"></path></svg></div></div></div></div></div><div class="fixed bottom-4 left-4 bg-white bg-opacity-75 p-3 rounded-lg shadow-md border border-gray-300 z-50 flex items-center gap-3" data-testid="music-controls"><button class="inline-flex items-center justify-center gap-2 whitespace-nowrap rounded-md text-sm font-medium ring-offset-background transition-colors focus-visible:outline-none focus-visible:ring-2 focus-visible:ring-ring focus-visible:ring-offset-2 disabled:pointer-events-none disabled:opacity-50 [&amp;_svg]:pointer-events-none [&amp;_svg]:size-4 [&amp;_svg]:shrink-0 hover:bg-accent h-10 w-10 text-gray-500 hover:text-gray-700" aria-label="Mute"><svg xmlns="http://www.w3.org/2000/svg" width="24" height="24" viewBox="0 0 24 24" fill="none" stroke="currentColor" stroke-width="2" stroke-linecap="round" stroke-linejoin="round" class="lucide lucide-volume2 w-5 h-5"><path d="M11 4.702a.705.705 0 0 0-1.203-.498L6.413 7.587A1.4 1.4 0 0 1 5.416 8H3a1 1 0 0 0-1 1v6a1 1 0 0 0 1 1h2.416a1.4 1.4 0 0 1 .997.413l3.383 3.384A.705.705 0 0 0 11 19.298z"></path><path d="M16 9a5 5 0 0 1 0 6"></path><path d="M19.364 18.364a9 9 0 0 0 0-12.728"></path></svg></button><div class="w-32"><span dir="ltr" data-orientation="horizontal" aria-disabled="false" class="relative flex touch-none select-none items-center w-full" style="--radix-slider-thumb-transform: translateX(-50%);"><span data-orientation="horizontal" class="relative h-2 w-full grow overflow-hidden rounded-full bg-gray-200"><span data-orientation="horizontal" class="absolute h-full bg-blue-500" style="left: 0%; right: 90%;"></span></span><span style="transform: var(--radix-slider-thumb-transform); position: absolute; left: calc(10% + 0px);"><span role="slider" aria-valuemin="0" aria-valuemax="1" aria-orientation="horizontal" data-orientation="horizontal" tabindex="0" class="block h-4 w-4 rounded-full border-2 border-blue-500 bg-white ring-offset-white transition-colors focus-visible:outline-none focus-visible:ring-2 focus-visible:ring-blue-400 focus-visible:ring-offset-2 disabled:pointer-events-none disabled:opacity-50" style="" data-radix-collection-item="" aria-valuenow="0.1"></span></span></span></div></div></div></div>

      at Object.log (components/__tests__/tycoon-game.test.tsx:121:17)

  console.log
    Click detected: { placingBusiness: 'RESOURCE_GATHERING', timestamp: 1747693135955 }

      at log (components/game-world.tsx:50:15)

  console.log
    Attempting to place business: { type: 'RESOURCE_GATHERING', position: { x: 200, y: 200 } }

      at log (components/tycoon-game.tsx:594:13)

  console.log
    Business cost: 100 Current coins: 50

      at log (components/tycoon-game.tsx:597:13)

  console.log
    Not enough coins to place business

      at log (components/tycoon-game.tsx:600:15)

  console.log
    Created new business: {
      id: 'da37d1d3-0ebd-4286-8d6a-708cdb69409b',
      type: 'RESOURCE_GATHERING',
      position: { x: 200, y: 200 },
      level: 1,
      processingTime: 1,
      batchSize: 10,
      incomingStorage: { current: 0, capacity: 4 },
      outgoingStorage: { current: 0, capacity: 10 },
      productionProgress: 0,
      workers: [],
      shippingTypes: [ { type: 'walker', bots: [Array] } ],
      pendingDeliveries: [],
      recentProfit: 0,
      profitDisplayTime: 0,
      inputResource: 'NONE',
      outputResource: 'WOOD',
      totalInvested: 100
    }

      at log (components/tycoon-game.tsx:642:13)

  console.log
    <div><div class="w-full h-[100%] relative overflow-hidden select-none"><button class="absolute top-4 right-4 z-50 bg-yellow-300 hover:bg-yellow-400 text-yellow-900 font-bold px-4 py-2 rounded shadow flex items-center gap-2" aria-label="Show Achievements"><svg xmlns="http://www.w3.org/2000/svg" width="24" height="24" viewBox="0 0 24 24" fill="none" stroke="currentColor" stroke-width="2" stroke-linecap="round" stroke-linejoin="round" class="lucide lucide-trophy w-5 h-5 mr-1"><path d="M6 9H4.5a2.5 2.5 0 0 1 0-5H6"></path><path d="M18 9h1.5a2.5 2.5 0 0 0 0-5H18"></path><path d="M4 22h16"></path><path d="M10 14.66V17c0 .55-.47.98-.97 1.21C7.85 18.75 7 20.24 7 22"></path><path d="M14 14.66V17c0 .55.47.98.97 1.21C16.15 18.75 17 20.24 17 22"></path><path d="M18 2H6v7a6 6 0 0 0 12 0V2Z"></path></svg> Achievements</button><div class="fixed top-4 right-4 z-[100] flex flex-col gap-2"><div class="bg-white text-gray-900 px-4 py-2 rounded shadow-lg flex items-center gap-3 animate-bounce-glow relative"><svg xmlns="http://www.w3.org/2000/svg" width="24" height="24" viewBox="0 0 24 24" fill="none" stroke="currentColor" stroke-width="2" stroke-linecap="round" stroke-linejoin="round" class="lucide lucide-trees text-2xl animate-pop"><path d="M10 10v.2A3 3 0 0 1 8.9 16H5a3 3 0 0 1-1-5.8V10a3 3 0 0 1 6 0Z"></path><path d="M7 16v6"></path><path d="M13 19v3"></path><path d="M12 19h8.3a1 1 0 0 0 .7-1.7L18 14h.3a1 1 0 0 0 .7-1.7L16 9h.2a1 1 0 0 0 .8-1.7L13 3l-1.4 1.5"></path></svg><div><div class="font-bold text-lg animate-glow mb-0.5">Wood You Believe It?</div><span>Achievement Unlocked: First Business</span></div><button class="ml-2 text-gray-500 hover:text-gray-700" aria-label="Dismiss">✕</button></div></div><audio src="/music/background-music.mp3" style="display: none;" loop=""></audio><div class="absolute inset-0 z-50 flex flex-col items-center justify-center bg-black bg-opacity-70"><div class="bg-white rounded-lg shadow-lg p-8 flex flex-col items-center"><h2 class="text-3xl font-bold text-red-600 mb-4">You Lost!</h2><p class="mb-2 text-lg">Score: <span class="font-bold">100</span></p><p class="mb-2 text-lg">Max Buildings: <span class="font-bold">2</span></p><p class="mb-2 text-lg">Max Level: <span class="font-bold">1</span></p><p class="mb-2 text-lg">Max Coins: <span class="font-bold">50</span></p><button class="mt-4 px-6 py-2 bg-blue-600 text-white rounded-lg text-lg font-semibold hover:bg-blue-700 transition">Restart</button></div></div><div class="absolute top-4 left-4 z-10 bg-white bg-opacity-90 p-4 rounded-lg shadow-md border border-gray-300 error-border"><div class="mb-4"><div class="flex items-center justify-between mb-1"><div class="flex items-center"><svg xmlns="http://www.w3.org/2000/svg" width="24" height="24" viewBox="0 0 24 24" fill="none" stroke="currentColor" stroke-width="2" stroke-linecap="round" stroke-linejoin="round" class="lucide lucide-coins w-6 h-6 text-yellow-500 mr-2"><circle cx="8" cy="8" r="6"></circle><path d="M18.09 10.37A6 6 0 1 1 10.34 18"></path><path d="M7 6h1v4"></path><path d="m16.71 13.88.7.71-2.82 2.82"></path></svg><span class="text-xl font-bold transition-colors duration-300 flash-red shake">-$50</span></div><button class="inline-flex items-center justify-center gap-2 whitespace-nowrap rounded-md text-sm font-medium ring-offset-background transition-colors focus-visible:outline-none focus-visible:ring-2 focus-visible:ring-ring focus-visible:ring-offset-2 disabled:pointer-events-none disabled:opacity-50 [&amp;_svg]:pointer-events-none [&amp;_svg]:size-4 [&amp;_svg]:shrink-0 hover:bg-accent h-10 w-10 text-gray-500 hover:text-gray-700" title="Open Tutorial"><svg xmlns="http://www.w3.org/2000/svg" width="24" height="24" viewBox="0 0 24 24" fill="none" stroke="currentColor" stroke-width="2" stroke-linecap="round" stroke-linejoin="round" class="lucide lucide-circle-help w-5 h-5"><circle cx="12" cy="12" r="10"></circle><path d="M9.09 9a3 3 0 0 1 5.83 1c0 2-3 3-3 3"></path><path d="M12 17h.01"></path></svg></button></div><div class="flex items-center mt-4"><span class="text-xs font-bold text-gray-400">$100 <span class="text-xs text-gray-300">Invested</span></span></div></div><div class="grid grid-cols-1 gap-2"><button class="gap-2 whitespace-nowrap rounded-md text-sm font-medium ring-offset-background transition-colors focus-visible:outline-none focus-visible:ring-2 focus-visible:ring-ring focus-visible:ring-offset-2 disabled:pointer-events-none disabled:opacity-50 [&amp;_svg]:pointer-events-none [&amp;_svg]:size-4 [&amp;_svg]:shrink-0 border border-input bg-background hover:bg-accent hover:text-accent-foreground h-10 px-4 py-2 flex items-center justify-start"><svg xmlns="http://www.w3.org/2000/svg" width="24" height="24" viewBox="0 0 24 24" fill="none" stroke="currentColor" stroke-width="2" stroke-linecap="round" stroke-linejoin="round" class="lucide lucide-trees w-5 h-5 mr-2 text-green-700"><path d="M10 10v.2A3 3 0 0 1 8.9 16H5a3 3 0 0 1-1-5.8V10a3 3 0 0 1 6 0Z"></path><path d="M7 16v6"></path><path d="M13 19v3"></path><path d="M12 19h8.3a1 1 0 0 0 .7-1.7L18 14h.3a1 1 0 0 0 .7-1.7L16 9h.2a1 1 0 0 0 .8-1.7L13 3l-1.4 1.5"></path></svg><span>Place Wood Camp ($130)</span></button><button class="gap-2 whitespace-nowrap rounded-md text-sm font-medium ring-offset-background transition-colors focus-visible:outline-none focus-visible:ring-2 focus-visible:ring-ring focus-visible:ring-offset-2 disabled:pointer-events-none disabled:opacity-50 [&amp;_svg]:pointer-events-none [&amp;_svg]:size-4 [&amp;_svg]:shrink-0 border border-input bg-background hover:bg-accent hover:text-accent-foreground h-10 px-4 py-2 flex items-center justify-start"><svg xmlns="http://www.w3.org/2000/svg" width="24" height="24" viewBox="0 0 24 24" fill="none" stroke="currentColor" stroke-width="2" stroke-linecap="round" stroke-linejoin="round" class="lucide lucide-columns4 w-5 h-5 mr-2 text-amber-700"><rect width="18" height="18" x="3" y="3" rx="2"></rect><path d="M7.5 3v18"></path><path d="M12 3v18"></path><path d="M16.5 3v18"></path></svg><span>Place Plank Mill ($250)</span></button></div></div><div data-testid="game-world" class="w-full h-full bg-green-100 relative overflow-hidden border-2 border-gray-400 rounded-lg"><div class="absolute inset-0 pointer-events-none z-0"><div class="absolute border border-gray-300 opacity-30" style="left: 0%; top: 0%; width: 8.333333333333334%; height: 8.333333333333334%; box-sizing: border-box;"></div><div class="absolute border border-gray-300 opacity-30" style="left: 8.333333333333332%; top: 0%; width: 8.333333333333334%; height: 8.333333333333334%; box-sizing: border-box;"></div><div class="absolute border border-gray-300 opacity-30" style="left: 16.666666666666664%; top: 0%; width: 8.333333333333334%; height: 8.333333333333334%; box-sizing: border-box;"></div><div class="absolute border border-gray-300 opacity-30" style="left: 25%; top: 0%; width: 8.333333333333334%; height: 8.333333333333334%; box-sizing: border-box;"></div><div class="absolute border border-gray-300 opacity-30" style="left: 33.33333333333333%; top: 0%; width: 8.333333333333334%; height: 8.333333333333334%; box-sizing: border-box;"></div><div class="absolute border border-gray-300 opacity-30" style="left: 41.66666666666667%; top: 0%; width: 8.333333333333334%; height: 8.333333333333334%; box-sizing: border-box;"></div><div class="absolute border border-gray-300 opacity-30" style="left: 50%; top: 0%; width: 8.333333333333334%; height: 8.333333333333334%; box-sizing: border-box;"></div><div class="absolute border border-gray-300 opacity-30" style="left: 58.333333333333336%; top: 0%; width: 8.333333333333334%; height: 8.333333333333334%; box-sizing: border-box;"></div><div class="absolute border border-gray-300 opacity-30" style="left: 66.66666666666666%; top: 0%; width: 8.333333333333334%; height: 8.333333333333334%; box-sizing: border-box;"></div><div class="absolute border border-gray-300 opacity-30" style="left: 75%; top: 0%; width: 8.333333333333334%; height: 8.333333333333334%; box-sizing: border-box;"></div><div class="absolute border border-gray-300 opacity-30" style="left: 83.33333333333334%; top: 0%; width: 8.333333333333334%; height: 8.333333333333334%; box-sizing: border-box;"></div><div class="absolute border border-gray-300 opacity-30" style="left: 91.66666666666666%; top: 0%; width: 8.333333333333334%; height: 8.333333333333334%; box-sizing: border-box;"></div><div class="absolute border border-gray-300 opacity-30" style="left: 0%; top: 8.333333333333332%; width: 8.333333333333334%; height: 8.333333333333334%; box-sizing: border-box;"></div><div class="absolute border border-gray-300 opacity-30" style="left: 8.333333333333332%; top: 8.333333333333332%; width: 8.333333333333334%; height: 8.333333333333334%; box-sizing: border-box;"></div><div class="absolute border border-gray-300 opacity-30" style="left: 16.666666666666664%; top: 8.333333333333332%; width: 8.333333333333334%; height: 8.333333333333334%; box-sizing: border-box;"></div><div class="absolute border border-gray-300 opacity-30" style="left: 25%; top: 8.333333333333332%; width: 8.333333333333334%; height: 8.333333333333334%; box-sizing: border-box;"></div><div class="absolute border border-gray-300 opacity-30" style="left: 33.33333333333333%; top: 8.333333333333332%; width: 8.333333333333334%; height: 8.333333333333334%; box-sizing: border-box;"></div><div class="absolute border border-gray-300 opacity-30" style="left: 41.66666666666667%; top: 8.333333333333332%; width: 8.333333333333334%; height: 8.333333333333334%; box-sizing: border-box;"></div><div class="absolute border border-gray-300 opacity-30" style="left: 50%; top: 8.333333333333332%; width: 8.333333333333334%; height: 8.333333333333334%; box-sizing: border-box;"></div><div class="absolute border border-gray-300 opacity-30" style="left: 58.333333333333336%; top: 8.333333333333332%; width: 8.333333333333334%; height: 8.333333333333334%; box-sizing: border-box;"></div><div class="absolute border border-gray-300 opacity-30" style="left: 66.66666666666666%; top: 8.333333333333332%; width: 8.333333333333334%; height: 8.333333333333334%; box-sizing: border-box;"></div><div class="absolute border border-gray-300 opacity-30" style="left: 75%; top: 8.333333333333332%; width: 8.333333333333334%; height: 8.333333333333334%; box-sizing: border-box;"></div><div class="absolute border border-gray-300 opacity-30" style="left: 83.33333333333334%; top: 8.333333333333332%; width: 8.333333333333334%; height: 8.333333333333334%; box-sizing: border-box;"></div><div class="absolute border border-gray-300 opacity-30" style="left: 91.66666666666666%; top: 8.333333333333332%; width: 8.333333333333334%; height: 8.333333333333334%; box-sizing: border-box;"></div><div class="absolute border border-gray-300 opacity-30" style="left: 0%; top: 16.666666666666664%; width: 8.333333333333334%; height: 8.333333333333334%; box-sizing: border-box;"></div><div class="absolute border border-gray-300 opacity-30" style="left: 8.333333333333332%; top: 16.666666666666664%; width: 8.333333333333334%; height: 8.333333333333334%; box-sizing: border-box;"></div><div class="absolute border border-gray-300 opacity-30" style="left: 16.666666666666664%; top: 16.666666666666664%; width: 8.333333333333334%; height: 8.333333333333334%; box-sizing: border-box;"></div><div class="absolute border border-gray-300 opacity-30" style="left: 25%; top: 16.666666666666664%; width: 8.333333333333334%; height: 8.333333333333334%; box-sizing: border-box;"></div><div class="absolute border border-gray-300 opacity-30" style="left: 33.33333333333333%; top: 16.666666666666664%; width: 8.333333333333334%; height: 8.333333333333334%; box-sizing: border-box;"></div><div class="absolute border border-gray-300 opacity-30" style="left: 41.66666666666667%; top: 16.666666666666664%; width: 8.333333333333334%; height: 8.333333333333334%; box-sizing: border-box;"></div><div class="absolute border border-gray-300 opacity-30" style="left: 50%; top: 16.666666666666664%; width: 8.333333333333334%; height: 8.333333333333334%; box-sizing: border-box;"></div><div class="absolute border border-gray-300 opacity-30" style="left: 58.333333333333336%; top: 16.666666666666664%; width: 8.333333333333334%; height: 8.333333333333334%; box-sizing: border-box;"></div><div class="absolute border border-gray-300 opacity-30" style="left: 66.66666666666666%; top: 16.666666666666664%; width: 8.333333333333334%; height: 8.333333333333334%; box-sizing: border-box;"></div><div class="absolute border border-gray-300 opacity-30" style="left: 75%; top: 16.666666666666664%; width: 8.333333333333334%; height: 8.333333333333334%; box-sizing: border-box;"></div><div class="absolute border border-gray-300 opacity-30" style="left: 83.33333333333334%; top: 16.666666666666664%; width: 8.333333333333334%; height: 8.333333333333334%; box-sizing: border-box;"></div><div class="absolute border border-gray-300 opacity-30" style="left: 91.66666666666666%; top: 16.666666666666664%; width: 8.333333333333334%; height: 8.333333333333334%; box-sizing: border-box;"></div><div class="absolute border border-gray-300 opacity-30" style="left: 0%; top: 25%; width: 8.333333333333334%; height: 8.333333333333334%; box-sizing: border-box;"></div><div class="absolute border border-gray-300 opacity-30" style="left: 8.333333333333332%; top: 25%; width: 8.333333333333334%; height: 8.333333333333334%; box-sizing: border-box;"></div><div class="absolute border border-gray-300 opacity-30" style="left: 16.666666666666664%; top: 25%; width: 8.333333333333334%; height: 8.333333333333334%; box-sizing: border-box;"></div><div class="absolute border border-gray-300 opacity-30" style="left: 25%; top: 25%; width: 8.333333333333334%; height: 8.333333333333334%; box-sizing: border-box;"></div><div class="absolute border border-gray-300 opacity-30" style="left: 33.33333333333333%; top: 25%; width: 8.333333333333334%; height: 8.333333333333334%; box-sizing: border-box;"></div><div class="absolute border border-gray-300 opacity-30" style="left: 41.66666666666667%; top: 25%; width: 8.333333333333334%; height: 8.333333333333334%; box-sizing: border-box;"></div><div class="absolute border border-gray-300 opacity-30" style="left: 50%; top: 25%; width: 8.333333333333334%; height: 8.333333333333334%; box-sizing: border-box;"></div><div class="absolute border border-gray-300 opacity-30" style="left: 58.333333333333336%; top: 25%; width: 8.333333333333334%; height: 8.333333333333334%; box-sizing: border-box;"></div><div class="absolute border border-gray-300 opacity-30" style="left: 66.66666666666666%; top: 25%; width: 8.333333333333334%; height: 8.333333333333334%; box-sizing: border-box;"></div><div class="absolute border border-gray-300 opacity-30" style="left: 75%; top: 25%; width: 8.333333333333334%; height: 8.333333333333334%; box-sizing: border-box;"></div><div class="absolute border border-gray-300 opacity-30" style="left: 83.33333333333334%; top: 25%; width: 8.333333333333334%; height: 8.333333333333334%; box-sizing: border-box;"></div><div class="absolute border border-gray-300 opacity-30" style="left: 91.66666666666666%; top: 25%; width: 8.333333333333334%; height: 8.333333333333334%; box-sizing: border-box;"></div><div class="absolute border border-gray-300 opacity-30" style="left: 0%; top: 33.33333333333333%; width: 8.333333333333334%; height: 8.333333333333334%; box-sizing: border-box;"></div><div class="absolute border border-gray-300 opacity-30" style="left: 8.333333333333332%; top: 33.33333333333333%; width: 8.333333333333334%; height: 8.333333333333334%; box-sizing: border-box;"></div><div class="absolute border border-gray-300 opacity-30" style="left: 16.666666666666664%; top: 33.33333333333333%; width: 8.333333333333334%; height: 8.333333333333334%; box-sizing: border-box;"></div><div class="absolute border border-gray-300 opacity-30" style="left: 25%; top: 33.33333333333333%; width: 8.333333333333334%; height: 8.333333333333334%; box-sizing: border-box;"></div><div class="absolute border border-gray-300 opacity-30" style="left: 33.33333333333333%; top: 33.33333333333333%; width: 8.333333333333334%; height: 8.333333333333334%; box-sizing: border-box;"></div><div class="absolute border border-gray-300 opacity-30" style="left: 41.66666666666667%; top: 33.33333333333333%; width: 8.333333333333334%; height: 8.333333333333334%; box-sizing: border-box;"></div><div class="absolute border border-gray-300 opacity-30" style="left: 50%; top: 33.33333333333333%; width: 8.333333333333334%; height: 8.333333333333334%; box-sizing: border-box;"></div><div class="absolute border border-gray-300 opacity-30" style="left: 58.333333333333336%; top: 33.33333333333333%; width: 8.333333333333334%; height: 8.333333333333334%; box-sizing: border-box;"></div><div class="absolute border border-gray-300 opacity-30" style="left: 66.66666666666666%; top: 33.33333333333333%; width: 8.333333333333334%; height: 8.333333333333334%; box-sizing: border-box;"></div><div class="absolute border border-gray-300 opacity-30" style="left: 75%; top: 33.33333333333333%; width: 8.333333333333334%; height: 8.333333333333334%; box-sizing: border-box;"></div><div class="absolute border border-gray-300 opacity-30" style="left: 83.33333333333334%; top: 33.33333333333333%; width: 8.333333333333334%; height: 8.333333333333334%; box-sizing: border-box;"></div><div class="absolute border border-gray-300 opacity-30" style="left: 91.66666666666666%; top: 33.33333333333333%; width: 8.333333333333334%; height: 8.333333333333334%; box-sizing: border-box;"></div><div class="absolute border border-gray-300 opacity-30" style="left: 0%; top: 41.66666666666667%; width: 8.333333333333334%; height: 8.333333333333334%; box-sizing: border-box;"></div><div class="absolute border border-gray-300 opacity-30" style="left: 8.333333333333332%; top: 41.66666666666667%; width: 8.333333333333334%; height: 8.333333333333334%; box-sizing: border-box;"></div><div class="absolute border border-gray-300 opacity-30" style="left: 16.666666666666664%; top: 41.66666666666667%; width: 8.333333333333334%; height: 8.333333333333334%; box-sizing: border-box;"></div><div class="absolute border border-gray-300 opacity-30" style="left: 25%; top: 41.66666666666667%; width: 8.333333333333334%; height: 8.333333333333334%; box-sizing: border-box;"></div><div class="absolute border border-gray-300 opacity-30" style="left: 33.33333333333333%; top: 41.66666666666667%; width: 8.333333333333334%; height: 8.333333333333334%; box-sizing: border-box;"></div><div class="absolute border border-gray-300 opacity-30" style="left: 41.66666666666667%; top: 41.66666666666667%; width: 8.333333333333334%; height: 8.333333333333334%; box-sizing: border-box;"></div><div class="absolute border border-gray-300 opacity-30" style="left: 50%; top: 41.66666666666667%; width: 8.333333333333334%; height: 8.333333333333334%; box-sizing: border-box;"></div><div class="absolute border border-gray-300 opacity-30" style="left: 58.333333333333336%; top: 41.66666666666667%; width: 8.333333333333334%; height: 8.333333333333334%; box-sizing: border-box;"></div><div class="absolute border border-gray-300 opacity-30" style="left: 66.66666666666666%; top: 41.66666666666667%; width: 8.333333333333334%; height: 8.333333333333334%; box-sizing: border-box;"></div><div class="absolute border border-gray-300 opacity-30" style="left: 75%; top: 41.66666666666667%; width: 8.333333333333334%; height: 8.333333333333334%; box-sizing: border-box;"></div><div class="absolute border border-gray-300 opacity-30" style="left: 83.33333333333334%; top: 41.66666666666667%; width: 8.333333333333334%; height: 8.333333333333334%; box-sizing: border-box;"></div><div class="absolute border border-gray-300 opacity-30" style="left: 91.66666666666666%; top: 41.66666666666667%; width: 8.333333333333334%; height: 8.333333333333334%; box-sizing: border-box;"></div><div class="absolute border border-gray-300 opacity-30" style="left: 0%; top: 50%; width: 8.333333333333334%; height: 8.333333333333334%; box-sizing: border-box;"></div><div class="absolute border border-gray-300 opacity-30" style="left: 8.333333333333332%; top: 50%; width: 8.333333333333334%; height: 8.333333333333334%; box-sizing: border-box;"></div><div class="absolute border border-gray-300 opacity-30" style="left: 16.666666666666664%; top: 50%; width: 8.333333333333334%; height: 8.333333333333334%; box-sizing: border-box;"></div><div class="absolute border border-gray-300 opacity-30" style="left: 25%; top: 50%; width: 8.333333333333334%; height: 8.333333333333334%; box-sizing: border-box;"></div><div class="absolute border border-gray-300 opacity-30" style="left: 33.33333333333333%; top: 50%; width: 8.333333333333334%; height: 8.333333333333334%; box-sizing: border-box;"></div><div class="absolute border border-gray-300 opacity-30" style="left: 41.66666666666667%; top: 50%; width: 8.333333333333334%; height: 8.333333333333334%; box-sizing: border-box;"></div><div class="absolute border border-gray-300 opacity-30" style="left: 50%; top: 50%; width: 8.333333333333334%; height: 8.333333333333334%; box-sizing: border-box;"></div><div class="absolute border border-gray-300 opacity-30" style="left: 58.333333333333336%; top: 50%; width: 8.333333333333334%; height: 8.333333333333334%; box-sizing: border-box;"></div><div class="absolute border border-gray-300 opacity-30" style="left: 66.66666666666666%; top: 50%; width: 8.333333333333334%; height: 8.333333333333334%; box-sizing: border-box;"></div><div class="absolute border border-gray-300 opacity-30" style="left: 75%; top: 50%; width: 8.333333333333334%; height: 8.333333333333334%; box-sizing: border-box;"></div><div class="absolute border border-gray-300 opacity-30" style="left: 83.33333333333334%; top: 50%; width: 8.333333333333334%; height: 8.333333333333334%; box-sizing: border-box;"></div><div class="absolute border border-gray-300 opacity-30" style="left: 91.66666666666666%; top: 50%; width: 8.333333333333334%; height: 8.333333333333334%; box-sizing: border-box;"></div><div class="absolute border border-gray-300 opacity-30" style="left: 0%; top: 58.333333333333336%; width: 8.333333333333334%; height: 8.333333333333334%; box-sizing: border-box;"></div><div class="absolute border border-gray-300 opacity-30" style="left: 8.333333333333332%; top: 58.333333333333336%; width: 8.333333333333334%; height: 8.333333333333334%; box-sizing: border-box;"></div><div class="absolute border border-gray-300 opacity-30" style="left: 16.666666666666664%; top: 58.333333333333336%; width: 8.333333333333334%; height: 8.333333333333334%; box-sizing: border-box;"></div><div class="absolute border border-gray-300 opacity-30" style="left: 25%; top: 58.333333333333336%; width: 8.333333333333334%; height: 8.333333333333334%; box-sizing: border-box;"></div><div class="absolute border border-gray-300 opacity-30" style="left: 33.33333333333333%; top: 58.333333333333336%; width: 8.333333333333334%; height: 8.333333333333334%; box-sizing: border-box;"></div><div class="absolute border border-gray-300 opacity-30" style="left: 41.66666666666667%; top: 58.333333333333336%; width: 8.333333333333334%; height: 8.333333333333334%; box-sizing: border-box;"></div><div class="absolute border border-gray-300 opacity-30" style="left: 50%; top: 58.333333333333336%; width: 8.333333333333334%; height: 8.333333333333334%; box-sizing: border-box;"></div><div class="absolute border border-gray-300 opacity-30" style="left: 58.333333333333336%; top: 58.333333333333336%; width: 8.333333333333334%; height: 8.333333333333334%; box-sizing: border-box;"></div><div class="absolute border border-gray-300 opacity-30" style="left: 66.66666666666666%; top: 58.333333333333336%; width: 8.333333333333334%; height: 8.333333333333334%; box-sizing: border-box;"></div><div class="absolute border border-gray-300 opacity-30" style="left: 75%; top: 58.333333333333336%; width: 8.333333333333334%; height: 8.333333333333334%; box-sizing: border-box;"></div><div class="absolute border border-gray-300 opacity-30" style="left: 83.33333333333334%; top: 58.333333333333336%; width: 8.333333333333334%; height: 8.333333333333334%; box-sizing: border-box;"></div><div class="absolute border border-gray-300 opacity-30" style="left: 91.66666666666666%; top: 58.333333333333336%; width: 8.333333333333334%; height: 8.333333333333334%; box-sizing: border-box;"></div><div class="absolute border border-gray-300 opacity-30" style="left: 0%; top: 66.66666666666666%; width: 8.333333333333334%; height: 8.333333333333334%; box-sizing: border-box;"></div><div class="absolute border border-gray-300 opacity-30" style="left: 8.333333333333332%; top: 66.66666666666666%; width: 8.333333333333334%; height: 8.333333333333334%; box-sizing: border-box;"></div><div class="absolute border border-gray-300 opacity-30" style="left: 16.666666666666664%; top: 66.66666666666666%; width: 8.333333333333334%; height: 8.333333333333334%; box-sizing: border-box;"></div><div class="absolute border border-gray-300 opacity-30" style="left: 25%; top: 66.66666666666666%; width: 8.333333333333334%; height: 8.333333333333334%; box-sizing: border-box;"></div><div class="absolute border border-gray-300 opacity-30" style="left: 33.33333333333333%; top: 66.66666666666666%; width: 8.333333333333334%; height: 8.333333333333334%; box-sizing: border-box;"></div><div class="absolute border border-gray-300 opacity-30" style="left: 41.66666666666667%; top: 66.66666666666666%; width: 8.333333333333334%; height: 8.333333333333334%; box-sizing: border-box;"></div><div class="absolute border border-gray-300 opacity-30" style="left: 50%; top: 66.66666666666666%; width: 8.333333333333334%; height: 8.333333333333334%; box-sizing: border-box;"></div><div class="absolute border border-gray-300 opacity-30" style="left: 58.333333333333336%; top: 66.66666666666666%; width: 8.333333333333334%; height: 8.333333333333334%; box-sizing: border-box;"></div><div class="absolute border border-gray-300 opacity-30" style="left: 66.66666666666666%; top: 66.66666666666666%; width: 8.333333333333334%; height: 8.333333333333334%; box-sizing: border-box;"></div><div class="absolute border border-gray-300 opacity-30" style="left: 75%; top: 66.66666666666666%; width: 8.333333333333334%; height: 8.333333333333334%; box-sizing: border-box;"></div><div class="absolute border border-gray-300 opacity-30" style="left: 83.33333333333334%; top: 66.66666666666666%; width: 8.333333333333334%; height: 8.333333333333334%; box-sizing: border-box;"></div><div class="absolute border border-gray-300 opacity-30" style="left: 91.66666666666666%; top: 66.66666666666666%; width: 8.333333333333334%; height: 8.333333333333334%; box-sizing: border-box;"></div><div class="absolute border border-gray-300 opacity-30" style="left: 0%; top: 75%; width: 8.333333333333334%; height: 8.333333333333334%; box-sizing: border-box;"></div><div class="absolute border border-gray-300 opacity-30" style="left: 8.333333333333332%; top: 75%; width: 8.333333333333334%; height: 8.333333333333334%; box-sizing: border-box;"></div><div class="absolute border border-gray-300 opacity-30" style="left: 16.666666666666664%; top: 75%; width: 8.333333333333334%; height: 8.333333333333334%; box-sizing: border-box;"></div><div class="absolute border border-gray-300 opacity-30" style="left: 25%; top: 75%; width: 8.333333333333334%; height: 8.333333333333334%; box-sizing: border-box;"></div><div class="absolute border border-gray-300 opacity-30" style="left: 33.33333333333333%; top: 75%; width: 8.333333333333334%; height: 8.333333333333334%; box-sizing: border-box;"></div><div class="absolute border border-gray-300 opacity-30" style="left: 41.66666666666667%; top: 75%; width: 8.333333333333334%; height: 8.333333333333334%; box-sizing: border-box;"></div><div class="absolute border border-gray-300 opacity-30" style="left: 50%; top: 75%; width: 8.333333333333334%; height: 8.333333333333334%; box-sizing: border-box;"></div><div class="absolute border border-gray-300 opacity-30" style="left: 58.333333333333336%; top: 75%; width: 8.333333333333334%; height: 8.333333333333334%; box-sizing: border-box;"></div><div class="absolute border border-gray-300 opacity-30" style="left: 66.66666666666666%; top: 75%; width: 8.333333333333334%; height: 8.333333333333334%; box-sizing: border-box;"></div><div class="absolute border border-gray-300 opacity-30" style="left: 75%; top: 75%; width: 8.333333333333334%; height: 8.333333333333334%; box-sizing: border-box;"></div><div class="absolute border border-gray-300 opacity-30" style="left: 83.33333333333334%; top: 75%; width: 8.333333333333334%; height: 8.333333333333334%; box-sizing: border-box;"></div><div class="absolute border border-gray-300 opacity-30" style="left: 91.66666666666666%; top: 75%; width: 8.333333333333334%; height: 8.333333333333334%; box-sizing: border-box;"></div><div class="absolute border border-gray-300 opacity-30" style="left: 0%; top: 83.33333333333334%; width: 8.333333333333334%; height: 8.333333333333334%; box-sizing: border-box;"></div><div class="absolute border border-gray-300 opacity-30" style="left: 8.333333333333332%; top: 83.33333333333334%; width: 8.333333333333334%; height: 8.333333333333334%; box-sizing: border-box;"></div><div class="absolute border border-gray-300 opacity-30" style="left: 16.666666666666664%; top: 83.33333333333334%; width: 8.333333333333334%; height: 8.333333333333334%; box-sizing: border-box;"></div><div class="absolute border border-gray-300 opacity-30" style="left: 25%; top: 83.33333333333334%; width: 8.333333333333334%; height: 8.333333333333334%; box-sizing: border-box;"></div><div class="absolute border border-gray-300 opacity-30" style="left: 33.33333333333333%; top: 83.33333333333334%; width: 8.333333333333334%; height: 8.333333333333334%; box-sizing: border-box;"></div><div class="absolute border border-gray-300 opacity-30" style="left: 41.66666666666667%; top: 83.33333333333334%; width: 8.333333333333334%; height: 8.333333333333334%; box-sizing: border-box;"></div><div class="absolute border border-gray-300 opacity-30" style="left: 50%; top: 83.33333333333334%; width: 8.333333333333334%; height: 8.333333333333334%; box-sizing: border-box;"></div><div class="absolute border border-gray-300 opacity-30" style="left: 58.333333333333336%; top: 83.33333333333334%; width: 8.333333333333334%; height: 8.333333333333334%; box-sizing: border-box;"></div><div class="absolute border border-gray-300 opacity-30" style="left: 66.66666666666666%; top: 83.33333333333334%; width: 8.333333333333334%; height: 8.333333333333334%; box-sizing: border-box;"></div><div class="absolute border border-gray-300 opacity-30" style="left: 75%; top: 83.33333333333334%; width: 8.333333333333334%; height: 8.333333333333334%; box-sizing: border-box;"></div><div class="absolute border border-gray-300 opacity-30" style="left: 83.33333333333334%; top: 83.33333333333334%; width: 8.333333333333334%; height: 8.333333333333334%; box-sizing: border-box;"></div><div class="absolute border border-gray-300 opacity-30" style="left: 91.66666666666666%; top: 83.33333333333334%; width: 8.333333333333334%; height: 8.333333333333334%; box-sizing: border-box;"></div><div class="absolute border border-gray-300 opacity-30" style="left: 0%; top: 91.66666666666666%; width: 8.333333333333334%; height: 8.333333333333334%; box-sizing: border-box;"></div><div class="absolute border border-gray-300 opacity-30" style="left: 8.333333333333332%; top: 91.66666666666666%; width: 8.333333333333334%; height: 8.333333333333334%; box-sizing: border-box;"></div><div class="absolute border border-gray-300 opacity-30" style="left: 16.666666666666664%; top: 91.66666666666666%; width: 8.333333333333334%; height: 8.333333333333334%; box-sizing: border-box;"></div><div class="absolute border border-gray-300 opacity-30" style="left: 25%; top: 91.66666666666666%; width: 8.333333333333334%; height: 8.333333333333334%; box-sizing: border-box;"></div><div class="absolute border border-gray-300 opacity-30" style="left: 33.33333333333333%; top: 91.66666666666666%; width: 8.333333333333334%; height: 8.333333333333334%; box-sizing: border-box;"></div><div class="absolute border border-gray-300 opacity-30" style="left: 41.66666666666667%; top: 91.66666666666666%; width: 8.333333333333334%; height: 8.333333333333334%; box-sizing: border-box;"></div><div class="absolute border border-gray-300 opacity-30" style="left: 50%; top: 91.66666666666666%; width: 8.333333333333334%; height: 8.333333333333334%; box-sizing: border-box;"></div><div class="absolute border border-gray-300 opacity-30" style="left: 58.333333333333336%; top: 91.66666666666666%; width: 8.333333333333334%; height: 8.333333333333334%; box-sizing: border-box;"></div><div class="absolute border border-gray-300 opacity-30" style="left: 66.66666666666666%; top: 91.66666666666666%; width: 8.333333333333334%; height: 8.333333333333334%; box-sizing: border-box;"></div><div class="absolute border border-gray-300 opacity-30" style="left: 75%; top: 91.66666666666666%; width: 8.333333333333334%; height: 8.333333333333334%; box-sizing: border-box;"></div><div class="absolute border border-gray-300 opacity-30" style="left: 83.33333333333334%; top: 91.66666666666666%; width: 8.333333333333334%; height: 8.333333333333334%; box-sizing: border-box;"></div><div class="absolute border border-gray-300 opacity-30" style="left: 91.66666666666666%; top: 91.66666666666666%; width: 8.333333333333334%; height: 8.333333333333334%; box-sizing: border-box;"></div></div><div data-testid="business-entity" class="absolute w-24 h-24 bg-yellow-200 border-yellow-600 rounded-md border-2 flex flex-col items-center justify-start cursor-pointer transition-transform hover:scale-105 " style="left: 352px; top: 52px;" data-state="closed"><div class="absolute -top-8 left-1/2 transform -translate-x-1/2 text-sm font-bold text-gray-800">Lvl 1</div><div class="text-sm font-bold mt-2 text-center text-nowrap">Market</div><div class="mt-2"><svg xmlns="http://www.w3.org/2000/svg" width="24" height="24" viewBox="0 0 24 24" fill="none" stroke="currentColor" stroke-width="2" stroke-linecap="round" stroke-linejoin="round" class="lucide lucide-coins w-6 h-6 text-yellow-500"><circle cx="8" cy="8" r="6"></circle><path d="M18.09 10.37A6 6 0 1 1 10.34 18"></path><path d="M7 6h1v4"></path><path d="m16.71 13.88.7.71-2.82 2.82"></path></svg></div><div class="absolute -bottom-3 -left-5 flex space-x-2 text-xs"></div></div><div data-testid="business-entity" class="absolute w-24 h-24 bg-green-200 border-green-600 rounded-md border-2 flex flex-col items-center justify-start cursor-pointer transition-transform hover:scale-105 " style="left: 152px; top: 152px;" data-state="closed"><div class="absolute -top-8 left-1/2 transform -translate-x-1/2 text-sm font-bold text-gray-800">Lvl 1</div><div class="text-sm font-bold mt-2 text-center text-nowrap">Wood Camp</div><div class="mt-2"><svg xmlns="http://www.w3.org/2000/svg" width="24" height="24" viewBox="0 0 24 24" fill="none" stroke="currentColor" stroke-width="2" stroke-linecap="round" stroke-linejoin="round" class="lucide lucide-trees w-6 h-6 text-green-800"><path d="M10 10v.2A3 3 0 0 1 8.9 16H5a3 3 0 0 1-1-5.8V10a3 3 0 0 1 6 0Z"></path><path d="M7 16v6"></path><path d="M13 19v3"></path><path d="M12 19h8.3a1 1 0 0 0 .7-1.7L18 14h.3a1 1 0 0 0 .7-1.7L16 9h.2a1 1 0 0 0 .8-1.7L13 3l-1.4 1.5"></path></svg></div><div class="absolute right-0 top-0 w-1 h-full flex flex-col-reverse"><div class="w-full bg-green-500" style="height: 0%;"></div></div><div class="absolute -bottom-3 -left-5 flex space-x-2 text-xs"><div class="relative w-8 h-8"><div class="absolute" style="transform: translateX(0px); z-index: 0;"><svg xmlns="http://www.w3.org/2000/svg" width="24" height="24" viewBox="0 0 24 24" fill="none" stroke="currentColor" stroke-width="2" stroke-linecap="round" stroke-linejoin="round" class="lucide lucide-user w-6 h-6 text-gray-700 bg-white rounded-full p-1 border border-gray-400"><path d="M19 21v-2a4 4 0 0 0-4-4H9a4 4 0 0 0-4 4v2"></path><circle cx="12" cy="7" r="4"></circle></svg></div></div></div><div class="absolute -top-5 left-1/2 transform -translate-x-1/2" style="width: 144px;"><div class="flex items-center justify-between w-full space-x-2"><div class="p-1 w-6 h-6 rounded-full border-2 border-yellow-400 flex items-center justify-center relative bg-gray-300 opacity-30"></div><div class="flex-1 mx-1 h-1.5 bg-gray-300 rounded-full overflow-hidden"><div class="h-full bg-blue-500" style="width: 0%;"></div></div><div class="p-1 w-6 h-6 rounded-full border-2 border-blue-400 flex items-center justify-center bg-green-700 opacity-50"><svg xmlns="http://www.w3.org/2000/svg" width="24" height="24" viewBox="0 0 24 24" fill="none" stroke="currentColor" stroke-width="2" stroke-linecap="round" stroke-linejoin="round" class="lucide lucide-trees w-3.5 h-3.5 text-white"><path d="M10 10v.2A3 3 0 0 1 8.9 16H5a3 3 0 0 1-1-5.8V10a3 3 0 0 1 6 0Z"></path><path d="M7 16v6"></path><path d="M13 19v3"></path><path d="M12 19h8.3a1 1 0 0 0 .7-1.7L18 14h.3a1 1 0 0 0 .7-1.7L16 9h.2a1 1 0 0 0 .8-1.7L13 3l-1.4 1.5"></path></svg></div></div></div></div></div><div class="fixed bottom-4 left-4 bg-white bg-opacity-75 p-3 rounded-lg shadow-md border border-gray-300 z-50 flex items-center gap-3" data-testid="music-controls"><button class="inline-flex items-center justify-center gap-2 whitespace-nowrap rounded-md text-sm font-medium ring-offset-background transition-colors focus-visible:outline-none focus-visible:ring-2 focus-visible:ring-ring focus-visible:ring-offset-2 disabled:pointer-events-none disabled:opacity-50 [&amp;_svg]:pointer-events-none [&amp;_svg]:size-4 [&amp;_svg]:shrink-0 hover:bg-accent h-10 w-10 text-gray-500 hover:text-gray-700" aria-label="Mute"><svg xmlns="http://www.w3.org/2000/svg" width="24" height="24" viewBox="0 0 24 24" fill="none" stroke="currentColor" stroke-width="2" stroke-linecap="round" stroke-linejoin="round" class="lucide lucide-volume2 w-5 h-5"><path d="M11 4.702a.705.705 0 0 0-1.203-.498L6.413 7.587A1.4 1.4 0 0 1 5.416 8H3a1 1 0 0 0-1 1v6a1 1 0 0 0 1 1h2.416a1.4 1.4 0 0 1 .997.413l3.383 3.384A.705.705 0 0 0 11 19.298z"></path><path d="M16 9a5 5 0 0 1 0 6"></path><path d="M19.364 18.364a9 9 0 0 0 0-12.728"></path></svg></button><div class="w-32"><span dir="ltr" data-orientation="horizontal" aria-disabled="false" class="relative flex touch-none select-none items-center w-full" style="--radix-slider-thumb-transform: translateX(-50%);"><span data-orientation="horizontal" class="relative h-2 w-full grow overflow-hidden rounded-full bg-gray-200"><span data-orientation="horizontal" class="absolute h-full bg-blue-500" style="left: 0%; right: 90%;"></span></span><span style="transform: var(--radix-slider-thumb-transform); position: absolute; left: calc(10% + 0px);"><span role="slider" aria-valuemin="0" aria-valuemax="1" aria-orientation="horizontal" data-orientation="horizontal" tabindex="0" class="block h-4 w-4 rounded-full border-2 border-blue-500 bg-white ring-offset-white transition-colors focus-visible:outline-none focus-visible:ring-2 focus-visible:ring-blue-400 focus-visible:ring-offset-2 disabled:pointer-events-none disabled:opacity-50" style="" data-radix-collection-item="" aria-valuenow="0.1"></span></span></span></div></div></div></div>

      at Object.log (components/__tests__/tycoon-game.test.tsx:170:17)

  console.log
    Click detected: { placingBusiness: 'RESOURCE_GATHERING', timestamp: 1747693135152 }

      at log (components/game-world.tsx:50:15)

  console.log
    Attempting to place business: { type: 'RESOURCE_GATHERING', position: { x: 200, y: 200 } }

      at log (components/tycoon-game.tsx:594:13)

  console.log
    Business cost: 100 Current coins: 2000

      at log (components/tycoon-game.tsx:597:13)

  console.log
    Created new business: {
      id: '13202df9-1681-42d5-bf41-c47cfbd211ea',
      type: 'RESOURCE_GATHERING',
      position: { x: 200, y: 200 },
      level: 1,
      processingTime: 1,
      batchSize: 10,
      incomingStorage: { current: 0, capacity: 4 },
      outgoingStorage: { current: 0, capacity: 10 },
      productionProgress: 0,
      workers: [],
      shippingTypes: [ { type: 'walker', bots: [Array] } ],
      pendingDeliveries: [],
      recentProfit: 0,
      profitDisplayTime: 0,
      inputResource: 'NONE',
      outputResource: 'WOOD',
      totalInvested: 100
    }

      at log (components/tycoon-game.tsx:642:13)

  console.log
    Businesses after placement: <div><div class="w-full h-[100%] relative overflow-hidden select-none"><button class="absolute top-4 right-4 z-50 bg-yellow-300 hover:bg-yellow-400 text-yellow-900 font-bold px-4 py-2 rounded shadow flex items-center gap-2" aria-label="Show Achievements"><svg xmlns="http://www.w3.org/2000/svg" width="24" height="24" viewBox="0 0 24 24" fill="none" stroke="currentColor" stroke-width="2" stroke-linecap="round" stroke-linejoin="round" class="lucide lucide-trophy w-5 h-5 mr-1"><path d="M6 9H4.5a2.5 2.5 0 0 1 0-5H6"></path><path d="M18 9h1.5a2.5 2.5 0 0 0 0-5H18"></path><path d="M4 22h16"></path><path d="M10 14.66V17c0 .55-.47.98-.97 1.21C7.85 18.75 7 20.24 7 22"></path><path d="M14 14.66V17c0 .55.47.98.97 1.21C16.15 18.75 17 20.24 17 22"></path><path d="M18 2H6v7a6 6 0 0 0 12 0V2Z"></path></svg> Achievements</button><div class="fixed top-4 right-4 z-[100] flex flex-col gap-2"><div class="bg-white text-gray-900 px-4 py-2 rounded shadow-lg flex items-center gap-3 animate-bounce-glow relative"><svg xmlns="http://www.w3.org/2000/svg" width="24" height="24" viewBox="0 0 24 24" fill="none" stroke="currentColor" stroke-width="2" stroke-linecap="round" stroke-linejoin="round" class="lucide lucide-trees text-2xl animate-pop"><path d="M10 10v.2A3 3 0 0 1 8.9 16H5a3 3 0 0 1-1-5.8V10a3 3 0 0 1 6 0Z"></path><path d="M7 16v6"></path><path d="M13 19v3"></path><path d="M12 19h8.3a1 1 0 0 0 .7-1.7L18 14h.3a1 1 0 0 0 .7-1.7L16 9h.2a1 1 0 0 0 .8-1.7L13 3l-1.4 1.5"></path></svg><div><div class="font-bold text-lg animate-glow mb-0.5">Wood You Believe It?</div><span>Achievement Unlocked: First Business</span></div><button class="ml-2 text-gray-500 hover:text-gray-700" aria-label="Dismiss">✕</button></div></div><audio src="/music/background-music.mp3" style="display: none;" loop=""></audio><div class="absolute top-4 left-4 z-10 bg-white bg-opacity-90 p-4 rounded-lg shadow-md border border-gray-300 "><div class="mb-4"><div class="flex items-center justify-between mb-1"><div class="flex items-center"><svg xmlns="http://www.w3.org/2000/svg" width="24" height="24" viewBox="0 0 24 24" fill="none" stroke="currentColor" stroke-width="2" stroke-linecap="round" stroke-linejoin="round" class="lucide lucide-coins w-6 h-6 text-yellow-500 mr-2"><circle cx="8" cy="8" r="6"></circle><path d="M18.09 10.37A6 6 0 1 1 10.34 18"></path><path d="M7 6h1v4"></path><path d="m16.71 13.88.7.71-2.82 2.82"></path></svg><span class="text-xl font-bold transition-colors duration-300 ">$1,900</span></div><button class="inline-flex items-center justify-center gap-2 whitespace-nowrap rounded-md text-sm font-medium ring-offset-background transition-colors focus-visible:outline-none focus-visible:ring-2 focus-visible:ring-ring focus-visible:ring-offset-2 disabled:pointer-events-none disabled:opacity-50 [&amp;_svg]:pointer-events-none [&amp;_svg]:size-4 [&amp;_svg]:shrink-0 hover:bg-accent h-10 w-10 text-gray-500 hover:text-gray-700" title="Open Tutorial"><svg xmlns="http://www.w3.org/2000/svg" width="24" height="24" viewBox="0 0 24 24" fill="none" stroke="currentColor" stroke-width="2" stroke-linecap="round" stroke-linejoin="round" class="lucide lucide-circle-help w-5 h-5"><circle cx="12" cy="12" r="10"></circle><path d="M9.09 9a3 3 0 0 1 5.83 1c0 2-3 3-3 3"></path><path d="M12 17h.01"></path></svg></button></div><div class="flex items-center mt-4"><span class="text-xs font-bold text-gray-400">$100 <span class="text-xs text-gray-300">Invested</span></span></div></div><div class="grid grid-cols-1 gap-2"><button class="gap-2 whitespace-nowrap rounded-md text-sm font-medium ring-offset-background transition-colors focus-visible:outline-none focus-visible:ring-2 focus-visible:ring-ring focus-visible:ring-offset-2 disabled:pointer-events-none disabled:opacity-50 [&amp;_svg]:pointer-events-none [&amp;_svg]:size-4 [&amp;_svg]:shrink-0 border border-input bg-background hover:bg-accent hover:text-accent-foreground h-10 px-4 py-2 flex items-center justify-start"><svg xmlns="http://www.w3.org/2000/svg" width="24" height="24" viewBox="0 0 24 24" fill="none" stroke="currentColor" stroke-width="2" stroke-linecap="round" stroke-linejoin="round" class="lucide lucide-trees w-5 h-5 mr-2 text-green-700"><path d="M10 10v.2A3 3 0 0 1 8.9 16H5a3 3 0 0 1-1-5.8V10a3 3 0 0 1 6 0Z"></path><path d="M7 16v6"></path><path d="M13 19v3"></path><path d="M12 19h8.3a1 1 0 0 0 .7-1.7L18 14h.3a1 1 0 0 0 .7-1.7L16 9h.2a1 1 0 0 0 .8-1.7L13 3l-1.4 1.5"></path></svg><span>Place Wood Camp ($130)</span></button><button class="gap-2 whitespace-nowrap rounded-md text-sm font-medium ring-offset-background transition-colors focus-visible:outline-none focus-visible:ring-2 focus-visible:ring-ring focus-visible:ring-offset-2 disabled:pointer-events-none disabled:opacity-50 [&amp;_svg]:pointer-events-none [&amp;_svg]:size-4 [&amp;_svg]:shrink-0 border border-input bg-background hover:bg-accent hover:text-accent-foreground h-10 px-4 py-2 flex items-center justify-start"><svg xmlns="http://www.w3.org/2000/svg" width="24" height="24" viewBox="0 0 24 24" fill="none" stroke="currentColor" stroke-width="2" stroke-linecap="round" stroke-linejoin="round" class="lucide lucide-columns4 w-5 h-5 mr-2 text-amber-700"><rect width="18" height="18" x="3" y="3" rx="2"></rect><path d="M7.5 3v18"></path><path d="M12 3v18"></path><path d="M16.5 3v18"></path></svg><span>Place Plank Mill ($250)</span></button></div></div><div data-testid="game-world" class="w-full h-full bg-green-100 relative overflow-hidden border-2 border-gray-400 rounded-lg"><div class="absolute inset-0 pointer-events-none z-0"><div class="absolute border border-gray-300 opacity-30" style="left: 0%; top: 0%; width: 8.333333333333334%; height: 8.333333333333334%; box-sizing: border-box;"></div><div class="absolute border border-gray-300 opacity-30" style="left: 8.333333333333332%; top: 0%; width: 8.333333333333334%; height: 8.333333333333334%; box-sizing: border-box;"></div><div class="absolute border border-gray-300 opacity-30" style="left: 16.666666666666664%; top: 0%; width: 8.333333333333334%; height: 8.333333333333334%; box-sizing: border-box;"></div><div class="absolute border border-gray-300 opacity-30" style="left: 25%; top: 0%; width: 8.333333333333334%; height: 8.333333333333334%; box-sizing: border-box;"></div><div class="absolute border border-gray-300 opacity-30" style="left: 33.33333333333333%; top: 0%; width: 8.333333333333334%; height: 8.333333333333334%; box-sizing: border-box;"></div><div class="absolute border border-gray-300 opacity-30" style="left: 41.66666666666667%; top: 0%; width: 8.333333333333334%; height: 8.333333333333334%; box-sizing: border-box;"></div><div class="absolute border border-gray-300 opacity-30" style="left: 50%; top: 0%; width: 8.333333333333334%; height: 8.333333333333334%; box-sizing: border-box;"></div><div class="absolute border border-gray-300 opacity-30" style="left: 58.333333333333336%; top: 0%; width: 8.333333333333334%; height: 8.333333333333334%; box-sizing: border-box;"></div><div class="absolute border border-gray-300 opacity-30" style="left: 66.66666666666666%; top: 0%; width: 8.333333333333334%; height: 8.333333333333334%; box-sizing: border-box;"></div><div class="absolute border border-gray-300 opacity-30" style="left: 75%; top: 0%; width: 8.333333333333334%; height: 8.333333333333334%; box-sizing: border-box;"></div><div class="absolute border border-gray-300 opacity-30" style="left: 83.33333333333334%; top: 0%; width: 8.333333333333334%; height: 8.333333333333334%; box-sizing: border-box;"></div><div class="absolute border border-gray-300 opacity-30" style="left: 91.66666666666666%; top: 0%; width: 8.333333333333334%; height: 8.333333333333334%; box-sizing: border-box;"></div><div class="absolute border border-gray-300 opacity-30" style="left: 0%; top: 8.333333333333332%; width: 8.333333333333334%; height: 8.333333333333334%; box-sizing: border-box;"></div><div class="absolute border border-gray-300 opacity-30" style="left: 8.333333333333332%; top: 8.333333333333332%; width: 8.333333333333334%; height: 8.333333333333334%; box-sizing: border-box;"></div><div class="absolute border border-gray-300 opacity-30" style="left: 16.666666666666664%; top: 8.333333333333332%; width: 8.333333333333334%; height: 8.333333333333334%; box-sizing: border-box;"></div><div class="absolute border border-gray-300 opacity-30" style="left: 25%; top: 8.333333333333332%; width: 8.333333333333334%; height: 8.333333333333334%; box-sizing: border-box;"></div><div class="absolute border border-gray-300 opacity-30" style="left: 33.33333333333333%; top: 8.333333333333332%; width: 8.333333333333334%; height: 8.333333333333334%; box-sizing: border-box;"></div><div class="absolute border border-gray-300 opacity-30" style="left: 41.66666666666667%; top: 8.333333333333332%; width: 8.333333333333334%; height: 8.333333333333334%; box-sizing: border-box;"></div><div class="absolute border border-gray-300 opacity-30" style="left: 50%; top: 8.333333333333332%; width: 8.333333333333334%; height: 8.333333333333334%; box-sizing: border-box;"></div><div class="absolute border border-gray-300 opacity-30" style="left: 58.333333333333336%; top: 8.333333333333332%; width: 8.333333333333334%; height: 8.333333333333334%; box-sizing: border-box;"></div><div class="absolute border border-gray-300 opacity-30" style="left: 66.66666666666666%; top: 8.333333333333332%; width: 8.333333333333334%; height: 8.333333333333334%; box-sizing: border-box;"></div><div class="absolute border border-gray-300 opacity-30" style="left: 75%; top: 8.333333333333332%; width: 8.333333333333334%; height: 8.333333333333334%; box-sizing: border-box;"></div><div class="absolute border border-gray-300 opacity-30" style="left: 83.33333333333334%; top: 8.333333333333332%; width: 8.333333333333334%; height: 8.333333333333334%; box-sizing: border-box;"></div><div class="absolute border border-gray-300 opacity-30" style="left: 91.66666666666666%; top: 8.333333333333332%; width: 8.333333333333334%; height: 8.333333333333334%; box-sizing: border-box;"></div><div class="absolute border border-gray-300 opacity-30" style="left: 0%; top: 16.666666666666664%; width: 8.333333333333334%; height: 8.333333333333334%; box-sizing: border-box;"></div><div class="absolute border border-gray-300 opacity-30" style="left: 8.333333333333332%; top: 16.666666666666664%; width: 8.333333333333334%; height: 8.333333333333334%; box-sizing: border-box;"></div><div class="absolute border border-gray-300 opacity-30" style="left: 16.666666666666664%; top: 16.666666666666664%; width: 8.333333333333334%; height: 8.333333333333334%; box-sizing: border-box;"></div><div class="absolute border border-gray-300 opacity-30" style="left: 25%; top: 16.666666666666664%; width: 8.333333333333334%; height: 8.333333333333334%; box-sizing: border-box;"></div><div class="absolute border border-gray-300 opacity-30" style="left: 33.33333333333333%; top: 16.666666666666664%; width: 8.333333333333334%; height: 8.333333333333334%; box-sizing: border-box;"></div><div class="absolute border border-gray-300 opacity-30" style="left: 41.66666666666667%; top: 16.666666666666664%; width: 8.333333333333334%; height: 8.333333333333334%; box-sizing: border-box;"></div><div class="absolute border border-gray-300 opacity-30" style="left: 50%; top: 16.666666666666664%; width: 8.333333333333334%; height: 8.333333333333334%; box-sizing: border-box;"></div><div class="absolute border border-gray-300 opacity-30" style="left: 58.333333333333336%; top: 16.666666666666664%; width: 8.333333333333334%; height: 8.333333333333334%; box-sizing: border-box;"></div><div class="absolute border border-gray-300 opacity-30" style="left: 66.66666666666666%; top: 16.666666666666664%; width: 8.333333333333334%; height: 8.333333333333334%; box-sizing: border-box;"></div><div class="absolute border border-gray-300 opacity-30" style="left: 75%; top: 16.666666666666664%; width: 8.333333333333334%; height: 8.333333333333334%; box-sizing: border-box;"></div><div class="absolute border border-gray-300 opacity-30" style="left: 83.33333333333334%; top: 16.666666666666664%; width: 8.333333333333334%; height: 8.333333333333334%; box-sizing: border-box;"></div><div class="absolute border border-gray-300 opacity-30" style="left: 91.66666666666666%; top: 16.666666666666664%; width: 8.333333333333334%; height: 8.333333333333334%; box-sizing: border-box;"></div><div class="absolute border border-gray-300 opacity-30" style="left: 0%; top: 25%; width: 8.333333333333334%; height: 8.333333333333334%; box-sizing: border-box;"></div><div class="absolute border border-gray-300 opacity-30" style="left: 8.333333333333332%; top: 25%; width: 8.333333333333334%; height: 8.333333333333334%; box-sizing: border-box;"></div><div class="absolute border border-gray-300 opacity-30" style="left: 16.666666666666664%; top: 25%; width: 8.333333333333334%; height: 8.333333333333334%; box-sizing: border-box;"></div><div class="absolute border border-gray-300 opacity-30" style="left: 25%; top: 25%; width: 8.333333333333334%; height: 8.333333333333334%; box-sizing: border-box;"></div><div class="absolute border border-gray-300 opacity-30" style="left: 33.33333333333333%; top: 25%; width: 8.333333333333334%; height: 8.333333333333334%; box-sizing: border-box;"></div><div class="absolute border border-gray-300 opacity-30" style="left: 41.66666666666667%; top: 25%; width: 8.333333333333334%; height: 8.333333333333334%; box-sizing: border-box;"></div><div class="absolute border border-gray-300 opacity-30" style="left: 50%; top: 25%; width: 8.333333333333334%; height: 8.333333333333334%; box-sizing: border-box;"></div><div class="absolute border border-gray-300 opacity-30" style="left: 58.333333333333336%; top: 25%; width: 8.333333333333334%; height: 8.333333333333334%; box-sizing: border-box;"></div><div class="absolute border border-gray-300 opacity-30" style="left: 66.66666666666666%; top: 25%; width: 8.333333333333334%; height: 8.333333333333334%; box-sizing: border-box;"></div><div class="absolute border border-gray-300 opacity-30" style="left: 75%; top: 25%; width: 8.333333333333334%; height: 8.333333333333334%; box-sizing: border-box;"></div><div class="absolute border border-gray-300 opacity-30" style="left: 83.33333333333334%; top: 25%; width: 8.333333333333334%; height: 8.333333333333334%; box-sizing: border-box;"></div><div class="absolute border border-gray-300 opacity-30" style="left: 91.66666666666666%; top: 25%; width: 8.333333333333334%; height: 8.333333333333334%; box-sizing: border-box;"></div><div class="absolute border border-gray-300 opacity-30" style="left: 0%; top: 33.33333333333333%; width: 8.333333333333334%; height: 8.333333333333334%; box-sizing: border-box;"></div><div class="absolute border border-gray-300 opacity-30" style="left: 8.333333333333332%; top: 33.33333333333333%; width: 8.333333333333334%; height: 8.333333333333334%; box-sizing: border-box;"></div><div class="absolute border border-gray-300 opacity-30" style="left: 16.666666666666664%; top: 33.33333333333333%; width: 8.333333333333334%; height: 8.333333333333334%; box-sizing: border-box;"></div><div class="absolute border border-gray-300 opacity-30" style="left: 25%; top: 33.33333333333333%; width: 8.333333333333334%; height: 8.333333333333334%; box-sizing: border-box;"></div><div class="absolute border border-gray-300 opacity-30" style="left: 33.33333333333333%; top: 33.33333333333333%; width: 8.333333333333334%; height: 8.333333333333334%; box-sizing: border-box;"></div><div class="absolute border border-gray-300 opacity-30" style="left: 41.66666666666667%; top: 33.33333333333333%; width: 8.333333333333334%; height: 8.333333333333334%; box-sizing: border-box;"></div><div class="absolute border border-gray-300 opacity-30" style="left: 50%; top: 33.33333333333333%; width: 8.333333333333334%; height: 8.333333333333334%; box-sizing: border-box;"></div><div class="absolute border border-gray-300 opacity-30" style="left: 58.333333333333336%; top: 33.33333333333333%; width: 8.333333333333334%; height: 8.333333333333334%; box-sizing: border-box;"></div><div class="absolute border border-gray-300 opacity-30" style="left: 66.66666666666666%; top: 33.33333333333333%; width: 8.333333333333334%; height: 8.333333333333334%; box-sizing: border-box;"></div><div class="absolute border border-gray-300 opacity-30" style="left: 75%; top: 33.33333333333333%; width: 8.333333333333334%; height: 8.333333333333334%; box-sizing: border-box;"></div><div class="absolute border border-gray-300 opacity-30" style="left: 83.33333333333334%; top: 33.33333333333333%; width: 8.333333333333334%; height: 8.333333333333334%; box-sizing: border-box;"></div><div class="absolute border border-gray-300 opacity-30" style="left: 91.66666666666666%; top: 33.33333333333333%; width: 8.333333333333334%; height: 8.333333333333334%; box-sizing: border-box;"></div><div class="absolute border border-gray-300 opacity-30" style="left: 0%; top: 41.66666666666667%; width: 8.333333333333334%; height: 8.333333333333334%; box-sizing: border-box;"></div><div class="absolute border border-gray-300 opacity-30" style="left: 8.333333333333332%; top: 41.66666666666667%; width: 8.333333333333334%; height: 8.333333333333334%; box-sizing: border-box;"></div><div class="absolute border border-gray-300 opacity-30" style="left: 16.666666666666664%; top: 41.66666666666667%; width: 8.333333333333334%; height: 8.333333333333334%; box-sizing: border-box;"></div><div class="absolute border border-gray-300 opacity-30" style="left: 25%; top: 41.66666666666667%; width: 8.333333333333334%; height: 8.333333333333334%; box-sizing: border-box;"></div><div class="absolute border border-gray-300 opacity-30" style="left: 33.33333333333333%; top: 41.66666666666667%; width: 8.333333333333334%; height: 8.333333333333334%; box-sizing: border-box;"></div><div class="absolute border border-gray-300 opacity-30" style="left: 41.66666666666667%; top: 41.66666666666667%; width: 8.333333333333334%; height: 8.333333333333334%; box-sizing: border-box;"></div><div class="absolute border border-gray-300 opacity-30" style="left: 50%; top: 41.66666666666667%; width: 8.333333333333334%; height: 8.333333333333334%; box-sizing: border-box;"></div><div class="absolute border border-gray-300 opacity-30" style="left: 58.333333333333336%; top: 41.66666666666667%; width: 8.333333333333334%; height: 8.333333333333334%; box-sizing: border-box;"></div><div class="absolute border border-gray-300 opacity-30" style="left: 66.66666666666666%; top: 41.66666666666667%; width: 8.333333333333334%; height: 8.333333333333334%; box-sizing: border-box;"></div><div class="absolute border border-gray-300 opacity-30" style="left: 75%; top: 41.66666666666667%; width: 8.333333333333334%; height: 8.333333333333334%; box-sizing: border-box;"></div><div class="absolute border border-gray-300 opacity-30" style="left: 83.33333333333334%; top: 41.66666666666667%; width: 8.333333333333334%; height: 8.333333333333334%; box-sizing: border-box;"></div><div class="absolute border border-gray-300 opacity-30" style="left: 91.66666666666666%; top: 41.66666666666667%; width: 8.333333333333334%; height: 8.333333333333334%; box-sizing: border-box;"></div><div class="absolute border border-gray-300 opacity-30" style="left: 0%; top: 50%; width: 8.333333333333334%; height: 8.333333333333334%; box-sizing: border-box;"></div><div class="absolute border border-gray-300 opacity-30" style="left: 8.333333333333332%; top: 50%; width: 8.333333333333334%; height: 8.333333333333334%; box-sizing: border-box;"></div><div class="absolute border border-gray-300 opacity-30" style="left: 16.666666666666664%; top: 50%; width: 8.333333333333334%; height: 8.333333333333334%; box-sizing: border-box;"></div><div class="absolute border border-gray-300 opacity-30" style="left: 25%; top: 50%; width: 8.333333333333334%; height: 8.333333333333334%; box-sizing: border-box;"></div><div class="absolute border border-gray-300 opacity-30" style="left: 33.33333333333333%; top: 50%; width: 8.333333333333334%; height: 8.333333333333334%; box-sizing: border-box;"></div><div class="absolute border border-gray-300 opacity-30" style="left: 41.66666666666667%; top: 50%; width: 8.333333333333334%; height: 8.333333333333334%; box-sizing: border-box;"></div><div class="absolute border border-gray-300 opacity-30" style="left: 50%; top: 50%; width: 8.333333333333334%; height: 8.333333333333334%; box-sizing: border-box;"></div><div class="absolute border border-gray-300 opacity-30" style="left: 58.333333333333336%; top: 50%; width: 8.333333333333334%; height: 8.333333333333334%; box-sizing: border-box;"></div><div class="absolute border border-gray-300 opacity-30" style="left: 66.66666666666666%; top: 50%; width: 8.333333333333334%; height: 8.333333333333334%; box-sizing: border-box;"></div><div class="absolute border border-gray-300 opacity-30" style="left: 75%; top: 50%; width: 8.333333333333334%; height: 8.333333333333334%; box-sizing: border-box;"></div><div class="absolute border border-gray-300 opacity-30" style="left: 83.33333333333334%; top: 50%; width: 8.333333333333334%; height: 8.333333333333334%; box-sizing: border-box;"></div><div class="absolute border border-gray-300 opacity-30" style="left: 91.66666666666666%; top: 50%; width: 8.333333333333334%; height: 8.333333333333334%; box-sizing: border-box;"></div><div class="absolute border border-gray-300 opacity-30" style="left: 0%; top: 58.333333333333336%; width: 8.333333333333334%; height: 8.333333333333334%; box-sizing: border-box;"></div><div class="absolute border border-gray-300 opacity-30" style="left: 8.333333333333332%; top: 58.333333333333336%; width: 8.333333333333334%; height: 8.333333333333334%; box-sizing: border-box;"></div><div class="absolute border border-gray-300 opacity-30" style="left: 16.666666666666664%; top: 58.333333333333336%; width: 8.333333333333334%; height: 8.333333333333334%; box-sizing: border-box;"></div><div class="absolute border border-gray-300 opacity-30" style="left: 25%; top: 58.333333333333336%; width: 8.333333333333334%; height: 8.333333333333334%; box-sizing: border-box;"></div><div class="absolute border border-gray-300 opacity-30" style="left: 33.33333333333333%; top: 58.333333333333336%; width: 8.333333333333334%; height: 8.333333333333334%; box-sizing: border-box;"></div><div class="absolute border border-gray-300 opacity-30" style="left: 41.66666666666667%; top: 58.333333333333336%; width: 8.333333333333334%; height: 8.333333333333334%; box-sizing: border-box;"></div><div class="absolute border border-gray-300 opacity-30" style="left: 50%; top: 58.333333333333336%; width: 8.333333333333334%; height: 8.333333333333334%; box-sizing: border-box;"></div><div class="absolute border border-gray-300 opacity-30" style="left: 58.333333333333336%; top: 58.333333333333336%; width: 8.333333333333334%; height: 8.333333333333334%; box-sizing: border-box;"></div><div class="absolute border border-gray-300 opacity-30" style="left: 66.66666666666666%; top: 58.333333333333336%; width: 8.333333333333334%; height: 8.333333333333334%; box-sizing: border-box;"></div><div class="absolute border border-gray-300 opacity-30" style="left: 75%; top: 58.333333333333336%; width: 8.333333333333334%; height: 8.333333333333334%; box-sizing: border-box;"></div><div class="absolute border border-gray-300 opacity-30" style="left: 83.33333333333334%; top: 58.333333333333336%; width: 8.333333333333334%; height: 8.333333333333334%; box-sizing: border-box;"></div><div class="absolute border border-gray-300 opacity-30" style="left: 91.66666666666666%; top: 58.333333333333336%; width: 8.333333333333334%; height: 8.333333333333334%; box-sizing: border-box;"></div><div class="absolute border border-gray-300 opacity-30" style="left: 0%; top: 66.66666666666666%; width: 8.333333333333334%; height: 8.333333333333334%; box-sizing: border-box;"></div><div class="absolute border border-gray-300 opacity-30" style="left: 8.333333333333332%; top: 66.66666666666666%; width: 8.333333333333334%; height: 8.333333333333334%; box-sizing: border-box;"></div><div class="absolute border border-gray-300 opacity-30" style="left: 16.666666666666664%; top: 66.66666666666666%; width: 8.333333333333334%; height: 8.333333333333334%; box-sizing: border-box;"></div><div class="absolute border border-gray-300 opacity-30" style="left: 25%; top: 66.66666666666666%; width: 8.333333333333334%; height: 8.333333333333334%; box-sizing: border-box;"></div><div class="absolute border border-gray-300 opacity-30" style="left: 33.33333333333333%; top: 66.66666666666666%; width: 8.333333333333334%; height: 8.333333333333334%; box-sizing: border-box;"></div><div class="absolute border border-gray-300 opacity-30" style="left: 41.66666666666667%; top: 66.66666666666666%; width: 8.333333333333334%; height: 8.333333333333334%; box-sizing: border-box;"></div><div class="absolute border border-gray-300 opacity-30" style="left: 50%; top: 66.66666666666666%; width: 8.333333333333334%; height: 8.333333333333334%; box-sizing: border-box;"></div><div class="absolute border border-gray-300 opacity-30" style="left: 58.333333333333336%; top: 66.66666666666666%; width: 8.333333333333334%; height: 8.333333333333334%; box-sizing: border-box;"></div><div class="absolute border border-gray-300 opacity-30" style="left: 66.66666666666666%; top: 66.66666666666666%; width: 8.333333333333334%; height: 8.333333333333334%; box-sizing: border-box;"></div><div class="absolute border border-gray-300 opacity-30" style="left: 75%; top: 66.66666666666666%; width: 8.333333333333334%; height: 8.333333333333334%; box-sizing: border-box;"></div><div class="absolute border border-gray-300 opacity-30" style="left: 83.33333333333334%; top: 66.66666666666666%; width: 8.333333333333334%; height: 8.333333333333334%; box-sizing: border-box;"></div><div class="absolute border border-gray-300 opacity-30" style="left: 91.66666666666666%; top: 66.66666666666666%; width: 8.333333333333334%; height: 8.333333333333334%; box-sizing: border-box;"></div><div class="absolute border border-gray-300 opacity-30" style="left: 0%; top: 75%; width: 8.333333333333334%; height: 8.333333333333334%; box-sizing: border-box;"></div><div class="absolute border border-gray-300 opacity-30" style="left: 8.333333333333332%; top: 75%; width: 8.333333333333334%; height: 8.333333333333334%; box-sizing: border-box;"></div><div class="absolute border border-gray-300 opacity-30" style="left: 16.666666666666664%; top: 75%; width: 8.333333333333334%; height: 8.333333333333334%; box-sizing: border-box;"></div><div class="absolute border border-gray-300 opacity-30" style="left: 25%; top: 75%; width: 8.333333333333334%; height: 8.333333333333334%; box-sizing: border-box;"></div><div class="absolute border border-gray-300 opacity-30" style="left: 33.33333333333333%; top: 75%; width: 8.333333333333334%; height: 8.333333333333334%; box-sizing: border-box;"></div><div class="absolute border border-gray-300 opacity-30" style="left: 41.66666666666667%; top: 75%; width: 8.333333333333334%; height: 8.333333333333334%; box-sizing: border-box;"></div><div class="absolute border border-gray-300 opacity-30" style="left: 50%; top: 75%; width: 8.333333333333334%; height: 8.333333333333334%; box-sizing: border-box;"></div><div class="absolute border border-gray-300 opacity-30" style="left: 58.333333333333336%; top: 75%; width: 8.333333333333334%; height: 8.333333333333334%; box-sizing: border-box;"></div><div class="absolute border border-gray-300 opacity-30" style="left: 66.66666666666666%; top: 75%; width: 8.333333333333334%; height: 8.333333333333334%; box-sizing: border-box;"></div><div class="absolute border border-gray-300 opacity-30" style="left: 75%; top: 75%; width: 8.333333333333334%; height: 8.333333333333334%; box-sizing: border-box;"></div><div class="absolute border border-gray-300 opacity-30" style="left: 83.33333333333334%; top: 75%; width: 8.333333333333334%; height: 8.333333333333334%; box-sizing: border-box;"></div><div class="absolute border border-gray-300 opacity-30" style="left: 91.66666666666666%; top: 75%; width: 8.333333333333334%; height: 8.333333333333334%; box-sizing: border-box;"></div><div class="absolute border border-gray-300 opacity-30" style="left: 0%; top: 83.33333333333334%; width: 8.333333333333334%; height: 8.333333333333334%; box-sizing: border-box;"></div><div class="absolute border border-gray-300 opacity-30" style="left: 8.333333333333332%; top: 83.33333333333334%; width: 8.333333333333334%; height: 8.333333333333334%; box-sizing: border-box;"></div><div class="absolute border border-gray-300 opacity-30" style="left: 16.666666666666664%; top: 83.33333333333334%; width: 8.333333333333334%; height: 8.333333333333334%; box-sizing: border-box;"></div><div class="absolute border border-gray-300 opacity-30" style="left: 25%; top: 83.33333333333334%; width: 8.333333333333334%; height: 8.333333333333334%; box-sizing: border-box;"></div><div class="absolute border border-gray-300 opacity-30" style="left: 33.33333333333333%; top: 83.33333333333334%; width: 8.333333333333334%; height: 8.333333333333334%; box-sizing: border-box;"></div><div class="absolute border border-gray-300 opacity-30" style="left: 41.66666666666667%; top: 83.33333333333334%; width: 8.333333333333334%; height: 8.333333333333334%; box-sizing: border-box;"></div><div class="absolute border border-gray-300 opacity-30" style="left: 50%; top: 83.33333333333334%; width: 8.333333333333334%; height: 8.333333333333334%; box-sizing: border-box;"></div><div class="absolute border border-gray-300 opacity-30" style="left: 58.333333333333336%; top: 83.33333333333334%; width: 8.333333333333334%; height: 8.333333333333334%; box-sizing: border-box;"></div><div class="absolute border border-gray-300 opacity-30" style="left: 66.66666666666666%; top: 83.33333333333334%; width: 8.333333333333334%; height: 8.333333333333334%; box-sizing: border-box;"></div><div class="absolute border border-gray-300 opacity-30" style="left: 75%; top: 83.33333333333334%; width: 8.333333333333334%; height: 8.333333333333334%; box-sizing: border-box;"></div><div class="absolute border border-gray-300 opacity-30" style="left: 83.33333333333334%; top: 83.33333333333334%; width: 8.333333333333334%; height: 8.333333333333334%; box-sizing: border-box;"></div><div class="absolute border border-gray-300 opacity-30" style="left: 91.66666666666666%; top: 83.33333333333334%; width: 8.333333333333334%; height: 8.333333333333334%; box-sizing: border-box;"></div><div class="absolute border border-gray-300 opacity-30" style="left: 0%; top: 91.66666666666666%; width: 8.333333333333334%; height: 8.333333333333334%; box-sizing: border-box;"></div><div class="absolute border border-gray-300 opacity-30" style="left: 8.333333333333332%; top: 91.66666666666666%; width: 8.333333333333334%; height: 8.333333333333334%; box-sizing: border-box;"></div><div class="absolute border border-gray-300 opacity-30" style="left: 16.666666666666664%; top: 91.66666666666666%; width: 8.333333333333334%; height: 8.333333333333334%; box-sizing: border-box;"></div><div class="absolute border border-gray-300 opacity-30" style="left: 25%; top: 91.66666666666666%; width: 8.333333333333334%; height: 8.333333333333334%; box-sizing: border-box;"></div><div class="absolute border border-gray-300 opacity-30" style="left: 33.33333333333333%; top: 91.66666666666666%; width: 8.333333333333334%; height: 8.333333333333334%; box-sizing: border-box;"></div><div class="absolute border border-gray-300 opacity-30" style="left: 41.66666666666667%; top: 91.66666666666666%; width: 8.333333333333334%; height: 8.333333333333334%; box-sizing: border-box;"></div><div class="absolute border border-gray-300 opacity-30" style="left: 50%; top: 91.66666666666666%; width: 8.333333333333334%; height: 8.333333333333334%; box-sizing: border-box;"></div><div class="absolute border border-gray-300 opacity-30" style="left: 58.333333333333336%; top: 91.66666666666666%; width: 8.333333333333334%; height: 8.333333333333334%; box-sizing: border-box;"></div><div class="absolute border border-gray-300 opacity-30" style="left: 66.66666666666666%; top: 91.66666666666666%; width: 8.333333333333334%; height: 8.333333333333334%; box-sizing: border-box;"></div><div class="absolute border border-gray-300 opacity-30" style="left: 75%; top: 91.66666666666666%; width: 8.333333333333334%; height: 8.333333333333334%; box-sizing: border-box;"></div><div class="absolute border border-gray-300 opacity-30" style="left: 83.33333333333334%; top: 91.66666666666666%; width: 8.333333333333334%; height: 8.333333333333334%; box-sizing: border-box;"></div><div class="absolute border border-gray-300 opacity-30" style="left: 91.66666666666666%; top: 91.66666666666666%; width: 8.333333333333334%; height: 8.333333333333334%; box-sizing: border-box;"></div></div><div data-testid="business-entity" class="absolute w-24 h-24 bg-yellow-200 border-yellow-600 rounded-md border-2 flex flex-col items-center justify-start cursor-pointer transition-transform hover:scale-105 " style="left: 352px; top: 52px;" data-state="closed"><div class="absolute -top-8 left-1/2 transform -translate-x-1/2 text-sm font-bold text-gray-800">Lvl 1</div><div class="text-sm font-bold mt-2 text-center text-nowrap">Market</div><div class="mt-2"><svg xmlns="http://www.w3.org/2000/svg" width="24" height="24" viewBox="0 0 24 24" fill="none" stroke="currentColor" stroke-width="2" stroke-linecap="round" stroke-linejoin="round" class="lucide lucide-coins w-6 h-6 text-yellow-500"><circle cx="8" cy="8" r="6"></circle><path d="M18.09 10.37A6 6 0 1 1 10.34 18"></path><path d="M7 6h1v4"></path><path d="m16.71 13.88.7.71-2.82 2.82"></path></svg></div><div class="absolute -bottom-3 -left-5 flex space-x-2 text-xs"></div></div><div data-testid="business-entity" class="absolute w-24 h-24 bg-green-200 border-green-600 rounded-md border-2 flex flex-col items-center justify-start cursor-pointer transition-transform hover:scale-105 " style="left: 152px; top: 152px;" data-state="closed"><div class="absolute -top-8 left-1/2 transform -translate-x-1/2 text-sm font-bold text-gray-800">Lvl 1</div><div class="text-sm font-bold mt-2 text-center text-nowrap">Wood Camp</div><div class="mt-2"><svg xmlns="http://www.w3.org/2000/svg" width="24" height="24" viewBox="0 0 24 24" fill="none" stroke="currentColor" stroke-width="2" stroke-linecap="round" stroke-linejoin="round" class="lucide lucide-trees w-6 h-6 text-green-800"><path d="M10 10v.2A3 3 0 0 1 8.9 16H5a3 3 0 0 1-1-5.8V10a3 3 0 0 1 6 0Z"></path><path d="M7 16v6"></path><path d="M13 19v3"></path><path d="M12 19h8.3a1 1 0 0 0 .7-1.7L18 14h.3a1 1 0 0 0 .7-1.7L16 9h.2a1 1 0 0 0 .8-1.7L13 3l-1.4 1.5"></path></svg></div><div class="absolute right-0 top-0 w-1 h-full flex flex-col-reverse"><div class="w-full bg-green-500" style="height: 0%;"></div></div><div class="absolute -bottom-3 -left-5 flex space-x-2 text-xs"><div class="relative w-8 h-8"><div class="absolute" style="transform: translateX(0px); z-index: 0;"><svg xmlns="http://www.w3.org/2000/svg" width="24" height="24" viewBox="0 0 24 24" fill="none" stroke="currentColor" stroke-width="2" stroke-linecap="round" stroke-linejoin="round" class="lucide lucide-user w-6 h-6 text-gray-700 bg-white rounded-full p-1 border border-gray-400"><path d="M19 21v-2a4 4 0 0 0-4-4H9a4 4 0 0 0-4 4v2"></path><circle cx="12" cy="7" r="4"></circle></svg></div></div></div><div class="absolute -top-5 left-1/2 transform -translate-x-1/2" style="width: 144px;"><div class="flex items-center justify-between w-full space-x-2"><div class="p-1 w-6 h-6 rounded-full border-2 border-yellow-400 flex items-center justify-center relative bg-gray-300 opacity-30"></div><div class="flex-1 mx-1 h-1.5 bg-gray-300 rounded-full overflow-hidden"><div class="h-full bg-blue-500" style="width: 0%;"></div></div><div class="p-1 w-6 h-6 rounded-full border-2 border-blue-400 flex items-center justify-center bg-green-700 opacity-50"><svg xmlns="http://www.w3.org/2000/svg" width="24" height="24" viewBox="0 0 24 24" fill="none" stroke="currentColor" stroke-width="2" stroke-linecap="round" stroke-linejoin="round" class="lucide lucide-trees w-3.5 h-3.5 text-white"><path d="M10 10v.2A3 3 0 0 1 8.9 16H5a3 3 0 0 1-1-5.8V10a3 3 0 0 1 6 0Z"></path><path d="M7 16v6"></path><path d="M13 19v3"></path><path d="M12 19h8.3a1 1 0 0 0 .7-1.7L18 14h.3a1 1 0 0 0 .7-1.7L16 9h.2a1 1 0 0 0 .8-1.7L13 3l-1.4 1.5"></path></svg></div></div></div></div></div><div class="fixed bottom-4 left-4 bg-white bg-opacity-75 p-3 rounded-lg shadow-md border border-gray-300 z-50 flex items-center gap-3" data-testid="music-controls"><button class="inline-flex items-center justify-center gap-2 whitespace-nowrap rounded-md text-sm font-medium ring-offset-background transition-colors focus-visible:outline-none focus-visible:ring-2 focus-visible:ring-ring focus-visible:ring-offset-2 disabled:pointer-events-none disabled:opacity-50 [&amp;_svg]:pointer-events-none [&amp;_svg]:size-4 [&amp;_svg]:shrink-0 hover:bg-accent h-10 w-10 text-gray-500 hover:text-gray-700" aria-label="Mute"><svg xmlns="http://www.w3.org/2000/svg" width="24" height="24" viewBox="0 0 24 24" fill="none" stroke="currentColor" stroke-width="2" stroke-linecap="round" stroke-linejoin="round" class="lucide lucide-volume2 w-5 h-5"><path d="M11 4.702a.705.705 0 0 0-1.203-.498L6.413 7.587A1.4 1.4 0 0 1 5.416 8H3a1 1 0 0 0-1 1v6a1 1 0 0 0 1 1h2.416a1.4 1.4 0 0 1 .997.413l3.383 3.384A.705.705 0 0 0 11 19.298z"></path><path d="M16 9a5 5 0 0 1 0 6"></path><path d="M19.364 18.364a9 9 0 0 0 0-12.728"></path></svg></button><div class="w-32"><span dir="ltr" data-orientation="horizontal" aria-disabled="false" class="relative flex touch-none select-none items-center w-full" style="--radix-slider-thumb-transform: translateX(-50%);"><span data-orientation="horizontal" class="relative h-2 w-full grow overflow-hidden rounded-full bg-gray-200"><span data-orientation="horizontal" class="absolute h-full bg-blue-500" style="left: 0%; right: 90%;"></span></span><span style="transform: var(--radix-slider-thumb-transform); position: absolute; left: calc(10% + 0px);"><span role="slider" aria-valuemin="0" aria-valuemax="1" aria-orientation="horizontal" data-orientation="horizontal" tabindex="0" class="block h-4 w-4 rounded-full border-2 border-blue-500 bg-white ring-offset-white transition-colors focus-visible:outline-none focus-visible:ring-2 focus-visible:ring-blue-400 focus-visible:ring-offset-2 disabled:pointer-events-none disabled:opacity-50" style="" data-radix-collection-item="" aria-valuenow="0.1"></span></span></span></div></div></div></div>

      at Object.log (components/__tests__/tycoon-game.test.tsx:205:17)

  console.log
    Click detected: { placingBusiness: 'RESOURCE_GATHERING', timestamp: 1747693135215 }

      at log (components/game-world.tsx:50:15)

  console.log
    Attempting to place business: { type: 'RESOURCE_GATHERING', position: { x: 200, y: 200 } }

      at log (components/tycoon-game.tsx:594:13)

  console.log
    Business cost: 100 Current coins: 2000

      at log (components/tycoon-game.tsx:597:13)

  console.log
    Created new business: {
      id: 'ed7b3b7c-a23d-46c2-9da8-67d33d27e4b6',
      type: 'RESOURCE_GATHERING',
      position: { x: 200, y: 200 },
      level: 1,
      processingTime: 1,
      batchSize: 10,
      incomingStorage: { current: 0, capacity: 4 },
      outgoingStorage: { current: 0, capacity: 10 },
      productionProgress: 0,
      workers: [],
      shippingTypes: [ { type: 'walker', bots: [Array] } ],
      pendingDeliveries: [],
      recentProfit: 0,
      profitDisplayTime: 0,
      inputResource: 'NONE',
      outputResource: 'WOOD',
      totalInvested: 100
    }

      at log (components/tycoon-game.tsx:642:13)

  console.log
    Click detected: { placingBusiness: 'RESOURCE_GATHERING', timestamp: 1747693135677 }

      at log (components/game-world.tsx:50:15)

  console.log
    Attempting to place business: { type: 'RESOURCE_GATHERING', position: { x: 0, y: 0 } }

      at log (components/tycoon-game.tsx:594:13)

  console.log
    Business cost: 100 Current coins: 2000

      at log (components/tycoon-game.tsx:597:13)

  console.log
    Created new business: {
      id: 'b30130c3-a192-4d50-8727-2e57d38b5712',
      type: 'RESOURCE_GATHERING',
      position: { x: 0, y: 0 },
      level: 1,
      processingTime: 1,
      batchSize: 10,
      incomingStorage: { current: 0, capacity: 4 },
      outgoingStorage: { current: 0, capacity: 10 },
      productionProgress: 0,
      workers: [],
      shippingTypes: [ { type: 'walker', bots: [Array] } ],
      pendingDeliveries: [],
      recentProfit: 0,
      profitDisplayTime: 0,
      inputResource: 'NONE',
      outputResource: 'WOOD',
      totalInvested: 100
    }

      at log (components/tycoon-game.tsx:642:13)

  console.log
    Click detected: { placingBusiness: 'RESOURCE_GATHERING', timestamp: 1747693136055 }

      at log (components/game-world.tsx:50:15)

  console.log
    Attempting to place business: { type: 'RESOURCE_GATHERING', position: { x: 0, y: 0 } }

      at log (components/tycoon-game.tsx:594:13)

  console.log
    Business cost: 100 Current coins: 2000

      at log (components/tycoon-game.tsx:597:13)

  console.log
    Created new business: {
      id: '6a9c1633-a590-440a-9c1d-1725d38fe3ab',
      type: 'RESOURCE_GATHERING',
      position: { x: 0, y: 0 },
      level: 1,
      processingTime: 1,
      batchSize: 10,
      incomingStorage: { current: 0, capacity: 4 },
      outgoingStorage: { current: 0, capacity: 10 },
      productionProgress: 0,
      workers: [],
      shippingTypes: [ { type: 'walker', bots: [Array] } ],
      pendingDeliveries: [],
      recentProfit: 0,
      profitDisplayTime: 0,
      inputResource: 'NONE',
      outputResource: 'WOOD',
      totalInvested: 100
    }

      at log (components/tycoon-game.tsx:642:13)

  console.log
    Click detected: { placingBusiness: 'PROCESSING', timestamp: 1747693136055 }

      at log (components/game-world.tsx:50:15)

  console.log
    Attempting to place business: { type: 'PROCESSING', position: { x: 0, y: 0 } }

      at log (components/tycoon-game.tsx:594:13)

  console.log
    Business cost: 250 Current coins: 1900

      at log (components/tycoon-game.tsx:597:13)

  console.log
    Created new business: {
      id: 'b043074f-636b-47ee-9497-0f40d48ad23d',
      type: 'PROCESSING',
      position: { x: 0, y: 0 },
      level: 1,
      processingTime: 1,
      batchSize: 10,
      incomingStorage: { current: 0, capacity: 4 },
      outgoingStorage: { current: 0, capacity: 4 },
      productionProgress: 0,
      workers: [],
      shippingTypes: [],
      pendingDeliveries: [],
      recentProfit: 0,
      profitDisplayTime: 0,
      inputResource: 'WOOD',
      outputResource: 'PLANKS',
      totalInvested: 250
    }

      at log (components/tycoon-game.tsx:642:13)

  console.log
    Click detected: { placingBusiness: 'RESOURCE_GATHERING', timestamp: 1747693136176 }

      at log (components/game-world.tsx:50:15)

  console.log
    Attempting to place business: { type: 'RESOURCE_GATHERING', position: { x: 0, y: 0 } }

      at log (components/tycoon-game.tsx:594:13)

  console.log
    Business cost: 100 Current coins: 2000

      at log (components/tycoon-game.tsx:597:13)

  console.log
    Created new business: {
      id: 'bd0b81fc-c714-41d8-8919-d87eb06ac18f',
      type: 'RESOURCE_GATHERING',
      position: { x: 0, y: 0 },
      level: 1,
      processingTime: 1,
      batchSize: 10,
      incomingStorage: { current: 0, capacity: 4 },
      outgoingStorage: { current: 0, capacity: 10 },
      productionProgress: 0,
      workers: [],
      shippingTypes: [ { type: 'walker', bots: [Array] } ],
      pendingDeliveries: [],
      recentProfit: 0,
      profitDisplayTime: 0,
      inputResource: 'NONE',
      outputResource: 'WOOD',
      totalInvested: 100
    }

      at log (components/tycoon-game.tsx:642:13)

  console.log
    Click detected: { placingBusiness: 'PROCESSING', timestamp: 1747693136176 }

      at log (components/game-world.tsx:50:15)

  console.log
    Attempting to place business: { type: 'PROCESSING', position: { x: 0, y: 0 } }

      at log (components/tycoon-game.tsx:594:13)

  console.log
    Business cost: 250 Current coins: 1900

      at log (components/tycoon-game.tsx:597:13)

  console.log
    Created new business: {
      id: '4d75d124-6399-4301-b055-fdf1b76508f1',
      type: 'PROCESSING',
      position: { x: 0, y: 0 },
      level: 1,
      processingTime: 1,
      batchSize: 10,
      incomingStorage: { current: 0, capacity: 4 },
      outgoingStorage: { current: 0, capacity: 4 },
      productionProgress: 0,
      workers: [],
      shippingTypes: [],
      pendingDeliveries: [],
      recentProfit: 0,
      profitDisplayTime: 0,
      inputResource: 'WOOD',
      outputResource: 'PLANKS',
      totalInvested: 250
    }

      at log (components/tycoon-game.tsx:642:13)

  console.log
    Click detected: { placingBusiness: 'RESOURCE_GATHERING', timestamp: 1747693136242 }

      at log (components/game-world.tsx:50:15)

  console.log
    Attempting to place business: { type: 'RESOURCE_GATHERING', position: { x: 0, y: 0 } }

      at log (components/tycoon-game.tsx:594:13)

  console.log
    Business cost: 100 Current coins: 2000

      at log (components/tycoon-game.tsx:597:13)

  console.log
    Created new business: {
      id: '49cec150-5785-46ac-9e0f-0870cd25b3a1',
      type: 'RESOURCE_GATHERING',
      position: { x: 0, y: 0 },
      level: 1,
      processingTime: 1,
      batchSize: 10,
      incomingStorage: { current: 0, capacity: 4 },
      outgoingStorage: { current: 0, capacity: 10 },
      productionProgress: 0,
      workers: [],
      shippingTypes: [ { type: 'walker', bots: [Array] } ],
      pendingDeliveries: [],
      recentProfit: 0,
      profitDisplayTime: 0,
      inputResource: 'NONE',
      outputResource: 'WOOD',
      totalInvested: 100
    }

      at log (components/tycoon-game.tsx:642:13)

  console.log
    Click detected: { placingBusiness: 'RESOURCE_GATHERING', timestamp: 1747693136276 }

      at log (components/game-world.tsx:50:15)

  console.log
    Attempting to place business: { type: 'RESOURCE_GATHERING', position: { x: 0, y: 0 } }

      at log (components/tycoon-game.tsx:594:13)

  console.log
    Business cost: 100 Current coins: 2000

      at log (components/tycoon-game.tsx:597:13)

  console.log
    Created new business: {
      id: '7219e719-2812-44bb-a756-f996efe221ec',
      type: 'RESOURCE_GATHERING',
      position: { x: 0, y: 0 },
      level: 1,
      processingTime: 1,
      batchSize: 10,
      incomingStorage: { current: 0, capacity: 4 },
      outgoingStorage: { current: 0, capacity: 10 },
      productionProgress: 0,
      workers: [],
      shippingTypes: [ { type: 'walker', bots: [Array] } ],
      pendingDeliveries: [],
      recentProfit: 0,
      profitDisplayTime: 0,
      inputResource: 'NONE',
      outputResource: 'WOOD',
      totalInvested: 100
    }

      at log (components/tycoon-game.tsx:642:13)

  console.log
    Click detected: { placingBusiness: 'RESOURCE_GATHERING', timestamp: 1747693136373 }

      at log (components/game-world.tsx:50:15)

  console.log
    Attempting to place business: { type: 'RESOURCE_GATHERING', position: { x: 0, y: 0 } }

      at log (components/tycoon-game.tsx:594:13)

  console.log
    Business cost: 100 Current coins: 2000

      at log (components/tycoon-game.tsx:597:13)

  console.log
    Created new business: {
      id: '81704122-b968-4520-bd1b-f5f5317ca340',
      type: 'RESOURCE_GATHERING',
      position: { x: 0, y: 0 },
      level: 1,
      processingTime: 1,
      batchSize: 10,
      incomingStorage: { current: 0, capacity: 4 },
      outgoingStorage: { current: 0, capacity: 10 },
      productionProgress: 0,
      workers: [],
      shippingTypes: [ { type: 'walker', bots: [Array] } ],
      pendingDeliveries: [],
      recentProfit: 0,
      profitDisplayTime: 0,
      inputResource: 'NONE',
      outputResource: 'WOOD',
      totalInvested: 100
    }

      at log (components/tycoon-game.tsx:642:13)

PASS components/__tests__/tycoon-game.test.tsx
  TycoonGame
    ✓ renders the game and initializes with the correct game state (148 ms)
    ✓ initializes market prices for all resource types (142 ms)
    ✓ shows tutorial overlay on initial render (46 ms)
    ✓ closes tutorial overlay when start button is clicked (60 ms)
    ✓ allows placing a wood camp when enough coins are available (133 ms)
    ✓ handles game over state when coins go negative (107 ms)
    ✓ allows restarting the game after game over (71 ms)
    ✓ prevents placing a wood camp when not enough coins are available (156 ms)
    ✓ updates market prices over time (40 ms)
    ✓ handles business selection and panel display (63 ms)
    ✓ handles shipping type hiring (462 ms)
    ✓ handles shipping type selling (352 ms)
    ✓ renders music controls and allows volume adjustment (26 ms)
    ✓ handles business upgrades correctly (121 ms)
    ✓ handles resource production and delivery (45 ms)
    ✓ handles market price fluctuations (20 ms)
    ✓ handles worker wages and resource gathering (34 ms)
    ✓ shows relocation preview and confirmation panel, and handles confirm/cancel (97 ms)
    ✓ unlocks relocator achievement when relocating a business (74 ms)

-------------------------|---------|----------|---------|---------|----------------------------------------------------------------------------------------------------------------------------------------------
File                     | % Stmts | % Branch | % Funcs | % Lines | Uncovered Line #s
-------------------------|---------|----------|---------|---------|----------------------------------------------------------------------------------------------------------------------------------------------
All files                |   81.62 |    67.86 |   82.58 |    83.2 |
 components              |   79.97 |    67.74 |   81.51 |   81.61 |
  achievements-config.ts |     100 |      100 |     100 |     100 |
  business-entity.tsx    |   93.06 |     86.2 |      95 |   95.74 | 70-73
  business-panel.tsx     |   92.72 |    75.64 |    92.3 |   92.45 | 40-43
  delivery-bot.tsx       |   80.55 |    41.66 |     100 |   80.55 | 40-42,46-54
  game-hud.tsx           |   80.95 |      100 |   66.66 |      75 | 88-118
  game-world.tsx         |   94.44 |       75 |     100 |     100 | 36,116,152
  music-controls.tsx     |    87.5 |      100 |      75 |    87.5 | 24-25
  notification-toast.tsx |   96.87 |    91.66 |   81.81 |   95.65 | 45
  tutorial-overlay.tsx   |     100 |      100 |     100 |     100 |
  tycoon-game.tsx        |   73.44 |    52.94 |   77.44 |   75.28 | 21,47-57,69-79,170,283-287,448-476,504-517,539-573,653,678-720,772,840-842,868-869,889,902,905,914-920,928,936,943-947,971,982-989,1034-1055
 components/ui           |   97.61 |    66.66 |     100 |     100 |
  button.tsx             |      90 |    66.66 |     100 |     100 | 44
  progress.tsx           |     100 |      100 |     100 |     100 |
  slider.tsx             |     100 |      100 |     100 |     100 |
  tabs.tsx               |     100 |      100 |     100 |     100 |
  tooltip.tsx            |     100 |        0 |     100 |     100 | 17
 lib                     |   95.83 |       75 |     100 |   95.55 |
  game-logic.ts          |   93.33 |       75 |     100 |   93.33 | 65
  game-state.tsx         |     100 |      100 |     100 |     100 |
  game-types.ts          |     100 |      100 |     100 |     100 |
  game-utils.ts          |     100 |      100 |     100 |     100 |
  shipping-types.ts      |   91.66 |        0 |     100 |      90 | 110
  utils.ts               |     100 |      100 |     100 |     100 |
-------------------------|---------|----------|---------|---------|----------------------------------------------------------------------------------------------------------------------------------------------
Jest: "global" coverage threshold for branches (70%) not met: 67.86%
Test Suites: 2 failed, 6 passed, 8 total
Tests:       2 failed, 73 passed, 75 total
Snapshots:   0 total
Time:        4.383 s
Ran all test suites.
 ELIFECYCLE  Test failed. See above for more details.
